stm32h735g_discovery_lcd.c:549:9:BSP_LCD_GetPixelFormat	0	static
stm32h735g_discovery_lcd.c:572:9:BSP_LCD_SetActiveLayer	0	static
stm32h735g_discovery_lcd.c:831:9:BSP_LCD_GetXSize	0	static
stm32h735g_discovery_lcd.c:853:9:BSP_LCD_GetYSize	0	static
stm32h735g_discovery_lcd.c:1149:9:BSP_LCD_ReadPixel	20	static
stm32h735g_discovery_lcd.c:1173:9:BSP_LCD_WritePixel	20	static
stm32h735g_discovery_lcd.c:1039:9:BSP_LCD_FillRGBRect	40	static
stm32h735g_discovery_lcd.c:975:9:BSP_LCD_DrawBitmap	56	static
stm32h735g_discovery_lcd.c:1206:13:LL_FillBuffer.isra.0	32	static
stm32h735g_discovery_lcd.c:1087:9:BSP_LCD_DrawHLine	32	static
stm32h735g_discovery_lcd.c:1107:9:BSP_LCD_DrawVLine	32	static
stm32h735g_discovery_lcd.c:1128:9:BSP_LCD_FillRect	32	static
stm32h735g_discovery_lcd.c:324:9:BSP_LCD_DeInit	16	static
stm32h735g_discovery_lcd.c:367:26:MX_LTDC_Init	4	static
stm32h735g_discovery_lcd.c:398:26:MX_LTDC_ConfigLayer	80	static
stm32h735g_discovery_lcd.c:426:26:MX_LTDC_ClockConfig	192	static
stm32h735g_discovery_lcd.c:193:9:BSP_LCD_InitEx	184	static
stm32h735g_discovery_lcd.c:179:9:BSP_LCD_Init	16	static
stm32h735g_discovery_lcd.c:526:9:BSP_LCD_ConfigLayer	8	static
stm32h735g_discovery_lcd.c:597:9:BSP_LCD_Relaod	8	static
stm32h735g_discovery_lcd.c:631:9:BSP_LCD_SetLayerVisible	0	static
stm32h735g_discovery_lcd.c:667:9:BSP_LCD_SetTransparency	8	static
stm32h735g_discovery_lcd.c:697:9:BSP_LCD_SetLayerAddress	8	static
stm32h735g_discovery_lcd.c:730:9:BSP_LCD_SetLayerWindow	32	static
stm32h735g_discovery_lcd.c:767:9:BSP_LCD_SetColorKeying	16	static
stm32h735g_discovery_lcd.c:800:9:BSP_LCD_ResetColorKeying	8	static
stm32h735g_discovery_lcd.c:874:9:BSP_LCD_DisplayOn	8	static
stm32h735g_discovery_lcd.c:901:9:BSP_LCD_DisplayOff	8	static
stm32h735g_discovery_lcd.c:929:9:BSP_LCD_SetBrightness	0	static
stm32h735g_discovery_lcd.c:951:9:BSP_LCD_GetBrightness	0	static
