stm32h735g_discovery_ospi.c:1840:16:OSPI_NOR_EnterSOPIMode.constprop	32	static
stm32h735g_discovery_ospi.c:1769:16:OSPI_NOR_EnterDOPIMode.constprop	32	static
stm32h735g_discovery_ospi.c:289:26:MX_OSPI_NOR_Init	0	static
stm32h735g_discovery_ospi.c:400:9:BSP_OSPI_NOR_Read	32	static
stm32h735g_discovery_ospi.c:439:9:BSP_OSPI_NOR_Write	40	static
stm32h735g_discovery_ospi.c:527:9:BSP_OSPI_NOR_Erase_Block	24	static
stm32h735g_discovery_ospi.c:570:9:BSP_OSPI_NOR_Erase_Chip	8	static
stm32h735g_discovery_ospi.c:609:9:BSP_OSPI_NOR_GetStatus	16	static
stm32h735g_discovery_ospi.c:657:9:BSP_OSPI_NOR_GetInfo	8	static
stm32h735g_discovery_ospi.c:680:9:BSP_OSPI_NOR_EnableMemoryMappedMode	8	static
stm32h735g_discovery_ospi.c:725:9:BSP_OSPI_NOR_DisableMemoryMappedMode	8	static
stm32h735g_discovery_ospi.c:243:9:BSP_OSPI_NOR_DeInit	8	static
stm32h735g_discovery_ospi.c:762:9:BSP_OSPI_NOR_ReadID	8	static
stm32h735g_discovery_ospi.c:793:9:BSP_OSPI_NOR_ConfigFlash	40	static
stm32h735g_discovery_ospi.c:875:9:BSP_OSPI_NOR_SuspendErase	8	static
stm32h735g_discovery_ospi.c:911:9:BSP_OSPI_NOR_ResumeErase	8	static
stm32h735g_discovery_ospi.c:1081:26:MX_OSPI_ClockConfig	192	static
stm32h735g_discovery_ospi.c:159:9:BSP_OSPI_NOR_Init	136	static,ignoring_inline_asm
stm32h735g_discovery_ospi.c:1111:26:MX_OSPI_RAM_Init	32	static
stm32h735g_discovery_ospi.c:1228:9:BSP_OSPI_RAM_Read	8	static
stm32h735g_discovery_ospi.c:1261:9:BSP_OSPI_RAM_Read_DMA	8	static
stm32h735g_discovery_ospi.c:1294:9:BSP_OSPI_RAM_Write	8	static
stm32h735g_discovery_ospi.c:1327:9:BSP_OSPI_RAM_Write_DMA	8	static
stm32h735g_discovery_ospi.c:1357:9:BSP_OSPI_RAM_EnableMemoryMappedMode	8	static
stm32h735g_discovery_ospi.c:1388:9:BSP_OSPI_RAM_DisableMemoryMappedMode	8	static
stm32h735g_discovery_ospi.c:1030:9:BSP_OSPI_RAM_DeInit	8	static
stm32h735g_discovery_ospi.c:1429:9:BSP_OSPI_RAM_ConfigHyperRAM	48	static
stm32h735g_discovery_ospi.c:961:9:BSP_OSPI_RAM_Init	104	static,ignoring_inline_asm
stm32h735g_discovery_ospi.c:1566:6:BSP_OSPI_RAM_DMA_IRQHandler	0	static
stm32h735g_discovery_ospi.c:1576:6:BSP_OSPI_RAM_IRQHandler	0	static
