Archive member included to satisfy reference by file (symbol)

/home/evg/SOFT/Github/Arm/STM32_PROJECTS/Beginning_STM32_book/libopencm3/lib/libopencm3_stm32f1.a(gpio.o)
                              main.o (gpio_set_mode)
/home/evg/SOFT/Github/Arm/STM32_PROJECTS/Beginning_STM32_book/libopencm3/lib/libopencm3_stm32f1.a(gpio_common_all.o)
                              main.o (gpio_toggle)
/home/evg/SOFT/Github/Arm/STM32_PROJECTS/Beginning_STM32_book/libopencm3/lib/libopencm3_stm32f1.a(rcc.o)
                              main.o (rcc_clock_setup_in_hse_8mhz_out_72mhz)
/home/evg/SOFT/Github/Arm/STM32_PROJECTS/Beginning_STM32_book/libopencm3/lib/libopencm3_stm32f1.a(rcc_common_all.o)
                              main.o (rcc_periph_clock_enable)
/home/evg/SOFT/Github/Arm/STM32_PROJECTS/Beginning_STM32_book/libopencm3/lib/libopencm3_stm32f1.a(vector.o)
                              (reset_handler)
/home/evg/SOFT/Github/Arm/STM32_PROJECTS/Beginning_STM32_book/libopencm3/lib/libopencm3_stm32f1.a(assert.o)
                              /home/evg/SOFT/Github/Arm/STM32_PROJECTS/Beginning_STM32_book/libopencm3/lib/libopencm3_stm32f1.a(rcc.o) (cm3_assert_failed)
/home/evg/SOFT/Github/Arm/STM32_PROJECTS/Beginning_STM32_book/libopencm3/lib/libopencm3_stm32f1.a(flash_common_all.o)
                              /home/evg/SOFT/Github/Arm/STM32_PROJECTS/Beginning_STM32_book/libopencm3/lib/libopencm3_stm32f1.a(rcc.o) (flash_set_ws)

Discarded input sections

 .text          0x0000000000000000        0x0 main.o
 .data          0x0000000000000000        0x0 main.o
 .bss           0x0000000000000000        0x0 main.o
 .text          0x0000000000000000        0x0 rtos/heap_4.o
 .data          0x0000000000000000        0x0 rtos/heap_4.o
 .bss           0x0000000000000000        0x0 rtos/heap_4.o
 .text.xPortGetFreeHeapSize
                0x0000000000000000        0xc rtos/heap_4.o
 .text.xPortGetMinimumEverFreeHeapSize
                0x0000000000000000        0xc rtos/heap_4.o
 .text.vPortInitialiseBlocks
                0x0000000000000000        0x2 rtos/heap_4.o
 .text          0x0000000000000000        0x0 rtos/list.o
 .data          0x0000000000000000        0x0 rtos/list.o
 .bss           0x0000000000000000        0x0 rtos/list.o
 .text          0x0000000000000000        0x0 rtos/port.o
 .data          0x0000000000000000        0x0 rtos/port.o
 .bss           0x0000000000000000        0x0 rtos/port.o
 .text.vPortEndScheduler
                0x0000000000000000        0x2 rtos/port.o
 .text          0x0000000000000000        0x0 rtos/tasks.o
 .data          0x0000000000000000        0x0 rtos/tasks.o
 .bss           0x0000000000000000        0x0 rtos/tasks.o
 .text.vTaskEndScheduler
                0x0000000000000000       0x20 rtos/tasks.o
 .text.xTaskGetTickCount
                0x0000000000000000        0xc rtos/tasks.o
 .text.xTaskGetTickCountFromISR
                0x0000000000000000        0xc rtos/tasks.o
 .text.uxTaskGetNumberOfTasks
                0x0000000000000000        0xc rtos/tasks.o
 .text.pcTaskGetName
                0x0000000000000000       0x10 rtos/tasks.o
 .text.vTaskPlaceOnEventList
                0x0000000000000000       0x1c rtos/tasks.o
 .text.vTaskPlaceOnUnorderedEventList
                0x0000000000000000       0x24 rtos/tasks.o
 .text.xTaskRemoveFromEventList
                0x0000000000000000       0x70 rtos/tasks.o
 .text.xTaskRemoveFromUnorderedEventList
                0x0000000000000000       0x5c rtos/tasks.o
 .text.vTaskSetTimeOutState
                0x0000000000000000       0x18 rtos/tasks.o
 .text.xTaskCheckForTimeOut
                0x0000000000000000       0x48 rtos/tasks.o
 .text.vTaskMissedYield
                0x0000000000000000        0xc rtos/tasks.o
 .text.uxTaskResetEventItemValue
                0x0000000000000000       0x18 rtos/tasks.o
 .text.ulTaskNotifyTake
                0x0000000000000000       0x64 rtos/tasks.o
 .text.xTaskNotifyWait
                0x0000000000000000       0x88 rtos/tasks.o
 .text.xTaskGenericNotify
                0x0000000000000000       0xa4 rtos/tasks.o
 .text.xTaskGenericNotifyFromISR
                0x0000000000000000       0xc4 rtos/tasks.o
 .text.vTaskNotifyGiveFromISR
                0x0000000000000000       0xa0 rtos/tasks.o
 .text.xTaskNotifyStateClear
                0x0000000000000000       0x2c rtos/tasks.o
 .text          0x0000000000000000        0x0 rtos/opencm3.o
 .data          0x0000000000000000        0x0 rtos/opencm3.o
 .bss           0x0000000000000000        0x0 rtos/opencm3.o
 .group         0x0000000000000000        0xc /home/evg/SOFT/Github/Arm/STM32_PROJECTS/Beginning_STM32_book/libopencm3/lib/libopencm3_stm32f1.a(gpio.o)
 .group         0x0000000000000000        0xc /home/evg/SOFT/Github/Arm/STM32_PROJECTS/Beginning_STM32_book/libopencm3/lib/libopencm3_stm32f1.a(gpio.o)
 .group         0x0000000000000000        0xc /home/evg/SOFT/Github/Arm/STM32_PROJECTS/Beginning_STM32_book/libopencm3/lib/libopencm3_stm32f1.a(gpio.o)
 .group         0x0000000000000000        0xc /home/evg/SOFT/Github/Arm/STM32_PROJECTS/Beginning_STM32_book/libopencm3/lib/libopencm3_stm32f1.a(gpio.o)
 .group         0x0000000000000000        0xc /home/evg/SOFT/Github/Arm/STM32_PROJECTS/Beginning_STM32_book/libopencm3/lib/libopencm3_stm32f1.a(gpio.o)
 .group         0x0000000000000000        0xc /home/evg/SOFT/Github/Arm/STM32_PROJECTS/Beginning_STM32_book/libopencm3/lib/libopencm3_stm32f1.a(gpio.o)
 .group         0x0000000000000000        0xc /home/evg/SOFT/Github/Arm/STM32_PROJECTS/Beginning_STM32_book/libopencm3/lib/libopencm3_stm32f1.a(gpio.o)
 .group         0x0000000000000000        0xc /home/evg/SOFT/Github/Arm/STM32_PROJECTS/Beginning_STM32_book/libopencm3/lib/libopencm3_stm32f1.a(gpio.o)
 .group         0x0000000000000000        0xc /home/evg/SOFT/Github/Arm/STM32_PROJECTS/Beginning_STM32_book/libopencm3/lib/libopencm3_stm32f1.a(gpio.o)
 .text          0x0000000000000000        0x0 /home/evg/SOFT/Github/Arm/STM32_PROJECTS/Beginning_STM32_book/libopencm3/lib/libopencm3_stm32f1.a(gpio.o)
 .data          0x0000000000000000        0x0 /home/evg/SOFT/Github/Arm/STM32_PROJECTS/Beginning_STM32_book/libopencm3/lib/libopencm3_stm32f1.a(gpio.o)
 .bss           0x0000000000000000        0x0 /home/evg/SOFT/Github/Arm/STM32_PROJECTS/Beginning_STM32_book/libopencm3/lib/libopencm3_stm32f1.a(gpio.o)
 .text.gpio_set_eventout
                0x0000000000000000       0x10 /home/evg/SOFT/Github/Arm/STM32_PROJECTS/Beginning_STM32_book/libopencm3/lib/libopencm3_stm32f1.a(gpio.o)
 .text.gpio_primary_remap
                0x0000000000000000       0x14 /home/evg/SOFT/Github/Arm/STM32_PROJECTS/Beginning_STM32_book/libopencm3/lib/libopencm3_stm32f1.a(gpio.o)
 .text.gpio_secondary_remap
                0x0000000000000000       0x10 /home/evg/SOFT/Github/Arm/STM32_PROJECTS/Beginning_STM32_book/libopencm3/lib/libopencm3_stm32f1.a(gpio.o)
 .group         0x0000000000000000        0xc /home/evg/SOFT/Github/Arm/STM32_PROJECTS/Beginning_STM32_book/libopencm3/lib/libopencm3_stm32f1.a(gpio_common_all.o)
 .group         0x0000000000000000        0xc /home/evg/SOFT/Github/Arm/STM32_PROJECTS/Beginning_STM32_book/libopencm3/lib/libopencm3_stm32f1.a(gpio_common_all.o)
 .group         0x0000000000000000        0xc /home/evg/SOFT/Github/Arm/STM32_PROJECTS/Beginning_STM32_book/libopencm3/lib/libopencm3_stm32f1.a(gpio_common_all.o)
 .group         0x0000000000000000        0xc /home/evg/SOFT/Github/Arm/STM32_PROJECTS/Beginning_STM32_book/libopencm3/lib/libopencm3_stm32f1.a(gpio_common_all.o)
 .group         0x0000000000000000        0xc /home/evg/SOFT/Github/Arm/STM32_PROJECTS/Beginning_STM32_book/libopencm3/lib/libopencm3_stm32f1.a(gpio_common_all.o)
 .group         0x0000000000000000        0xc /home/evg/SOFT/Github/Arm/STM32_PROJECTS/Beginning_STM32_book/libopencm3/lib/libopencm3_stm32f1.a(gpio_common_all.o)
 .group         0x0000000000000000        0xc /home/evg/SOFT/Github/Arm/STM32_PROJECTS/Beginning_STM32_book/libopencm3/lib/libopencm3_stm32f1.a(gpio_common_all.o)
 .group         0x0000000000000000        0xc /home/evg/SOFT/Github/Arm/STM32_PROJECTS/Beginning_STM32_book/libopencm3/lib/libopencm3_stm32f1.a(gpio_common_all.o)
 .group         0x0000000000000000        0xc /home/evg/SOFT/Github/Arm/STM32_PROJECTS/Beginning_STM32_book/libopencm3/lib/libopencm3_stm32f1.a(gpio_common_all.o)
 .text          0x0000000000000000        0x0 /home/evg/SOFT/Github/Arm/STM32_PROJECTS/Beginning_STM32_book/libopencm3/lib/libopencm3_stm32f1.a(gpio_common_all.o)
 .data          0x0000000000000000        0x0 /home/evg/SOFT/Github/Arm/STM32_PROJECTS/Beginning_STM32_book/libopencm3/lib/libopencm3_stm32f1.a(gpio_common_all.o)
 .bss           0x0000000000000000        0x0 /home/evg/SOFT/Github/Arm/STM32_PROJECTS/Beginning_STM32_book/libopencm3/lib/libopencm3_stm32f1.a(gpio_common_all.o)
 .text.gpio_set
                0x0000000000000000        0x4 /home/evg/SOFT/Github/Arm/STM32_PROJECTS/Beginning_STM32_book/libopencm3/lib/libopencm3_stm32f1.a(gpio_common_all.o)
 .text.gpio_clear
                0x0000000000000000        0x6 /home/evg/SOFT/Github/Arm/STM32_PROJECTS/Beginning_STM32_book/libopencm3/lib/libopencm3_stm32f1.a(gpio_common_all.o)
 .text.gpio_get
                0x0000000000000000        0x6 /home/evg/SOFT/Github/Arm/STM32_PROJECTS/Beginning_STM32_book/libopencm3/lib/libopencm3_stm32f1.a(gpio_common_all.o)
 .text.gpio_port_read
                0x0000000000000000        0x6 /home/evg/SOFT/Github/Arm/STM32_PROJECTS/Beginning_STM32_book/libopencm3/lib/libopencm3_stm32f1.a(gpio_common_all.o)
 .text.gpio_port_write
                0x0000000000000000        0x4 /home/evg/SOFT/Github/Arm/STM32_PROJECTS/Beginning_STM32_book/libopencm3/lib/libopencm3_stm32f1.a(gpio_common_all.o)
 .text.gpio_port_config_lock
                0x0000000000000000       0x10 /home/evg/SOFT/Github/Arm/STM32_PROJECTS/Beginning_STM32_book/libopencm3/lib/libopencm3_stm32f1.a(gpio_common_all.o)
 .debug_macro   0x0000000000000000      0xa90 /home/evg/SOFT/Github/Arm/STM32_PROJECTS/Beginning_STM32_book/libopencm3/lib/libopencm3_stm32f1.a(gpio_common_all.o)
 .debug_macro   0x0000000000000000       0x1c /home/evg/SOFT/Github/Arm/STM32_PROJECTS/Beginning_STM32_book/libopencm3/lib/libopencm3_stm32f1.a(gpio_common_all.o)
 .debug_macro   0x0000000000000000      0x34e /home/evg/SOFT/Github/Arm/STM32_PROJECTS/Beginning_STM32_book/libopencm3/lib/libopencm3_stm32f1.a(gpio_common_all.o)
 .debug_macro   0x0000000000000000       0x22 /home/evg/SOFT/Github/Arm/STM32_PROJECTS/Beginning_STM32_book/libopencm3/lib/libopencm3_stm32f1.a(gpio_common_all.o)
 .debug_macro   0x0000000000000000       0xe8 /home/evg/SOFT/Github/Arm/STM32_PROJECTS/Beginning_STM32_book/libopencm3/lib/libopencm3_stm32f1.a(gpio_common_all.o)
 .debug_macro   0x0000000000000000       0x76 /home/evg/SOFT/Github/Arm/STM32_PROJECTS/Beginning_STM32_book/libopencm3/lib/libopencm3_stm32f1.a(gpio_common_all.o)
 .debug_macro   0x0000000000000000      0x1b4 /home/evg/SOFT/Github/Arm/STM32_PROJECTS/Beginning_STM32_book/libopencm3/lib/libopencm3_stm32f1.a(gpio_common_all.o)
 .debug_macro   0x0000000000000000       0x76 /home/evg/SOFT/Github/Arm/STM32_PROJECTS/Beginning_STM32_book/libopencm3/lib/libopencm3_stm32f1.a(gpio_common_all.o)
 .debug_macro   0x0000000000000000      0xe04 /home/evg/SOFT/Github/Arm/STM32_PROJECTS/Beginning_STM32_book/libopencm3/lib/libopencm3_stm32f1.a(gpio_common_all.o)
 .group         0x0000000000000000        0xc /home/evg/SOFT/Github/Arm/STM32_PROJECTS/Beginning_STM32_book/libopencm3/lib/libopencm3_stm32f1.a(rcc.o)
 .group         0x0000000000000000        0xc /home/evg/SOFT/Github/Arm/STM32_PROJECTS/Beginning_STM32_book/libopencm3/lib/libopencm3_stm32f1.a(rcc.o)
 .group         0x0000000000000000        0xc /home/evg/SOFT/Github/Arm/STM32_PROJECTS/Beginning_STM32_book/libopencm3/lib/libopencm3_stm32f1.a(rcc.o)
 .group         0x0000000000000000        0xc /home/evg/SOFT/Github/Arm/STM32_PROJECTS/Beginning_STM32_book/libopencm3/lib/libopencm3_stm32f1.a(rcc.o)
 .group         0x0000000000000000        0xc /home/evg/SOFT/Github/Arm/STM32_PROJECTS/Beginning_STM32_book/libopencm3/lib/libopencm3_stm32f1.a(rcc.o)
 .group         0x0000000000000000        0xc /home/evg/SOFT/Github/Arm/STM32_PROJECTS/Beginning_STM32_book/libopencm3/lib/libopencm3_stm32f1.a(rcc.o)
 .group         0x0000000000000000        0xc /home/evg/SOFT/Github/Arm/STM32_PROJECTS/Beginning_STM32_book/libopencm3/lib/libopencm3_stm32f1.a(rcc.o)
 .group         0x0000000000000000        0xc /home/evg/SOFT/Github/Arm/STM32_PROJECTS/Beginning_STM32_book/libopencm3/lib/libopencm3_stm32f1.a(rcc.o)
 .group         0x0000000000000000        0xc /home/evg/SOFT/Github/Arm/STM32_PROJECTS/Beginning_STM32_book/libopencm3/lib/libopencm3_stm32f1.a(rcc.o)
 .group         0x0000000000000000        0xc /home/evg/SOFT/Github/Arm/STM32_PROJECTS/Beginning_STM32_book/libopencm3/lib/libopencm3_stm32f1.a(rcc.o)
 .group         0x0000000000000000        0xc /home/evg/SOFT/Github/Arm/STM32_PROJECTS/Beginning_STM32_book/libopencm3/lib/libopencm3_stm32f1.a(rcc.o)
 .text          0x0000000000000000        0x0 /home/evg/SOFT/Github/Arm/STM32_PROJECTS/Beginning_STM32_book/libopencm3/lib/libopencm3_stm32f1.a(rcc.o)
 .data          0x0000000000000000        0x0 /home/evg/SOFT/Github/Arm/STM32_PROJECTS/Beginning_STM32_book/libopencm3/lib/libopencm3_stm32f1.a(rcc.o)
 .bss           0x0000000000000000        0x0 /home/evg/SOFT/Github/Arm/STM32_PROJECTS/Beginning_STM32_book/libopencm3/lib/libopencm3_stm32f1.a(rcc.o)
 .text.rcc_osc_ready_int_clear
                0x0000000000000000       0x5c /home/evg/SOFT/Github/Arm/STM32_PROJECTS/Beginning_STM32_book/libopencm3/lib/libopencm3_stm32f1.a(rcc.o)
 .text.rcc_osc_ready_int_enable
                0x0000000000000000       0x5c /home/evg/SOFT/Github/Arm/STM32_PROJECTS/Beginning_STM32_book/libopencm3/lib/libopencm3_stm32f1.a(rcc.o)
 .text.rcc_osc_ready_int_disable
                0x0000000000000000       0x5c /home/evg/SOFT/Github/Arm/STM32_PROJECTS/Beginning_STM32_book/libopencm3/lib/libopencm3_stm32f1.a(rcc.o)
 .text.rcc_osc_ready_int_flag
                0x0000000000000000       0x54 /home/evg/SOFT/Github/Arm/STM32_PROJECTS/Beginning_STM32_book/libopencm3/lib/libopencm3_stm32f1.a(rcc.o)
 .text.rcc_css_int_clear
                0x0000000000000000       0x10 /home/evg/SOFT/Github/Arm/STM32_PROJECTS/Beginning_STM32_book/libopencm3/lib/libopencm3_stm32f1.a(rcc.o)
 .text.rcc_css_int_flag
                0x0000000000000000       0x10 /home/evg/SOFT/Github/Arm/STM32_PROJECTS/Beginning_STM32_book/libopencm3/lib/libopencm3_stm32f1.a(rcc.o)
 .text.rcc_osc_off
                0x0000000000000000       0x58 /home/evg/SOFT/Github/Arm/STM32_PROJECTS/Beginning_STM32_book/libopencm3/lib/libopencm3_stm32f1.a(rcc.o)
 .text.rcc_css_enable
                0x0000000000000000       0x10 /home/evg/SOFT/Github/Arm/STM32_PROJECTS/Beginning_STM32_book/libopencm3/lib/libopencm3_stm32f1.a(rcc.o)
 .text.rcc_css_disable
                0x0000000000000000       0x10 /home/evg/SOFT/Github/Arm/STM32_PROJECTS/Beginning_STM32_book/libopencm3/lib/libopencm3_stm32f1.a(rcc.o)
 .text.rcc_set_pll2_multiplication_factor
                0x0000000000000000       0x14 /home/evg/SOFT/Github/Arm/STM32_PROJECTS/Beginning_STM32_book/libopencm3/lib/libopencm3_stm32f1.a(rcc.o)
 .text.rcc_set_pll3_multiplication_factor
                0x0000000000000000       0x14 /home/evg/SOFT/Github/Arm/STM32_PROJECTS/Beginning_STM32_book/libopencm3/lib/libopencm3_stm32f1.a(rcc.o)
 .text.rcc_rtc_clock_enabled_flag
                0x0000000000000000       0x10 /home/evg/SOFT/Github/Arm/STM32_PROJECTS/Beginning_STM32_book/libopencm3/lib/libopencm3_stm32f1.a(rcc.o)
 .text.rcc_enable_rtc_clock
                0x0000000000000000       0x10 /home/evg/SOFT/Github/Arm/STM32_PROJECTS/Beginning_STM32_book/libopencm3/lib/libopencm3_stm32f1.a(rcc.o)
 .text.rcc_set_rtc_clock_source
                0x0000000000000000       0x90 /home/evg/SOFT/Github/Arm/STM32_PROJECTS/Beginning_STM32_book/libopencm3/lib/libopencm3_stm32f1.a(rcc.o)
 .text.rcc_set_usbpre
                0x0000000000000000       0x18 /home/evg/SOFT/Github/Arm/STM32_PROJECTS/Beginning_STM32_book/libopencm3/lib/libopencm3_stm32f1.a(rcc.o)
 .text.rcc_set_prediv1
                0x0000000000000000       0x14 /home/evg/SOFT/Github/Arm/STM32_PROJECTS/Beginning_STM32_book/libopencm3/lib/libopencm3_stm32f1.a(rcc.o)
 .text.rcc_set_prediv2
                0x0000000000000000       0x14 /home/evg/SOFT/Github/Arm/STM32_PROJECTS/Beginning_STM32_book/libopencm3/lib/libopencm3_stm32f1.a(rcc.o)
 .text.rcc_set_prediv1_source
                0x0000000000000000       0x18 /home/evg/SOFT/Github/Arm/STM32_PROJECTS/Beginning_STM32_book/libopencm3/lib/libopencm3_stm32f1.a(rcc.o)
 .text.rcc_system_clock_source
                0x0000000000000000       0x10 /home/evg/SOFT/Github/Arm/STM32_PROJECTS/Beginning_STM32_book/libopencm3/lib/libopencm3_stm32f1.a(rcc.o)
 .text.rcc_clock_setup_in_hsi_out_64mhz
                0x0000000000000000       0x74 /home/evg/SOFT/Github/Arm/STM32_PROJECTS/Beginning_STM32_book/libopencm3/lib/libopencm3_stm32f1.a(rcc.o)
 .text.rcc_clock_setup_in_hsi_out_48mhz
                0x0000000000000000       0x84 /home/evg/SOFT/Github/Arm/STM32_PROJECTS/Beginning_STM32_book/libopencm3/lib/libopencm3_stm32f1.a(rcc.o)
 .text.rcc_clock_setup_in_hsi_out_24mhz
                0x0000000000000000       0x70 /home/evg/SOFT/Github/Arm/STM32_PROJECTS/Beginning_STM32_book/libopencm3/lib/libopencm3_stm32f1.a(rcc.o)
 .text.rcc_clock_setup_in_hse_8mhz_out_24mhz
                0x0000000000000000       0x88 /home/evg/SOFT/Github/Arm/STM32_PROJECTS/Beginning_STM32_book/libopencm3/lib/libopencm3_stm32f1.a(rcc.o)
 .text.rcc_clock_setup_in_hse_12mhz_out_72mhz
                0x0000000000000000       0x8c /home/evg/SOFT/Github/Arm/STM32_PROJECTS/Beginning_STM32_book/libopencm3/lib/libopencm3_stm32f1.a(rcc.o)
 .text.rcc_clock_setup_in_hse_16mhz_out_72mhz
                0x0000000000000000       0x8c /home/evg/SOFT/Github/Arm/STM32_PROJECTS/Beginning_STM32_book/libopencm3/lib/libopencm3_stm32f1.a(rcc.o)
 .text.rcc_clock_setup_in_hse_25mhz_out_72mhz
                0x0000000000000000       0xac /home/evg/SOFT/Github/Arm/STM32_PROJECTS/Beginning_STM32_book/libopencm3/lib/libopencm3_stm32f1.a(rcc.o)
 .text.rcc_clock_setup_pll
                0x0000000000000000       0xc8 /home/evg/SOFT/Github/Arm/STM32_PROJECTS/Beginning_STM32_book/libopencm3/lib/libopencm3_stm32f1.a(rcc.o)
 .text.rcc_backupdomain_reset
                0x0000000000000000       0x18 /home/evg/SOFT/Github/Arm/STM32_PROJECTS/Beginning_STM32_book/libopencm3/lib/libopencm3_stm32f1.a(rcc.o)
 .text.rcc_get_usart_clk_freq
                0x0000000000000000       0x1c /home/evg/SOFT/Github/Arm/STM32_PROJECTS/Beginning_STM32_book/libopencm3/lib/libopencm3_stm32f1.a(rcc.o)
 .text.rcc_get_timer_clk_freq
                0x0000000000000000       0x34 /home/evg/SOFT/Github/Arm/STM32_PROJECTS/Beginning_STM32_book/libopencm3/lib/libopencm3_stm32f1.a(rcc.o)
 .text.rcc_get_i2c_clk_freq
                0x0000000000000000        0xc /home/evg/SOFT/Github/Arm/STM32_PROJECTS/Beginning_STM32_book/libopencm3/lib/libopencm3_stm32f1.a(rcc.o)
 .rodata.rcc_hse_configs
                0x0000000000000000       0x8c /home/evg/SOFT/Github/Arm/STM32_PROJECTS/Beginning_STM32_book/libopencm3/lib/libopencm3_stm32f1.a(rcc.o)
 .rodata.rcc_hsi_configs
                0x0000000000000000       0x54 /home/evg/SOFT/Github/Arm/STM32_PROJECTS/Beginning_STM32_book/libopencm3/lib/libopencm3_stm32f1.a(rcc.o)
 .debug_macro   0x0000000000000000      0xa90 /home/evg/SOFT/Github/Arm/STM32_PROJECTS/Beginning_STM32_book/libopencm3/lib/libopencm3_stm32f1.a(rcc.o)
 .debug_macro   0x0000000000000000       0x1c /home/evg/SOFT/Github/Arm/STM32_PROJECTS/Beginning_STM32_book/libopencm3/lib/libopencm3_stm32f1.a(rcc.o)
 .debug_macro   0x0000000000000000      0x34e /home/evg/SOFT/Github/Arm/STM32_PROJECTS/Beginning_STM32_book/libopencm3/lib/libopencm3_stm32f1.a(rcc.o)
 .debug_macro   0x0000000000000000       0x22 /home/evg/SOFT/Github/Arm/STM32_PROJECTS/Beginning_STM32_book/libopencm3/lib/libopencm3_stm32f1.a(rcc.o)
 .debug_macro   0x0000000000000000       0xe8 /home/evg/SOFT/Github/Arm/STM32_PROJECTS/Beginning_STM32_book/libopencm3/lib/libopencm3_stm32f1.a(rcc.o)
 .debug_macro   0x0000000000000000       0x76 /home/evg/SOFT/Github/Arm/STM32_PROJECTS/Beginning_STM32_book/libopencm3/lib/libopencm3_stm32f1.a(rcc.o)
 .debug_macro   0x0000000000000000      0x1b4 /home/evg/SOFT/Github/Arm/STM32_PROJECTS/Beginning_STM32_book/libopencm3/lib/libopencm3_stm32f1.a(rcc.o)
 .group         0x0000000000000000        0xc /home/evg/SOFT/Github/Arm/STM32_PROJECTS/Beginning_STM32_book/libopencm3/lib/libopencm3_stm32f1.a(rcc_common_all.o)
 .group         0x0000000000000000        0xc /home/evg/SOFT/Github/Arm/STM32_PROJECTS/Beginning_STM32_book/libopencm3/lib/libopencm3_stm32f1.a(rcc_common_all.o)
 .group         0x0000000000000000        0xc /home/evg/SOFT/Github/Arm/STM32_PROJECTS/Beginning_STM32_book/libopencm3/lib/libopencm3_stm32f1.a(rcc_common_all.o)
 .group         0x0000000000000000        0xc /home/evg/SOFT/Github/Arm/STM32_PROJECTS/Beginning_STM32_book/libopencm3/lib/libopencm3_stm32f1.a(rcc_common_all.o)
 .group         0x0000000000000000        0xc /home/evg/SOFT/Github/Arm/STM32_PROJECTS/Beginning_STM32_book/libopencm3/lib/libopencm3_stm32f1.a(rcc_common_all.o)
 .group         0x0000000000000000        0xc /home/evg/SOFT/Github/Arm/STM32_PROJECTS/Beginning_STM32_book/libopencm3/lib/libopencm3_stm32f1.a(rcc_common_all.o)
 .group         0x0000000000000000        0xc /home/evg/SOFT/Github/Arm/STM32_PROJECTS/Beginning_STM32_book/libopencm3/lib/libopencm3_stm32f1.a(rcc_common_all.o)
 .group         0x0000000000000000        0xc /home/evg/SOFT/Github/Arm/STM32_PROJECTS/Beginning_STM32_book/libopencm3/lib/libopencm3_stm32f1.a(rcc_common_all.o)
 .text          0x0000000000000000        0x0 /home/evg/SOFT/Github/Arm/STM32_PROJECTS/Beginning_STM32_book/libopencm3/lib/libopencm3_stm32f1.a(rcc_common_all.o)
 .data          0x0000000000000000        0x0 /home/evg/SOFT/Github/Arm/STM32_PROJECTS/Beginning_STM32_book/libopencm3/lib/libopencm3_stm32f1.a(rcc_common_all.o)
 .bss           0x0000000000000000        0x0 /home/evg/SOFT/Github/Arm/STM32_PROJECTS/Beginning_STM32_book/libopencm3/lib/libopencm3_stm32f1.a(rcc_common_all.o)
 .text.rcc_peripheral_enable_clock
                0x0000000000000000        0x8 /home/evg/SOFT/Github/Arm/STM32_PROJECTS/Beginning_STM32_book/libopencm3/lib/libopencm3_stm32f1.a(rcc_common_all.o)
 .text.rcc_peripheral_disable_clock
                0x0000000000000000        0xa /home/evg/SOFT/Github/Arm/STM32_PROJECTS/Beginning_STM32_book/libopencm3/lib/libopencm3_stm32f1.a(rcc_common_all.o)
 .text.rcc_peripheral_reset
                0x0000000000000000        0x8 /home/evg/SOFT/Github/Arm/STM32_PROJECTS/Beginning_STM32_book/libopencm3/lib/libopencm3_stm32f1.a(rcc_common_all.o)
 .text.rcc_peripheral_clear_reset
                0x0000000000000000        0xa /home/evg/SOFT/Github/Arm/STM32_PROJECTS/Beginning_STM32_book/libopencm3/lib/libopencm3_stm32f1.a(rcc_common_all.o)
 .text.rcc_periph_clock_disable
                0x0000000000000000       0x1e /home/evg/SOFT/Github/Arm/STM32_PROJECTS/Beginning_STM32_book/libopencm3/lib/libopencm3_stm32f1.a(rcc_common_all.o)
 .text.rcc_periph_reset_pulse
                0x0000000000000000       0x24 /home/evg/SOFT/Github/Arm/STM32_PROJECTS/Beginning_STM32_book/libopencm3/lib/libopencm3_stm32f1.a(rcc_common_all.o)
 .text.rcc_periph_reset_hold
                0x0000000000000000        0x4 /home/evg/SOFT/Github/Arm/STM32_PROJECTS/Beginning_STM32_book/libopencm3/lib/libopencm3_stm32f1.a(rcc_common_all.o)
 .text.rcc_periph_reset_release
                0x0000000000000000        0x4 /home/evg/SOFT/Github/Arm/STM32_PROJECTS/Beginning_STM32_book/libopencm3/lib/libopencm3_stm32f1.a(rcc_common_all.o)
 .text.rcc_set_mco
                0x0000000000000000       0x14 /home/evg/SOFT/Github/Arm/STM32_PROJECTS/Beginning_STM32_book/libopencm3/lib/libopencm3_stm32f1.a(rcc_common_all.o)
 .text.rcc_osc_bypass_enable
                0x0000000000000000       0x28 /home/evg/SOFT/Github/Arm/STM32_PROJECTS/Beginning_STM32_book/libopencm3/lib/libopencm3_stm32f1.a(rcc_common_all.o)
 .text.rcc_osc_bypass_disable
                0x0000000000000000       0x28 /home/evg/SOFT/Github/Arm/STM32_PROJECTS/Beginning_STM32_book/libopencm3/lib/libopencm3_stm32f1.a(rcc_common_all.o)
 .text.rcc_get_div_from_hpre
                0x0000000000000000       0x18 /home/evg/SOFT/Github/Arm/STM32_PROJECTS/Beginning_STM32_book/libopencm3/lib/libopencm3_stm32f1.a(rcc_common_all.o)
 .debug_macro   0x0000000000000000      0xa90 /home/evg/SOFT/Github/Arm/STM32_PROJECTS/Beginning_STM32_book/libopencm3/lib/libopencm3_stm32f1.a(rcc_common_all.o)
 .debug_macro   0x0000000000000000       0x1c /home/evg/SOFT/Github/Arm/STM32_PROJECTS/Beginning_STM32_book/libopencm3/lib/libopencm3_stm32f1.a(rcc_common_all.o)
 .debug_macro   0x0000000000000000      0x34e /home/evg/SOFT/Github/Arm/STM32_PROJECTS/Beginning_STM32_book/libopencm3/lib/libopencm3_stm32f1.a(rcc_common_all.o)
 .debug_macro   0x0000000000000000       0x22 /home/evg/SOFT/Github/Arm/STM32_PROJECTS/Beginning_STM32_book/libopencm3/lib/libopencm3_stm32f1.a(rcc_common_all.o)
 .debug_macro   0x0000000000000000       0xe8 /home/evg/SOFT/Github/Arm/STM32_PROJECTS/Beginning_STM32_book/libopencm3/lib/libopencm3_stm32f1.a(rcc_common_all.o)
 .debug_macro   0x0000000000000000       0x76 /home/evg/SOFT/Github/Arm/STM32_PROJECTS/Beginning_STM32_book/libopencm3/lib/libopencm3_stm32f1.a(rcc_common_all.o)
 .debug_macro   0x0000000000000000      0x1b4 /home/evg/SOFT/Github/Arm/STM32_PROJECTS/Beginning_STM32_book/libopencm3/lib/libopencm3_stm32f1.a(rcc_common_all.o)
 .debug_macro   0x0000000000000000      0x8c6 /home/evg/SOFT/Github/Arm/STM32_PROJECTS/Beginning_STM32_book/libopencm3/lib/libopencm3_stm32f1.a(rcc_common_all.o)
 .group         0x0000000000000000        0xc /home/evg/SOFT/Github/Arm/STM32_PROJECTS/Beginning_STM32_book/libopencm3/lib/libopencm3_stm32f1.a(vector.o)
 .group         0x0000000000000000        0xc /home/evg/SOFT/Github/Arm/STM32_PROJECTS/Beginning_STM32_book/libopencm3/lib/libopencm3_stm32f1.a(vector.o)
 .group         0x0000000000000000        0xc /home/evg/SOFT/Github/Arm/STM32_PROJECTS/Beginning_STM32_book/libopencm3/lib/libopencm3_stm32f1.a(vector.o)
 .group         0x0000000000000000        0xc /home/evg/SOFT/Github/Arm/STM32_PROJECTS/Beginning_STM32_book/libopencm3/lib/libopencm3_stm32f1.a(vector.o)
 .group         0x0000000000000000        0xc /home/evg/SOFT/Github/Arm/STM32_PROJECTS/Beginning_STM32_book/libopencm3/lib/libopencm3_stm32f1.a(vector.o)
 .group         0x0000000000000000        0xc /home/evg/SOFT/Github/Arm/STM32_PROJECTS/Beginning_STM32_book/libopencm3/lib/libopencm3_stm32f1.a(vector.o)
 .group         0x0000000000000000        0xc /home/evg/SOFT/Github/Arm/STM32_PROJECTS/Beginning_STM32_book/libopencm3/lib/libopencm3_stm32f1.a(vector.o)
 .group         0x0000000000000000        0xc /home/evg/SOFT/Github/Arm/STM32_PROJECTS/Beginning_STM32_book/libopencm3/lib/libopencm3_stm32f1.a(vector.o)
 .group         0x0000000000000000        0xc /home/evg/SOFT/Github/Arm/STM32_PROJECTS/Beginning_STM32_book/libopencm3/lib/libopencm3_stm32f1.a(vector.o)
 .text          0x0000000000000000        0x0 /home/evg/SOFT/Github/Arm/STM32_PROJECTS/Beginning_STM32_book/libopencm3/lib/libopencm3_stm32f1.a(vector.o)
 .data          0x0000000000000000        0x0 /home/evg/SOFT/Github/Arm/STM32_PROJECTS/Beginning_STM32_book/libopencm3/lib/libopencm3_stm32f1.a(vector.o)
 .bss           0x0000000000000000        0x0 /home/evg/SOFT/Github/Arm/STM32_PROJECTS/Beginning_STM32_book/libopencm3/lib/libopencm3_stm32f1.a(vector.o)
 .debug_macro   0x0000000000000000      0xa90 /home/evg/SOFT/Github/Arm/STM32_PROJECTS/Beginning_STM32_book/libopencm3/lib/libopencm3_stm32f1.a(vector.o)
 .debug_macro   0x0000000000000000       0x76 /home/evg/SOFT/Github/Arm/STM32_PROJECTS/Beginning_STM32_book/libopencm3/lib/libopencm3_stm32f1.a(vector.o)
 .debug_macro   0x0000000000000000       0x1c /home/evg/SOFT/Github/Arm/STM32_PROJECTS/Beginning_STM32_book/libopencm3/lib/libopencm3_stm32f1.a(vector.o)
 .debug_macro   0x0000000000000000      0x34e /home/evg/SOFT/Github/Arm/STM32_PROJECTS/Beginning_STM32_book/libopencm3/lib/libopencm3_stm32f1.a(vector.o)
 .debug_macro   0x0000000000000000       0x22 /home/evg/SOFT/Github/Arm/STM32_PROJECTS/Beginning_STM32_book/libopencm3/lib/libopencm3_stm32f1.a(vector.o)
 .debug_macro   0x0000000000000000       0xe8 /home/evg/SOFT/Github/Arm/STM32_PROJECTS/Beginning_STM32_book/libopencm3/lib/libopencm3_stm32f1.a(vector.o)
 .group         0x0000000000000000        0xc /home/evg/SOFT/Github/Arm/STM32_PROJECTS/Beginning_STM32_book/libopencm3/lib/libopencm3_stm32f1.a(assert.o)
 .group         0x0000000000000000        0xc /home/evg/SOFT/Github/Arm/STM32_PROJECTS/Beginning_STM32_book/libopencm3/lib/libopencm3_stm32f1.a(assert.o)
 .group         0x0000000000000000        0xc /home/evg/SOFT/Github/Arm/STM32_PROJECTS/Beginning_STM32_book/libopencm3/lib/libopencm3_stm32f1.a(assert.o)
 .group         0x0000000000000000        0xc /home/evg/SOFT/Github/Arm/STM32_PROJECTS/Beginning_STM32_book/libopencm3/lib/libopencm3_stm32f1.a(assert.o)
 .group         0x0000000000000000        0xc /home/evg/SOFT/Github/Arm/STM32_PROJECTS/Beginning_STM32_book/libopencm3/lib/libopencm3_stm32f1.a(assert.o)
 .group         0x0000000000000000        0xc /home/evg/SOFT/Github/Arm/STM32_PROJECTS/Beginning_STM32_book/libopencm3/lib/libopencm3_stm32f1.a(assert.o)
 .text          0x0000000000000000        0x0 /home/evg/SOFT/Github/Arm/STM32_PROJECTS/Beginning_STM32_book/libopencm3/lib/libopencm3_stm32f1.a(assert.o)
 .data          0x0000000000000000        0x0 /home/evg/SOFT/Github/Arm/STM32_PROJECTS/Beginning_STM32_book/libopencm3/lib/libopencm3_stm32f1.a(assert.o)
 .bss           0x0000000000000000        0x0 /home/evg/SOFT/Github/Arm/STM32_PROJECTS/Beginning_STM32_book/libopencm3/lib/libopencm3_stm32f1.a(assert.o)
 .text.cm3_assert_failed
                0x0000000000000000        0x2 /home/evg/SOFT/Github/Arm/STM32_PROJECTS/Beginning_STM32_book/libopencm3/lib/libopencm3_stm32f1.a(assert.o)
 .text.cm3_assert_failed_verbose
                0x0000000000000000        0x6 /home/evg/SOFT/Github/Arm/STM32_PROJECTS/Beginning_STM32_book/libopencm3/lib/libopencm3_stm32f1.a(assert.o)
 .debug_info    0x0000000000000000      0x104 /home/evg/SOFT/Github/Arm/STM32_PROJECTS/Beginning_STM32_book/libopencm3/lib/libopencm3_stm32f1.a(assert.o)
 .debug_abbrev  0x0000000000000000       0x98 /home/evg/SOFT/Github/Arm/STM32_PROJECTS/Beginning_STM32_book/libopencm3/lib/libopencm3_stm32f1.a(assert.o)
 .debug_loc     0x0000000000000000       0x94 /home/evg/SOFT/Github/Arm/STM32_PROJECTS/Beginning_STM32_book/libopencm3/lib/libopencm3_stm32f1.a(assert.o)
 .debug_aranges
                0x0000000000000000       0x28 /home/evg/SOFT/Github/Arm/STM32_PROJECTS/Beginning_STM32_book/libopencm3/lib/libopencm3_stm32f1.a(assert.o)
 .debug_ranges  0x0000000000000000       0x18 /home/evg/SOFT/Github/Arm/STM32_PROJECTS/Beginning_STM32_book/libopencm3/lib/libopencm3_stm32f1.a(assert.o)
 .debug_macro   0x0000000000000000       0x40 /home/evg/SOFT/Github/Arm/STM32_PROJECTS/Beginning_STM32_book/libopencm3/lib/libopencm3_stm32f1.a(assert.o)
 .debug_macro   0x0000000000000000      0xa90 /home/evg/SOFT/Github/Arm/STM32_PROJECTS/Beginning_STM32_book/libopencm3/lib/libopencm3_stm32f1.a(assert.o)
 .debug_macro   0x0000000000000000       0x1c /home/evg/SOFT/Github/Arm/STM32_PROJECTS/Beginning_STM32_book/libopencm3/lib/libopencm3_stm32f1.a(assert.o)
 .debug_macro   0x0000000000000000      0x34e /home/evg/SOFT/Github/Arm/STM32_PROJECTS/Beginning_STM32_book/libopencm3/lib/libopencm3_stm32f1.a(assert.o)
 .debug_macro   0x0000000000000000       0x22 /home/evg/SOFT/Github/Arm/STM32_PROJECTS/Beginning_STM32_book/libopencm3/lib/libopencm3_stm32f1.a(assert.o)
 .debug_macro   0x0000000000000000       0xe8 /home/evg/SOFT/Github/Arm/STM32_PROJECTS/Beginning_STM32_book/libopencm3/lib/libopencm3_stm32f1.a(assert.o)
 .debug_macro   0x0000000000000000       0x16 /home/evg/SOFT/Github/Arm/STM32_PROJECTS/Beginning_STM32_book/libopencm3/lib/libopencm3_stm32f1.a(assert.o)
 .debug_line    0x0000000000000000       0xed /home/evg/SOFT/Github/Arm/STM32_PROJECTS/Beginning_STM32_book/libopencm3/lib/libopencm3_stm32f1.a(assert.o)
 .debug_str     0x0000000000000000     0x3d3e /home/evg/SOFT/Github/Arm/STM32_PROJECTS/Beginning_STM32_book/libopencm3/lib/libopencm3_stm32f1.a(assert.o)
 .comment       0x0000000000000000       0x5a /home/evg/SOFT/Github/Arm/STM32_PROJECTS/Beginning_STM32_book/libopencm3/lib/libopencm3_stm32f1.a(assert.o)
 .debug_frame   0x0000000000000000       0x38 /home/evg/SOFT/Github/Arm/STM32_PROJECTS/Beginning_STM32_book/libopencm3/lib/libopencm3_stm32f1.a(assert.o)
 .ARM.attributes
                0x0000000000000000       0x2d /home/evg/SOFT/Github/Arm/STM32_PROJECTS/Beginning_STM32_book/libopencm3/lib/libopencm3_stm32f1.a(assert.o)
 .group         0x0000000000000000        0xc /home/evg/SOFT/Github/Arm/STM32_PROJECTS/Beginning_STM32_book/libopencm3/lib/libopencm3_stm32f1.a(flash_common_all.o)
 .group         0x0000000000000000        0xc /home/evg/SOFT/Github/Arm/STM32_PROJECTS/Beginning_STM32_book/libopencm3/lib/libopencm3_stm32f1.a(flash_common_all.o)
 .group         0x0000000000000000        0xc /home/evg/SOFT/Github/Arm/STM32_PROJECTS/Beginning_STM32_book/libopencm3/lib/libopencm3_stm32f1.a(flash_common_all.o)
 .group         0x0000000000000000        0xc /home/evg/SOFT/Github/Arm/STM32_PROJECTS/Beginning_STM32_book/libopencm3/lib/libopencm3_stm32f1.a(flash_common_all.o)
 .group         0x0000000000000000        0xc /home/evg/SOFT/Github/Arm/STM32_PROJECTS/Beginning_STM32_book/libopencm3/lib/libopencm3_stm32f1.a(flash_common_all.o)
 .group         0x0000000000000000        0xc /home/evg/SOFT/Github/Arm/STM32_PROJECTS/Beginning_STM32_book/libopencm3/lib/libopencm3_stm32f1.a(flash_common_all.o)
 .group         0x0000000000000000        0xc /home/evg/SOFT/Github/Arm/STM32_PROJECTS/Beginning_STM32_book/libopencm3/lib/libopencm3_stm32f1.a(flash_common_all.o)
 .group         0x0000000000000000        0xc /home/evg/SOFT/Github/Arm/STM32_PROJECTS/Beginning_STM32_book/libopencm3/lib/libopencm3_stm32f1.a(flash_common_all.o)
 .group         0x0000000000000000        0xc /home/evg/SOFT/Github/Arm/STM32_PROJECTS/Beginning_STM32_book/libopencm3/lib/libopencm3_stm32f1.a(flash_common_all.o)
 .text          0x0000000000000000        0x0 /home/evg/SOFT/Github/Arm/STM32_PROJECTS/Beginning_STM32_book/libopencm3/lib/libopencm3_stm32f1.a(flash_common_all.o)
 .data          0x0000000000000000        0x0 /home/evg/SOFT/Github/Arm/STM32_PROJECTS/Beginning_STM32_book/libopencm3/lib/libopencm3_stm32f1.a(flash_common_all.o)
 .bss           0x0000000000000000        0x0 /home/evg/SOFT/Github/Arm/STM32_PROJECTS/Beginning_STM32_book/libopencm3/lib/libopencm3_stm32f1.a(flash_common_all.o)
 .text.flash_prefetch_enable
                0x0000000000000000       0x10 /home/evg/SOFT/Github/Arm/STM32_PROJECTS/Beginning_STM32_book/libopencm3/lib/libopencm3_stm32f1.a(flash_common_all.o)
 .text.flash_prefetch_disable
                0x0000000000000000       0x10 /home/evg/SOFT/Github/Arm/STM32_PROJECTS/Beginning_STM32_book/libopencm3/lib/libopencm3_stm32f1.a(flash_common_all.o)
 .text.flash_unlock_option_bytes
                0x0000000000000000       0x18 /home/evg/SOFT/Github/Arm/STM32_PROJECTS/Beginning_STM32_book/libopencm3/lib/libopencm3_stm32f1.a(flash_common_all.o)
 .debug_macro   0x0000000000000000      0xa90 /home/evg/SOFT/Github/Arm/STM32_PROJECTS/Beginning_STM32_book/libopencm3/lib/libopencm3_stm32f1.a(flash_common_all.o)
 .debug_macro   0x0000000000000000       0x1c /home/evg/SOFT/Github/Arm/STM32_PROJECTS/Beginning_STM32_book/libopencm3/lib/libopencm3_stm32f1.a(flash_common_all.o)
 .debug_macro   0x0000000000000000      0x34e /home/evg/SOFT/Github/Arm/STM32_PROJECTS/Beginning_STM32_book/libopencm3/lib/libopencm3_stm32f1.a(flash_common_all.o)
 .debug_macro   0x0000000000000000       0x22 /home/evg/SOFT/Github/Arm/STM32_PROJECTS/Beginning_STM32_book/libopencm3/lib/libopencm3_stm32f1.a(flash_common_all.o)
 .debug_macro   0x0000000000000000       0xe8 /home/evg/SOFT/Github/Arm/STM32_PROJECTS/Beginning_STM32_book/libopencm3/lib/libopencm3_stm32f1.a(flash_common_all.o)
 .debug_macro   0x0000000000000000       0x76 /home/evg/SOFT/Github/Arm/STM32_PROJECTS/Beginning_STM32_book/libopencm3/lib/libopencm3_stm32f1.a(flash_common_all.o)
 .debug_macro   0x0000000000000000      0x1b4 /home/evg/SOFT/Github/Arm/STM32_PROJECTS/Beginning_STM32_book/libopencm3/lib/libopencm3_stm32f1.a(flash_common_all.o)
 .debug_macro   0x0000000000000000       0xee /home/evg/SOFT/Github/Arm/STM32_PROJECTS/Beginning_STM32_book/libopencm3/lib/libopencm3_stm32f1.a(flash_common_all.o)
 .debug_macro   0x0000000000000000       0x82 /home/evg/SOFT/Github/Arm/STM32_PROJECTS/Beginning_STM32_book/libopencm3/lib/libopencm3_stm32f1.a(flash_common_all.o)

Memory Configuration

Name             Origin             Length             Attributes
rom              0x0000000008000000 0x0000000000010000 xr
ram              0x0000000020000000 0x0000000000005000 xrw
*default*        0x0000000000000000 0xffffffffffffffff

Linker script and memory map

LOAD main.o
LOAD rtos/heap_4.o
LOAD rtos/list.o
LOAD rtos/port.o
LOAD rtos/tasks.o
LOAD rtos/opencm3.o
START GROUP
LOAD /usr/lib/gcc/arm-none-eabi/9.2.1/../../../arm-none-eabi/lib/thumb/v7-m/nofp/libc.a
LOAD /usr/lib/gcc/arm-none-eabi/9.2.1/thumb/v7-m/nofp/libgcc.a
LOAD /usr/lib/gcc/arm-none-eabi/9.2.1/../../../arm-none-eabi/lib/thumb/v7-m/nofp/libnosys.a
END GROUP
LOAD /home/evg/SOFT/Github/Arm/STM32_PROJECTS/Beginning_STM32_book//rtos/libwwg/libwwg.a
LOAD /home/evg/SOFT/Github/Arm/STM32_PROJECTS/Beginning_STM32_book/libopencm3/lib/libopencm3_stm32f1.a
START GROUP
LOAD /usr/lib/gcc/arm-none-eabi/9.2.1/thumb/v7-m/nofp/libgcc.a
LOAD /usr/lib/gcc/arm-none-eabi/9.2.1/../../../arm-none-eabi/lib/thumb/v7-m/nofp/libc.a
END GROUP
START GROUP
LOAD /usr/lib/gcc/arm-none-eabi/9.2.1/thumb/v7-m/nofp/libgcc.a
LOAD /usr/lib/gcc/arm-none-eabi/9.2.1/../../../arm-none-eabi/lib/thumb/v7-m/nofp/libc.a
LOAD /usr/lib/gcc/arm-none-eabi/9.2.1/../../../arm-none-eabi/lib/thumb/v7-m/nofp/libnosys.a
END GROUP

.text           0x0000000008000000      0xdc0
 *(.vectors)
 .vectors       0x0000000008000000      0x150 /home/evg/SOFT/Github/Arm/STM32_PROJECTS/Beginning_STM32_book/libopencm3/lib/libopencm3_stm32f1.a(vector.o)
                0x0000000008000000                vector_table
 *(.text*)
 .text.task1    0x0000000008000150       0x1c main.o
 .text.vApplicationStackOverflowHook
                0x000000000800016c        0x2 main.o
                0x000000000800016c                vApplicationStackOverflowHook
 *fill*         0x000000000800016e        0x2 
 .text.startup.main
                0x0000000008000170       0x40 main.o
                0x0000000008000170                main
 .text.prvInsertBlockIntoFreeList
                0x00000000080001b0       0x48 rtos/heap_4.o
 .text.pvPortMalloc
                0x00000000080001f8       0xe8 rtos/heap_4.o
                0x00000000080001f8                pvPortMalloc
 .text.vPortFree
                0x00000000080002e0       0x4c rtos/heap_4.o
                0x00000000080002e0                vPortFree
 .text.vListInitialise
                0x000000000800032c       0x16 rtos/list.o
                0x000000000800032c                vListInitialise
 .text.vListInitialiseItem
                0x0000000008000342        0x6 rtos/list.o
                0x0000000008000342                vListInitialiseItem
 .text.vListInsertEnd
                0x0000000008000348       0x18 rtos/list.o
                0x0000000008000348                vListInsertEnd
 .text.vListInsert
                0x0000000008000360       0x2e rtos/list.o
                0x0000000008000360                vListInsert
 .text.uxListRemove
                0x000000000800038e       0x1e rtos/list.o
                0x000000000800038e                uxListRemove
 .text.prvTaskExitError
                0x00000000080003ac       0x12 rtos/port.o
 *fill*         0x00000000080003be        0x2 
 .text.prvPortStartFirstTask
                0x00000000080003c0       0x20 rtos/port.o
 .text.pxPortInitialiseStack
                0x00000000080003e0       0x24 rtos/port.o
                0x00000000080003e0                pxPortInitialiseStack
 *fill*         0x0000000008000404        0xc 
 .text.vPortSVCHandler
                0x0000000008000410       0x24 rtos/port.o
                0x0000000008000410                vPortSVCHandler
 .text.vPortEnterCritical
                0x0000000008000434       0x20 rtos/port.o
                0x0000000008000434                vPortEnterCritical
 .text.vPortExitCritical
                0x0000000008000454       0x14 rtos/port.o
                0x0000000008000454                vPortExitCritical
 *fill*         0x0000000008000468        0x8 
 .text.xPortPendSVHandler
                0x0000000008000470       0x44 rtos/port.o
                0x0000000008000470                xPortPendSVHandler
 .text.xPortSysTickHandler
                0x00000000080004b4       0x2c rtos/port.o
                0x00000000080004b4                xPortSysTickHandler
 .text.vPortSetupTimerInterrupt
                0x00000000080004e0       0x14 rtos/port.o
                0x00000000080004e0                vPortSetupTimerInterrupt
 .text.xPortStartScheduler
                0x00000000080004f4       0x30 rtos/port.o
                0x00000000080004f4                xPortStartScheduler
 .text.prvIdleTask
                0x0000000008000524       0x24 rtos/tasks.o
 .text.prvResetNextTaskUnblockTime
                0x0000000008000548       0x24 rtos/tasks.o
 .text.prvAddCurrentTaskToDelayedList.isra.0
                0x000000000800056c       0x70 rtos/tasks.o
 .text.xTaskCreate
                0x00000000080005dc      0x1a4 rtos/tasks.o
                0x00000000080005dc                xTaskCreate
 .text.vTaskStartScheduler
                0x0000000008000780       0x60 rtos/tasks.o
                0x0000000008000780                vTaskStartScheduler
 .text.vTaskSuspendAll
                0x00000000080007e0       0x10 rtos/tasks.o
                0x00000000080007e0                vTaskSuspendAll
 .text.xTaskIncrementTick
                0x00000000080007f0      0x10c rtos/tasks.o
                0x00000000080007f0                xTaskIncrementTick
 .text.xTaskResumeAll
                0x00000000080008fc       0xd8 rtos/tasks.o
                0x00000000080008fc                xTaskResumeAll
 .text.vTaskDelay
                0x00000000080009d4       0x2c rtos/tasks.o
                0x00000000080009d4                vTaskDelay
 .text.vTaskSwitchContext
                0x0000000008000a00       0x78 rtos/tasks.o
                0x0000000008000a00                vTaskSwitchContext
 .text.sv_call_handler
                0x0000000008000a78        0x4 rtos/opencm3.o
                0x0000000008000a78                sv_call_handler
 .text.pend_sv_handler
                0x0000000008000a7c        0x4 rtos/opencm3.o
                0x0000000008000a7c                pend_sv_handler
 .text.sys_tick_handler
                0x0000000008000a80        0x4 rtos/opencm3.o
                0x0000000008000a80                sys_tick_handler
 .text.gpio_set_mode
                0x0000000008000a84       0x5e /home/evg/SOFT/Github/Arm/STM32_PROJECTS/Beginning_STM32_book/libopencm3/lib/libopencm3_stm32f1.a(gpio.o)
                0x0000000008000a84                gpio_set_mode
 .text.gpio_toggle
                0x0000000008000ae2       0x12 /home/evg/SOFT/Github/Arm/STM32_PROJECTS/Beginning_STM32_book/libopencm3/lib/libopencm3_stm32f1.a(gpio_common_all.o)
                0x0000000008000ae2                gpio_toggle
 .text.rcc_osc_on.part.0
                0x0000000008000af4       0x10 /home/evg/SOFT/Github/Arm/STM32_PROJECTS/Beginning_STM32_book/libopencm3/lib/libopencm3_stm32f1.a(rcc.o)
 .text.rcc_is_osc_ready
                0x0000000008000b04       0x5c /home/evg/SOFT/Github/Arm/STM32_PROJECTS/Beginning_STM32_book/libopencm3/lib/libopencm3_stm32f1.a(rcc.o)
                0x0000000008000b04                rcc_is_osc_ready
 .text.rcc_wait_for_osc_ready
                0x0000000008000b60       0x10 /home/evg/SOFT/Github/Arm/STM32_PROJECTS/Beginning_STM32_book/libopencm3/lib/libopencm3_stm32f1.a(rcc.o)
                0x0000000008000b60                rcc_wait_for_osc_ready
 .text.rcc_osc_on
                0x0000000008000b70       0x54 /home/evg/SOFT/Github/Arm/STM32_PROJECTS/Beginning_STM32_book/libopencm3/lib/libopencm3_stm32f1.a(rcc.o)
                0x0000000008000b70                rcc_osc_on
 .text.rcc_set_sysclk_source
                0x0000000008000bc4       0x14 /home/evg/SOFT/Github/Arm/STM32_PROJECTS/Beginning_STM32_book/libopencm3/lib/libopencm3_stm32f1.a(rcc.o)
                0x0000000008000bc4                rcc_set_sysclk_source
 .text.rcc_set_pll_multiplication_factor
                0x0000000008000bd8       0x14 /home/evg/SOFT/Github/Arm/STM32_PROJECTS/Beginning_STM32_book/libopencm3/lib/libopencm3_stm32f1.a(rcc.o)
                0x0000000008000bd8                rcc_set_pll_multiplication_factor
 .text.rcc_set_pll_source
                0x0000000008000bec       0x14 /home/evg/SOFT/Github/Arm/STM32_PROJECTS/Beginning_STM32_book/libopencm3/lib/libopencm3_stm32f1.a(rcc.o)
                0x0000000008000bec                rcc_set_pll_source
 .text.rcc_set_pllxtpre
                0x0000000008000c00       0x14 /home/evg/SOFT/Github/Arm/STM32_PROJECTS/Beginning_STM32_book/libopencm3/lib/libopencm3_stm32f1.a(rcc.o)
                0x0000000008000c00                rcc_set_pllxtpre
 .text.rcc_set_adcpre
                0x0000000008000c14       0x14 /home/evg/SOFT/Github/Arm/STM32_PROJECTS/Beginning_STM32_book/libopencm3/lib/libopencm3_stm32f1.a(rcc.o)
                0x0000000008000c14                rcc_set_adcpre
 .text.rcc_set_ppre2
                0x0000000008000c28       0x14 /home/evg/SOFT/Github/Arm/STM32_PROJECTS/Beginning_STM32_book/libopencm3/lib/libopencm3_stm32f1.a(rcc.o)
                0x0000000008000c28                rcc_set_ppre2
 .text.rcc_set_ppre1
                0x0000000008000c3c       0x14 /home/evg/SOFT/Github/Arm/STM32_PROJECTS/Beginning_STM32_book/libopencm3/lib/libopencm3_stm32f1.a(rcc.o)
                0x0000000008000c3c                rcc_set_ppre1
 .text.rcc_set_hpre
                0x0000000008000c50       0x14 /home/evg/SOFT/Github/Arm/STM32_PROJECTS/Beginning_STM32_book/libopencm3/lib/libopencm3_stm32f1.a(rcc.o)
                0x0000000008000c50                rcc_set_hpre
 .text.rcc_clock_setup_in_hse_8mhz_out_72mhz
                0x0000000008000c64       0x8c /home/evg/SOFT/Github/Arm/STM32_PROJECTS/Beginning_STM32_book/libopencm3/lib/libopencm3_stm32f1.a(rcc.o)
                0x0000000008000c64                rcc_clock_setup_in_hse_8mhz_out_72mhz
 .text.rcc_periph_clock_enable
                0x0000000008000cf0       0x1c /home/evg/SOFT/Github/Arm/STM32_PROJECTS/Beginning_STM32_book/libopencm3/lib/libopencm3_stm32f1.a(rcc_common_all.o)
                0x0000000008000cf0                rcc_periph_clock_enable
 .text.blocking_handler
                0x0000000008000d0c        0x2 /home/evg/SOFT/Github/Arm/STM32_PROJECTS/Beginning_STM32_book/libopencm3/lib/libopencm3_stm32f1.a(vector.o)
                0x0000000008000d0c                usart3_isr
                0x0000000008000d0c                rtc_isr
                0x0000000008000d0c                tim7_isr
                0x0000000008000d0c                adc1_2_isr
                0x0000000008000d0c                tim1_trg_com_isr
                0x0000000008000d0c                usb_hp_can_tx_isr
                0x0000000008000d0c                tim6_isr
                0x0000000008000d0c                usb_wakeup_isr
                0x0000000008000d0c                blocking_handler
                0x0000000008000d0c                tim5_isr
                0x0000000008000d0c                otg_fs_isr
                0x0000000008000d0c                spi1_isr
                0x0000000008000d0c                exti2_isr
                0x0000000008000d0c                dma1_channel6_isr
                0x0000000008000d0c                can_rx1_isr
                0x0000000008000d0c                dma1_channel5_isr
                0x0000000008000d0c                dma2_channel5_isr
                0x0000000008000d0c                usart1_isr
                0x0000000008000d0c                usage_fault_handler
                0x0000000008000d0c                tim8_trg_com_isr
                0x0000000008000d0c                can2_rx0_isr
                0x0000000008000d0c                tim1_brk_isr
                0x0000000008000d0c                can2_rx1_isr
                0x0000000008000d0c                tim1_cc_isr
                0x0000000008000d0c                sdio_isr
                0x0000000008000d0c                eth_isr
                0x0000000008000d0c                dma1_channel4_isr
                0x0000000008000d0c                tim8_brk_isr
                0x0000000008000d0c                dma2_channel4_5_isr
                0x0000000008000d0c                pvd_isr
                0x0000000008000d0c                rcc_isr
                0x0000000008000d0c                flash_isr
                0x0000000008000d0c                uart4_isr
                0x0000000008000d0c                rtc_alarm_isr
                0x0000000008000d0c                exti15_10_isr
                0x0000000008000d0c                hard_fault_handler
                0x0000000008000d0c                exti1_isr
                0x0000000008000d0c                i2c1_ev_isr
                0x0000000008000d0c                dma2_channel1_isr
                0x0000000008000d0c                spi2_isr
                0x0000000008000d0c                tim8_up_isr
                0x0000000008000d0c                dma2_channel2_isr
                0x0000000008000d0c                exti3_isr
                0x0000000008000d0c                adc3_isr
                0x0000000008000d0c                tim3_isr
                0x0000000008000d0c                usart2_isr
                0x0000000008000d0c                usb_lp_can_rx0_isr
                0x0000000008000d0c                i2c2_er_isr
                0x0000000008000d0c                i2c2_ev_isr
                0x0000000008000d0c                uart5_isr
                0x0000000008000d0c                fsmc_isr
                0x0000000008000d0c                dma1_channel1_isr
                0x0000000008000d0c                exti4_isr
                0x0000000008000d0c                mem_manage_handler
                0x0000000008000d0c                can2_tx_isr
                0x0000000008000d0c                exti9_5_isr
                0x0000000008000d0c                dma2_channel3_isr
                0x0000000008000d0c                dma1_channel7_isr
                0x0000000008000d0c                tim1_up_isr
                0x0000000008000d0c                can2_sce_isr
                0x0000000008000d0c                tim4_isr
                0x0000000008000d0c                dma1_channel2_isr
                0x0000000008000d0c                i2c1_er_isr
                0x0000000008000d0c                can_sce_isr
                0x0000000008000d0c                tim8_cc_isr
                0x0000000008000d0c                tamper_isr
                0x0000000008000d0c                eth_wkup_isr
                0x0000000008000d0c                bus_fault_handler
                0x0000000008000d0c                wwdg_isr
                0x0000000008000d0c                dma1_channel3_isr
                0x0000000008000d0c                spi3_isr
                0x0000000008000d0c                tim2_isr
                0x0000000008000d0c                exti0_isr
 .text.null_handler
                0x0000000008000d0e        0x2 /home/evg/SOFT/Github/Arm/STM32_PROJECTS/Beginning_STM32_book/libopencm3/lib/libopencm3_stm32f1.a(vector.o)
                0x0000000008000d0e                null_handler
                0x0000000008000d0e                debug_monitor_handler
                0x0000000008000d0e                nmi_handler
 .text.reset_handler
                0x0000000008000d10       0x90 /home/evg/SOFT/Github/Arm/STM32_PROJECTS/Beginning_STM32_book/libopencm3/lib/libopencm3_stm32f1.a(vector.o)
                0x0000000008000d10                reset_handler
 .text.flash_set_ws
                0x0000000008000da0       0x14 /home/evg/SOFT/Github/Arm/STM32_PROJECTS/Beginning_STM32_book/libopencm3/lib/libopencm3_stm32f1.a(flash_common_all.o)
                0x0000000008000da0                flash_set_ws
                0x0000000008000db4                . = ALIGN (0x4)
 *(.rodata*)
 .rodata.main.str1.1
                0x0000000008000db4        0x4 main.o
 .rodata.vTaskStartScheduler.str1.1
                0x0000000008000db8        0x5 rtos/tasks.o
                0x0000000008000dc0                . = ALIGN (0x4)
 *fill*         0x0000000008000dbd        0x3 

.glue_7         0x0000000008000dc0        0x0
 .glue_7        0x0000000008000dc0        0x0 linker stubs

.glue_7t        0x0000000008000dc0        0x0
 .glue_7t       0x0000000008000dc0        0x0 linker stubs

.vfp11_veneer   0x0000000008000dc0        0x0
 .vfp11_veneer  0x0000000008000dc0        0x0 linker stubs

.v4_bx          0x0000000008000dc0        0x0
 .v4_bx         0x0000000008000dc0        0x0 linker stubs

.iplt           0x0000000008000dc0        0x0
 .iplt          0x0000000008000dc0        0x0 main.o

.rel.dyn        0x0000000008000dc0        0x0
 .rel.iplt      0x0000000008000dc0        0x0 main.o

.preinit_array  0x0000000008000dc0        0x0
                0x0000000008000dc0                . = ALIGN (0x4)
                0x0000000008000dc0                __preinit_array_start = .
 *(.preinit_array)
                0x0000000008000dc0                __preinit_array_end = .

.init_array     0x0000000008000dc0        0x0
                0x0000000008000dc0                . = ALIGN (0x4)
                0x0000000008000dc0                __init_array_start = .
 *(SORT_BY_NAME(.init_array.*))
 *(.init_array)
                0x0000000008000dc0                __init_array_end = .

.fini_array     0x0000000008000dc0        0x0
                0x0000000008000dc0                . = ALIGN (0x4)
                0x0000000008000dc0                __fini_array_start = .
 *(.fini_array)
 *(SORT_BY_NAME(.fini_array.*))
                0x0000000008000dc0                __fini_array_end = .

.ARM.extab
 *(.ARM.extab*)

.ARM.exidx      0x0000000008000dc0        0x0
                0x0000000008000dc0                __exidx_start = .
 *(.ARM.exidx*)
                0x0000000008000dc0                __exidx_end = .
                0x0000000008000dc0                . = ALIGN (0x4)
                0x0000000008000dc0                _etext = .

.data           0x0000000020000000       0x10 load address 0x0000000008000dc0
                0x0000000020000000                _data = .
 *(.data*)
 .data.uxCriticalNesting
                0x0000000020000000        0x4 rtos/port.o
 .data.rcc_ahb_frequency
                0x0000000020000004        0x4 /home/evg/SOFT/Github/Arm/STM32_PROJECTS/Beginning_STM32_book/libopencm3/lib/libopencm3_stm32f1.a(rcc.o)
                0x0000000020000004                rcc_ahb_frequency
 .data.rcc_apb1_frequency
                0x0000000020000008        0x4 /home/evg/SOFT/Github/Arm/STM32_PROJECTS/Beginning_STM32_book/libopencm3/lib/libopencm3_stm32f1.a(rcc.o)
                0x0000000020000008                rcc_apb1_frequency
 .data.rcc_apb2_frequency
                0x000000002000000c        0x4 /home/evg/SOFT/Github/Arm/STM32_PROJECTS/Beginning_STM32_book/libopencm3/lib/libopencm3_stm32f1.a(rcc.o)
                0x000000002000000c                rcc_apb2_frequency
                0x0000000020000010                . = ALIGN (0x4)
                0x0000000020000010                _edata = .
                0x0000000008000dc0                _data_loadaddr = LOADADDR (.data)

.igot.plt       0x0000000020000010        0x0 load address 0x0000000008000dd0
 .igot.plt      0x0000000020000010        0x0 main.o

.bss            0x0000000020000010     0x44f0 load address 0x0000000008000dd0
 *(.bss*)
 .bss.pxEnd     0x0000000020000010        0x4 rtos/heap_4.o
 .bss.ucHeap    0x0000000020000014     0x4400 rtos/heap_4.o
 .bss.xBlockAllocatedBit
                0x0000000020004414        0x4 rtos/heap_4.o
 .bss.xFreeBytesRemaining
                0x0000000020004418        0x4 rtos/heap_4.o
 .bss.xMinimumEverFreeBytesRemaining
                0x000000002000441c        0x4 rtos/heap_4.o
 .bss.xStart    0x0000000020004420        0x8 rtos/heap_4.o
 .bss.pxCurrentTCB
                0x0000000020004428        0x4 rtos/tasks.o
                0x0000000020004428                pxCurrentTCB
 .bss.pxDelayedTaskList
                0x000000002000442c        0x4 rtos/tasks.o
 .bss.pxOverflowDelayedTaskList
                0x0000000020004430        0x4 rtos/tasks.o
 .bss.pxReadyTasksLists
                0x0000000020004434       0x64 rtos/tasks.o
 .bss.uxCurrentNumberOfTasks
                0x0000000020004498        0x4 rtos/tasks.o
 .bss.uxPendedTicks
                0x000000002000449c        0x4 rtos/tasks.o
 .bss.uxSchedulerSuspended
                0x00000000200044a0        0x4 rtos/tasks.o
 .bss.uxTaskNumber
                0x00000000200044a4        0x4 rtos/tasks.o
 .bss.uxTopReadyPriority
                0x00000000200044a8        0x4 rtos/tasks.o
 .bss.xDelayedTaskList1
                0x00000000200044ac       0x14 rtos/tasks.o
 .bss.xDelayedTaskList2
                0x00000000200044c0       0x14 rtos/tasks.o
 .bss.xIdleTaskHandle
                0x00000000200044d4        0x4 rtos/tasks.o
 .bss.xNextTaskUnblockTime
                0x00000000200044d8        0x4 rtos/tasks.o
 .bss.xNumOfOverflows
                0x00000000200044dc        0x4 rtos/tasks.o
 .bss.xPendingReadyList
                0x00000000200044e0       0x14 rtos/tasks.o
 .bss.xSchedulerRunning
                0x00000000200044f4        0x4 rtos/tasks.o
 .bss.xTickCount
                0x00000000200044f8        0x4 rtos/tasks.o
 .bss.xYieldPending
                0x00000000200044fc        0x4 rtos/tasks.o
 *(COMMON)
                0x0000000020004500                . = ALIGN (0x4)
                0x0000000020004500                _ebss = .

/DISCARD/
 *(.eh_frame)
                0x0000000020004500                . = ALIGN (0x4)
                0x0000000020004500                end = .
                0x0000000020005000                PROVIDE (_stack = (ORIGIN (ram) + LENGTH (ram)))
OUTPUT(main.elf elf32-littlearm)
LOAD linker stubs

.debug_info     0x0000000000000000     0x6a02
 .debug_info    0x0000000000000000      0x549 main.o
 .debug_info    0x0000000000000549      0xc8d rtos/heap_4.o
 .debug_info    0x00000000000011d6      0xb50 rtos/list.o
 .debug_info    0x0000000000001d26      0x31c rtos/port.o
 .debug_info    0x0000000000002042     0x20b8 rtos/tasks.o
 .debug_info    0x00000000000040fa      0x26e rtos/opencm3.o
 .debug_info    0x0000000000004368      0x1e6 /home/evg/SOFT/Github/Arm/STM32_PROJECTS/Beginning_STM32_book/libopencm3/lib/libopencm3_stm32f1.a(gpio.o)
 .debug_info    0x000000000000454e      0x24e /home/evg/SOFT/Github/Arm/STM32_PROJECTS/Beginning_STM32_book/libopencm3/lib/libopencm3_stm32f1.a(gpio_common_all.o)
 .debug_info    0x000000000000479c     0x1733 /home/evg/SOFT/Github/Arm/STM32_PROJECTS/Beginning_STM32_book/libopencm3/lib/libopencm3_stm32f1.a(rcc.o)
 .debug_info    0x0000000000005ecf      0x778 /home/evg/SOFT/Github/Arm/STM32_PROJECTS/Beginning_STM32_book/libopencm3/lib/libopencm3_stm32f1.a(rcc_common_all.o)
 .debug_info    0x0000000000006647      0x2d1 /home/evg/SOFT/Github/Arm/STM32_PROJECTS/Beginning_STM32_book/libopencm3/lib/libopencm3_stm32f1.a(vector.o)
 .debug_info    0x0000000000006918       0xea /home/evg/SOFT/Github/Arm/STM32_PROJECTS/Beginning_STM32_book/libopencm3/lib/libopencm3_stm32f1.a(flash_common_all.o)

.debug_abbrev   0x0000000000000000     0x16f9
 .debug_abbrev  0x0000000000000000      0x172 main.o
 .debug_abbrev  0x0000000000000172      0x361 rtos/heap_4.o
 .debug_abbrev  0x00000000000004d3      0x22f rtos/list.o
 .debug_abbrev  0x0000000000000702      0x223 rtos/port.o
 .debug_abbrev  0x0000000000000925      0x494 rtos/tasks.o
 .debug_abbrev  0x0000000000000db9       0xc4 rtos/opencm3.o
 .debug_abbrev  0x0000000000000e7d       0xd0 /home/evg/SOFT/Github/Arm/STM32_PROJECTS/Beginning_STM32_book/libopencm3/lib/libopencm3_stm32f1.a(gpio.o)
 .debug_abbrev  0x0000000000000f4d      0x116 /home/evg/SOFT/Github/Arm/STM32_PROJECTS/Beginning_STM32_book/libopencm3/lib/libopencm3_stm32f1.a(gpio_common_all.o)
 .debug_abbrev  0x0000000000001063      0x2f0 /home/evg/SOFT/Github/Arm/STM32_PROJECTS/Beginning_STM32_book/libopencm3/lib/libopencm3_stm32f1.a(rcc.o)
 .debug_abbrev  0x0000000000001353      0x1ca /home/evg/SOFT/Github/Arm/STM32_PROJECTS/Beginning_STM32_book/libopencm3/lib/libopencm3_stm32f1.a(rcc_common_all.o)
 .debug_abbrev  0x000000000000151d      0x145 /home/evg/SOFT/Github/Arm/STM32_PROJECTS/Beginning_STM32_book/libopencm3/lib/libopencm3_stm32f1.a(vector.o)
 .debug_abbrev  0x0000000000001662       0x97 /home/evg/SOFT/Github/Arm/STM32_PROJECTS/Beginning_STM32_book/libopencm3/lib/libopencm3_stm32f1.a(flash_common_all.o)

.debug_loc      0x0000000000000000     0x1d32
 .debug_loc     0x0000000000000000       0x4f main.o
 .debug_loc     0x000000000000004f      0x361 rtos/heap_4.o
 .debug_loc     0x00000000000003b0       0xaf rtos/list.o
 .debug_loc     0x000000000000045f       0xbe rtos/port.o
 .debug_loc     0x000000000000051d      0xfac rtos/tasks.o
 .debug_loc     0x00000000000014c9      0x134 /home/evg/SOFT/Github/Arm/STM32_PROJECTS/Beginning_STM32_book/libopencm3/lib/libopencm3_stm32f1.a(gpio.o)
 .debug_loc     0x00000000000015fd       0xbe /home/evg/SOFT/Github/Arm/STM32_PROJECTS/Beginning_STM32_book/libopencm3/lib/libopencm3_stm32f1.a(gpio_common_all.o)
 .debug_loc     0x00000000000016bb      0x4a6 /home/evg/SOFT/Github/Arm/STM32_PROJECTS/Beginning_STM32_book/libopencm3/lib/libopencm3_stm32f1.a(rcc.o)
 .debug_loc     0x0000000000001b61       0x94 /home/evg/SOFT/Github/Arm/STM32_PROJECTS/Beginning_STM32_book/libopencm3/lib/libopencm3_stm32f1.a(rcc_common_all.o)
 .debug_loc     0x0000000000001bf5      0x128 /home/evg/SOFT/Github/Arm/STM32_PROJECTS/Beginning_STM32_book/libopencm3/lib/libopencm3_stm32f1.a(vector.o)
 .debug_loc     0x0000000000001d1d       0x15 /home/evg/SOFT/Github/Arm/STM32_PROJECTS/Beginning_STM32_book/libopencm3/lib/libopencm3_stm32f1.a(flash_common_all.o)

.debug_aranges  0x0000000000000000      0x518
 .debug_aranges
                0x0000000000000000       0x30 main.o
 .debug_aranges
                0x0000000000000030       0x48 rtos/heap_4.o
 .debug_aranges
                0x0000000000000078       0x40 rtos/list.o
 .debug_aranges
                0x00000000000000b8       0x70 rtos/port.o
 .debug_aranges
                0x0000000000000128       0xf8 rtos/tasks.o
 .debug_aranges
                0x0000000000000220       0x30 rtos/opencm3.o
 .debug_aranges
                0x0000000000000250       0x38 /home/evg/SOFT/Github/Arm/STM32_PROJECTS/Beginning_STM32_book/libopencm3/lib/libopencm3_stm32f1.a(gpio.o)
 .debug_aranges
                0x0000000000000288       0x50 /home/evg/SOFT/Github/Arm/STM32_PROJECTS/Beginning_STM32_book/libopencm3/lib/libopencm3_stm32f1.a(gpio_common_all.o)
 .debug_aranges
                0x00000000000002d8      0x178 /home/evg/SOFT/Github/Arm/STM32_PROJECTS/Beginning_STM32_book/libopencm3/lib/libopencm3_stm32f1.a(rcc.o)
 .debug_aranges
                0x0000000000000450       0x60 /home/evg/SOFT/Github/Arm/STM32_PROJECTS/Beginning_STM32_book/libopencm3/lib/libopencm3_stm32f1.a(rcc_common_all.o)
 .debug_aranges
                0x00000000000004b0       0x30 /home/evg/SOFT/Github/Arm/STM32_PROJECTS/Beginning_STM32_book/libopencm3/lib/libopencm3_stm32f1.a(vector.o)
 .debug_aranges
                0x00000000000004e0       0x38 /home/evg/SOFT/Github/Arm/STM32_PROJECTS/Beginning_STM32_book/libopencm3/lib/libopencm3_stm32f1.a(flash_common_all.o)

.debug_ranges   0x0000000000000000      0x600
 .debug_ranges  0x0000000000000000       0x20 main.o
 .debug_ranges  0x0000000000000020       0x38 rtos/heap_4.o
 .debug_ranges  0x0000000000000058       0x30 rtos/list.o
 .debug_ranges  0x0000000000000088       0x78 rtos/port.o
 .debug_ranges  0x0000000000000100      0x1d8 rtos/tasks.o
 .debug_ranges  0x00000000000002d8       0x20 rtos/opencm3.o
 .debug_ranges  0x00000000000002f8       0x28 /home/evg/SOFT/Github/Arm/STM32_PROJECTS/Beginning_STM32_book/libopencm3/lib/libopencm3_stm32f1.a(gpio.o)
 .debug_ranges  0x0000000000000320       0x40 /home/evg/SOFT/Github/Arm/STM32_PROJECTS/Beginning_STM32_book/libopencm3/lib/libopencm3_stm32f1.a(gpio_common_all.o)
 .debug_ranges  0x0000000000000360      0x208 /home/evg/SOFT/Github/Arm/STM32_PROJECTS/Beginning_STM32_book/libopencm3/lib/libopencm3_stm32f1.a(rcc.o)
 .debug_ranges  0x0000000000000568       0x50 /home/evg/SOFT/Github/Arm/STM32_PROJECTS/Beginning_STM32_book/libopencm3/lib/libopencm3_stm32f1.a(rcc_common_all.o)
 .debug_ranges  0x00000000000005b8       0x20 /home/evg/SOFT/Github/Arm/STM32_PROJECTS/Beginning_STM32_book/libopencm3/lib/libopencm3_stm32f1.a(vector.o)
 .debug_ranges  0x00000000000005d8       0x28 /home/evg/SOFT/Github/Arm/STM32_PROJECTS/Beginning_STM32_book/libopencm3/lib/libopencm3_stm32f1.a(flash_common_all.o)

.debug_line     0x0000000000000000     0x360a
 .debug_line    0x0000000000000000      0x210 main.o
 .debug_line    0x0000000000000210      0x3ef rtos/heap_4.o
 .debug_line    0x00000000000005ff      0x25c rtos/list.o
 .debug_line    0x000000000000085b      0x2ae rtos/port.o
 .debug_line    0x0000000000000b09     0x101e rtos/tasks.o
 .debug_line    0x0000000000001b27      0x10e rtos/opencm3.o
 .debug_line    0x0000000000001c35      0x264 /home/evg/SOFT/Github/Arm/STM32_PROJECTS/Beginning_STM32_book/libopencm3/lib/libopencm3_stm32f1.a(gpio.o)
 .debug_line    0x0000000000001e99      0x27a /home/evg/SOFT/Github/Arm/STM32_PROJECTS/Beginning_STM32_book/libopencm3/lib/libopencm3_stm32f1.a(gpio_common_all.o)
 .debug_line    0x0000000000002113      0xce6 /home/evg/SOFT/Github/Arm/STM32_PROJECTS/Beginning_STM32_book/libopencm3/lib/libopencm3_stm32f1.a(rcc.o)
 .debug_line    0x0000000000002df9      0x2e1 /home/evg/SOFT/Github/Arm/STM32_PROJECTS/Beginning_STM32_book/libopencm3/lib/libopencm3_stm32f1.a(rcc_common_all.o)
 .debug_line    0x00000000000030da      0x305 /home/evg/SOFT/Github/Arm/STM32_PROJECTS/Beginning_STM32_book/libopencm3/lib/libopencm3_stm32f1.a(vector.o)
 .debug_line    0x00000000000033df      0x22b /home/evg/SOFT/Github/Arm/STM32_PROJECTS/Beginning_STM32_book/libopencm3/lib/libopencm3_stm32f1.a(flash_common_all.o)

.debug_str      0x0000000000000000     0xf1c1
 .debug_str     0x0000000000000000      0x4ce main.o
                                        0x5d6 (size before relaxing)
 .debug_str     0x00000000000004ce      0x5a5 rtos/heap_4.o
                                        0x77e (size before relaxing)
 .debug_str     0x0000000000000a73      0x12a rtos/list.o
                                        0x6d8 (size before relaxing)
 .debug_str     0x0000000000000b9d      0x183 rtos/port.o
                                        0x353 (size before relaxing)
 .debug_str     0x0000000000000d20      0x758 rtos/tasks.o
                                        0xf9e (size before relaxing)
 .debug_str     0x0000000000001478       0x40 rtos/opencm3.o
                                        0x335 (size before relaxing)
 .debug_str     0x00000000000014b8     0x8051 /home/evg/SOFT/Github/Arm/STM32_PROJECTS/Beginning_STM32_book/libopencm3/lib/libopencm3_stm32f1.a(gpio.o)
                                       0x81e8 (size before relaxing)
 .debug_str     0x0000000000009509       0x74 /home/evg/SOFT/Github/Arm/STM32_PROJECTS/Beginning_STM32_book/libopencm3/lib/libopencm3_stm32f1.a(gpio_common_all.o)
                                       0x81e6 (size before relaxing)
 .debug_str     0x000000000000957d     0x33e2 /home/evg/SOFT/Github/Arm/STM32_PROJECTS/Beginning_STM32_book/libopencm3/lib/libopencm3_stm32f1.a(rcc.o)
                                       0x7edb (size before relaxing)
 .debug_str     0x000000000000c95f      0x379 /home/evg/SOFT/Github/Arm/STM32_PROJECTS/Beginning_STM32_book/libopencm3/lib/libopencm3_stm32f1.a(rcc_common_all.o)
                                       0x76e6 (size before relaxing)
 .debug_str     0x000000000000ccd8     0x2485 /home/evg/SOFT/Github/Arm/STM32_PROJECTS/Beginning_STM32_book/libopencm3/lib/libopencm3_stm32f1.a(vector.o)
                                       0x62c6 (size before relaxing)
 .debug_str     0x000000000000f15d       0x64 /home/evg/SOFT/Github/Arm/STM32_PROJECTS/Beginning_STM32_book/libopencm3/lib/libopencm3_stm32f1.a(flash_common_all.o)
                                       0x51c9 (size before relaxing)

.comment        0x0000000000000000       0x59
 .comment       0x0000000000000000       0x59 main.o
                                         0x5a (size before relaxing)
 .comment       0x0000000000000059       0x5a rtos/heap_4.o
 .comment       0x0000000000000059       0x5a rtos/list.o
 .comment       0x0000000000000059       0x5a rtos/port.o
 .comment       0x0000000000000059       0x5a rtos/tasks.o
 .comment       0x0000000000000059       0x5a rtos/opencm3.o
 .comment       0x0000000000000059       0x5a /home/evg/SOFT/Github/Arm/STM32_PROJECTS/Beginning_STM32_book/libopencm3/lib/libopencm3_stm32f1.a(gpio.o)
 .comment       0x0000000000000059       0x5a /home/evg/SOFT/Github/Arm/STM32_PROJECTS/Beginning_STM32_book/libopencm3/lib/libopencm3_stm32f1.a(gpio_common_all.o)
 .comment       0x0000000000000059       0x5a /home/evg/SOFT/Github/Arm/STM32_PROJECTS/Beginning_STM32_book/libopencm3/lib/libopencm3_stm32f1.a(rcc.o)
 .comment       0x0000000000000059       0x5a /home/evg/SOFT/Github/Arm/STM32_PROJECTS/Beginning_STM32_book/libopencm3/lib/libopencm3_stm32f1.a(rcc_common_all.o)
 .comment       0x0000000000000059       0x5a /home/evg/SOFT/Github/Arm/STM32_PROJECTS/Beginning_STM32_book/libopencm3/lib/libopencm3_stm32f1.a(vector.o)
 .comment       0x0000000000000059       0x5a /home/evg/SOFT/Github/Arm/STM32_PROJECTS/Beginning_STM32_book/libopencm3/lib/libopencm3_stm32f1.a(flash_common_all.o)

.ARM.attributes
                0x0000000000000000       0x2d
 .ARM.attributes
                0x0000000000000000       0x2d main.o
 .ARM.attributes
                0x000000000000002d       0x2d rtos/heap_4.o
 .ARM.attributes
                0x000000000000005a       0x2d rtos/list.o
 .ARM.attributes
                0x0000000000000087       0x2d rtos/port.o
 .ARM.attributes
                0x00000000000000b4       0x2d rtos/tasks.o
 .ARM.attributes
                0x00000000000000e1       0x2d rtos/opencm3.o
 .ARM.attributes
                0x000000000000010e       0x2d /home/evg/SOFT/Github/Arm/STM32_PROJECTS/Beginning_STM32_book/libopencm3/lib/libopencm3_stm32f1.a(gpio.o)
 .ARM.attributes
                0x000000000000013b       0x2d /home/evg/SOFT/Github/Arm/STM32_PROJECTS/Beginning_STM32_book/libopencm3/lib/libopencm3_stm32f1.a(gpio_common_all.o)
 .ARM.attributes
                0x0000000000000168       0x2d /home/evg/SOFT/Github/Arm/STM32_PROJECTS/Beginning_STM32_book/libopencm3/lib/libopencm3_stm32f1.a(rcc.o)
 .ARM.attributes
                0x0000000000000195       0x2d /home/evg/SOFT/Github/Arm/STM32_PROJECTS/Beginning_STM32_book/libopencm3/lib/libopencm3_stm32f1.a(rcc_common_all.o)
 .ARM.attributes
                0x00000000000001c2       0x2d /home/evg/SOFT/Github/Arm/STM32_PROJECTS/Beginning_STM32_book/libopencm3/lib/libopencm3_stm32f1.a(vector.o)
 .ARM.attributes
                0x00000000000001ef       0x2d /home/evg/SOFT/Github/Arm/STM32_PROJECTS/Beginning_STM32_book/libopencm3/lib/libopencm3_stm32f1.a(flash_common_all.o)

.debug_frame    0x0000000000000000      0xae0
 .debug_frame   0x0000000000000000       0x50 main.o
 .debug_frame   0x0000000000000050       0x98 rtos/heap_4.o
 .debug_frame   0x00000000000000e8       0x6c rtos/list.o
 .debug_frame   0x0000000000000154       0xd0 rtos/port.o
 .debug_frame   0x0000000000000224      0x2f8 rtos/tasks.o
 .debug_frame   0x000000000000051c       0x40 rtos/opencm3.o
 .debug_frame   0x000000000000055c       0x60 /home/evg/SOFT/Github/Arm/STM32_PROJECTS/Beginning_STM32_book/libopencm3/lib/libopencm3_stm32f1.a(gpio.o)
 .debug_frame   0x00000000000005bc       0x80 /home/evg/SOFT/Github/Arm/STM32_PROJECTS/Beginning_STM32_book/libopencm3/lib/libopencm3_stm32f1.a(gpio_common_all.o)
 .debug_frame   0x000000000000063c      0x328 /home/evg/SOFT/Github/Arm/STM32_PROJECTS/Beginning_STM32_book/libopencm3/lib/libopencm3_stm32f1.a(rcc.o)
 .debug_frame   0x0000000000000964       0xe0 /home/evg/SOFT/Github/Arm/STM32_PROJECTS/Beginning_STM32_book/libopencm3/lib/libopencm3_stm32f1.a(rcc_common_all.o)
 .debug_frame   0x0000000000000a44       0x4c /home/evg/SOFT/Github/Arm/STM32_PROJECTS/Beginning_STM32_book/libopencm3/lib/libopencm3_stm32f1.a(vector.o)
 .debug_frame   0x0000000000000a90       0x50 /home/evg/SOFT/Github/Arm/STM32_PROJECTS/Beginning_STM32_book/libopencm3/lib/libopencm3_stm32f1.a(flash_common_all.o)

.debug_macro    0x0000000000000000     0x3297
 .debug_macro   0x0000000000000000       0x6f /home/evg/SOFT/Github/Arm/STM32_PROJECTS/Beginning_STM32_book/libopencm3/lib/libopencm3_stm32f1.a(gpio.o)
 .debug_macro   0x000000000000006f      0xa90 /home/evg/SOFT/Github/Arm/STM32_PROJECTS/Beginning_STM32_book/libopencm3/lib/libopencm3_stm32f1.a(gpio.o)
 .debug_macro   0x0000000000000aff       0x1c /home/evg/SOFT/Github/Arm/STM32_PROJECTS/Beginning_STM32_book/libopencm3/lib/libopencm3_stm32f1.a(gpio.o)
 .debug_macro   0x0000000000000b1b      0x34e /home/evg/SOFT/Github/Arm/STM32_PROJECTS/Beginning_STM32_book/libopencm3/lib/libopencm3_stm32f1.a(gpio.o)
 .debug_macro   0x0000000000000e69       0x22 /home/evg/SOFT/Github/Arm/STM32_PROJECTS/Beginning_STM32_book/libopencm3/lib/libopencm3_stm32f1.a(gpio.o)
 .debug_macro   0x0000000000000e8b       0xe8 /home/evg/SOFT/Github/Arm/STM32_PROJECTS/Beginning_STM32_book/libopencm3/lib/libopencm3_stm32f1.a(gpio.o)
 .debug_macro   0x0000000000000f73       0x76 /home/evg/SOFT/Github/Arm/STM32_PROJECTS/Beginning_STM32_book/libopencm3/lib/libopencm3_stm32f1.a(gpio.o)
 .debug_macro   0x0000000000000fe9      0x1b4 /home/evg/SOFT/Github/Arm/STM32_PROJECTS/Beginning_STM32_book/libopencm3/lib/libopencm3_stm32f1.a(gpio.o)
 .debug_macro   0x000000000000119d       0x76 /home/evg/SOFT/Github/Arm/STM32_PROJECTS/Beginning_STM32_book/libopencm3/lib/libopencm3_stm32f1.a(gpio.o)
 .debug_macro   0x0000000000001213      0xe04 /home/evg/SOFT/Github/Arm/STM32_PROJECTS/Beginning_STM32_book/libopencm3/lib/libopencm3_stm32f1.a(gpio.o)
 .debug_macro   0x0000000000002017       0x6f /home/evg/SOFT/Github/Arm/STM32_PROJECTS/Beginning_STM32_book/libopencm3/lib/libopencm3_stm32f1.a(gpio_common_all.o)
 .debug_macro   0x0000000000002086       0x9e /home/evg/SOFT/Github/Arm/STM32_PROJECTS/Beginning_STM32_book/libopencm3/lib/libopencm3_stm32f1.a(rcc.o)
 .debug_macro   0x0000000000002124       0x16 /home/evg/SOFT/Github/Arm/STM32_PROJECTS/Beginning_STM32_book/libopencm3/lib/libopencm3_stm32f1.a(rcc.o)
 .debug_macro   0x000000000000213a      0x8c6 /home/evg/SOFT/Github/Arm/STM32_PROJECTS/Beginning_STM32_book/libopencm3/lib/libopencm3_stm32f1.a(rcc.o)
 .debug_macro   0x0000000000002a00       0xee /home/evg/SOFT/Github/Arm/STM32_PROJECTS/Beginning_STM32_book/libopencm3/lib/libopencm3_stm32f1.a(rcc.o)
 .debug_macro   0x0000000000002aee       0x82 /home/evg/SOFT/Github/Arm/STM32_PROJECTS/Beginning_STM32_book/libopencm3/lib/libopencm3_stm32f1.a(rcc.o)
 .debug_macro   0x0000000000002b70       0x85 /home/evg/SOFT/Github/Arm/STM32_PROJECTS/Beginning_STM32_book/libopencm3/lib/libopencm3_stm32f1.a(rcc_common_all.o)
 .debug_macro   0x0000000000002bf5       0x86 /home/evg/SOFT/Github/Arm/STM32_PROJECTS/Beginning_STM32_book/libopencm3/lib/libopencm3_stm32f1.a(vector.o)
 .debug_macro   0x0000000000002c7b      0x395 /home/evg/SOFT/Github/Arm/STM32_PROJECTS/Beginning_STM32_book/libopencm3/lib/libopencm3_stm32f1.a(vector.o)
 .debug_macro   0x0000000000003010       0x6e /home/evg/SOFT/Github/Arm/STM32_PROJECTS/Beginning_STM32_book/libopencm3/lib/libopencm3_stm32f1.a(vector.o)
 .debug_macro   0x000000000000307e      0x1a2 /home/evg/SOFT/Github/Arm/STM32_PROJECTS/Beginning_STM32_book/libopencm3/lib/libopencm3_stm32f1.a(vector.o)
 .debug_macro   0x0000000000003220       0x77 /home/evg/SOFT/Github/Arm/STM32_PROJECTS/Beginning_STM32_book/libopencm3/lib/libopencm3_stm32f1.a(flash_common_all.o)
