ethernetif.c:750:9:ETH_PHY_IO_DeInit	0	static
ethernetif.c:531:22:low_level_input	24	static,ignoring_inline_asm
ethernetif.c:572:6:ethernetif_input	16	static
ethernetif.c:454:14:low_level_output	56	static
ethernetif.c:293:13:low_level_init	160	static
ethernetif.c:793:9:ETH_PHY_IO_GetTick	8	static
ethernetif.c:733:9:ETH_PHY_IO_Init	8	static
ethernetif.c:762:9:ETH_PHY_IO_ReadReg	8	static
ethernetif.c:779:9:ETH_PHY_IO_WriteReg	8	static
ethernetif.c:167:6:HAL_ETH_MspInit	72	static
ethernetif.c:231:6:HAL_ETH_MspDeInit	8	static
ethernetif.c:274:6:HAL_ETH_RxCpltCallback	8	static
ethernetif.c:635:7:ethernetif_init	8	static
ethernetif.c:707:7:sys_jiffies	8	static
ethernetif.c:718:7:sys_now	8	static
ethernetif.c:803:6:ethernet_link_thread	128	static
