fatfs_wrapper.c:70:6:fatfs_file_handle	0	static
fatfs_wrapper.c:123:5:fatfs_to_errno	0	static
unistd.h:150:9:isatty	0	static
fatfs_wrapper.c:93:6:fileno_to_fatfs	8	static
fatfs_wrapper.c:190:5:free_file_descriptor	16	static
fatfs_wrapper.c:215:5:new_file_descriptor	16	static
unistd.h:167:9:lseek	24	static
fatfs_wrapper.c:301:5:fat_open	28	static
fatfs_wrapper.c:375:9:fat_write	24	static
fatfs_wrapper.c:398:9:fat_read	24	static
unistd.h:95:9:fsync	16	static
unistd.h:283:9:ftruncate	16	static
unistd.h:286:9:truncate	568	static
fatfs_wrapper.c:532:5:fat_close	16	static
stat.h:139:5:fstat	16	static
stat.h:142:5:stat	296	static
unistd.h:22:9:chdir	8	static
unistd.h:23:9:chmod	8	static
unistd.h:102:9:getcwd	8	static
stat.h:140:5:mkdir	8	static
stdio.h:247:5:rename	8	static
unistd.h:194:9:rmdir	8	static
unistd.h:238:9:unlink	8	static
fatfs_wrapper.c:787:5:closedir	8	static
fatfs_wrapper.c:806:6:opendir	8	static
fatfs_wrapper.c:825:12:readdir	296	static
