net_sockets.c:105:12:mbedtls_net_errno	24	static
net_sockets.c:280:12:net_would_block	16	static
net_sockets.c:123:6:mbedtls_net_init	0	static
net_sockets.c:137:5:mbedtls_net_connect	64	static
net_sockets.c:208:5:mbedtls_net_bind	72	static
net_sockets.c:312:5:mbedtls_net_accept	80	static
net_sockets.c:420:5:mbedtls_net_set_block	8	static
net_sockets.c:425:5:mbedtls_net_set_nonblock	8	static
net_sockets.c:490:6:mbedtls_net_usleep	32	static
net_sockets.c:504:5:mbedtls_net_recv	16	static
net_sockets.c:537:5:mbedtls_net_recv_timeout	64	static
net_sockets.c:576:5:mbedtls_net_send	16	static
net_sockets.c:611:6:mbedtls_net_free	8	static
