stm32h7xx_it.c:90:6:NMI_Handler	0	static
stm32h7xx_it.c:103:6:HardFault_Handler	0	static
stm32h7xx_it.c:118:6:MemManage_Handler	0	static
stm32h7xx_it.c:133:6:BusFault_Handler	0	static
stm32h7xx_it.c:148:6:UsageFault_Handler	0	static
stm32h7xx_it.c:163:6:DebugMon_Handler	0	static
stm32h7xx_it.c:183:6:EXTI9_5_IRQHandler	8	static
stm32h7xx_it.c:197:6:TIM6_DAC_IRQHandler	8	static
stm32h7xx_it.c:211:6:SDMMC1_IRQHandler	8	static
stm32h7xx_it.c:225:6:TIM5_IRQHandler	8	static
stm32h7xx_it.c:239:6:ETH_IRQHandler	8	static
stm32h7xx_it.c:256:6:SysTick_Handler	8	static
