stm32h7xx_hal_msp.c:94:6:HAL_MspInit	16	static
stm32h7xx_hal_msp.c:131:6:HAL_CRC_MspInit	8	static
stm32h7xx_hal_msp.c:155:6:HAL_CRC_MspDeInit	0	static
stm32h7xx_hal_msp.c:178:6:HAL_CRYP_MspInit	8	static
stm32h7xx_hal_msp.c:202:6:HAL_CRYP_MspDeInit	0	static
stm32h7xx_hal_msp.c:225:6:HAL_HASH_MspInit	8	static
stm32h7xx_hal_msp.c:246:6:HAL_HASH_MspDeInit	0	static
stm32h7xx_hal_msp.c:266:6:HAL_I2C_MspInit	40	static
stm32h7xx_hal_msp.c:304:6:HAL_I2C_MspDeInit	8	static
stm32h7xx_hal_msp.c:334:6:HAL_RNG_MspInit	8	static
stm32h7xx_hal_msp.c:358:6:HAL_RNG_MspDeInit	0	static
stm32h7xx_hal_msp.c:381:6:HAL_RTC_MspInit	0	static
stm32h7xx_hal_msp.c:405:6:HAL_RTC_MspDeInit	0	static
stm32h7xx_hal_msp.c:502:6:HAL_SD_MspDeInit	8	static
stm32h7xx_hal_msp.c:547:6:HAL_TIM_Base_MspInit	16	static
stm32h7xx_hal_msp.c:574:6:HAL_TIM_Base_MspDeInit	8	static
stm32h7xx_hal_msp.c:600:6:HAL_UART_MspInit	40	static
stm32h7xx_hal_msp.c:638:6:HAL_UART_MspDeInit	8	static
