stm32h750b_discovery_mmc.c:102:9:BSP_MMC_Init	24	static
stm32h750b_discovery_mmc.c:161:9:BSP_MMC_DeInit	24	static
stm32h750b_discovery_mmc.c:189:26:MX_MMC_SD_Init	24	static
stm32h750b_discovery_mmc.c:287:9:BSP_MMC_ReadBlocks	40	static
stm32h750b_discovery_mmc.c:316:9:BSP_MMC_WriteBlocks	40	static
stm32h750b_discovery_mmc.c:345:9:BSP_MMC_ReadBlocks_DMA	32	static
stm32h750b_discovery_mmc.c:373:9:BSP_MMC_WriteBlocks_DMA	32	static
stm32h750b_discovery_mmc.c:400:9:BSP_MMC_Erase	32	static
stm32h750b_discovery_mmc.c:425:6:BSP_MMC_IRQHandler	16	static
stm32h750b_discovery_mmc.c:439:9:BSP_MMC_GetCardState	16	static
stm32h750b_discovery_mmc.c:450:9:BSP_MMC_GetCardInfo	24	static
stm32h750b_discovery_mmc.c:475:13:BSP_MMC_AbortCallback	16	static
stm32h750b_discovery_mmc.c:486:13:BSP_MMC_WriteCpltCallback	16	static
stm32h750b_discovery_mmc.c:497:13:BSP_MMC_ReadCpltCallback	16	static
stm32h750b_discovery_mmc.c:509:6:HAL_MMC_AbortCallback	16	static
stm32h750b_discovery_mmc.c:519:6:HAL_MMC_TxCpltCallback	16	static
stm32h750b_discovery_mmc.c:529:6:HAL_MMC_RxCpltCallback	16	static
stm32h750b_discovery_mmc.c:547:13:MMC_MspInit	56	static
stm32h750b_discovery_mmc.c:594:13:MMC_MspDeInit	16	static
