stm32h750b_discovery_lcd.c:180:9:BSP_LCD_Init	24	static
stm32h750b_discovery_lcd.c:194:9:BSP_LCD_InitEx	128	static
stm32h750b_discovery_lcd.c:313:9:BSP_LCD_DeInit	24	static
stm32h750b_discovery_lcd.c:355:26:MX_LTDC_Init	24	static
stm32h750b_discovery_lcd.c:386:26:MX_LTDC_ConfigLayer	80	static
stm32h750b_discovery_lcd.c:414:26:MX_LTDC_ClockConfig	208	static
stm32h750b_discovery_lcd.c:515:9:BSP_LCD_ConfigLayer	32	static
stm32h750b_discovery_lcd.c:538:9:BSP_LCD_GetPixelFormat	24	static
stm32h750b_discovery_lcd.c:561:9:BSP_LCD_SetActiveLayer	24	static
stm32h750b_discovery_lcd.c:586:9:BSP_LCD_Relaod	24	static
stm32h750b_discovery_lcd.c:620:9:BSP_LCD_SetLayerVisible	32	static
stm32h750b_discovery_lcd.c:656:9:BSP_LCD_SetTransparency	32	static
stm32h750b_discovery_lcd.c:686:9:BSP_LCD_SetLayerAddress	32	static
stm32h750b_discovery_lcd.c:719:9:BSP_LCD_SetLayerWindow	32	static
stm32h750b_discovery_lcd.c:756:9:BSP_LCD_SetColorKeying	32	static
stm32h750b_discovery_lcd.c:789:9:BSP_LCD_ResetColorKeying	24	static
stm32h750b_discovery_lcd.c:820:9:BSP_LCD_GetXSize	24	static
stm32h750b_discovery_lcd.c:842:9:BSP_LCD_GetYSize	24	static
stm32h750b_discovery_lcd.c:863:9:BSP_LCD_DisplayOn	40	static
stm32h750b_discovery_lcd.c:897:9:BSP_LCD_DisplayOff	40	static
stm32h750b_discovery_lcd.c:930:9:BSP_LCD_SetBrightness	48	static
stm32h750b_discovery_lcd.c:973:9:BSP_LCD_GetBrightness	24	static
stm32h750b_discovery_lcd.c:997:9:BSP_LCD_DrawBitmap	64	static
stm32h750b_discovery_lcd.c:1061:9:BSP_LCD_FillRGBRect	40	static
stm32h750b_discovery_lcd.c:1113:9:BSP_LCD_DrawHLine	40	static
stm32h750b_discovery_lcd.c:1139:9:BSP_LCD_DrawVLine	40	static
stm32h750b_discovery_lcd.c:1166:9:BSP_LCD_FillRect	40	static
stm32h750b_discovery_lcd.c:1187:9:BSP_LCD_ReadPixel	24	static
stm32h750b_discovery_lcd.c:1211:9:BSP_LCD_WritePixel	24	static
stm32h750b_discovery_lcd.c:1243:13:LL_FillBuffer	40	static
stm32h750b_discovery_lcd.c:1285:13:LL_ConvertLineToRGB	40	static
stm32h750b_discovery_lcd.c:1337:13:LTDC_MspInit	64	static
stm32h750b_discovery_lcd.c:1397:13:LTDC_MspDeInit	40	static
stm32h750b_discovery_lcd.c:1429:13:DMA2D_MspInit	24	static
stm32h750b_discovery_lcd.c:1447:13:DMA2D_MspDeInit	16	static
stm32h750b_discovery_lcd.c:1467:13:TIMx_PWM_MspInit	48	static
stm32h750b_discovery_lcd.c:1494:13:TIMx_PWM_MspDeInit	40	static
stm32h750b_discovery_lcd.c:1514:13:TIMx_PWM_Init	16	static
stm32h750b_discovery_lcd.c:1538:13:TIMx_PWM_DeInit	16	static
