stm32h750b_discovery_audio.c:213:9:BSP_AUDIO_OUT_Init	88	static
stm32h750b_discovery_audio.c:346:9:BSP_AUDIO_OUT_DeInit	24	static
stm32h750b_discovery_audio.c:387:26:MX_SAI2_Block_A_Init	24	static
stm32h750b_discovery_audio.c:448:26:MX_SAI2_ClockConfig	208	static
stm32h750b_discovery_audio.c:496:26:MX_SAI4_ClockConfig	208	static
stm32h750b_discovery_audio.c:614:9:BSP_AUDIO_OUT_Play	32	static
stm32h750b_discovery_audio.c:653:9:BSP_AUDIO_OUT_Pause	24	static
stm32h750b_discovery_audio.c:691:9:BSP_AUDIO_OUT_Resume	24	static
stm32h750b_discovery_audio.c:726:9:BSP_AUDIO_OUT_Stop	24	static
stm32h750b_discovery_audio.c:768:9:BSP_AUDIO_OUT_SetVolume	32	static
stm32h750b_discovery_audio.c:806:9:BSP_AUDIO_OUT_GetVolume	24	static
stm32h750b_discovery_audio.c:831:9:BSP_AUDIO_OUT_Mute	24	static
stm32h750b_discovery_audio.c:866:9:BSP_AUDIO_OUT_UnMute	24	static
stm32h750b_discovery_audio.c:902:9:BSP_AUDIO_OUT_IsMute	24	static
stm32h750b_discovery_audio.c:929:9:BSP_AUDIO_OUT_SetDevice	24	static
stm32h750b_discovery_audio.c:960:9:BSP_AUDIO_OUT_GetDevice	24	static
stm32h750b_discovery_audio.c:989:9:BSP_AUDIO_OUT_SetSampleRate	24	static
stm32h750b_discovery_audio.c:1066:9:BSP_AUDIO_OUT_GetSampleRate	24	static
stm32h750b_discovery_audio.c:1088:9:BSP_AUDIO_OUT_SetBitsPerSample	24	static
stm32h750b_discovery_audio.c:1166:9:BSP_AUDIO_OUT_GetBitsPerSample	24	static
stm32h750b_discovery_audio.c:1194:9:BSP_AUDIO_OUT_SetChannelsNbr	24	static
stm32h750b_discovery_audio.c:1245:9:BSP_AUDIO_OUT_GetChannelsNbr	24	static
stm32h750b_discovery_audio.c:1273:9:BSP_AUDIO_OUT_GetState	24	static
stm32h750b_discovery_audio.c:1296:6:BSP_AUDIO_OUT_IRQHandler	16	static
stm32h750b_discovery_audio.c:1310:6:HAL_SAI_TxCpltCallback	16	static
stm32h750b_discovery_audio.c:1325:6:HAL_SAI_TxHalfCpltCallback	16	static
stm32h750b_discovery_audio.c:1340:6:HAL_SAI_ErrorCallback	16	static
stm32h750b_discovery_audio.c:1358:13:BSP_AUDIO_OUT_TransferComplete_CallBack	16	static
stm32h750b_discovery_audio.c:1369:13:BSP_AUDIO_OUT_HalfTransfer_CallBack	16	static
stm32h750b_discovery_audio.c:1380:13:BSP_AUDIO_OUT_Error_CallBack	16	static
stm32h750b_discovery_audio.c:1401:9:BSP_AUDIO_IN_Init	96	static
stm32h750b_discovery_audio.c:1648:9:BSP_AUDIO_IN_DeInit	24	static
stm32h750b_discovery_audio.c:1724:26:MX_SAI2_Block_B_Init	24	static
stm32h750b_discovery_audio.c:1777:26:MX_SAI4_Block_A_Init	24	static
stm32h750b_discovery_audio.c:1921:9:BSP_AUDIO_IN_PDMToPCM_Init	32	static
stm32h750b_discovery_audio.c:1963:9:BSP_AUDIO_IN_PDMToPCM	32	static
stm32h750b_discovery_audio.c:1989:9:BSP_AUDIO_IN_Record	32	static
stm32h750b_discovery_audio.c:2029:9:BSP_AUDIO_IN_Stop	24	static
stm32h750b_discovery_audio.c:2070:9:BSP_AUDIO_IN_Pause	24	static
stm32h750b_discovery_audio.c:2110:9:BSP_AUDIO_IN_Resume	24	static
stm32h750b_discovery_audio.c:2152:9:BSP_AUDIO_IN_RecordPDM	32	static
stm32h750b_discovery_audio.c:2179:9:BSP_AUDIO_IN_SetDevice	40	static
stm32h750b_discovery_audio.c:2218:9:BSP_AUDIO_IN_GetDevice	24	static
stm32h750b_discovery_audio.c:2240:9:BSP_AUDIO_IN_SetSampleRate	40	static
stm32h750b_discovery_audio.c:2276:9:BSP_AUDIO_IN_GetSampleRate	24	static
stm32h750b_discovery_audio.c:2300:9:BSP_AUDIO_IN_SetBitsPerSample	40	static
stm32h750b_discovery_audio.c:2337:9:BSP_AUDIO_IN_GetBitsPerSample	24	static
stm32h750b_discovery_audio.c:2359:9:BSP_AUDIO_IN_SetChannelsNbr	24	static
stm32h750b_discovery_audio.c:2382:9:BSP_AUDIO_IN_GetChannelsNbr	24	static
stm32h750b_discovery_audio.c:2404:9:BSP_AUDIO_IN_SetVolume	32	static
stm32h750b_discovery_audio.c:2431:9:BSP_AUDIO_IN_GetVolume	24	static
stm32h750b_discovery_audio.c:2454:9:BSP_AUDIO_IN_GetState	24	static
stm32h750b_discovery_audio.c:2480:6:BSP_AUDIO_IN_IRQHandler	16	static
stm32h750b_discovery_audio.c:2496:6:HAL_SAI_RxHalfCpltCallback	16	static
stm32h750b_discovery_audio.c:2514:6:HAL_SAI_RxCpltCallback	16	static
stm32h750b_discovery_audio.c:2532:13:BSP_AUDIO_IN_TransferComplete_CallBack	16	static
stm32h750b_discovery_audio.c:2546:13:BSP_AUDIO_IN_HalfTransfer_CallBack	16	static
stm32h750b_discovery_audio.c:2560:13:BSP_AUDIO_IN_Error_CallBack	16	static
stm32h750b_discovery_audio.c:2622:16:WM8994_Probe	40	static
stm32h750b_discovery_audio.c:2671:13:SAI_MspInit	88	static
stm32h750b_discovery_audio.c:2865:13:SAI_MspDeInit	40	static
