stm32h750b_discovery_bus.c:187:9:BSP_I2C4_Init	16	static
stm32h750b_discovery_bus.c:238:9:BSP_I2C4_DeInit	16	static
stm32h750b_discovery_bus.c:266:26:MX_I2C4_Init	24	static
stm32h750b_discovery_bus.c:312:9:BSP_I2C4_WriteReg	40	static
stm32h750b_discovery_bus.c:349:9:BSP_I2C4_ReadReg	40	static
stm32h750b_discovery_bus.c:386:9:BSP_I2C4_WriteReg16	40	static
stm32h750b_discovery_bus.c:423:9:BSP_I2C4_ReadReg16	40	static
stm32h750b_discovery_bus.c:459:9:BSP_I2C4_IsReady	24	static
stm32h750b_discovery_bus.c:481:9:BSP_GetTick	8	static
stm32h750b_discovery_bus.c:569:17:I2C_GetTiming	32	static
stm32h750b_discovery_bus.c:607:13:I2C_Compute_PRESC_SCLDEL_SDADEL	64	static
stm32h750b_discovery_bus.c:688:17:I2C_Compute_SCLL_SCLH	80	static
stm32h750b_discovery_bus.c:766:13:I2C4_MspInit	48	static
stm32h750b_discovery_bus.c:811:13:I2C4_MspDeInit	40	static
stm32h750b_discovery_bus.c:837:16:I2C4_WriteReg	40	static
stm32h750b_discovery_bus.c:856:16:I2C4_ReadReg	40	static
