stm32h750b_discovery_ts.c:127:9:BSP_TS_Init	40	static
stm32h750b_discovery_ts.c:180:9:BSP_TS_DeInit	24	static
stm32h750b_discovery_ts.c:205:9:BSP_TS_GetCapabilities	24	static
stm32h750b_discovery_ts.c:226:9:BSP_TS_EnableIT	40	static
stm32h750b_discovery_ts.c:276:9:BSP_TS_DisableIT	40	static
stm32h750b_discovery_ts.c:308:6:BSP_TS_IRQHandler	16	static
stm32h750b_discovery_ts.c:318:13:BSP_TS_Callback	16	static
stm32h750b_discovery_ts.c:333:9:BSP_TS_GetState	48	static
stm32h750b_discovery_ts.c:419:9:BSP_TS_Get_MultiTouchState	144	static
stm32h750b_discovery_ts.c:516:9:BSP_TS_GestureConfig	24	static
stm32h750b_discovery_ts.c:541:9:BSP_TS_GetGestureId	24	static
stm32h750b_discovery_ts.c:596:9:BSP_TS_Set_Orientation	16	static
stm32h750b_discovery_ts.c:608:9:BSP_TS_Get_Orientation	16	static
stm32h750b_discovery_ts.c:626:16:FT5336_Probe	48	static
stm32h750b_discovery_ts.c:671:13:TS_EXTI_Callback	8	static
