chachapoly.c:63:12:chachapoly_pad_aad	24	static
chachapoly.c:83:12:chachapoly_pad_ciphertext	24	static
chachapoly.c:97:6:mbedtls_chachapoly_init	8	static
chachapoly.c:109:6:mbedtls_chachapoly_free	8	static
chachapoly.c:122:5:mbedtls_chachapoly_setkey	8	static
chachapoly.c:134:5:mbedtls_chachapoly_starts	80	static
chachapoly.c:174:5:mbedtls_chachapoly_update_aad	16	static
chachapoly.c:189:5:mbedtls_chachapoly_update	24	static
chachapoly.c:240:5:mbedtls_chachapoly_finish	32	static
chachapoly.c:297:12:chachapoly_crypt_and_tag	16	static
chachapoly.c:327:5:mbedtls_chachapoly_encrypt_and_tag	32	static
chachapoly.c:348:5:mbedtls_chachapoly_auth_decrypt	64	static
chachapoly.c:491:5:mbedtls_chachapoly_self_test	480	static
