ecdh.c:52:29:mbedtls_ecdh_grp_id	0	static
ecdh.c:70:12:ecdh_gen_public_restartable	40	static
ecdh.c:110:12:ecdh_compute_shared_restartable	80	static
ecdh.c:156:13:ecdh_init_internal	8	static
ecdh.c:192:12:ecdh_setup_internal	8	static
ecdh.c:228:13:ecdh_free_internal	8	static
ecdh.c:374:12:ecdh_read_params_internal	8	static
ecdh.c:558:12:ecdh_read_public_internal	24	static
ecdh.c:421:12:ecdh_get_params_internal	16	static
ecdh.c:94:5:mbedtls_ecdh_gen_public	16	static
ecdh.c:282:12:ecdh_make_params_internal	48	static
ecdh.c:485:12:ecdh_make_public_internal	32	static
ecdh.c:142:5:mbedtls_ecdh_compute_shared	24	static
ecdh.c:597:12:ecdh_calc_secret_internal	32	static
ecdh.c:172:6:mbedtls_ecdh_init	8	static
ecdh.c:209:5:mbedtls_ecdh_setup	8	static
ecdh.c:256:6:mbedtls_ecdh_free	8	static
ecdh.c:340:5:mbedtls_ecdh_make_params	32	static
ecdh.c:389:5:mbedtls_ecdh_read_params	24	static
ecdh.c:445:5:mbedtls_ecdh_get_params	16	static
ecdh.c:526:5:mbedtls_ecdh_make_public	32	static
ecdh.c:577:5:mbedtls_ecdh_read_public	8	static
ecdh.c:650:5:mbedtls_ecdh_calc_secret	24	static
