oid.c:246:1:oid_x520_attr_from_asn1	16	static
oid.c:289:1:oid_x509_ext_from_asn1	16	static
oid.c:304:1:oid_ext_key_usage_from_asn1	16	static
oid.c:313:1:oid_certificate_policies_from_asn1	16	static
oid.c:420:1:oid_sig_alg_from_asn1	16	static
oid.c:454:1:oid_pk_alg_from_asn1	16	static
oid.c:541:1:oid_grp_id_from_asn1	16	static
oid.c:571:1:oid_cipher_alg_from_asn1	16	static
oid.c:642:1:oid_md_alg_from_asn1	16	static
oid.c:688:1:oid_md_hmac_from_asn1	16	static
oid.c:718:1:oid_pkcs12_pbe_alg_from_asn1	16	static
oid.c:247:1:mbedtls_oid_get_attr_short_name	8	static
oid.c:290:1:mbedtls_oid_get_x509_ext_type	8	static
oid.c:305:1:mbedtls_oid_get_extended_key_usage	8	static
oid.c:314:1:mbedtls_oid_get_certificate_policies	8	static
oid.c:421:1:mbedtls_oid_get_sig_alg_desc	8	static
oid.c:422:1:mbedtls_oid_get_sig_alg	16	static
oid.c:423:1:mbedtls_oid_get_oid_by_sig_alg	12	static
oid.c:455:1:mbedtls_oid_get_pk_alg	8	static
oid.c:456:1:mbedtls_oid_get_oid_by_pk_alg	8	static
oid.c:542:1:mbedtls_oid_get_ec_grp	8	static
oid.c:543:1:mbedtls_oid_get_oid_by_ec_grp	8	static
oid.c:572:1:mbedtls_oid_get_cipher_alg	8	static
oid.c:643:1:mbedtls_oid_get_md_alg	8	static
oid.c:644:1:mbedtls_oid_get_oid_by_md	8	static
oid.c:689:1:mbedtls_oid_get_md_hmac	8	static
oid.c:719:1:mbedtls_oid_get_pkcs12_pbe_alg	16	static
oid.c:732:5:mbedtls_oid_get_numeric_string	40	static
