ssl_srv.c:153:12:ssl_conf_has_psk_or_cb	0	static
ssl_srv.c:793:12:ssl_check_key_curve	8	static
ssl_srv.c:2328:13:ssl_write_renegotiation_ext	32	static
ssl_srv.c:2369:13:ssl_write_max_fragment_length_ext	24	static
ssl_srv.c:2161:13:ssl_write_truncated_hmac_ext	24	static
ssl_srv.c:2277:13:ssl_write_extended_ms_ext	24	static
ssl_srv.c:2304:13:ssl_write_session_ticket_ext	24	static
ssl_srv.c:2397:13:ssl_write_supported_point_formats_ext	24	static
ssl_srv.c:84:12:ssl_parse_servername_ext	32	static
ssl_srv.c:194:12:ssl_parse_renegotiation_info	40	static
ssl_srv.c:389:12:ssl_parse_supported_point_formats	16	static
ssl_srv.c:460:12:ssl_parse_max_fragment_length_ext	16	static
ssl_srv.c:551:12:ssl_parse_truncated_hmac_ext	16	static
ssl_srv.c:573:12:ssl_parse_encrypt_then_mac_ext	16	static
ssl_srv.c:598:12:ssl_parse_extended_ms_ext	16	static
ssl_srv.c:3809:12:ssl_parse_client_psk_identity	48	static
ssl_srv.c:245:12:ssl_parse_signature_algorithms_ext	40	static
ssl_srv.c:323:12:ssl_parse_supported_elliptic_curves	32	static
ssl_srv.c:623:12:ssl_parse_session_ticket_ext	168	static
ssl_srv.c:697:12:ssl_parse_alpn_ext	40	static
ssl_srv.c:2471:13:ssl_write_alpn_ext	24	static
ssl_srv.c:814:12:ssl_pick_cert	40	static
ssl_srv.c:917:12:ssl_ciphersuite_match	32	static
ssl_srv.c:1296:12:ssl_parse_client_hello	96	static
ssl_srv.c:2507:12:ssl_write_hello_verify_request	48	static
ssl_srv.c:4383:12:ssl_write_new_session_ticket	32	static
ssl_srv.c:2234:13:ssl_write_encrypt_then_mac_ext	24	static
ssl_srv.c:2578:12:ssl_write_server_hello	56	static
ssl_srv.c:3008:12:ssl_get_ecdh_params_from_cert	32	static
ssl_srv.c:3060:12:ssl_prepare_server_key_exchange	120	static
ssl_srv.c:3425:12:ssl_write_server_key_exchange	40	static
ssl_srv.c:2837:12:ssl_write_certificate_request	64	static
ssl_srv.c:3522:12:ssl_write_server_hello_done	24	static
ssl_srv.c:3561:12:ssl_parse_client_dh_public	32	static
ssl_srv.c:3621:12:ssl_decrypt_encrypted_pms	48	static
ssl_srv.c:3712:12:ssl_parse_encrypted_pms	144	static
ssl_srv.c:3869:12:ssl_parse_client_key_exchange	40	static
ssl_srv.c:4193:12:ssl_parse_certificate_verify	96	static
ssl_srv.c:54:5:mbedtls_ssl_set_client_transport_id	16	static
ssl_srv.c:72:6:mbedtls_ssl_conf_dtls_cookies	0	static
ssl_srv.c:4446:5:mbedtls_ssl_handshake_server_step	24	static
