ssl_tls.c:354:21:ssl_mfl_code_to_length	0	static
ssl_tls.c:847:30:tls_prf_get_type	0	static
ssl_tls.c:1977:13:ssl_read_memory	8	static
ssl_tls.c:4290:17:ssl_get_hs_frag_len	0	static
ssl_tls.c:4297:17:ssl_get_hs_frag_off	0	static
ssl_tls.c:4370:12:ssl_bitmask_check	8	static
ssl_tls.c:4386:15:ssl_get_reassembly_buffer_size	0	static
ssl_tls.c:4402:17:ssl_get_hs_total_len	0	static
ssl_tls.c:4304:12:ssl_check_hs_header	16	static
ssl_tls.c:4553:13:ssl_dtls_replay_reset	0	static
ssl_tls.c:4820:12:ssl_check_record_type	0	static
ssl_tls.c:5339:12:ssl_next_record_is_in_datagram	0	static
ssl_tls.c:5766:12:ssl_record_is_in_progress	0	static
ssl_tls.c:6671:12:ssl_parse_certificate_coordinate	4	static
ssl_tls.c:8048:12:ssl_cookie_write_dummy	0	static
ssl_tls.c:8061:12:ssl_cookie_check_dummy	0	static
ssl_tls.c:8083:13:ssl_update_out_pointers	0	static
ssl_tls.c:8129:13:ssl_update_in_pointers	0	static
ssl_tls.c:8184:13:ssl_reset_in_out_pointers	8	static
ssl_tls.c:9430:15:ssl_get_current_mtu	0	static
ssl_tls.c:225:15:ssl_get_maximum_datagram_size	8	static
ssl_tls.c:235:12:ssl_get_remaining_space_in_datagram	8	static
ssl_tls.c:2073:13:ssl_extract_add_data_from_record	4	static
ssl_tls.c:4645:12:ssl_check_dtls_clihlo_cookie	48	static
ssl_tls.c:8573:12:ssl_append_key_cert	24	static
ssl_tls.c:8741:12:ssl_conf_set_psk_identity	16	static
ssl_tls.c:3626:13:ssl_flight_free	16	static
ssl_tls.c:5776:13:ssl_free_buffered_record	8	static
ssl_tls.c:10240:13:ssl_key_cert_free	8	static
ssl_tls.c:698:12:tls_prf_generic	136	static
ssl_tls.c:771:12:tls_prf_sha256	24	static
ssl_tls.c:782:12:tls_prf_sha384	24	static
ssl_tls.c:512:12:tls1_prf	88	static
ssl_tls.c:8703:13:ssl_conf_remove_psk	8	static
ssl_tls.c:8787:13:ssl_remove_psk	8	static
ssl_tls.c:85:13:ssl_set_timer	24	static
ssl_tls.c:302:12:ssl_double_retransmit_timeout	16	static
ssl_tls.c:97:12:ssl_check_timer	16	static
ssl_tls.c:3649:13:ssl_swap_epochs	24	static
ssl_tls.c:337:13:ssl_reset_retransmit_timeout	16	static
ssl_tls.c:5792:12:ssl_load_buffered_record	32	static
ssl_tls.c:3580:12:ssl_flight_append	32	static
ssl_tls.c:5347:12:ssl_load_buffered_message	40	static
ssl_tls.c:5846:12:ssl_buffer_future_record	40	static
ssl_tls.c:7451:13:ssl_calc_finished_tls_sha256	200	static
ssl_tls.c:1714:6:ssl_calc_verify_tls_sha256	144	static
ssl_tls.c:7527:13:ssl_calc_finished_tls_sha384	320	static
ssl_tls.c:1757:6:ssl_calc_verify_tls_sha384	248	static
ssl_tls.c:7391:13:ssl_calc_finished_tls	264	static
ssl_tls.c:1686:6:ssl_calc_verify_tls	216	static
ssl_tls.c:10269:13:ssl_buffering_free_slot	24	static
ssl_tls.c:10255:13:ssl_buffering_free	16	static
ssl_tls.c:5444:12:ssl_buffer_make_space	32	static
ssl_tls.c:4327:13:ssl_bitmask_set	16	static
ssl_tls.c:5679:12:ssl_consume_current_message	24	static
ssl_tls.c:4279:12:ssl_hs_is_proper_fragment	8	static
ssl_tls.c:5486:12:ssl_buffer_message	72	static
ssl_tls.c:6622:12:ssl_srv_check_client_no_crt_notification	24	static
ssl_tls.c:6424:12:ssl_check_peer_crt_unchanged	8	static
ssl_tls.c:7271:13:ssl_update_checksum_md5sha1	16	static
ssl_tls.c:7281:13:ssl_update_checksum_sha256	8	static
ssl_tls.c:7243:13:ssl_update_checksum_start	16	static
ssl_tls.c:7293:13:ssl_update_checksum_sha384	8	static
ssl_tls.c:6241:13:ssl_clear_peer_cert	8	static
ssl_tls.c:883:6:mbedtls_ssl_tls_prf	24	static
ssl_tls.c:923:5:mbedtls_ssl_derive_keys	456	static
ssl_tls.c:1801:5:mbedtls_ssl_psk_derive_premaster	48	static
ssl_tls.c:2115:5:mbedtls_ssl_encrypt_buf	184	static
ssl_tls.c:2544:5:mbedtls_ssl_decrypt_buf	328	static
ssl_tls.c:3511:5:mbedtls_ssl_flush_output	32	static
ssl_tls.c:3867:6:mbedtls_ssl_recv_flight_completed	16	static
ssl_tls.c:3898:6:mbedtls_ssl_send_flight_completed	8	static
ssl_tls.c:4501:6:mbedtls_ssl_update_handshake_status	16	static
ssl_tls.c:4572:5:mbedtls_ssl_dtls_replay_check	32	static
ssl_tls.c:4597:6:mbedtls_ssl_dtls_replay_update	48	static
ssl_tls.c:7187:6:mbedtls_ssl_optimize_checksum	0	static
ssl_tls.c:7216:6:mbedtls_ssl_reset_checksum	8	static
ssl_tls.c:7959:6:mbedtls_ssl_transform_init	8	static
ssl_tls.c:7972:6:mbedtls_ssl_session_init	8	static
ssl_tls.c:8175:6:mbedtls_ssl_init	8	static
ssl_tls.c:8400:6:mbedtls_ssl_conf_endpoint	0	static
ssl_tls.c:8405:6:mbedtls_ssl_conf_transport	0	static
ssl_tls.c:8411:6:mbedtls_ssl_conf_dtls_anti_replay	0	static
ssl_tls.c:8418:6:mbedtls_ssl_conf_dtls_badmac_limit	0	static
ssl_tls.c:8426:6:mbedtls_ssl_set_datagram_packing	0	static
ssl_tls.c:8432:6:mbedtls_ssl_conf_handshake_timeout	0	static
ssl_tls.c:8440:6:mbedtls_ssl_conf_authmode	0	static
ssl_tls.c:8446:6:mbedtls_ssl_conf_verify	0	static
ssl_tls.c:8455:6:mbedtls_ssl_conf_rng	0	static
ssl_tls.c:8463:6:mbedtls_ssl_conf_dbg	0	static
ssl_tls.c:8471:6:mbedtls_ssl_set_bio	0	static
ssl_tls.c:8484:6:mbedtls_ssl_set_mtu	0	static
ssl_tls.c:8490:6:mbedtls_ssl_conf_read_timeout	0	static
ssl_tls.c:8495:6:mbedtls_ssl_set_timer_cb	8	static
ssl_tls.c:8509:6:mbedtls_ssl_conf_session_cache	0	static
ssl_tls.c:8543:6:mbedtls_ssl_conf_ciphersuites	0	static
ssl_tls.c:8552:6:mbedtls_ssl_conf_ciphersuites_for_version	0	static
ssl_tls.c:8566:6:mbedtls_ssl_conf_cert_profile	0	static
ssl_tls.c:8603:5:mbedtls_ssl_conf_own_cert	8	static
ssl_tls.c:8610:6:mbedtls_ssl_conf_ca_chain	0	static
ssl_tls.c:8642:5:mbedtls_ssl_set_hs_own_cert	8	static
ssl_tls.c:8650:6:mbedtls_ssl_set_hs_ca_chain	0	static
ssl_tls.c:8658:6:mbedtls_ssl_set_hs_authmode	0	static
ssl_tls.c:8666:6:mbedtls_ssl_set_verify	0	static
ssl_tls.c:8763:5:mbedtls_ssl_conf_psk	24	static
ssl_tls.c:8805:5:mbedtls_ssl_set_hs_psk	24	static
ssl_tls.c:8861:6:mbedtls_ssl_conf_psk_cb	0	static
ssl_tls.c:8874:5:mbedtls_ssl_conf_dh_param	24	static
ssl_tls.c:8890:5:mbedtls_ssl_conf_dh_param_bin	24	static
ssl_tls.c:8907:5:mbedtls_ssl_conf_dh_param_ctx	24	static
ssl_tls.c:8927:6:mbedtls_ssl_conf_dhm_min_bitlen	0	static
ssl_tls.c:8938:6:mbedtls_ssl_conf_sig_hashes	0	static
ssl_tls.c:8949:6:mbedtls_ssl_conf_curves	0	static
ssl_tls.c:8957:5:mbedtls_ssl_set_hostname	24	static
ssl_tls.c:9003:6:mbedtls_ssl_conf_sni	0	static
ssl_tls.c:9014:5:mbedtls_ssl_conf_alpn_protocols	24	static
ssl_tls.c:9039:13:mbedtls_ssl_get_alpn_protocol	0	static
ssl_tls.c:9045:6:mbedtls_ssl_conf_max_version	0	static
ssl_tls.c:9051:6:mbedtls_ssl_conf_min_version	0	static
ssl_tls.c:9058:6:mbedtls_ssl_conf_fallback	0	static
ssl_tls.c:9065:6:mbedtls_ssl_conf_cert_req_ca_list	0	static
ssl_tls.c:9073:6:mbedtls_ssl_conf_encrypt_then_mac	0	static
ssl_tls.c:9080:6:mbedtls_ssl_conf_extended_master_secret	0	static
ssl_tls.c:9087:6:mbedtls_ssl_conf_arc4_support	0	static
ssl_tls.c:9094:5:mbedtls_ssl_conf_max_frag_len	16	static
ssl_tls.c:9109:6:mbedtls_ssl_conf_truncated_hmac	0	static
ssl_tls.c:9116:6:mbedtls_ssl_conf_cbc_record_splitting	0	static
ssl_tls.c:9122:6:mbedtls_ssl_conf_legacy_renegotiation	0	static
ssl_tls.c:9128:6:mbedtls_ssl_conf_renegotiation	0	static
ssl_tls.c:9133:6:mbedtls_ssl_conf_renegotiation_enforced	0	static
ssl_tls.c:9138:6:mbedtls_ssl_conf_renegotiation_period	0	static
ssl_tls.c:9147:6:mbedtls_ssl_conf_session_tickets	0	static
ssl_tls.c:9154:6:mbedtls_ssl_conf_session_tickets_cb	0	static
ssl_tls.c:9167:6:mbedtls_ssl_conf_export_keys_cb	0	static
ssl_tls.c:9175:6:mbedtls_ssl_conf_export_keys_ext_cb	0	static
ssl_tls.c:9224:8:mbedtls_ssl_get_bytes_avail	0	static
ssl_tls.c:9229:5:mbedtls_ssl_check_pending	16	static
ssl_tls.c:9284:10:mbedtls_ssl_get_verify_result	0	static
ssl_tls.c:9295:13:mbedtls_ssl_get_ciphersuite	8	static
ssl_tls.c:9303:13:mbedtls_ssl_get_version	0	static
ssl_tls.c:9341:5:mbedtls_ssl_get_record_expansion	24	static
ssl_tls.c:9402:8:mbedtls_ssl_get_max_frag_len	16	static
ssl_tls.c:251:12:ssl_get_remaining_payload_in_datagram	16	static
ssl_tls.c:9449:5:mbedtls_ssl_get_max_out_record_payload	24	static
ssl_tls.c:9495:25:mbedtls_ssl_get_peer_cert	0	static
ssl_tls.c:9527:5:mbedtls_ssl_handshake_step	8	static
ssl_tls.c:9549:5:mbedtls_ssl_handshake	24	static
ssl_tls.c:10218:6:mbedtls_ssl_transform_free	8	static
ssl_tls.c:10289:6:mbedtls_ssl_handshake_free	16	static
ssl_tls.c:7602:13:ssl_handshake_wrapup_free_hs_transform	16	static
ssl_tls.c:10403:6:mbedtls_ssl_session_free	8	static
ssl_tls.c:374:5:mbedtls_ssl_session_copy	16	static
ssl_tls.c:8521:5:mbedtls_ssl_set_session	8	static
ssl_tls.c:9509:5:mbedtls_ssl_get_session	8	static
ssl_tls.c:7627:6:mbedtls_ssl_handshake_wrapup	24	static
ssl_tls.c:10422:6:mbedtls_ssl_free	24	static
ssl_tls.c:10501:6:mbedtls_ssl_config_init	8	static
ssl_tls.c:10548:5:mbedtls_ssl_config_defaults	296	static
ssl_tls.c:10712:6:mbedtls_ssl_config_free	8	static
ssl_tls.c:10749:15:mbedtls_ssl_sig_from_pk	8	static
ssl_tls.c:10762:15:mbedtls_ssl_sig_from_pk_alg	0	static
ssl_tls.c:10775:19:mbedtls_ssl_pk_alg_from_sig	0	static
ssl_tls.c:10797:19:mbedtls_ssl_sig_hash_set_find	0	static
ssl_tls.c:10812:6:mbedtls_ssl_sig_hash_set_add	0	static
ssl_tls.c:10834:6:mbedtls_ssl_sig_hash_set_const_hash	0	static
ssl_tls.c:7892:13:ssl_handshake_params_init	16	static
ssl_tls.c:7977:12:ssl_handshake_init	16	static
ssl_tls.c:8273:12:ssl_session_reset_int	16	static
ssl_tls.c:4779:12:ssl_handle_possible_reconnect	48	static
ssl_tls.c:8392:5:mbedtls_ssl_session_reset	8	static
ssl_tls.c:8205:5:mbedtls_ssl_setup	24	static
ssl_tls.c:9607:12:ssl_start_renegotiation	24	static
ssl_tls.c:10847:19:mbedtls_ssl_md_alg_from_hash	0	static
ssl_tls.c:10879:15:mbedtls_ssl_hash_from_md_alg	0	static
ssl_tls.c:10913:5:mbedtls_ssl_check_curve	0	static
ssl_tls.c:10933:5:mbedtls_ssl_check_sig_hash	0	static
ssl_tls.c:10950:5:mbedtls_ssl_check_cert_usage	24	static
ssl_tls.c:11049:6:mbedtls_ssl_write_version	0	static
ssl_tls.c:4098:5:mbedtls_ssl_write_record	88	static
ssl_tls.c:3710:5:mbedtls_ssl_flight_transmit	48	static
ssl_tls.c:3690:5:mbedtls_ssl_resend	24	static
ssl_tls.c:4409:5:mbedtls_ssl_prepare_handshake_record	40	static
ssl_tls.c:6065:5:mbedtls_ssl_handle_message_type	24	static
ssl_tls.c:3939:5:mbedtls_ssl_write_handshake_msg	32	static
ssl_tls.c:9576:12:ssl_write_hello_request	24	static
ssl_tls.c:3250:12:ssl_resend_hello_request	16	static
ssl_tls.c:3292:5:mbedtls_ssl_fetch_input	40	static
ssl_tls.c:9647:5:mbedtls_ssl_renegotiate	24	static
ssl_tls.c:9703:12:ssl_check_ctr_renegotiate	32	static
ssl_tls.c:6307:5:mbedtls_ssl_write_certificate	40	static
ssl_tls.c:7091:5:mbedtls_ssl_write_change_cipher_spec	24	static
ssl_tls.c:7689:5:mbedtls_ssl_write_finished	24	static
ssl_tls.c:6213:5:mbedtls_ssl_send_alert_message	40	static
ssl_tls.c:6199:5:mbedtls_ssl_send_fatal_handshake_failure	8	static
ssl_tls.c:6473:12:ssl_parse_certificate_chain	40	static
ssl_tls.c:6700:12:ssl_parse_certificate_verify	64	static
ssl_tls.c:10190:5:mbedtls_ssl_close_notify	24	static
ssl_tls.c:10047:12:ssl_write_real	40	static
ssl_tls.c:10117:12:ssl_write_split	16	static
ssl_tls.c:10150:5:mbedtls_ssl_write	32	static
ssl_tls.c:5062:12:ssl_prepare_record_content	64	static
ssl_tls.c:11071:6:mbedtls_ssl_read_version	4	static
ssl_tls.c:4852:12:ssl_parse_record_header	48	static
ssl_tls.c:5903:12:ssl_get_next_record	24	static
ssl_tls.c:5254:5:mbedtls_ssl_read_record	24	static
ssl_tls.c:6939:5:mbedtls_ssl_parse_certificate	32	static
ssl_tls.c:7114:5:mbedtls_ssl_parse_change_cipher_spec	24	static
ssl_tls.c:7813:5:mbedtls_ssl_parse_finished	48	static
ssl_tls.c:9734:5:mbedtls_ssl_read	32	static
ssl_tls.c:11093:5:mbedtls_ssl_set_calc_verify_md	0	static
ssl_tls.c:11137:5:mbedtls_ssl_get_key_exchange_md_ssl_tls	216	static
ssl_tls.c:11287:5:mbedtls_ssl_get_key_exchange_md_tls1_2	48	static
