ssl_cli.c:59:12:ssl_conf_has_static_psk	0	static
ssl_cli.c:369:13:ssl_write_supported_point_formats_ext	32	static
ssl_cli.c:527:13:ssl_write_max_fragment_length_ext	32	static
ssl_cli.c:561:13:ssl_write_truncated_hmac_ext	32	static
ssl_cli.c:593:13:ssl_write_encrypt_then_mac_ext	32	static
ssl_cli.c:627:13:ssl_write_extended_ms_ext	32	static
ssl_cli.c:2337:12:ssl_parse_server_psk_hint	24	static
ssl_cli.c:167:13:ssl_write_renegotiation_ext	32	static
ssl_cli.c:661:13:ssl_write_session_ticket_ext	32	static
ssl_cli.c:767:12:ssl_generate_random	32	static
ssl_cli.c:817:12:ssl_validate_ciphersuite	16	static
ssl_cli.c:97:13:ssl_write_hostname_ext	32	static
ssl_cli.c:705:13:ssl_write_alpn_ext	40	static
ssl_cli.c:211:13:ssl_write_signature_algorithms_ext	40	static
ssl_cli.c:296:13:ssl_write_supported_elliptic_curves_ext	40	static
ssl_cli.c:859:12:ssl_write_client_hello	72	static
ssl_cli.c:1215:12:ssl_parse_renegotiation_info	40	static
ssl_cli.c:1254:12:ssl_parse_max_fragment_length_ext	16	static
ssl_cli.c:1277:12:ssl_parse_truncated_hmac_ext	16	static
ssl_cli.c:1355:12:ssl_parse_encrypt_then_mac_ext	16	static
ssl_cli.c:1378:12:ssl_parse_extended_ms_ext	16	static
ssl_cli.c:1401:12:ssl_parse_session_ticket_ext	16	static
ssl_cli.c:1424:12:ssl_parse_supported_point_formats_ext	16	static
ssl_cli.c:2972:12:ssl_parse_certificate_request	48	static
ssl_cli.c:1501:12:ssl_parse_alpn_ext	32	static
ssl_cli.c:1572:12:ssl_parse_hello_verify_request	48	static
ssl_cli.c:1643:12:ssl_parse_server_hello	80	static
ssl_cli.c:3136:12:ssl_parse_server_hello_done	24	static
ssl_cli.c:2200:12:ssl_check_server_ecdh_params	24	static
ssl_cli.c:2532:12:ssl_get_ecdh_params_from_cert	32	static
ssl_cli.c:2158:12:ssl_parse_server_dh_params	32	static
ssl_cli.c:2299:12:ssl_parse_server_ecdh_params	24	static
ssl_cli.c:2470:12:ssl_parse_signature_algorithm	32	static
ssl_cli.c:2583:12:ssl_parse_server_key_exchange	128	static
ssl_cli.c:2383:12:ssl_write_encrypted_pms	48	static
ssl_cli.c:3175:12:ssl_write_client_key_exchange	40	static
ssl_cli.c:3642:12:ssl_write_certificate_verify	104	static
ssl_cli.c:3815:12:ssl_parse_new_session_ticket	40	static
ssl_cli.c:3932:5:mbedtls_ssl_handshake_client_step	24	static
