ssl_ticket.c:73:12:ssl_ticket_gen_key	48	static
ssl_ticket.c:103:12:ssl_ticket_update_keys	8	static
ssl_ticket.c:201:12:ssl_save_session	24	static
ssl_ticket.c:470:32:ssl_ticket_select_key	24	static
ssl_ticket.c:273:12:ssl_load_session	24	static
ssl_ticket.c:46:6:mbedtls_ssl_ticket_init	8	static
ssl_ticket.c:131:5:mbedtls_ssl_ticket_setup	16	static
ssl_ticket.c:385:5:mbedtls_ssl_ticket_write	80	static
ssl_ticket.c:486:5:mbedtls_ssl_ticket_parse	80	static
ssl_ticket.c:583:6:mbedtls_ssl_ticket_free	8	static
