x509_crt.c:169:12:x509_profile_check_md_alg	0	static
x509_crt.c:185:12:x509_profile_check_pk_alg	0	static
x509_crt.c:239:12:x509_memcasecmp	12	static
x509_crt.c:369:13:x509_crt_verify_chain_reset	0	static
x509_crt.c:3020:12:x509_crt_merge_flags_with_cb	40	static
x509_crt.c:456:12:x509_get_uid	16	static
x509_crt.c:770:12:x509_get_certificate_policies	40	static
x509_crt.c:304:12:x509_string_cmp	24	static
x509_crt.c:334:12:x509_name_cmp	16	static
x509_crt.c:2721:12:x509_crt_check_ee_locally_trusted	16	static
x509_crt.c:390:12:x509_get_version	24	static
x509_crt.c:426:12:x509_get_dates	32	static
x509_crt.c:482:12:x509_get_basic_constraints	32	static
x509_crt.c:551:12:x509_get_key_usage	32	static
x509_crt.c:532:12:x509_get_ns_cert_type	24	static
x509_crt.c:581:12:x509_get_ext_key_usage	8	static
x509_crt.c:1654:12:x509_get_other_name	32	static
x509_crt.c:1910:12:x509_info_cert_type	24	static
x509_crt.c:1937:12:x509_info_key_usage	24	static
x509_crt.c:1961:12:x509_info_ext_key_usage	48	static
x509_crt.c:1990:12:x509_info_cert_policies	48	static
x509_crt.c:201:12:x509_profile_check_key	24	static
x509_crt.c:268:12:x509_check_wildcard	16	static
x509_crt.c:2960:12:x509_crt_check_cn	16	static
x509_crt.c:2982:13:x509_crt_verify_name	24	static
x509_crt.c:2396:12:x509_crt_check_signature	104	static
x509_crt.c:1849:5:mbedtls_x509_parse_subject_alt_name	64	static
x509_crt.c:625:12:x509_get_subject_alt_name	80	static
x509_crt.c:887:12:x509_get_crt_ext	56	static
x509_crt.c:1736:12:x509_info_subject_alt_name	72	static
x509_crt.c:2024:5:mbedtls_x509_crt_info	88	static
x509_crt.c:2196:5:mbedtls_x509_crt_verify_info	40	static
x509_crt.c:2225:5:mbedtls_x509_crt_check_key_usage	0	static
x509_crt.c:2455:12:x509_crt_check_parent	16	static
x509_crt.c:2529:12:x509_crt_find_parent_in	56	static
x509_crt.c:2654:12:x509_crt_find_parent	56	static
x509_crt.c:2250:5:mbedtls_x509_crt_check_extended_key_usage	24	static
x509_crt.c:2285:5:mbedtls_x509_crt_is_revoked	16	static
x509_crt.c:2308:12:x509_crt_verifycrl	128	static
x509_crt.c:2785:12:x509_crt_verify_chain	80	static
x509_crt.c:3063:12:x509_crt_verify_restartable_ca_cb	136	static
x509_crt.c:3151:5:mbedtls_x509_crt_verify	48	static
x509_crt.c:3168:5:mbedtls_x509_crt_verify_with_profile	48	static
x509_crt.c:3202:5:mbedtls_x509_crt_verify_restartable	40	static
x509_crt.c:3221:6:mbedtls_x509_crt_init	8	static
x509_crt.c:3229:6:mbedtls_x509_crt_free	24	static
x509_crt.c:1055:12:x509_crt_parse_der_core	80	static
x509_crt.c:1317:12:mbedtls_x509_crt_parse_der_internal	32	static
x509_crt.c:1366:5:mbedtls_x509_crt_parse_der_nocopy	8	static
x509_crt.c:1373:5:mbedtls_x509_crt_parse_der	8	static
x509_crt.c:1384:5:mbedtls_x509_crt_parse	64	static
x509_crt.c:1501:5:mbedtls_x509_crt_parse_file	24	static
x509_crt.c:1518:5:mbedtls_x509_crt_parse_path	632	static
