x509write_csr.c:52:6:mbedtls_x509write_csr_init	0	static
x509write_csr.c:57:6:mbedtls_x509write_csr_free	8	static
x509write_csr.c:65:6:mbedtls_x509write_csr_set_md_alg	0	static
x509write_csr.c:70:6:mbedtls_x509write_csr_set_key	0	static
x509write_csr.c:75:5:mbedtls_x509write_csr_set_subject_name	8	static
x509write_csr.c:81:5:mbedtls_x509write_csr_set_extension	16	static
x509write_csr.c:89:5:mbedtls_x509write_csr_set_key_usage	32	static
x509write_csr.c:110:5:mbedtls_x509write_csr_set_ns_cert_type	32	static
x509write_csr.c:132:5:mbedtls_x509write_csr_der	3208	static
x509write_csr.c:262:5:mbedtls_x509write_csr_pem	4144	static
