adopt.c:28:1:lws_get_idlest_tsi	32	static
adopt.c:197:1:lws_adopt_descriptor_vhost2	32	static
adopt.c:391:1:adopt_socket_readbuf	24	static
adopt.c:48:1:lws_create_new_server_wsi	24	static
adopt.c:119:1:lws_adopt_descriptor_vhost1	24	static
adopt.c:330:1:lws_adopt_descriptor_vhost_via_info	24	static
adopt.c:312:1:lws_adopt_descriptor_vhost	32	static
adopt.c:374:1:lws_adopt_socket_vhost	16	static
adopt.c:384:1:lws_adopt_socket	8	static
adopt.c:695:1:lws_adopt_socket_readbuf	16	static
adopt.c:703:1:lws_adopt_socket_vhost_readbuf	16	static
