header.c:30:1:lws_token_to_string	0	static
header.c:39:1:lws_add_http_header_by_name	32	static
header.c:68:5:lws_finalize_http_header	4	static
header.c:86:1:lws_finalize_write_http_header	24	static
header.c:108:1:lws_add_http_header_by_token	24	static
header.c:126:1:lws_add_http_header_content_length	56	static
header.c:276:1:lws_add_http_header_status	104	static
header.c:149:1:lws_add_http_common_headers	32	static
header.c:497:1:lws_http_redirect	40	static
header.c:380:1:lws_return_http_status	64	static
header.c:531:1:lws_http_compression_apply	0	static
header.c:545:1:lws_http_headers_detach	8	static
header.c:553:1:lws_sul_http_ah_lifecheck	312	static
