hpack.c:196:12:huftable_decode	0	static
hpack.c:279:12:lws_frag_append	8	static
hpack.c:1319:1:lws_h2_num_start	0	static
hpack.c:1330:1:lws_h2_num	4	static
hpack.c:289:12:lws_frag_end	8	static
hpack.c:206:12:lws_frag_start	24	static
hpack.c:763:1:lws_hpack_handle_pseudo_rules	8	static
hpack.c:462:1:lws_dynamic_free	16	static
hpack.c:490:1:lws_dynamic_token_insert	48	static
hpack.c:363:1:lws_token_from_index	40	static
hpack.c:318:13:lws_dump_header	232	static
hpack.c:705:1:lws_hpack_use_idx_hdr	40	static
hpack.c:303:1:lws_hdr_extant	0	static
hpack.c:684:1:lws_hpack_destroy_dynamic_header	16	static
hpack.c:570:1:lws_hpack_dynamic_size	32	static
hpack.c:789:5:lws_hpack_interpret	64	static
hpack.c:1352:5:lws_add_http2_header_by_name	48	static
hpack.c:1398:5:lws_add_http2_header_by_token	24	static
hpack.c:1411:5:lws_add_http2_header_status	40	static
