http2.c:657:13:lws_h2_set_bin	0	static
http2.c:118:1:lws_h2_dump_settings	0	static
http2.c:124:1:lws_h2_new_pps	8	static
http2.c:134:6:lws_h2_init	12	static
http2.c:141:1:lws_h2_state	24	static
http2.c:198:1:lws_h2_get_peer_txcredit_estimate	8	static
http2.c:298:1:lws_wsi_h2_adopt	24	static
http2.c:386:1:lws_pps_schedule	16	static
http2.c:154:1:lws_h2_update_peer_txcredit	32	static
http2.c:205:1:lws_h2_update_peer_txcredit_thresh	8	static
http2.c:358:5:lws_h2_issue_preface	16	static
http2.c:399:1:lws_h2_goaway	32	static
http2.c:214:1:lws_wsi_server_new	48	static
http2.c:424:1:lws_h2_rst_stream	32	static
http2.c:455:1:lws_h2_settings	56	static
http2.c:583:1:lws_h2_tx_cr_get	24	static
http2.c:1342:1:lws_h2_parse_end_of_frame	288	static
http2.c:901:1:lws_h2_parse_frame_header	32	static
http2.c:604:1:lws_h2_tx_cr_consume	16	static
http2.c:614:5:lws_h2_frame_write	72	static
http2.c:669:5:lws_h2_do_pps_send	120	static
http2.c:1822:1:lws_h2_parser	56	static
http2.c:2446:1:lws_h2_ws_handshake	2096	static
http2.c:2519:1:lws_read_h2	40	static
http2.c:2593:1:lws_h2_client_stream_long_poll_rxonly	8	static
