libwebsockets.c:1165:1:decim	40	static
libwebsockets.c:32:1:lws_ser_wu16be	0	static
libwebsockets.c:39:1:lws_ser_wu32be	0	static
libwebsockets.c:48:1:lws_ser_wu64be	16	static
libwebsockets.c:55:1:lws_ser_ru16be	0	static
libwebsockets.c:61:1:lws_ser_ru32be	0	static
libwebsockets.c:67:1:lws_ser_ru64be	16	static
libwebsockets.c:73:1:lws_vbi_encode	16	static
libwebsockets.c:95:1:lws_vbi_decode	24	static
libwebsockets.c:117:13:char_to_hex	0	static
libwebsockets.c:132:1:lws_hex_to_byte_array	24	static
libwebsockets.c:188:1:lws_pthread_self_to_tsi	0	static
libwebsockets.c:208:1:lws_context_user	0	static
libwebsockets.c:214:1:lws_explicit_bzero	0	static
libwebsockets.c:229:1:lws_now_secs	24	static
libwebsockets.c:242:1:lws_canonical_hostname	0	static
libwebsockets.c:321:1:lws_get_count_threads	0	static
libwebsockets.c:355:1:lws_check_byte_utf8	0	static
libwebsockets.c:378:1:lws_check_utf8	12	static
libwebsockets.c:409:1:lws_strdup	16	static
libwebsockets.c:422:1:lws_sql_purify	8	static
libwebsockets.c:442:1:lws_json_purify	8	static
libwebsockets.c:492:1:lws_filename_purify_inplace	0	static
libwebsockets.c:512:1:lws_urlencode	16	static
libwebsockets.c:542:1:lws_urldecode	24	static
libwebsockets.c:591:1:lws_finalize_startup	8	static
libwebsockets.c:601:1:lws_get_effective_uid_gid	0	static
libwebsockets.c:608:1:lws_snprintf	16	static
libwebsockets.c:627:1:lws_strncpy	16	static
libwebsockets.c:636:1:lws_timingsafe_bcmp	8	static
libwebsockets.c:656:1:lws_tokenize	72	static
libwebsockets.c:895:1:lws_tokenize_cstr	16	static
libwebsockets.c:907:1:lws_tokenize_init	0	static
libwebsockets.c:924:1:lws_strexp_init	24	static
libwebsockets.c:936:1:lws_strexp_reset_out	0	static
libwebsockets.c:944:1:lws_strexp_expand	40	static
libwebsockets.c:1083:1:lws_cmdline_option	32	static
libwebsockets.c:1113:1:lws_cmdline_option_handle_builtin	24	static
libwebsockets.c:1189:1:lws_humanize	40	static
