lwsac.c:29:1:lws_list_ptr_insert	16	static
lwsac.c:44:1:lwsac_align	0	static
lwsac.c:96:1:_lwsac_use	40	static
lwsac.c:55:1:lwsac_sizeof	0	static
lwsac.c:61:1:lwsac_get_tail_pos	0	static
lwsac.c:67:1:lwsac_get_next	0	static
lwsac.c:73:1:lwsac_extend	24	static
lwsac.c:201:1:lwsac_use	8	static
lwsac.c:207:1:lwsac_use_backfill	8	static
lwsac.c:213:1:lwsac_scan_extant	40	static
lwsac.c:236:1:lwsac_total_overhead	4	static
lwsac.c:250:1:lwsac_use_zero	16	static
lwsac.c:261:1:lwsac_free	16	static
lwsac.c:277:1:lwsac_info	16	static
lwsac.c:295:1:lwsac_total_alloc	0	static
lwsac.c:307:1:lwsac_reference	16	static
lwsac.c:317:1:lwsac_unreference	24	static
lwsac.c:341:1:lwsac_detach	16	static
