network.c:45:1:lws_get_addresses	72	static
network.c:140:1:lws_get_peer_addresses	56	static
network.c:193:1:lws_socket_bind	80	static
network.c:371:1:lws_retry_get_delay_ms	48	static
network.c:408:1:lws_retry_sul_schedule	48	static
network.c:427:1:lws_retry_sul_schedule_retry_wsi	16	static
network.c:577:1:lws_parse_numeric_address	88	static
network.c:706:1:lws_sa46_parse_numeric_address	24	static
network.c:736:1:lws_write_numeric_address	80	static
network.c:804:1:lws_sa46_write_numeric_address	8	static
network.c:115:1:lws_get_peer_simple_fd	40	static
network.c:132:1:lws_get_peer_simple	16	static
network.c:820:1:lws_sa46_compare_ads	0	static
network.c:834:1:lws_system_get_state_manager	0	static
