ops-ws.c:931:1:lws_is_ws_with_ext	0	static
ops-ws.c:1449:1:rops_service_flag_pending_ws	0	static
ops-ws.c:1902:1:rops_close_kill_connection_ws	8	static
ops-ws.c:1932:1:rops_init_vhost_ws	0	static
ops-ws.c:1976:1:rops_destroy_vhost_ws	0	static
ops-ws.c:1916:1:rops_callback_on_writable_ws	8	static
ops-ws.c:1999:1:rops_destroy_role_ws	8	static
ops-ws.c:1510:1:rops_close_role_ws	8	static
ops-ws.c:1238:5:rops_handle_POLLOUT_ws	24	static
ops-ws.c:2011:1:rops_issue_keepalive_ws	24	static
ops-ws.c:1479:1:rops_close_via_role_protocol_ws	16	static
ops-ws.c:808:1:lws_0405_frame_mask_generate	8	static
ops-ws.c:1561:1:rops_write_role_protocol_ws	32	static
ops-ws.c:941:1:rops_handle_POLLIN_ws	48	static
ops-ws.c:753:1:lws_remaining_packet_payload	0	static
ops-ws.c:758:5:lws_frame_is_binary	0	static
ops-ws.c:764:1:lws_add_wsi_to_draining_ext_list	0	static
ops-ws.c:781:1:lws_remove_wsi_from_draining_ext_list	0	static
ops-ws.c:827:1:lws_server_init_wsi_for_ws	24	static
ops-ws.c:872:1:lws_is_final_fragment	0	static
ops-ws.c:886:1:lws_is_first_fragment	0	static
ops-ws.c:892:1:lws_get_reserved_bits	0	static
ops-ws.c:898:1:lws_get_close_length	0	static
ops-ws.c:904:1:lws_get_close_payload	0	static
ops-ws.c:910:1:lws_close_reason	16	static
ops-ws.c:35:1:lws_ws_rx_sm	64	static
