ops-h2.c:531:1:rops_init_vhost_h2	16	static
ops-h2.c:546:1:rops_pt_init_destroy_h2	8	static
ops-h2.c:1133:1:rops_encapsulation_parent_h2	0	static
ops-h2.c:335:5:rops_handle_POLLOUT_h2	16	static
ops-h2.c:1188:1:rops_issue_keepalive_h2	24	static
ops-h2.c:608:1:rops_destroy_role_h2	24	static
ops-h2.c:645:1:rops_close_kill_connection_h2	16	static
ops-h2.c:1142:1:rops_alpn_negotiated_h2	16	static
ops-h2.c:379:1:rops_write_role_protocol_h2	40	static
ops-h2.c:572:1:rops_tx_credit_h2	16	static
ops-h2.c:712:1:rops_callback_on_writable_h2	8	static
ops-h2.c:763:1:lws_h2_bind_for_post_before_action	24	static
ops-h2.c:819:1:rops_perform_user_POLLOUT_h2	64	static
ops-h2.c:97:1:rops_handle_POLLIN_h2	48	static
ops-h2.c:492:1:rops_check_upgrades_h2	8	static
