parsers.c:184:1:__lws_remove_from_ah_waiting_list	24	static
parsers.c:647:1:lws_pos_in_bounds	16	static
parsers.c:711:1:issue_char	16	static
parsers.c:161:1:_lws_header_ensure_we_are_on_waiting_list	32	static
parsers.c:43:1:_lws_create_ah	32	static
parsers.c:68:1:_lws_destroy_ah	16	static
parsers.c:89:1:_lws_header_table_reset	8	static
parsers.c:109:1:__lws_header_table_reset	16	static
parsers.c:149:1:lws_header_table_reset	8	static
parsers.c:207:1:lws_header_table_attach	56	static
parsers.c:301:5:__lws_header_table_detach	80	static
parsers.c:443:5:lws_header_table_detach	8	static
parsers.c:457:1:lws_hdr_fragment_length	0	static
parsers.c:476:5:lws_hdr_total_length	4	static
parsers.c:499:5:lws_hdr_copy_fragment	24	static
parsers.c:530:5:lws_hdr_copy	40	static
parsers.c:632:7:lws_hdr_simple_ptr	0	static
parsers.c:674:1:lws_hdr_simple_create	16	static
parsers.c:746:1:lws_parse_urldecode	24	static
parsers.c:950:1:lws_parse	48	static
