pollfd.c:28:1:_lws_change_pollfd	56	static
pollfd.c:220:1:lws_accept_modulation	32	static
pollfd.c:242:1:__dump_fds	24	static
pollfd.c:261:1:__insert_wsi_socket_into_fds	56	static
pollfd.c:453:1:__lws_change_pollfd	48	static
pollfd.c:487:1:lws_change_pollfd	8	static
pollfd.c:502:1:lws_callback_on_writable	16	static
pollfd.c:557:1:lws_same_vh_protocol_insert	16	static
pollfd.c:571:1:__lws_same_vh_protocol_remove	8	static
pollfd.c:578:1:lws_same_vh_protocol_remove	8	static
pollfd.c:342:1:__remove_wsi_socket_from_fds	56	static
pollfd.c:592:1:lws_callback_on_writable_all_protocol_vhost	32	static
pollfd.c:622:1:lws_callback_on_writable_all_protocol	24	static
