server.c:470:1:lws_vfs_prepare_flags	8	static
server.c:48:1:_lws_vhost_init_server	40	static
server.c:337:1:lws_select_vhost	40	static
server.c:423:1:lws_get_mimetype	24	static
server.c:769:1:lws_find_mount	32	static
server.c:884:5:lws_clean_url	0	static
server.c:927:1:lws_http_get_uri_and_method	24	static
server.c:957:1:lws_check_basic_auth	328	static
server.c:1769:1:lws_confirm_host_header	192	static
server.c:1840:1:lws_http_to_fallback	128	static
server.c:2228:1:lws_http_transaction_completed	88	static
server.c:850:1:lws_unauthorised_basic_auth	96	static
server.c:1261:1:lws_http_redirect_hit	40	static
server.c:2431:1:lws_serve_http_file	136	static
server.c:487:1:lws_http_serve	2432	static
server.c:1343:1:lws_http_action	152	static
server.c:1892:1:lws_handshake_server	576	static
server.c:2733:5:lws_serve_http_file_fragment	128	static
server.c:3015:1:lws_server_get_canonical_hostname	8	static
server.c:3034:1:lws_chunked_html_process	72	static
