ssl_pm.c:77:13:ssl_platform_debug	24	static
ssl_pm.c:227:12:ssl_pm_reload_crt	24	static
ssl_pm.c:274:12:mbedtls_handshake	24	static
ssl_pm.c:105:5:ssl_pm_new	56	static
ssl_pm.c:211:6:ssl_pm_free	16	static
ssl_pm.c:294:5:ssl_pm_handshake	16	static
ssl_pm.c:355:1:ssl_ctx_get_mbedtls_x509_crt	0	static
ssl_pm.c:366:1:ssl_get_peer_mbedtls_x509_crt	0	static
ssl_pm.c:376:5:ssl_pm_shutdown	16	static
ssl_pm.c:398:5:ssl_pm_clear	8	static
ssl_pm.c:404:5:ssl_pm_read	16	static
ssl_pm.c:427:5:ssl_pm_send	16	static
ssl_pm.c:474:5:ssl_pm_pending	8	static
ssl_pm.c:481:6:ssl_pm_set_fd	0	static
ssl_pm.c:488:5:ssl_pm_get_fd	0	static
ssl_pm.c:495:22:ssl_pm_get_state	0	static
ssl_pm.c:553:5:x509_pm_show_info	16	static
ssl_pm.c:596:5:x509_pm_new	16	static
ssl_pm.c:620:6:x509_pm_free	16	static
ssl_pm.c:635:5:x509_pm_load	24	static
ssl_pm.c:686:5:pkey_pm_new	16	static
ssl_pm.c:705:6:pkey_pm_free	16	static
ssl_pm.c:720:5:pkey_pm_load	32	static
ssl_pm.c:768:6:ssl_pm_set_bufflen	0	static
ssl_pm.c:773:6:ssl_pm_get_verify_result	8	static
ssl_pm.c:819:5:X509_VERIFY_PARAM_set1_host	24	static
ssl_pm.c:843:6:_ssl_set_alpn_list	8	static
ssl_pm.c:859:6:SSL_get0_alpn_selected	16	static
ssl_pm.c:873:5:SSL_set_sni_callback	8	static
ssl_pm.c:884:6:SSL_SSL_from_mbedtls_ssl_context	0	static
ssl_pm.c:893:6:SSL_set_SSL_CTX	32	static
