ssl_x509.c:25:5:__X509_show_info	8	static
ssl_x509.c:33:7:__X509_new	16	static
ssl_x509.c:66:7:X509_new	8	static
ssl_x509.c:74:6:X509_free	8	static
ssl_x509.c:87:7:d2i_X509	24	static
ssl_x509.c:126:20:SSL_get0_param	0	static
ssl_x509.c:135:5:X509_VERIFY_PARAM_set_hostflags	0	static
ssl_x509.c:146:5:X509_VERIFY_PARAM_clear_hostflags	0	static
ssl_x509.c:156:5:SSL_CTX_add_client_CA	16	static
ssl_x509.c:174:5:SSL_CTX_add_client_CA_ASN1	16	static
ssl_x509.c:196:5:SSL_add_client_CA	16	static
ssl_x509.c:214:5:SSL_CTX_use_certificate	16	static
ssl_x509.c:232:5:SSL_use_certificate	16	static
ssl_x509.c:250:7:SSL_get_certificate	0	static
ssl_x509.c:260:5:SSL_CTX_use_certificate_ASN1	16	static
ssl_x509.c:289:5:SSL_use_certificate_ASN1	16	static
ssl_x509.c:317:5:SSL_CTX_use_certificate_file	0	static
ssl_x509.c:325:5:SSL_use_certificate_file	0	static
ssl_x509.c:333:7:SSL_get_peer_certificate	0	static
ssl_x509.c:340:5:X509_STORE_CTX_get_error	0	static
ssl_x509.c:345:5:X509_STORE_CTX_get_error_depth	0	static
ssl_x509.c:350:13:X509_verify_cert_error_string	0	static
