ssl_lib.c:779:20:ssl_protocol_to_string	0	static
ssl_lib.c:1654:1:_openssl_alpn_to_mbedtls	24	static
ssl_lib.c:32:21:SSL_SESSION_new	16	static
ssl_lib.c:59:13:SSL_SESSION_free	8	static
ssl_lib.c:68:5:ossl_statem_in_error	0	static
ssl_lib.c:81:5:SSL_want	0	static
ssl_lib.c:91:5:SSL_want_nothing	8	static
ssl_lib.c:104:5:SSL_want_read	8	static
ssl_lib.c:117:5:SSL_want_write	8	static
ssl_lib.c:130:5:SSL_want_x509_lookup	8	static
ssl_lib.c:140:5:SSL_get_error	16	static
ssl_lib.c:171:22:SSL_get_state	8	static
ssl_lib.c:185:10:SSL_CTX_new	16	static
ssl_lib.c:233:6:SSL_CTX_free	8	static
ssl_lib.c:250:5:SSL_CTX_set_ssl_version	0	static
ssl_lib.c:265:19:SSL_CTX_get_ssl_method	0	static
ssl_lib.c:275:6:SSL_new	16	static
ssl_lib.c:344:6:SSL_free	8	static
ssl_lib.c:365:5:SSL_do_handshake	8	static
ssl_lib.c:379:5:SSL_connect	8	static
ssl_lib.c:389:5:SSL_accept	8	static
ssl_lib.c:399:5:SSL_shutdown	8	static
ssl_lib.c:415:5:SSL_clear	16	static
ssl_lib.c:444:5:SSL_read	16	static
ssl_lib.c:465:5:SSL_write	24	static
ssl_lib.c:518:10:SSL_get_SSL_CTX	0	static
ssl_lib.c:528:19:SSL_get_ssl_method	0	static
ssl_lib.c:538:5:SSL_set_ssl_method	16	static
ssl_lib.c:576:5:SSL_get_shutdown	0	static
ssl_lib.c:586:6:SSL_set_shutdown	0	static
ssl_lib.c:597:5:SSL_pending	8	static
ssl_lib.c:611:5:SSL_has_pending	8	static
ssl_lib.c:628:15:SSL_CTX_clear_options	0	static
ssl_lib.c:638:15:SSL_CTX_get_options	0	static
ssl_lib.c:648:15:SSL_CTX_set_options	0	static
ssl_lib.c:658:15:SSL_clear_options	0	static
ssl_lib.c:668:15:SSL_get_options	0	static
ssl_lib.c:678:15:SSL_set_options	0	static
ssl_lib.c:688:5:SSL_get_fd	8	static
ssl_lib.c:702:5:SSL_get_rfd	8	static
ssl_lib.c:716:5:SSL_get_wfd	8	static
ssl_lib.c:730:5:SSL_set_fd	8	static
ssl_lib.c:743:5:SSL_set_rfd	8	static
ssl_lib.c:756:5:SSL_set_wfd	8	static
ssl_lib.c:769:5:SSL_version	0	static
ssl_lib.c:800:13:SSL_get_version	8	static
ssl_lib.c:810:13:SSL_alert_desc_string	0	static
ssl_lib.c:917:13:SSL_alert_desc_string_long	0	static
ssl_lib.c:1024:13:SSL_alert_type_string	0	static
ssl_lib.c:1047:13:SSL_alert_type_string_long	0	static
ssl_lib.c:1070:13:SSL_rstate_string	0	static
ssl_lib.c:1098:13:SSL_rstate_string_long	0	static
ssl_lib.c:1125:7:SSL_state_string	8	static
ssl_lib.c:1233:7:SSL_state_string_long	8	static
ssl_lib.c:1347:6:SSL_CTX_set_default_read_buffer_len	0	static
ssl_lib.c:1357:6:SSL_set_default_read_buffer_len	8	static
ssl_lib.c:1368:6:SSL_set_info_callback	0	static
ssl_lib.c:1378:5:SSL_CTX_up_ref	0	static
ssl_lib.c:1393:6:SSL_set_security_level	0	static
ssl_lib.c:1403:5:SSL_get_security_level	0	static
ssl_lib.c:1413:5:SSL_CTX_get_verify_mode	0	static
ssl_lib.c:1423:6:SSL_CTX_set_timeout	0	static
ssl_lib.c:1438:6:SSL_CTX_get_timeout	0	static
ssl_lib.c:1448:6:SSL_set_read_ahead	0	static
ssl_lib.c:1458:6:SSL_CTX_set_read_ahead	0	static
ssl_lib.c:1468:5:SSL_get_read_ahead	0	static
ssl_lib.c:1478:6:SSL_CTX_get_read_ahead	0	static
ssl_lib.c:1488:6:SSL_CTX_get_default_read_ahead	0	static
ssl_lib.c:1498:6:SSL_set_time	0	static
ssl_lib.c:1510:6:SSL_set_timeout	0	static
ssl_lib.c:1522:6:SSL_get_verify_result	8	static
ssl_lib.c:1532:5:SSL_CTX_get_verify_depth	0	static
ssl_lib.c:1542:6:SSL_CTX_set_verify_depth	0	static
ssl_lib.c:1552:5:SSL_get_verify_depth	0	static
ssl_lib.c:1562:6:SSL_set_verify_depth	0	static
ssl_lib.c:1572:6:SSL_CTX_set_verify	0	static
ssl_lib.c:1583:6:SSL_set_verify	0	static
ssl_lib.c:1591:6:ERR_error_string_n	8	static
ssl_lib.c:1596:6:ERR_free_strings	0	static
ssl_lib.c:1600:7:ERR_error_string	8	static
ssl_lib.c:1632:7:SSL_CTX_get_ex_data	0	static
ssl_lib.c:1719:6:SSL_CTX_set_alpn_select_cb	8	static
ssl_lib.c:1728:6:SSL_set_alpn_select_cb	8	static
