vhost.c:82:1:lws_role_by_name	16	static
vhost.c:99:1:lws_role_call_alpn_negotiated	24	static
vhost.c:116:1:lws_role_call_adoption_bind	40	static
vhost.c:208:1:lws_protocol_vh_priv_zalloc	24	static
vhost.c:240:1:lws_protocol_vh_priv_get	24	static
vhost.c:267:1:lws_vhost_protocol_options	16	static
vhost.c:284:1:lws_protocol_init_vhost	56	static
vhost.c:373:1:lws_protocol_init	32	static
vhost.c:838:1:lws_init_vhost_client_ssl	0	static
vhost.c:850:1:lws_cancel_service_pt	8	static
vhost.c:856:1:lws_cancel_service	16	static
vhost.c:874:1:lws_create_event_pipes	16	static
vhost.c:934:1:lws_destroy_event_pipe	8	static
vhost.c:957:1:lws_vhost_destroy1	24	static
vhost.c:1043:1:__lws_vhost_destroy2	680	static
vhost.c:1222:1:lws_check_deferred_free	24	static
vhost.c:1282:1:lws_vhost_destroy	16	static
vhost.c:440:1:lws_create_vhost	144	static
vhost.c:1321:1:lws_vhost_user	0	static
vhost.c:1327:1:lws_get_vhost_listen_port	0	static
vhost.c:1334:1:lws_context_deprecate	24	static
vhost.c:1378:1:lws_get_vhost_by_name	16	static
