wsi-timeout.c:47:1:lws_sul_hrtimer_cb	24	static
wsi-timeout.c:78:1:lws_sul_wsitimeout_cb	40	static
wsi-timeout.c:280:1:lws_validity_cb	32	static
wsi-timeout.c:28:1:__lws_wsi_remove_from_sul	8	static
wsi-timeout.c:59:1:__lws_set_timer_usecs	16	static
wsi-timeout.c:68:1:lws_set_timer_usecs	8	static
wsi-timeout.c:124:1:__lws_set_timeout	40	static
wsi-timeout.c:138:1:lws_set_timeout	24	static
wsi-timeout.c:169:1:lws_set_timeout_us	48	static
wsi-timeout.c:193:1:__lws_timed_callback_remove	8	static
wsi-timeout.c:210:1:lws_sul_timed_callback_vh_protocol_cb	32	static
wsi-timeout.c:231:1:lws_timed_callback_vh_protocol_us	24	static
wsi-timeout.c:271:1:lws_timed_callback_vh_protocol	32	static
wsi-timeout.c:322:1:_lws_validity_confirmed_role	32	static
wsi-timeout.c:349:1:lws_validity_confirmed	8	static
