wsi.c:28:6:lwsi_set_role	8	static
wsi.c:36:6:lwsi_set_state	8	static
wsi.c:47:1:lws_vhost_bind_wsi	16	static
wsi.c:61:1:lws_vhost_unbind_wsi	16	static
wsi.c:90:1:lws_get_network_wsi	0	static
wsi.c:112:1:lws_vhost_name_to_protocol	24	static
wsi.c:124:1:lws_callback_all_protocol	40	static
wsi.c:147:1:lws_callback_all_protocol_vhost_args	56	static
wsi.c:173:1:lws_callback_all_protocol_vhost	16	static
wsi.c:180:1:lws_callback_vhost_protocols	40	static
wsi.c:192:1:lws_callback_vhost_protocols_vhost	40	static
wsi.c:310:1:__lws_rx_flow_control	16	static
wsi.c:219:1:lws_rx_flow_control	32	static
wsi.c:274:1:lws_rx_flow_allow_all_protocol	24	static
wsi.c:293:5:user_callback_handle_rxflow	24	static
wsi.c:363:1:lws_get_protocol	0	static
wsi.c:370:1:lws_ensure_user_space	16	static
wsi.c:392:1:lws_adjust_protocol_psds	16	static
wsi.c:404:1:lws_get_tsi	0	static
wsi.c:410:1:lws_is_ssl	0	static
wsi.c:429:1:lws_partial_buffered	0	static
wsi.c:435:1:lws_get_peer_write_allowance	8	static
wsi.c:443:1:lws_role_transition	16	static
wsi.c:461:1:lws_parse_uri	32	static
wsi.c:517:1:lws_get_urlarg_by_name	40	static
wsi.c:542:1:lws_extension_callback_pm_deflate	0	static
wsi.c:560:1:lws_set_extension_option	0	static
wsi.c:568:1:lws_is_cgi	0	static
wsi.c:577:1:lws_pvo_search	16	static
wsi.c:590:1:lws_pvo_get_str	8	static
wsi.c:605:1:lws_broadcast	56	static
wsi.c:630:1:lws_wsi_user	0	static
wsi.c:636:1:lws_set_wsi_user	8	static
wsi.c:646:1:lws_get_parent	0	static
wsi.c:652:1:lws_get_child	0	static
wsi.c:658:1:lws_get_opaque_parent_data	0	static
wsi.c:664:1:lws_set_opaque_parent_data	0	static
wsi.c:670:1:lws_get_opaque_user_data	0	static
wsi.c:676:1:lws_set_opaque_user_data	0	static
wsi.c:682:1:lws_get_child_pending_on_writable	0	static
wsi.c:688:1:lws_clear_child_pending_on_writable	0	static
wsi.c:696:1:lws_get_vhost_name	0	static
wsi.c:702:1:lws_get_vhost_port	0	static
wsi.c:708:1:lws_get_vhost_user	0	static
wsi.c:714:1:lws_get_vhost_iface	0	static
wsi.c:720:1:lws_get_socket_fd	0	static
wsi.c:729:1:lws_vhost_get	0	static
wsi.c:735:1:lws_get_vhost	0	static
wsi.c:741:1:lws_protocol_get	0	static
wsi.c:755:1:lws_get_context	0	static
wsi.c:899:1:lws_raw_transaction_completed	8	static
wsi.c:921:1:lws_bind_protocol	40	static
wsi.c:978:1:lws_http_close_immortal	24	static
wsi.c:1004:1:lws_mux_mark_immortal	24	static
wsi.c:1033:1:lws_http_mark_sse	8	static
wsi.c:1065:1:lws_wsi_mux_insert	0	static
wsi.c:1081:1:lws_wsi_mux_from_id	0	static
wsi.c:1092:1:lws_wsi_mux_dump_children	8	static
wsi.c:1107:1:lws_wsi_mux_close_children	16	static
wsi.c:1128:1:lws_wsi_mux_sibling_disconnect	8	static
wsi.c:1150:1:lws_wsi_mux_dump_waiting_children	24	static
wsi.c:1169:1:lws_wsi_mux_mark_parents_needing_writeable	24	static
wsi.c:1188:1:lws_wsi_mux_move_child_to_tail	16	static
wsi.c:1225:1:lws_wsi_mux_action_pending_writeable_reqs	8	static
wsi.c:1242:1:lws_wsi_txc_check_skint	16	static
wsi.c:1271:1:lws_wsi_txc_describe	40	static
wsi.c:1280:1:lws_wsi_tx_credit	8	static
wsi.c:1294:1:lws_wsi_txc_report_manual_txcr_in	16	static
