sqlite_os_freertos.c:534:12:xFreeRTOSLock	0	static
sqlite_os_freertos.c:540:12:xFreeRTOSUnlock	0	static
sqlite_os_freertos.c:550:12:xFreeRTOSCheckReservedLock	0	static
sqlite_os_freertos.c:563:12:xFreeRTOSFileControl	0	static
sqlite_os_freertos.c:631:12:xFreeRTOSSectorSize	0	static
sqlite_os_freertos.c:1041:14:pxFreeRTOSDlOpen	0	static
sqlite_os_freertos.c:1053:15:pxFreeRTOSDlSym	0	static
sqlite_os_freertos.c:1060:13:xFreeRTOSDlClose	0	static
sqlite_os_freertos.c:1096:12:xFreeRTOSCurrentTimeInt64	40	static
sqlite_os_freertos.c:1113:12:xFreeRTOSCurrentTime	24	static
sqlite_os_freertos.c:1078:12:xFreeRTOSSleep	8	static
sqlite_os_freertos.c:1068:12:xFreeRTOSRandomness	8	static
sqlite_os_freertos.c:1047:13:xFreeRTOSDlError	16	static
sqlite_os_freertos.c:642:12:xFreeRTOSDeviceChar	8	static
sqlite_os_freertos.c:1005:12:xFreeRTOSFullPathname	16	static
sqlite_os_freertos.c:458:12:xFreeRTOSTruncate	8	static
sqlite_os_freertos.c:966:12:xFreeRTOSAccess	104	static
sqlite_os_freertos.c:934:12:xFreeRTOSDelete	8	static
sqlite_os_freertos.c:726:12:xFreeRTOSOpen	32	static
sqlite_os_freertos.c:262:12:xFreeRTOSDirectWrite	40	static
sqlite_os_freertos.c:293:12:xFreeRTOSFlushBuffer	16	static
sqlite_os_freertos.c:501:12:xFreeRTOSFileSize	112	static
sqlite_os_freertos.c:469:12:xFreeRTOSSync	8	static
sqlite_os_freertos.c:399:12:xFreeRTOSWrite	48	static
sqlite_os_freertos.c:338:12:xFreeRTOSRead	48	static
sqlite_os_freertos.c:311:12:xFreeRTOSClose	16	static
sqlite_os_freertos.c:1190:5:sqlite_config_options	8	static
sqlite_os_freertos.c:1209:5:sqlite3_os_init	8	static
sqlite_os_freertos.c:1218:5:sqlite3_os_end	0	static
