stm32f4xx_ll_adc.h:2147:22:LL_ADC_REG_SetTriggerSource	16	static
stm32f4xx_ll_adc.h:2297:22:LL_ADC_REG_SetSequencerLength	16	static
stm32f4xx_ll_adc.h:2782:22:LL_ADC_INJ_SetTriggerSource	16	static
stm32f4xx_ll_adc.h:2896:22:LL_ADC_INJ_SetSequencerLength	16	static
stm32f4xx_ll_adc.h:3879:22:LL_ADC_Disable	16	static
stm32f4xx_ll_adc.h:3890:26:LL_ADC_IsEnabled	16	static
stm32f4xx_ll_bus.h:1891:22:LL_APB2_GRP1_ForceReset	16	static
stm32f4xx_ll_bus.h:1949:22:LL_APB2_GRP1_ReleaseReset	16	static
stm32f4xx_ll_adc.c:290:13:LL_ADC_CommonDeInit	16	static
stm32f4xx_ll_adc.c:320:13:LL_ADC_CommonInit	32	static
stm32f4xx_ll_adc.c:402:6:LL_ADC_CommonStructInit	16	static
stm32f4xx_ll_adc.c:427:13:LL_ADC_DeInit	24	static
stm32f4xx_ll_adc.c:586:13:LL_ADC_Init	24	static
stm32f4xx_ll_adc.c:634:6:LL_ADC_StructInit	16	static
stm32f4xx_ll_adc.c:681:13:LL_ADC_REG_Init	24	static
stm32f4xx_ll_adc.c:770:6:LL_ADC_REG_StructInit	16	static
stm32f4xx_ll_adc.c:816:13:LL_ADC_INJ_Init	24	static
stm32f4xx_ll_adc.c:894:6:LL_ADC_INJ_StructInit	16	static
