<html>
<body>
<pre>
<h1>µVision Build Log</h1>
<h2>Tool Versions:</h2>
IDE-Version: µVision V5.36.0.0
Copyright (C) 2021 ARM Ltd and ARM Germany GmbH. All rights reserved.
License Information: Profi Profi, Company, LIC=MPPLD-84R7X-UHN8H-WIP97-QH6EA-ZP8DI
 
Tool Versions:
Toolchain:       MDK-ARM Plus  Version: 5.36.0.0
Toolchain Path:  C:\Keil_v5\ARM\ARMCC\Bin
C Compiler:      Armcc.exe V5.06 update 7 (build 960)
Assembler:       Armasm.exe V5.06 update 7 (build 960)
Linker/Locator:  ArmLink.exe V5.06 update 7 (build 960)
Library Manager: ArmAr.exe V5.06 update 7 (build 960)
Hex Converter:   FromElf.exe V5.06 update 7 (build 960)
CPU DLL:         SARMCM3.DLL V5.36.0.0
Dialog DLL:      DCM.DLL V1.17.3.0
Target DLL:      UL2CM3.DLL V1.164.0.0
Dialog DLL:      TCM.DLL V1.53.0.0
 
<h2>Project:</h2>
C:\Users\Professional\Documents\GIT1\14_Ñáîðêà_èñõîäíèêîâ_îò_Êðàñíîâà\1\Frimware_R6_LME_02_STM32F429ZI_RTOS_Netconn\MDK-ARM\R6_LME_02_STM32F429ZI_RTOS_Netconn.uvprojx
Project File Date:  09/14/2023

<h2>Output:</h2>
*** Using Compiler 'V5.06 update 7 (build 960)', folder: 'C:\Keil_v5\ARM\ARMCC\Bin'
Rebuild target 'R6_LME_02_STM32F429ZI_RTOS_Netconn'
assembling startup_stm32f429xx.s...
compiling Base64.c...
compiling dbg_uart.c...
compiling eeprom_i2c.c...
compiling main_logic.c...
compiling httpserver-netconn.c...
../Middlewares/Third_Party/LwIP/src/include/lwip/apps/httpd_opts.h(315): warning:  #2532-D: support for trigraphs is disabled
   * (who uses this at all??) */
..\Src\httpserver-netconn.c: 1 warning, 0 errors
compiling global_vars.c...
compiling cmd_response.c...
..\Src\cmd_response.c(179): warning:  #550-D: variable "rec_cmd"  was set but never used
  	static uint8_t rec_cmd; // Ñ‚Ð¸Ð¿ Ð¿Ð°ÐºÐµÑ‚Ð°, ÐºÐ¾Ð¼Ð°Ð½Ð´Ð°
..\Src\cmd_response.c: 1 warning, 0 errors
compiling uart.c...
compiling measurement.c...
compiling indication.c...
compiling freertos.c...
compiling main.c...
compiling lwip.c...
compiling ethernetif.c...
compiling stm32f4xx_it.c...
compiling stm32f4xx_hal_msp.c...
compiling stm32f4xx_hal_timebase_tim.c...
compiling encryption.c...
compiling log.c...
compiling stm32f4xx_hal_rcc_ex.c...
compiling stm32f4xx_hal_rcc.c...
compiling stm32f4xx_hal_eth.c...
compiling stm32f4xx_hal_flash.c...
compiling stm32f4xx_hal_flash_ramfunc.c...
compiling stm32f4xx_hal_flash_ex.c...
compiling stm32f4xx_hal_gpio.c...
compiling stm32f4xx_hal_dma_ex.c...
compiling stm32f4xx_hal_pwr.c...
compiling stm32f4xx_hal_dma.c...
compiling stm32f4xx_hal_pwr_ex.c...
compiling stm32f4xx_hal_cortex.c...
compiling stm32f4xx_hal.c...
compiling stm32f4xx_hal_exti.c...
compiling stm32f4xx_ll_rcc.c...
compiling stm32f4xx_ll_exti.c...
compiling stm32f4xx_ll_utils.c...
compiling stm32f4xx_hal_i2c_ex.c...
compiling stm32f4xx_hal_i2c.c...
compiling stm32f4xx_ll_usart.c...
compiling stm32f4xx_hal_tim_ex.c...
compiling stm32f4xx_hal_tim.c...
compiling stm32f4xx_ll_gpio.c...
compiling croutine.c...
compiling stm32f4xx_ll_dma.c...
compiling system_stm32f4xx.c...
compiling list.c...
compiling event_groups.c...
compiling stream_buffer.c...
compiling queue.c...
compiling timers.c...
compiling tasks.c...
compiling heap_4.c...
compiling cmsis_os.c...
compiling port.c...
compiling auth.c...
compiling ccp.c...
compiling chap_ms.c...
compiling chap-md5.c...
compiling demand.c...
compiling chap-new.c...
compiling eap.c...
compiling eui64.c...
compiling ipcp.c...
compiling fsm.c...
compiling ipv6cp.c...
compiling lcp.c...
compiling mppe.c...
compiling magic.c...
compiling multilink.c...
compiling ppp.c...
compiling pppcrypt.c...
compiling pppapi.c...
compiling pppoe.c...
compiling pppol2tp.c...
compiling pppos.c...
compiling upap.c...
compiling utils.c...
compiling vj.c...
compiling bridgeif.c...
compiling bridgeif_fdb.c...
compiling lowpan6.c...
compiling ethernet.c...
compiling lowpan6_ble.c...
compiling lowpan6_common.c...
compiling zepif.c...
compiling slipif.c...
compiling ecp.c...
compiling httpd.c...
../Middlewares/Third_Party/LwIP/src/include/lwip/apps/httpd_opts.h(315): warning:  #2532-D: support for trigraphs is disabled
   * (who uses this at all??) */
../Middlewares/Third_Party/LwIP/src/apps/http/httpd.c: 1 warning, 0 errors
compiling api_lib.c...
compiling fs.c...
../Middlewares/Third_Party/LwIP/src/include/lwip/apps/httpd_opts.h(315): warning:  #2532-D: support for trigraphs is disabled
   * (who uses this at all??) */
../Middlewares/Third_Party/LwIP/src/apps/http/fs.c: 1 warning, 0 errors
compiling err.c...
compiling api_msg.c...
compiling if_api.c...
compiling netbuf.c...
compiling netdb.c...
compiling netifapi.c...
compiling sockets.c...
compiling tcpip.c...
compiling altcp.c...
compiling altcp_alloc.c...
compiling altcp_tcp.c...
compiling def.c...
compiling dns.c...
compiling inet_chksum.c...
compiling init.c...
compiling ip.c...
compiling mem.c...
compiling memp.c...
compiling netif.c...
compiling raw.c...
compiling pbuf.c...
compiling stats.c...
compiling sys.c...
compiling tcp.c...
compiling tcp_in.c...
compiling tcp_out.c...
compiling timeouts.c...
compiling autoip.c...
compiling udp.c...
compiling dhcp.c...
compiling etharp.c...
compiling icmp.c...
compiling igmp.c...
compiling ip4.c...
compiling ip4_addr.c...
compiling dhcp6.c...
compiling ip4_frag.c...
compiling ethip6.c...
compiling icmp6.c...
compiling inet6.c...
compiling ip6.c...
compiling ip6_addr.c...
compiling ip6_frag.c...
compiling mld6.c...
compiling nd6.c...
compiling sys_arch.c...
compiling mqtt.c...
linking...
Program Size: Code=120644 RO-data=128836 RW-data=568 ZI-data=146600  
FromELF: creating hex file...
".\ObjectFiles\R6_LME_02_STM32F429ZI_RTOS_Netconn.axf" - 0 Error(s), 4 Warning(s).

<h2>Software Packages used:</h2>

Package Vendor: ARM
                http://www.keil.com/pack/ARM.CMSIS.5.8.0.pack
                ARM.CMSIS.5.8.0
                CMSIS (Common Microcontroller Software Interface Standard)
   * Component: CORE Version: 5.5.0

Package Vendor: Keil
                https://www.keil.com/pack/Keil.STM32F4xx_DFP.2.17.1.pack
                Keil.STM32F4xx_DFP.2.17.1
                STMicroelectronics STM32F4 Series Device Support, Drivers and Examples

<h2>Collection of Component include folders:</h2>
  .\RTE\_R6_LME_02_STM32F429ZI_RTOS_Netconn
  C:\Users\Professional\AppData\Local\Arm\Packs\ARM\CMSIS\5.8.0\CMSIS\Core\Include
  C:\Users\Professional\AppData\Local\Arm\Packs\Keil\STM32F4xx_DFP\2.17.1\Drivers\CMSIS\Device\ST\STM32F4xx\Include

<h2>Collection of Component Files used:</h2>

   * Component: ARM::CMSIS:CORE:5.5.0
Build Time Elapsed:  00:00:12
</pre>
</body>
</html>
