Archive member included to satisfy reference by file (symbol)

libCMSIS.a(MDR32F9Qx_uart.c.o)
                              CMakeFiles/milandr_uart.elf.dir/UserCode/main.cpp.o (UART_DeInit)
/usr/lib/gcc/arm-none-eabi/9.2.1/../../../arm-none-eabi/lib/thumb/v7-m/nofp/libc_nano.a(lib_a-atexit.o)
                              /usr/lib/gcc/arm-none-eabi/9.2.1/../../../arm-none-eabi/lib/thumb/v7-m/nofp/crt0.o (atexit)
/usr/lib/gcc/arm-none-eabi/9.2.1/../../../arm-none-eabi/lib/thumb/v7-m/nofp/libc_nano.a(lib_a-exit.o)
                              /usr/lib/gcc/arm-none-eabi/9.2.1/../../../arm-none-eabi/lib/thumb/v7-m/nofp/crt0.o (exit)
/usr/lib/gcc/arm-none-eabi/9.2.1/../../../arm-none-eabi/lib/thumb/v7-m/nofp/libc_nano.a(lib_a-fini.o)
                              /usr/lib/gcc/arm-none-eabi/9.2.1/../../../arm-none-eabi/lib/thumb/v7-m/nofp/crt0.o (__libc_fini_array)
/usr/lib/gcc/arm-none-eabi/9.2.1/../../../arm-none-eabi/lib/thumb/v7-m/nofp/libc_nano.a(lib_a-impure.o)
                              /usr/lib/gcc/arm-none-eabi/9.2.1/../../../arm-none-eabi/lib/thumb/v7-m/nofp/libc_nano.a(lib_a-exit.o) (_global_impure_ptr)
/usr/lib/gcc/arm-none-eabi/9.2.1/../../../arm-none-eabi/lib/thumb/v7-m/nofp/libc_nano.a(lib_a-init.o)
                              /usr/lib/gcc/arm-none-eabi/9.2.1/../../../arm-none-eabi/lib/thumb/v7-m/nofp/crt0.o (__libc_init_array)
/usr/lib/gcc/arm-none-eabi/9.2.1/../../../arm-none-eabi/lib/thumb/v7-m/nofp/libc_nano.a(lib_a-memset.o)
                              /usr/lib/gcc/arm-none-eabi/9.2.1/../../../arm-none-eabi/lib/thumb/v7-m/nofp/crt0.o (memset)
/usr/lib/gcc/arm-none-eabi/9.2.1/../../../arm-none-eabi/lib/thumb/v7-m/nofp/libc_nano.a(lib_a-__atexit.o)
                              /usr/lib/gcc/arm-none-eabi/9.2.1/../../../arm-none-eabi/lib/thumb/v7-m/nofp/libc_nano.a(lib_a-atexit.o) (__register_exitproc)
/usr/lib/gcc/arm-none-eabi/9.2.1/../../../arm-none-eabi/lib/thumb/v7-m/nofp/libc_nano.a(lib_a-__call_atexit.o)
                              /usr/lib/gcc/arm-none-eabi/9.2.1/../../../arm-none-eabi/lib/thumb/v7-m/nofp/libc_nano.a(lib_a-__atexit.o) (__call_exitprocs)
/usr/lib/gcc/arm-none-eabi/9.2.1/../../../arm-none-eabi/lib/thumb/v7-m/nofp/libnosys.a(_exit.o)
                              /usr/lib/gcc/arm-none-eabi/9.2.1/../../../arm-none-eabi/lib/thumb/v7-m/nofp/libc_nano.a(lib_a-exit.o) (_exit)

Discarded input sections

 .text          0x0000000000000000        0x0 /usr/lib/gcc/arm-none-eabi/9.2.1/thumb/v7-m/nofp/crti.o
 .data          0x0000000000000000        0x0 /usr/lib/gcc/arm-none-eabi/9.2.1/thumb/v7-m/nofp/crti.o
 .bss           0x0000000000000000        0x0 /usr/lib/gcc/arm-none-eabi/9.2.1/thumb/v7-m/nofp/crti.o
 .data          0x0000000000000000        0x4 /usr/lib/gcc/arm-none-eabi/9.2.1/thumb/v7-m/nofp/crtbegin.o
 .data          0x0000000000000000        0x0 /usr/lib/gcc/arm-none-eabi/9.2.1/../../../arm-none-eabi/lib/thumb/v7-m/nofp/crt0.o
 .bss           0x0000000000000000        0x0 /usr/lib/gcc/arm-none-eabi/9.2.1/../../../arm-none-eabi/lib/thumb/v7-m/nofp/crt0.o
 .ARM.extab     0x0000000000000000        0x0 /usr/lib/gcc/arm-none-eabi/9.2.1/../../../arm-none-eabi/lib/thumb/v7-m/nofp/crt0.o
 .text          0x0000000000000000        0x0 CMakeFiles/milandr_uart.elf.dir/UserCode/SPL_src/MDR32F9Qx_iwdg.c.o
 .data          0x0000000000000000        0x0 CMakeFiles/milandr_uart.elf.dir/UserCode/SPL_src/MDR32F9Qx_iwdg.c.o
 .bss           0x0000000000000000        0x0 CMakeFiles/milandr_uart.elf.dir/UserCode/SPL_src/MDR32F9Qx_iwdg.c.o
 .text.IWDG_WriteAccessEnable
                0x0000000000000000       0x10 CMakeFiles/milandr_uart.elf.dir/UserCode/SPL_src/MDR32F9Qx_iwdg.c.o
 .text.IWDG_WriteAccessDisable
                0x0000000000000000        0xc CMakeFiles/milandr_uart.elf.dir/UserCode/SPL_src/MDR32F9Qx_iwdg.c.o
 .text.IWDG_SetPrescaler
                0x0000000000000000        0xc CMakeFiles/milandr_uart.elf.dir/UserCode/SPL_src/MDR32F9Qx_iwdg.c.o
 .text.IWDG_GetPrescaler
                0x0000000000000000        0xc CMakeFiles/milandr_uart.elf.dir/UserCode/SPL_src/MDR32F9Qx_iwdg.c.o
 .text.IWDG_SetReload
                0x0000000000000000        0xc CMakeFiles/milandr_uart.elf.dir/UserCode/SPL_src/MDR32F9Qx_iwdg.c.o
 .text.IWDG_GetReload
                0x0000000000000000       0x10 CMakeFiles/milandr_uart.elf.dir/UserCode/SPL_src/MDR32F9Qx_iwdg.c.o
 .text.IWDG_ReloadCounter
                0x0000000000000000       0x10 CMakeFiles/milandr_uart.elf.dir/UserCode/SPL_src/MDR32F9Qx_iwdg.c.o
 .text.IWDG_Enable
                0x0000000000000000       0x10 CMakeFiles/milandr_uart.elf.dir/UserCode/SPL_src/MDR32F9Qx_iwdg.c.o
 .text.IWDG_GetFlagStatus
                0x0000000000000000       0x14 CMakeFiles/milandr_uart.elf.dir/UserCode/SPL_src/MDR32F9Qx_iwdg.c.o
 .comment       0x0000000000000000       0x5a CMakeFiles/milandr_uart.elf.dir/UserCode/SPL_src/MDR32F9Qx_iwdg.c.o
 .text          0x0000000000000000        0x0 CMakeFiles/milandr_uart.elf.dir/UserCode/SPL_src/MDR32F9Qx_port.c.o
 .data          0x0000000000000000        0x0 CMakeFiles/milandr_uart.elf.dir/UserCode/SPL_src/MDR32F9Qx_port.c.o
 .bss           0x0000000000000000        0x0 CMakeFiles/milandr_uart.elf.dir/UserCode/SPL_src/MDR32F9Qx_port.c.o
 .text.PORT_DeInit
                0x0000000000000000       0x14 CMakeFiles/milandr_uart.elf.dir/UserCode/SPL_src/MDR32F9Qx_port.c.o
 .text.PORT_ReadInputDataBit
                0x0000000000000000        0xc CMakeFiles/milandr_uart.elf.dir/UserCode/SPL_src/MDR32F9Qx_port.c.o
 .text.PORT_ReadInputData
                0x0000000000000000        0x4 CMakeFiles/milandr_uart.elf.dir/UserCode/SPL_src/MDR32F9Qx_port.c.o
 .text.PORT_SetBits
                0x0000000000000000       0x18 CMakeFiles/milandr_uart.elf.dir/UserCode/SPL_src/MDR32F9Qx_port.c.o
 .text.PORT_ResetBits
                0x0000000000000000       0x18 CMakeFiles/milandr_uart.elf.dir/UserCode/SPL_src/MDR32F9Qx_port.c.o
 .text.PORT_WriteBit
                0x0000000000000000       0x34 CMakeFiles/milandr_uart.elf.dir/UserCode/SPL_src/MDR32F9Qx_port.c.o
 .text.PORT_Write
                0x0000000000000000       0x14 CMakeFiles/milandr_uart.elf.dir/UserCode/SPL_src/MDR32F9Qx_port.c.o
 .text          0x0000000000000000        0x0 CMakeFiles/milandr_uart.elf.dir/UserCode/SPL_src/MDR32F9Qx_rst_clk.c.o
 .data          0x0000000000000000        0x0 CMakeFiles/milandr_uart.elf.dir/UserCode/SPL_src/MDR32F9Qx_rst_clk.c.o
 .bss           0x0000000000000000        0x0 CMakeFiles/milandr_uart.elf.dir/UserCode/SPL_src/MDR32F9Qx_rst_clk.c.o
 .text.RST_CLK_WarmDeInit
                0x0000000000000000       0x78 CMakeFiles/milandr_uart.elf.dir/UserCode/SPL_src/MDR32F9Qx_rst_clk.c.o
 .text.RST_CLK_DeInit
                0x0000000000000000       0x2c CMakeFiles/milandr_uart.elf.dir/UserCode/SPL_src/MDR32F9Qx_rst_clk.c.o
 .text.RST_CLK_HSEconfig
                0x0000000000000000       0x2c CMakeFiles/milandr_uart.elf.dir/UserCode/SPL_src/MDR32F9Qx_rst_clk.c.o
 .text.RST_CLK_HSEstatus
                0x0000000000000000       0x30 CMakeFiles/milandr_uart.elf.dir/UserCode/SPL_src/MDR32F9Qx_rst_clk.c.o
 .text.RST_CLK_LSEconfig
                0x0000000000000000       0x2c CMakeFiles/milandr_uart.elf.dir/UserCode/SPL_src/MDR32F9Qx_rst_clk.c.o
 .text.RST_CLK_LSEstatus
                0x0000000000000000       0x30 CMakeFiles/milandr_uart.elf.dir/UserCode/SPL_src/MDR32F9Qx_rst_clk.c.o
 .text.RST_CLK_HSIcmd
                0x0000000000000000        0xc CMakeFiles/milandr_uart.elf.dir/UserCode/SPL_src/MDR32F9Qx_rst_clk.c.o
 .text.RST_CLK_HSIadjust
                0x0000000000000000       0x14 CMakeFiles/milandr_uart.elf.dir/UserCode/SPL_src/MDR32F9Qx_rst_clk.c.o
 .text.RST_CLK_HSIstatus
                0x0000000000000000       0x30 CMakeFiles/milandr_uart.elf.dir/UserCode/SPL_src/MDR32F9Qx_rst_clk.c.o
 .text.RST_CLK_LSIcmd
                0x0000000000000000        0xc CMakeFiles/milandr_uart.elf.dir/UserCode/SPL_src/MDR32F9Qx_rst_clk.c.o
 .text.RST_CLK_LSIadjust
                0x0000000000000000       0x14 CMakeFiles/milandr_uart.elf.dir/UserCode/SPL_src/MDR32F9Qx_rst_clk.c.o
 .text.RST_CLK_LSIstatus
                0x0000000000000000       0x30 CMakeFiles/milandr_uart.elf.dir/UserCode/SPL_src/MDR32F9Qx_rst_clk.c.o
 .text.RST_CLK_CPU_PLLconfig
                0x0000000000000000       0x3c CMakeFiles/milandr_uart.elf.dir/UserCode/SPL_src/MDR32F9Qx_rst_clk.c.o
 .text.RST_CLK_CPU_PLLuse
                0x0000000000000000        0xc CMakeFiles/milandr_uart.elf.dir/UserCode/SPL_src/MDR32F9Qx_rst_clk.c.o
 .text.RST_CLK_CPU_PLLcmd
                0x0000000000000000        0xc CMakeFiles/milandr_uart.elf.dir/UserCode/SPL_src/MDR32F9Qx_rst_clk.c.o
 .text.RST_CLK_CPU_PLLstatus
                0x0000000000000000       0x30 CMakeFiles/milandr_uart.elf.dir/UserCode/SPL_src/MDR32F9Qx_rst_clk.c.o
 .text.RST_CLK_CPUclkPrescaler
                0x0000000000000000       0x14 CMakeFiles/milandr_uart.elf.dir/UserCode/SPL_src/MDR32F9Qx_rst_clk.c.o
 .text.RST_CLK_CPUclkSelection
                0x0000000000000000       0x14 CMakeFiles/milandr_uart.elf.dir/UserCode/SPL_src/MDR32F9Qx_rst_clk.c.o
 .text.RST_CLK_USB_PLLconfig
                0x0000000000000000       0x3c CMakeFiles/milandr_uart.elf.dir/UserCode/SPL_src/MDR32F9Qx_rst_clk.c.o
 .text.RST_CLK_USB_PLLuse
                0x0000000000000000        0xc CMakeFiles/milandr_uart.elf.dir/UserCode/SPL_src/MDR32F9Qx_rst_clk.c.o
 .text.RST_CLK_USB_PLLcmd
                0x0000000000000000        0xc CMakeFiles/milandr_uart.elf.dir/UserCode/SPL_src/MDR32F9Qx_rst_clk.c.o
 .text.RST_CLK_USB_PLLstatus
                0x0000000000000000       0x30 CMakeFiles/milandr_uart.elf.dir/UserCode/SPL_src/MDR32F9Qx_rst_clk.c.o
 .text.RST_CLK_USBclkPrescaler
                0x0000000000000000        0xc CMakeFiles/milandr_uart.elf.dir/UserCode/SPL_src/MDR32F9Qx_rst_clk.c.o
 .text.RST_CLK_USBclkEnable
                0x0000000000000000        0xc CMakeFiles/milandr_uart.elf.dir/UserCode/SPL_src/MDR32F9Qx_rst_clk.c.o
 .text.RST_CLK_ADCclkSelection
                0x0000000000000000       0x14 CMakeFiles/milandr_uart.elf.dir/UserCode/SPL_src/MDR32F9Qx_rst_clk.c.o
 .text.RST_CLK_ADCclkPrescaler
                0x0000000000000000       0x14 CMakeFiles/milandr_uart.elf.dir/UserCode/SPL_src/MDR32F9Qx_rst_clk.c.o
 .text.RST_CLK_ADCclkEnable
                0x0000000000000000        0xc CMakeFiles/milandr_uart.elf.dir/UserCode/SPL_src/MDR32F9Qx_rst_clk.c.o
 .text.RST_CLK_HSIclkPrescaler
                0x0000000000000000       0x14 CMakeFiles/milandr_uart.elf.dir/UserCode/SPL_src/MDR32F9Qx_rst_clk.c.o
 .text.RST_CLK_RTC_HSIclkEnable
                0x0000000000000000        0xc CMakeFiles/milandr_uart.elf.dir/UserCode/SPL_src/MDR32F9Qx_rst_clk.c.o
 .text.RST_CLK_HSEclkPrescaler
                0x0000000000000000       0x14 CMakeFiles/milandr_uart.elf.dir/UserCode/SPL_src/MDR32F9Qx_rst_clk.c.o
 .text.RST_CLK_RTC_HSEclkEnable
                0x0000000000000000        0xc CMakeFiles/milandr_uart.elf.dir/UserCode/SPL_src/MDR32F9Qx_rst_clk.c.o
 .text.RST_CLK_CPUclkSelectionC1
                0x0000000000000000       0x14 CMakeFiles/milandr_uart.elf.dir/UserCode/SPL_src/MDR32F9Qx_rst_clk.c.o
 .text.RST_CLK_GetFlagStatus
                0x0000000000000000       0x28 CMakeFiles/milandr_uart.elf.dir/UserCode/SPL_src/MDR32F9Qx_rst_clk.c.o
 .text          0x0000000000000000        0x0 CMakeFiles/milandr_uart.elf.dir/UserCode/SPL_src/MDR32F9Qx_timer.c.o
 .data          0x0000000000000000        0x0 CMakeFiles/milandr_uart.elf.dir/UserCode/SPL_src/MDR32F9Qx_timer.c.o
 .bss           0x0000000000000000        0x0 CMakeFiles/milandr_uart.elf.dir/UserCode/SPL_src/MDR32F9Qx_timer.c.o
 .text.TIMER_DeInit
                0x0000000000000000       0x44 CMakeFiles/milandr_uart.elf.dir/UserCode/SPL_src/MDR32F9Qx_timer.c.o
 .text.TIMER_CntInit
                0x0000000000000000       0x38 CMakeFiles/milandr_uart.elf.dir/UserCode/SPL_src/MDR32F9Qx_timer.c.o
 .text.TIMER_CntStructInit
                0x0000000000000000       0x10 CMakeFiles/milandr_uart.elf.dir/UserCode/SPL_src/MDR32F9Qx_timer.c.o
 .text.TIMER_Cmd
                0x0000000000000000       0x14 CMakeFiles/milandr_uart.elf.dir/UserCode/SPL_src/MDR32F9Qx_timer.c.o
 .text.TIMER_SetCounter
                0x0000000000000000        0x4 CMakeFiles/milandr_uart.elf.dir/UserCode/SPL_src/MDR32F9Qx_timer.c.o
 .text.TIMER_GetCounter
                0x0000000000000000        0x8 CMakeFiles/milandr_uart.elf.dir/UserCode/SPL_src/MDR32F9Qx_timer.c.o
 .text.TIMER_SetCntPrescaler
                0x0000000000000000        0x4 CMakeFiles/milandr_uart.elf.dir/UserCode/SPL_src/MDR32F9Qx_timer.c.o
 .text.TIMER_GetCntPrescaler
                0x0000000000000000        0x8 CMakeFiles/milandr_uart.elf.dir/UserCode/SPL_src/MDR32F9Qx_timer.c.o
 .text.TIMER_SetCntAutoreload
                0x0000000000000000        0x4 CMakeFiles/milandr_uart.elf.dir/UserCode/SPL_src/MDR32F9Qx_timer.c.o
 .text.TIMER_CntAutoreloadConfig
                0x0000000000000000       0x10 CMakeFiles/milandr_uart.elf.dir/UserCode/SPL_src/MDR32F9Qx_timer.c.o
 .text.TIMER_GetCntAutoreload
                0x0000000000000000        0x8 CMakeFiles/milandr_uart.elf.dir/UserCode/SPL_src/MDR32F9Qx_timer.c.o
 .text.TIMER_CntEventSourceConfig
                0x0000000000000000        0xc CMakeFiles/milandr_uart.elf.dir/UserCode/SPL_src/MDR32F9Qx_timer.c.o
 .text.TIMER_FilterSamplingConfig
                0x0000000000000000        0xc CMakeFiles/milandr_uart.elf.dir/UserCode/SPL_src/MDR32F9Qx_timer.c.o
 .text.TIMER_CounterModeConfig
                0x0000000000000000        0xc CMakeFiles/milandr_uart.elf.dir/UserCode/SPL_src/MDR32F9Qx_timer.c.o
 .text.TIMER_SetCounterDirection
                0x0000000000000000        0xc CMakeFiles/milandr_uart.elf.dir/UserCode/SPL_src/MDR32F9Qx_timer.c.o
 .text.TIMER_ETRInputConfig
                0x0000000000000000       0x18 CMakeFiles/milandr_uart.elf.dir/UserCode/SPL_src/MDR32F9Qx_timer.c.o
 .text.TIMER_ETRFilterConfig
                0x0000000000000000       0x10 CMakeFiles/milandr_uart.elf.dir/UserCode/SPL_src/MDR32F9Qx_timer.c.o
 .text.TIMER_ETRPrescalerConfig
                0x0000000000000000        0xc CMakeFiles/milandr_uart.elf.dir/UserCode/SPL_src/MDR32F9Qx_timer.c.o
 .text.TIMER_ETRPolarityConfig
                0x0000000000000000        0xc CMakeFiles/milandr_uart.elf.dir/UserCode/SPL_src/MDR32F9Qx_timer.c.o
 .text.TIMER_BRKPolarityConfig
                0x0000000000000000        0xc CMakeFiles/milandr_uart.elf.dir/UserCode/SPL_src/MDR32F9Qx_timer.c.o
 .text.TIMER_GetCounterDirection
                0x0000000000000000        0x8 CMakeFiles/milandr_uart.elf.dir/UserCode/SPL_src/MDR32F9Qx_timer.c.o
 .text.TIMER_GetCntWriteComplete
                0x0000000000000000        0x8 CMakeFiles/milandr_uart.elf.dir/UserCode/SPL_src/MDR32F9Qx_timer.c.o
 .text.TIMER_ChnInit
                0x0000000000000000       0x48 CMakeFiles/milandr_uart.elf.dir/UserCode/SPL_src/MDR32F9Qx_timer.c.o
 .text.TIMER_ChnStructInit
                0x0000000000000000       0x10 CMakeFiles/milandr_uart.elf.dir/UserCode/SPL_src/MDR32F9Qx_timer.c.o
 .text.TIMER_SetChnCompare
                0x0000000000000000        0x8 CMakeFiles/milandr_uart.elf.dir/UserCode/SPL_src/MDR32F9Qx_timer.c.o
 .text.TIMER_ChnCompareConfig
                0x0000000000000000       0x20 CMakeFiles/milandr_uart.elf.dir/UserCode/SPL_src/MDR32F9Qx_timer.c.o
 .text.TIMER_GetChnCapture
                0x0000000000000000        0xc CMakeFiles/milandr_uart.elf.dir/UserCode/SPL_src/MDR32F9Qx_timer.c.o
 .text.TIMER_SetChnCompare1
                0x0000000000000000        0x8 CMakeFiles/milandr_uart.elf.dir/UserCode/SPL_src/MDR32F9Qx_timer.c.o
 .text.TIMER_ChnCompare1Config
                0x0000000000000000       0x20 CMakeFiles/milandr_uart.elf.dir/UserCode/SPL_src/MDR32F9Qx_timer.c.o
 .text.TIMER_GetChnCapture1
                0x0000000000000000        0xc CMakeFiles/milandr_uart.elf.dir/UserCode/SPL_src/MDR32F9Qx_timer.c.o
 .text.TIMER_ChnETR_Cmd
                0x0000000000000000       0x1c CMakeFiles/milandr_uart.elf.dir/UserCode/SPL_src/MDR32F9Qx_timer.c.o
 .text.TIMER_ChnETRResetConfig
                0x0000000000000000       0x14 CMakeFiles/milandr_uart.elf.dir/UserCode/SPL_src/MDR32F9Qx_timer.c.o
 .text.TIMER_ChnBRKResetConfig
                0x0000000000000000       0x14 CMakeFiles/milandr_uart.elf.dir/UserCode/SPL_src/MDR32F9Qx_timer.c.o
 .text.TIMER_ChnREFFormatConfig
                0x0000000000000000       0x14 CMakeFiles/milandr_uart.elf.dir/UserCode/SPL_src/MDR32F9Qx_timer.c.o
 .text.TIMER_ChnCapturePrescalerConfig
                0x0000000000000000       0x14 CMakeFiles/milandr_uart.elf.dir/UserCode/SPL_src/MDR32F9Qx_timer.c.o
 .text.TIMER_ChnEventSourceConfig
                0x0000000000000000       0x14 CMakeFiles/milandr_uart.elf.dir/UserCode/SPL_src/MDR32F9Qx_timer.c.o
 .text.TIMER_ChnFilterConfig
                0x0000000000000000       0x14 CMakeFiles/milandr_uart.elf.dir/UserCode/SPL_src/MDR32F9Qx_timer.c.o
 .text.TIMER_GetChnWriteComplete
                0x0000000000000000        0xc CMakeFiles/milandr_uart.elf.dir/UserCode/SPL_src/MDR32F9Qx_timer.c.o
 .text.TIMER_ChnCCR1_EventSourceConfig
                0x0000000000000000       0x14 CMakeFiles/milandr_uart.elf.dir/UserCode/SPL_src/MDR32F9Qx_timer.c.o
 .text.TIMER_ChnCCR1_Cmd
                0x0000000000000000       0x1c CMakeFiles/milandr_uart.elf.dir/UserCode/SPL_src/MDR32F9Qx_timer.c.o
 .text.TIMER_ChnOutInit
                0x0000000000000000       0x44 CMakeFiles/milandr_uart.elf.dir/UserCode/SPL_src/MDR32F9Qx_timer.c.o
 .text.TIMER_ChnOutStructInit
                0x0000000000000000       0x18 CMakeFiles/milandr_uart.elf.dir/UserCode/SPL_src/MDR32F9Qx_timer.c.o
 .text.TIMER_ChnOutConfig
                0x0000000000000000       0x24 CMakeFiles/milandr_uart.elf.dir/UserCode/SPL_src/MDR32F9Qx_timer.c.o
 .text.TIMER_ChnOutSourceConfig
                0x0000000000000000       0x14 CMakeFiles/milandr_uart.elf.dir/UserCode/SPL_src/MDR32F9Qx_timer.c.o
 .text.TIMER_ChnOutModeConfig
                0x0000000000000000       0x14 CMakeFiles/milandr_uart.elf.dir/UserCode/SPL_src/MDR32F9Qx_timer.c.o
 .text.TIMER_ChnOutPolarityConfig
                0x0000000000000000       0x14 CMakeFiles/milandr_uart.elf.dir/UserCode/SPL_src/MDR32F9Qx_timer.c.o
 .text.TIMER_ChnNOutConfig
                0x0000000000000000       0x24 CMakeFiles/milandr_uart.elf.dir/UserCode/SPL_src/MDR32F9Qx_timer.c.o
 .text.TIMER_ChnNOutSourceConfig
                0x0000000000000000       0x14 CMakeFiles/milandr_uart.elf.dir/UserCode/SPL_src/MDR32F9Qx_timer.c.o
 .text.TIMER_ChnNOutModeConfig
                0x0000000000000000       0x14 CMakeFiles/milandr_uart.elf.dir/UserCode/SPL_src/MDR32F9Qx_timer.c.o
 .text.TIMER_ChnNOutPolarityConfig
                0x0000000000000000       0x14 CMakeFiles/milandr_uart.elf.dir/UserCode/SPL_src/MDR32F9Qx_timer.c.o
 .text.TIMER_ChnOutDTGConfig
                0x0000000000000000       0x18 CMakeFiles/milandr_uart.elf.dir/UserCode/SPL_src/MDR32F9Qx_timer.c.o
 .text.TIMER_GetStatus
                0x0000000000000000        0x4 CMakeFiles/milandr_uart.elf.dir/UserCode/SPL_src/MDR32F9Qx_timer.c.o
 .text.TIMER_GetFlagStatus
                0x0000000000000000        0xc CMakeFiles/milandr_uart.elf.dir/UserCode/SPL_src/MDR32F9Qx_timer.c.o
 .text.TIMER_ClearFlag
                0x0000000000000000        0x8 CMakeFiles/milandr_uart.elf.dir/UserCode/SPL_src/MDR32F9Qx_timer.c.o
 .text.TIMER_DMACmd
                0x0000000000000000       0x14 CMakeFiles/milandr_uart.elf.dir/UserCode/SPL_src/MDR32F9Qx_timer.c.o
 .text.TIMER_ITConfig
                0x0000000000000000       0x14 CMakeFiles/milandr_uart.elf.dir/UserCode/SPL_src/MDR32F9Qx_timer.c.o
 .text.TIMER_GetITStatus
                0x0000000000000000       0x10 CMakeFiles/milandr_uart.elf.dir/UserCode/SPL_src/MDR32F9Qx_timer.c.o
 .text.TIMER_BRGInit
                0x0000000000000000       0x60 CMakeFiles/milandr_uart.elf.dir/UserCode/SPL_src/MDR32F9Qx_timer.c.o
 .comment       0x0000000000000000       0x5a CMakeFiles/milandr_uart.elf.dir/UserCode/SPL_src/MDR32F9Qx_timer.c.o
 .text          0x0000000000000000        0x0 CMakeFiles/milandr_uart.elf.dir/UserCode/SPL_src/MDR32F9Qx_usb.c.o
 .data          0x0000000000000000        0x0 CMakeFiles/milandr_uart.elf.dir/UserCode/SPL_src/MDR32F9Qx_usb.c.o
 .bss           0x0000000000000000        0x0 CMakeFiles/milandr_uart.elf.dir/UserCode/SPL_src/MDR32F9Qx_usb.c.o
 .text.USB_BRGInit
                0x0000000000000000       0x30 CMakeFiles/milandr_uart.elf.dir/UserCode/SPL_src/MDR32F9Qx_usb.c.o
 .text.USB_Reset
                0x0000000000000000       0x20 CMakeFiles/milandr_uart.elf.dir/UserCode/SPL_src/MDR32F9Qx_usb.c.o
 .text.USB_GetHSCR
                0x0000000000000000        0xc CMakeFiles/milandr_uart.elf.dir/UserCode/SPL_src/MDR32F9Qx_usb.c.o
 .text.USB_SetHSCR
                0x0000000000000000       0x18 CMakeFiles/milandr_uart.elf.dir/UserCode/SPL_src/MDR32F9Qx_usb.c.o
 .text.USB_GetHSVR
                0x0000000000000000       0x24 CMakeFiles/milandr_uart.elf.dir/UserCode/SPL_src/MDR32F9Qx_usb.c.o
 .text.USB_GetHTXC
                0x0000000000000000        0xc CMakeFiles/milandr_uart.elf.dir/UserCode/SPL_src/MDR32F9Qx_usb.c.o
 .text.USB_SetHTXC
                0x0000000000000000       0x14 CMakeFiles/milandr_uart.elf.dir/UserCode/SPL_src/MDR32F9Qx_usb.c.o
 .text.USB_GetHTXT
                0x0000000000000000        0xc CMakeFiles/milandr_uart.elf.dir/UserCode/SPL_src/MDR32F9Qx_usb.c.o
 .text.USB_SetHTXT
                0x0000000000000000        0xc CMakeFiles/milandr_uart.elf.dir/UserCode/SPL_src/MDR32F9Qx_usb.c.o
 .text.USB_GetHTXLC
                0x0000000000000000        0xc CMakeFiles/milandr_uart.elf.dir/UserCode/SPL_src/MDR32F9Qx_usb.c.o
 .text.USB_SetHTXLC
                0x0000000000000000       0x14 CMakeFiles/milandr_uart.elf.dir/UserCode/SPL_src/MDR32F9Qx_usb.c.o
 .text.USB_GetHTXSE
                0x0000000000000000        0xc CMakeFiles/milandr_uart.elf.dir/UserCode/SPL_src/MDR32F9Qx_usb.c.o
 .text.USB_SetHTXSE
                0x0000000000000000       0x14 CMakeFiles/milandr_uart.elf.dir/UserCode/SPL_src/MDR32F9Qx_usb.c.o
 .text.USB_GetHTXA
                0x0000000000000000        0xc CMakeFiles/milandr_uart.elf.dir/UserCode/SPL_src/MDR32F9Qx_usb.c.o
 .text.USB_SetHTXA
                0x0000000000000000        0xc CMakeFiles/milandr_uart.elf.dir/UserCode/SPL_src/MDR32F9Qx_usb.c.o
 .text.USB_GetHTXE
                0x0000000000000000        0xc CMakeFiles/milandr_uart.elf.dir/UserCode/SPL_src/MDR32F9Qx_usb.c.o
 .text.USB_SetHTXE
                0x0000000000000000        0xc CMakeFiles/milandr_uart.elf.dir/UserCode/SPL_src/MDR32F9Qx_usb.c.o
 .text.USB_GetHFN
                0x0000000000000000        0xc CMakeFiles/milandr_uart.elf.dir/UserCode/SPL_src/MDR32F9Qx_usb.c.o
 .text.USB_GetHIS
                0x0000000000000000        0xc CMakeFiles/milandr_uart.elf.dir/UserCode/SPL_src/MDR32F9Qx_usb.c.o
 .text.USB_SetHIS
                0x0000000000000000       0x14 CMakeFiles/milandr_uart.elf.dir/UserCode/SPL_src/MDR32F9Qx_usb.c.o
 .text.USB_GetHIM
                0x0000000000000000        0xc CMakeFiles/milandr_uart.elf.dir/UserCode/SPL_src/MDR32F9Qx_usb.c.o
 .text.USB_SetHIM
                0x0000000000000000       0x14 CMakeFiles/milandr_uart.elf.dir/UserCode/SPL_src/MDR32F9Qx_usb.c.o
 .text.USB_GetHRXS
                0x0000000000000000        0xc CMakeFiles/milandr_uart.elf.dir/UserCode/SPL_src/MDR32F9Qx_usb.c.o
 .text.USB_GetHRXP
                0x0000000000000000        0xc CMakeFiles/milandr_uart.elf.dir/UserCode/SPL_src/MDR32F9Qx_usb.c.o
 .text.USB_GetHRXA
                0x0000000000000000        0xc CMakeFiles/milandr_uart.elf.dir/UserCode/SPL_src/MDR32F9Qx_usb.c.o
 .text.USB_GetHRXE
                0x0000000000000000        0xc CMakeFiles/milandr_uart.elf.dir/UserCode/SPL_src/MDR32F9Qx_usb.c.o
 .text.USB_GetHRXCS
                0x0000000000000000        0xc CMakeFiles/milandr_uart.elf.dir/UserCode/SPL_src/MDR32F9Qx_usb.c.o
 .text.USB_GetHSTM
                0x0000000000000000        0xc CMakeFiles/milandr_uart.elf.dir/UserCode/SPL_src/MDR32F9Qx_usb.c.o
 .text.USB_GetHRXFD
                0x0000000000000000        0xc CMakeFiles/milandr_uart.elf.dir/UserCode/SPL_src/MDR32F9Qx_usb.c.o
 .text.USB_GetHRXFDC
                0x0000000000000000        0xc CMakeFiles/milandr_uart.elf.dir/UserCode/SPL_src/MDR32F9Qx_usb.c.o
 .text.USB_GetHRXFC
                0x0000000000000000        0xc CMakeFiles/milandr_uart.elf.dir/UserCode/SPL_src/MDR32F9Qx_usb.c.o
 .text.USB_SetHRXFC
                0x0000000000000000        0xc CMakeFiles/milandr_uart.elf.dir/UserCode/SPL_src/MDR32F9Qx_usb.c.o
 .text.USB_GetHTXFD
                0x0000000000000000        0xc CMakeFiles/milandr_uart.elf.dir/UserCode/SPL_src/MDR32F9Qx_usb.c.o
 .text.USB_SetHTXFD
                0x0000000000000000        0xc CMakeFiles/milandr_uart.elf.dir/UserCode/SPL_src/MDR32F9Qx_usb.c.o
 .text.USB_GetHTXFC
                0x0000000000000000        0xc CMakeFiles/milandr_uart.elf.dir/UserCode/SPL_src/MDR32F9Qx_usb.c.o
 .text.USB_SetHTXFC
                0x0000000000000000        0xc CMakeFiles/milandr_uart.elf.dir/UserCode/SPL_src/MDR32F9Qx_usb.c.o
 .text.USB_GetSEPxCTRL
                0x0000000000000000       0x10 CMakeFiles/milandr_uart.elf.dir/UserCode/SPL_src/MDR32F9Qx_usb.c.o
 .text.USB_SetSEPxCTRL
                0x0000000000000000       0x1c CMakeFiles/milandr_uart.elf.dir/UserCode/SPL_src/MDR32F9Qx_usb.c.o
 .text.USB_GetSEPxSTS
                0x0000000000000000       0x10 CMakeFiles/milandr_uart.elf.dir/UserCode/SPL_src/MDR32F9Qx_usb.c.o
 .text.USB_GetSEPxTS
                0x0000000000000000       0x10 CMakeFiles/milandr_uart.elf.dir/UserCode/SPL_src/MDR32F9Qx_usb.c.o
 .text.USB_GetSEPxNTS
                0x0000000000000000       0x10 CMakeFiles/milandr_uart.elf.dir/UserCode/SPL_src/MDR32F9Qx_usb.c.o
 .text.USB_GetSC
                0x0000000000000000        0xc CMakeFiles/milandr_uart.elf.dir/UserCode/SPL_src/MDR32F9Qx_usb.c.o
 .text.USB_SetSC
                0x0000000000000000       0x18 CMakeFiles/milandr_uart.elf.dir/UserCode/SPL_src/MDR32F9Qx_usb.c.o
 .text.USB_GetSLS
                0x0000000000000000        0xc CMakeFiles/milandr_uart.elf.dir/UserCode/SPL_src/MDR32F9Qx_usb.c.o
 .text.USB_GetSIS
                0x0000000000000000        0xc CMakeFiles/milandr_uart.elf.dir/UserCode/SPL_src/MDR32F9Qx_usb.c.o
 .text.USB_SetSIS
                0x0000000000000000        0xc CMakeFiles/milandr_uart.elf.dir/UserCode/SPL_src/MDR32F9Qx_usb.c.o
 .text.USB_GetSIM
                0x0000000000000000        0xc CMakeFiles/milandr_uart.elf.dir/UserCode/SPL_src/MDR32F9Qx_usb.c.o
 .text.USB_SetSIM
                0x0000000000000000       0x18 CMakeFiles/milandr_uart.elf.dir/UserCode/SPL_src/MDR32F9Qx_usb.c.o
 .text.USB_GetSA
                0x0000000000000000        0xc CMakeFiles/milandr_uart.elf.dir/UserCode/SPL_src/MDR32F9Qx_usb.c.o
 .text.USB_SetSA
                0x0000000000000000        0xc CMakeFiles/milandr_uart.elf.dir/UserCode/SPL_src/MDR32F9Qx_usb.c.o
 .text.USB_GetSFN
                0x0000000000000000        0xc CMakeFiles/milandr_uart.elf.dir/UserCode/SPL_src/MDR32F9Qx_usb.c.o
 .text.USB_GetSEPxRXFD
                0x0000000000000000       0x10 CMakeFiles/milandr_uart.elf.dir/UserCode/SPL_src/MDR32F9Qx_usb.c.o
 .text.USB_GetSEPxRXFDC
                0x0000000000000000       0x10 CMakeFiles/milandr_uart.elf.dir/UserCode/SPL_src/MDR32F9Qx_usb.c.o
 .text.USB_GetSEPxRXFC
                0x0000000000000000       0x10 CMakeFiles/milandr_uart.elf.dir/UserCode/SPL_src/MDR32F9Qx_usb.c.o
 .text.USB_SetSEPxRXFC
                0x0000000000000000       0x10 CMakeFiles/milandr_uart.elf.dir/UserCode/SPL_src/MDR32F9Qx_usb.c.o
 .text.USB_GetSEPxTXFD
                0x0000000000000000       0x10 CMakeFiles/milandr_uart.elf.dir/UserCode/SPL_src/MDR32F9Qx_usb.c.o
 .text.USB_SetSEPxTXFD
                0x0000000000000000       0x10 CMakeFiles/milandr_uart.elf.dir/UserCode/SPL_src/MDR32F9Qx_usb.c.o
 .text.USB_GetSEPxTXFDC
                0x0000000000000000       0x10 CMakeFiles/milandr_uart.elf.dir/UserCode/SPL_src/MDR32F9Qx_usb.c.o
 .text.USB_SetSEPxTXFDC
                0x0000000000000000       0x10 CMakeFiles/milandr_uart.elf.dir/UserCode/SPL_src/MDR32F9Qx_usb.c.o
 .text.USB_SEPxToggleEPDATASEQ
                0x0000000000000000       0x18 CMakeFiles/milandr_uart.elf.dir/UserCode/SPL_src/MDR32F9Qx_usb.c.o
 .comment       0x0000000000000000       0x5a CMakeFiles/milandr_uart.elf.dir/UserCode/SPL_src/MDR32F9Qx_usb.c.o
 .text          0x0000000000000000        0x0 CMakeFiles/milandr_uart.elf.dir/UserCode/main.cpp.o
 .data          0x0000000000000000        0x0 CMakeFiles/milandr_uart.elf.dir/UserCode/main.cpp.o
 .text          0x0000000000000000        0x0 libCMSIS.a(MDR32F9Qx_uart.c.o)
 .data          0x0000000000000000        0x0 libCMSIS.a(MDR32F9Qx_uart.c.o)
 .bss           0x0000000000000000        0x0 libCMSIS.a(MDR32F9Qx_uart.c.o)
 .text.UART_StructInit
                0x0000000000000000       0x14 libCMSIS.a(MDR32F9Qx_uart.c.o)
 .text.UART_GetITStatus
                0x0000000000000000       0x10 libCMSIS.a(MDR32F9Qx_uart.c.o)
 .text.UART_GetITStatusMasked
                0x0000000000000000        0xc libCMSIS.a(MDR32F9Qx_uart.c.o)
 .text.UART_ClearITPendingBit
                0x0000000000000000        0x8 libCMSIS.a(MDR32F9Qx_uart.c.o)
 .text.UART_DMAConfig
                0x0000000000000000        0x8 libCMSIS.a(MDR32F9Qx_uart.c.o)
 .text.UART_DMACmd
                0x0000000000000000       0x18 libCMSIS.a(MDR32F9Qx_uart.c.o)
 .text.UART_BreakLine
                0x0000000000000000       0x18 libCMSIS.a(MDR32F9Qx_uart.c.o)
 .text.UART_IrDAConfig
                0x0000000000000000       0x30 libCMSIS.a(MDR32F9Qx_uart.c.o)
 .text.UART_IrDACmd
                0x0000000000000000       0x18 libCMSIS.a(MDR32F9Qx_uart.c.o)
 .text.UART_GetFlagStatus
                0x0000000000000000        0xc libCMSIS.a(MDR32F9Qx_uart.c.o)
 .data          0x0000000000000000        0x0 /usr/lib/gcc/arm-none-eabi/9.2.1/../../../arm-none-eabi/lib/thumb/v7-m/nofp/libc_nano.a(lib_a-atexit.o)
 .bss           0x0000000000000000        0x0 /usr/lib/gcc/arm-none-eabi/9.2.1/../../../arm-none-eabi/lib/thumb/v7-m/nofp/libc_nano.a(lib_a-atexit.o)
 .data          0x0000000000000000        0x0 /usr/lib/gcc/arm-none-eabi/9.2.1/../../../arm-none-eabi/lib/thumb/v7-m/nofp/libc_nano.a(lib_a-exit.o)
 .bss           0x0000000000000000        0x0 /usr/lib/gcc/arm-none-eabi/9.2.1/../../../arm-none-eabi/lib/thumb/v7-m/nofp/libc_nano.a(lib_a-exit.o)
 .data          0x0000000000000000        0x0 /usr/lib/gcc/arm-none-eabi/9.2.1/../../../arm-none-eabi/lib/thumb/v7-m/nofp/libc_nano.a(lib_a-fini.o)
 .bss           0x0000000000000000        0x0 /usr/lib/gcc/arm-none-eabi/9.2.1/../../../arm-none-eabi/lib/thumb/v7-m/nofp/libc_nano.a(lib_a-fini.o)
 .text          0x0000000000000000        0x0 /usr/lib/gcc/arm-none-eabi/9.2.1/../../../arm-none-eabi/lib/thumb/v7-m/nofp/libc_nano.a(lib_a-impure.o)
 .bss           0x0000000000000000        0x0 /usr/lib/gcc/arm-none-eabi/9.2.1/../../../arm-none-eabi/lib/thumb/v7-m/nofp/libc_nano.a(lib_a-impure.o)
 .data          0x0000000000000000        0x0 /usr/lib/gcc/arm-none-eabi/9.2.1/../../../arm-none-eabi/lib/thumb/v7-m/nofp/libc_nano.a(lib_a-init.o)
 .bss           0x0000000000000000        0x0 /usr/lib/gcc/arm-none-eabi/9.2.1/../../../arm-none-eabi/lib/thumb/v7-m/nofp/libc_nano.a(lib_a-init.o)
 .data          0x0000000000000000        0x0 /usr/lib/gcc/arm-none-eabi/9.2.1/../../../arm-none-eabi/lib/thumb/v7-m/nofp/libc_nano.a(lib_a-memset.o)
 .bss           0x0000000000000000        0x0 /usr/lib/gcc/arm-none-eabi/9.2.1/../../../arm-none-eabi/lib/thumb/v7-m/nofp/libc_nano.a(lib_a-memset.o)
 .data          0x0000000000000000        0x4 /usr/lib/gcc/arm-none-eabi/9.2.1/../../../arm-none-eabi/lib/thumb/v7-m/nofp/libc_nano.a(lib_a-__atexit.o)
 .data          0x0000000000000000        0x0 /usr/lib/gcc/arm-none-eabi/9.2.1/../../../arm-none-eabi/lib/thumb/v7-m/nofp/libc_nano.a(lib_a-__call_atexit.o)
 .data          0x0000000000000000        0x0 /usr/lib/gcc/arm-none-eabi/9.2.1/../../../arm-none-eabi/lib/thumb/v7-m/nofp/libnosys.a(_exit.o)
 .bss           0x0000000000000000        0x0 /usr/lib/gcc/arm-none-eabi/9.2.1/../../../arm-none-eabi/lib/thumb/v7-m/nofp/libnosys.a(_exit.o)
 .text          0x0000000000000000        0x0 /usr/lib/gcc/arm-none-eabi/9.2.1/thumb/v7-m/nofp/crtend.o
 .data          0x0000000000000000        0x0 /usr/lib/gcc/arm-none-eabi/9.2.1/thumb/v7-m/nofp/crtend.o
 .bss           0x0000000000000000        0x0 /usr/lib/gcc/arm-none-eabi/9.2.1/thumb/v7-m/nofp/crtend.o
 .text          0x0000000000000000        0x0 /usr/lib/gcc/arm-none-eabi/9.2.1/thumb/v7-m/nofp/crtn.o
 .data          0x0000000000000000        0x0 /usr/lib/gcc/arm-none-eabi/9.2.1/thumb/v7-m/nofp/crtn.o
 .bss           0x0000000000000000        0x0 /usr/lib/gcc/arm-none-eabi/9.2.1/thumb/v7-m/nofp/crtn.o

Memory Configuration

Name             Origin             Length             Attributes
*default*        0x0000000000000000 0xffffffffffffffff

Linker script and memory map

LOAD /usr/lib/gcc/arm-none-eabi/9.2.1/thumb/v7-m/nofp/crti.o
LOAD /usr/lib/gcc/arm-none-eabi/9.2.1/thumb/v7-m/nofp/crtbegin.o
LOAD /usr/lib/gcc/arm-none-eabi/9.2.1/../../../arm-none-eabi/lib/thumb/v7-m/nofp/crt0.o
                0x0000000000000100                __STACK_SIZE = 0x100
                0x0000000000000000                __HEAP_SIZE = 0x0
LOAD CMakeFiles/milandr_uart.elf.dir/UserCode/SPL_src/MDR32F9Qx_iwdg.c.o
LOAD CMakeFiles/milandr_uart.elf.dir/UserCode/SPL_src/MDR32F9Qx_port.c.o
LOAD CMakeFiles/milandr_uart.elf.dir/UserCode/SPL_src/MDR32F9Qx_rst_clk.c.o
LOAD CMakeFiles/milandr_uart.elf.dir/UserCode/SPL_src/MDR32F9Qx_timer.c.o
LOAD CMakeFiles/milandr_uart.elf.dir/UserCode/SPL_src/MDR32F9Qx_usb.c.o
LOAD CMakeFiles/milandr_uart.elf.dir/UserCode/main.cpp.o
LOAD libCMSIS.a
LOAD /usr/lib/gcc/arm-none-eabi/9.2.1/../../../arm-none-eabi/lib/thumb/v7-m/nofp/libstdc++_nano.a
LOAD /usr/lib/gcc/arm-none-eabi/9.2.1/../../../arm-none-eabi/lib/thumb/v7-m/nofp/libm.a
START GROUP
LOAD /usr/lib/gcc/arm-none-eabi/9.2.1/thumb/v7-m/nofp/libgcc.a
LOAD /usr/lib/gcc/arm-none-eabi/9.2.1/../../../arm-none-eabi/lib/thumb/v7-m/nofp/libc_nano.a
END GROUP
START GROUP
LOAD /usr/lib/gcc/arm-none-eabi/9.2.1/thumb/v7-m/nofp/libgcc.a
LOAD /usr/lib/gcc/arm-none-eabi/9.2.1/../../../arm-none-eabi/lib/thumb/v7-m/nofp/libc_nano.a
LOAD /usr/lib/gcc/arm-none-eabi/9.2.1/../../../arm-none-eabi/lib/thumb/v7-m/nofp/libnosys.a
END GROUP
START GROUP
LOAD /usr/lib/gcc/arm-none-eabi/9.2.1/thumb/v7-m/nofp/libgcc.a
LOAD /usr/lib/gcc/arm-none-eabi/9.2.1/../../../arm-none-eabi/lib/thumb/v7-m/nofp/libc_nano.a
LOAD /usr/lib/gcc/arm-none-eabi/9.2.1/../../../arm-none-eabi/lib/thumb/v7-m/nofp/libnosys.a
END GROUP
LOAD /usr/lib/gcc/arm-none-eabi/9.2.1/thumb/v7-m/nofp/crtend.o
LOAD /usr/lib/gcc/arm-none-eabi/9.2.1/thumb/v7-m/nofp/crtn.o
                [!provide]                        PROVIDE (__executable_start = SEGMENT_START ("text-segment", 0x8000))
                0x0000000000008000                . = SEGMENT_START ("text-segment", 0x8000)

.interp
 *(.interp)

.note.gnu.build-id
 *(.note.gnu.build-id)

.hash
 *(.hash)

.gnu.hash
 *(.gnu.hash)

.dynsym
 *(.dynsym)

.dynstr
 *(.dynstr)

.gnu.version
 *(.gnu.version)

.gnu.version_d
 *(.gnu.version_d)

.gnu.version_r
 *(.gnu.version_r)

.rel.dyn        0x0000000000008000        0x0
 *(.rel.init)
 *(.rel.text .rel.text.* .rel.gnu.linkonce.t.*)
 *(.rel.fini)
 *(.rel.rodata .rel.rodata.* .rel.gnu.linkonce.r.*)
 *(.rel.data.rel.ro .rel.data.rel.ro.* .rel.gnu.linkonce.d.rel.ro.*)
 *(.rel.data .rel.data.* .rel.gnu.linkonce.d.*)
 *(.rel.tdata .rel.tdata.* .rel.gnu.linkonce.td.*)
 *(.rel.tbss .rel.tbss.* .rel.gnu.linkonce.tb.*)
 *(.rel.ctors)
 *(.rel.dtors)
 *(.rel.got)
 *(.rel.bss .rel.bss.* .rel.gnu.linkonce.b.*)
                [!provide]                        PROVIDE (__rel_iplt_start = .)
 *(.rel.iplt)
 .rel.iplt      0x0000000000008000        0x0 /usr/lib/gcc/arm-none-eabi/9.2.1/thumb/v7-m/nofp/crtbegin.o
                [!provide]                        PROVIDE (__rel_iplt_end = .)

.rela.dyn       0x0000000000008000        0x0
 *(.rela.init)
 *(.rela.text .rela.text.* .rela.gnu.linkonce.t.*)
 *(.rela.fini)
 *(.rela.rodata .rela.rodata.* .rela.gnu.linkonce.r.*)
 *(.rela.data .rela.data.* .rela.gnu.linkonce.d.*)
 *(.rela.tdata .rela.tdata.* .rela.gnu.linkonce.td.*)
 *(.rela.tbss .rela.tbss.* .rela.gnu.linkonce.tb.*)
 *(.rela.ctors)
 *(.rela.dtors)
 *(.rela.got)
 *(.rela.bss .rela.bss.* .rela.gnu.linkonce.b.*)
                [!provide]                        PROVIDE (__rela_iplt_start = .)
 *(.rela.iplt)
                [!provide]                        PROVIDE (__rela_iplt_end = .)

.rel.plt
 *(.rel.plt)

.rela.plt
 *(.rela.plt)

.init           0x0000000000008000        0xc
 *(SORT_NONE(.init))
 .init          0x0000000000008000        0x4 /usr/lib/gcc/arm-none-eabi/9.2.1/thumb/v7-m/nofp/crti.o
                0x0000000000008000                _init
 .init          0x0000000000008004        0x8 /usr/lib/gcc/arm-none-eabi/9.2.1/thumb/v7-m/nofp/crtn.o

.plt
 *(.plt)

.iplt           0x000000000000800c        0x0
 *(.iplt)
 .iplt          0x000000000000800c        0x0 /usr/lib/gcc/arm-none-eabi/9.2.1/thumb/v7-m/nofp/crtbegin.o

.text           0x000000000000800c      0x864
 *(.text.unlikely .text.*_unlikely .text.unlikely.*)
 *(.text.exit .text.exit.*)
 *(.text.startup .text.startup.*)
 .text.startup  0x000000000000800c       0xd4 CMakeFiles/milandr_uart.elf.dir/UserCode/main.cpp.o
                0x000000000000800c                main
 *(.text.hot .text.hot.*)
 *(SORT_BY_NAME(.text.sorted.*))
 *(.text .stub .text.* .gnu.linkonce.t.*)
 .text          0x00000000000080e0       0x88 /usr/lib/gcc/arm-none-eabi/9.2.1/thumb/v7-m/nofp/crtbegin.o
 .text          0x0000000000008168       0x70 /usr/lib/gcc/arm-none-eabi/9.2.1/../../../arm-none-eabi/lib/thumb/v7-m/nofp/crt0.o
                0x0000000000008168                _stack_init
                0x0000000000008170                _mainCRTStartup
                0x0000000000008170                _start
 .text.PORT_Init
                0x00000000000081d8      0x138 CMakeFiles/milandr_uart.elf.dir/UserCode/SPL_src/MDR32F9Qx_port.c.o
                0x00000000000081d8                PORT_Init
 .text.PORT_StructInit
                0x0000000000008310       0x14 CMakeFiles/milandr_uart.elf.dir/UserCode/SPL_src/MDR32F9Qx_port.c.o
                0x0000000000008310                PORT_StructInit
 .text.RST_CLK_PCLKcmd
                0x0000000000008324       0x18 CMakeFiles/milandr_uart.elf.dir/UserCode/SPL_src/MDR32F9Qx_rst_clk.c.o
                0x0000000000008324                RST_CLK_PCLKcmd
 .text.RST_CLK_GetClocksFreq
                0x000000000000833c      0x15c CMakeFiles/milandr_uart.elf.dir/UserCode/SPL_src/MDR32F9Qx_rst_clk.c.o
                0x000000000000833c                RST_CLK_GetClocksFreq
 .text.UART_DeInit
                0x0000000000008498       0x28 libCMSIS.a(MDR32F9Qx_uart.c.o)
                0x0000000000008498                UART_DeInit
 .text.UART_Init
                0x00000000000084c0       0x94 libCMSIS.a(MDR32F9Qx_uart.c.o)
                0x00000000000084c0                UART_Init
 .text.UART_Cmd
                0x0000000000008554       0x18 libCMSIS.a(MDR32F9Qx_uart.c.o)
                0x0000000000008554                UART_Cmd
 .text.UART_ITConfig
                0x000000000000856c       0x14 libCMSIS.a(MDR32F9Qx_uart.c.o)
                0x000000000000856c                UART_ITConfig
 .text.UART_SendData
                0x0000000000008580        0x4 libCMSIS.a(MDR32F9Qx_uart.c.o)
                0x0000000000008580                UART_SendData
 .text.UART_ReceiveData
                0x0000000000008584        0x8 libCMSIS.a(MDR32F9Qx_uart.c.o)
                0x0000000000008584                UART_ReceiveData
 .text.UART_BRGInit
                0x000000000000858c       0x44 libCMSIS.a(MDR32F9Qx_uart.c.o)
                0x000000000000858c                UART_BRGInit
 .text          0x00000000000085d0        0xc /usr/lib/gcc/arm-none-eabi/9.2.1/../../../arm-none-eabi/lib/thumb/v7-m/nofp/libc_nano.a(lib_a-atexit.o)
                0x00000000000085d0                atexit
 .text          0x00000000000085dc       0x28 /usr/lib/gcc/arm-none-eabi/9.2.1/../../../arm-none-eabi/lib/thumb/v7-m/nofp/libc_nano.a(lib_a-exit.o)
                0x00000000000085dc                exit
 .text          0x0000000000008604       0x34 /usr/lib/gcc/arm-none-eabi/9.2.1/../../../arm-none-eabi/lib/thumb/v7-m/nofp/libc_nano.a(lib_a-fini.o)
                0x0000000000008604                __libc_fini_array
 .text          0x0000000000008638       0x48 /usr/lib/gcc/arm-none-eabi/9.2.1/../../../arm-none-eabi/lib/thumb/v7-m/nofp/libc_nano.a(lib_a-init.o)
                0x0000000000008638                __libc_init_array
 .text          0x0000000000008680       0xa0 /usr/lib/gcc/arm-none-eabi/9.2.1/../../../arm-none-eabi/lib/thumb/v7-m/nofp/libc_nano.a(lib_a-memset.o)
                0x0000000000008680                memset
 .text          0x0000000000008720       0xb0 /usr/lib/gcc/arm-none-eabi/9.2.1/../../../arm-none-eabi/lib/thumb/v7-m/nofp/libc_nano.a(lib_a-__atexit.o)
                0x0000000000008720                __register_exitproc
 .text          0x00000000000087d0       0x9c /usr/lib/gcc/arm-none-eabi/9.2.1/../../../arm-none-eabi/lib/thumb/v7-m/nofp/libc_nano.a(lib_a-__call_atexit.o)
                0x00000000000087d0                __call_exitprocs
 .text          0x000000000000886c        0x4 /usr/lib/gcc/arm-none-eabi/9.2.1/../../../arm-none-eabi/lib/thumb/v7-m/nofp/libnosys.a(_exit.o)
                0x000000000000886c                _exit
 *(.gnu.warning)
 *(.glue_7t)
 .glue_7t       0x0000000000008870        0x0 linker stubs
 *(.glue_7)
 .glue_7        0x0000000000008870        0x0 linker stubs
 *(.vfp11_veneer)
 .vfp11_veneer  0x0000000000008870        0x0 linker stubs
 *(.v4_bx)
 .v4_bx         0x0000000000008870        0x0 linker stubs

.fini           0x0000000000008870        0xc
 *(SORT_NONE(.fini))
 .fini          0x0000000000008870        0x4 /usr/lib/gcc/arm-none-eabi/9.2.1/thumb/v7-m/nofp/crti.o
                0x0000000000008870                _fini
 .fini          0x0000000000008874        0x8 /usr/lib/gcc/arm-none-eabi/9.2.1/thumb/v7-m/nofp/crtn.o
                [!provide]                        PROVIDE (__etext = .)
                [!provide]                        PROVIDE (_etext = .)
                [!provide]                        PROVIDE (etext = .)

.rodata         0x000000000000887c        0x4
 *(.rodata .rodata.* .gnu.linkonce.r.*)
 .rodata        0x000000000000887c        0x4 /usr/lib/gcc/arm-none-eabi/9.2.1/../../../arm-none-eabi/lib/thumb/v7-m/nofp/libc_nano.a(lib_a-impure.o)
                0x000000000000887c                _global_impure_ptr

.rodata1
 *(.rodata1)

.ARM.extab
 *(.ARM.extab* .gnu.linkonce.armextab.*)

.ARM.exidx      0x0000000000008880        0x8
                [!provide]                        PROVIDE (__exidx_start = .)
 *(.ARM.exidx* .gnu.linkonce.armexidx.*)
 .ARM.exidx     0x0000000000008880        0x8 /usr/lib/gcc/arm-none-eabi/9.2.1/../../../arm-none-eabi/lib/thumb/v7-m/nofp/crt0.o
                                         0x10 (size before relaxing)
                [!provide]                        PROVIDE (__exidx_end = .)

.eh_frame_hdr
 *(.eh_frame_hdr)
 *(.eh_frame_entry .eh_frame_entry.*)

.eh_frame       0x0000000000008888        0x4
 *(.eh_frame)
 .eh_frame      0x0000000000008888        0x0 /usr/lib/gcc/arm-none-eabi/9.2.1/thumb/v7-m/nofp/crtbegin.o
 .eh_frame      0x0000000000008888        0x4 /usr/lib/gcc/arm-none-eabi/9.2.1/thumb/v7-m/nofp/crtend.o
 *(.eh_frame.*)

.gcc_except_table
 *(.gcc_except_table .gcc_except_table.*)

.gnu_extab
 *(.gnu_extab*)

.exception_ranges
 *(.exception_ranges*)
                0x000000000001888c                . = (ALIGN (CONSTANT (MAXPAGESIZE)) + (. & (CONSTANT (MAXPAGESIZE) - 0x1)))

.eh_frame
 *(.eh_frame)
 *(.eh_frame.*)

.gnu_extab
 *(.gnu_extab)

.gcc_except_table
 *(.gcc_except_table .gcc_except_table.*)

.exception_ranges
 *(.exception_ranges*)

.tdata          0x000000000001888c        0x0
                [!provide]                        PROVIDE (__tdata_start = .)
 *(.tdata .tdata.* .gnu.linkonce.td.*)

.tbss
 *(.tbss .tbss.* .gnu.linkonce.tb.*)
 *(.tcommon)

.preinit_array  0x000000000001888c        0x0
                0x000000000001888c                PROVIDE (__preinit_array_start = .)
 *(.preinit_array)
                0x000000000001888c                PROVIDE (__preinit_array_end = .)

.init_array     0x000000000001888c        0x4
                0x000000000001888c                PROVIDE (__init_array_start = .)
 *(SORT_BY_INIT_PRIORITY(.init_array.*) SORT_BY_INIT_PRIORITY(.ctors.*))
 *(.init_array EXCLUDE_FILE(*crtend?.o *crtend.o *crtbegin?.o *crtbegin.o) .ctors)
 .init_array    0x000000000001888c        0x4 /usr/lib/gcc/arm-none-eabi/9.2.1/thumb/v7-m/nofp/crtbegin.o
                0x0000000000018890                PROVIDE (__init_array_end = .)

.fini_array     0x0000000000018890        0x4
                0x0000000000018890                PROVIDE (__fini_array_start = .)
 *(SORT_BY_INIT_PRIORITY(.fini_array.*) SORT_BY_INIT_PRIORITY(.dtors.*))
 *(.fini_array EXCLUDE_FILE(*crtend?.o *crtend.o *crtbegin?.o *crtbegin.o) .dtors)
 .fini_array    0x0000000000018890        0x4 /usr/lib/gcc/arm-none-eabi/9.2.1/thumb/v7-m/nofp/crtbegin.o
                0x0000000000018894                PROVIDE (__fini_array_end = .)

.ctors
 *crtbegin.o(.ctors)
 *crtbegin?.o(.ctors)
 *(EXCLUDE_FILE(*crtend?.o *crtend.o) .ctors)
 *(SORT_BY_NAME(.ctors.*))
 *(.ctors)

.dtors
 *crtbegin.o(.dtors)
 *crtbegin?.o(.dtors)
 *(EXCLUDE_FILE(*crtend?.o *crtend.o) .dtors)
 *(SORT_BY_NAME(.dtors.*))
 *(.dtors)

.jcr
 *(.jcr)

.data.rel.ro
 *(.data.rel.ro.local* .gnu.linkonce.d.rel.ro.local.*)
 *(.data.rel.ro .data.rel.ro.* .gnu.linkonce.d.rel.ro.*)

.dynamic
 *(.dynamic)

.got            0x0000000000018894        0x0
 *(.got.plt)
 *(.igot.plt)
 .igot.plt      0x0000000000018894        0x0 /usr/lib/gcc/arm-none-eabi/9.2.1/thumb/v7-m/nofp/crtbegin.o
 *(.got)
 *(.igot)

.data           0x0000000000018894       0x64
                0x0000000000018894                __data_start = .
 *(.data .data.* .gnu.linkonce.d.*)
 .data          0x0000000000018894       0x64 /usr/lib/gcc/arm-none-eabi/9.2.1/../../../arm-none-eabi/lib/thumb/v7-m/nofp/libc_nano.a(lib_a-impure.o)
                0x0000000000018894                _impure_ptr

.tm_clone_table
                0x00000000000188f8        0x0
 .tm_clone_table
                0x00000000000188f8        0x0 /usr/lib/gcc/arm-none-eabi/9.2.1/thumb/v7-m/nofp/crtbegin.o
 .tm_clone_table
                0x00000000000188f8        0x0 /usr/lib/gcc/arm-none-eabi/9.2.1/thumb/v7-m/nofp/crtend.o

.data1
 *(.data1)
                0x00000000000188f8                _edata = .
                [!provide]                        PROVIDE (edata = .)
                0x00000000000188f8                . = .
                0x00000000000188f8                __bss_start = .
                0x00000000000188f8                __bss_start__ = .

.bss            0x00000000000188f8       0xd8
 *(.dynbss)
 *(.bss .bss.* .gnu.linkonce.b.*)
 .bss           0x00000000000188f8       0x1c /usr/lib/gcc/arm-none-eabi/9.2.1/thumb/v7-m/nofp/crtbegin.o
 .bss           0x0000000000018914       0x2c CMakeFiles/milandr_uart.elf.dir/UserCode/main.cpp.o
                0x0000000000018930                DataByte
                0x0000000000018934                uart2_IT_RX_flag
                0x0000000000018938                ReciveByte
                0x000000000001893c                uart2_IT_TX_flag
 .bss           0x0000000000018940       0x8c /usr/lib/gcc/arm-none-eabi/9.2.1/../../../arm-none-eabi/lib/thumb/v7-m/nofp/libc_nano.a(lib_a-__atexit.o)
 .bss           0x00000000000189cc        0x4 /usr/lib/gcc/arm-none-eabi/9.2.1/../../../arm-none-eabi/lib/thumb/v7-m/nofp/libc_nano.a(lib_a-__call_atexit.o)
                0x00000000000189cc                _global_atexit
 *(COMMON)
                0x00000000000189d0                . = ALIGN ((. != 0x0)?0x4:0x1)
                0x00000000000189d0                _bss_end__ = .
                0x00000000000189d0                __bss_end__ = .
                0x00000000000189d0                . = ALIGN (0x4)
                0x00000000000189d0                . = SEGMENT_START ("ldata-segment", .)
                0x00000000000189d0                . = ALIGN (0x4)
                0x00000000000189d0                __end__ = .
                0x00000000000189d0                _end = .
                [!provide]                        PROVIDE (end = .)

.stack          0x0000000000080000        0x0
                0x0000000000080000                _stack = .
 *(.stack)

.stab
 *(.stab)

.stabstr
 *(.stabstr)

.stab.excl
 *(.stab.excl)

.stab.exclstr
 *(.stab.exclstr)

.stab.index
 *(.stab.index)

.stab.indexstr
 *(.stab.indexstr)

.comment        0x0000000000000000       0xa7
 *(.comment)
 .comment       0x0000000000000000       0x59 /usr/lib/gcc/arm-none-eabi/9.2.1/thumb/v7-m/nofp/crtbegin.o
                                         0x5a (size before relaxing)
 .comment       0x0000000000000059       0x5a CMakeFiles/milandr_uart.elf.dir/UserCode/SPL_src/MDR32F9Qx_port.c.o
 .comment       0x0000000000000059       0x5a CMakeFiles/milandr_uart.elf.dir/UserCode/SPL_src/MDR32F9Qx_rst_clk.c.o
 .comment       0x0000000000000059       0x5a CMakeFiles/milandr_uart.elf.dir/UserCode/main.cpp.o
 .comment       0x0000000000000059       0x5a libCMSIS.a(MDR32F9Qx_uart.c.o)
 .comment       0x0000000000000059       0x4e /usr/lib/gcc/arm-none-eabi/9.2.1/../../../arm-none-eabi/lib/thumb/v7-m/nofp/libc_nano.a(lib_a-atexit.o)
                                         0x4f (size before relaxing)
 .comment       0x00000000000000a7       0x4f /usr/lib/gcc/arm-none-eabi/9.2.1/../../../arm-none-eabi/lib/thumb/v7-m/nofp/libc_nano.a(lib_a-exit.o)
 .comment       0x00000000000000a7       0x4f /usr/lib/gcc/arm-none-eabi/9.2.1/../../../arm-none-eabi/lib/thumb/v7-m/nofp/libc_nano.a(lib_a-fini.o)
 .comment       0x00000000000000a7       0x4f /usr/lib/gcc/arm-none-eabi/9.2.1/../../../arm-none-eabi/lib/thumb/v7-m/nofp/libc_nano.a(lib_a-impure.o)
 .comment       0x00000000000000a7       0x4f /usr/lib/gcc/arm-none-eabi/9.2.1/../../../arm-none-eabi/lib/thumb/v7-m/nofp/libc_nano.a(lib_a-init.o)
 .comment       0x00000000000000a7       0x4f /usr/lib/gcc/arm-none-eabi/9.2.1/../../../arm-none-eabi/lib/thumb/v7-m/nofp/libc_nano.a(lib_a-memset.o)
 .comment       0x00000000000000a7       0x4f /usr/lib/gcc/arm-none-eabi/9.2.1/../../../arm-none-eabi/lib/thumb/v7-m/nofp/libc_nano.a(lib_a-__atexit.o)
 .comment       0x00000000000000a7       0x4f /usr/lib/gcc/arm-none-eabi/9.2.1/../../../arm-none-eabi/lib/thumb/v7-m/nofp/libc_nano.a(lib_a-__call_atexit.o)
 .comment       0x00000000000000a7       0x4f /usr/lib/gcc/arm-none-eabi/9.2.1/../../../arm-none-eabi/lib/thumb/v7-m/nofp/libnosys.a(_exit.o)
 .comment       0x00000000000000a7       0x5a /usr/lib/gcc/arm-none-eabi/9.2.1/thumb/v7-m/nofp/crtend.o

.gnu.build.attributes
 *(.gnu.build.attributes .gnu.build.attributes.*)

.debug
 *(.debug)

.line
 *(.line)

.debug_srcinfo
 *(.debug_srcinfo)

.debug_sfnames
 *(.debug_sfnames)

.debug_aranges  0x0000000000000000      0x138
 *(.debug_aranges)
 .debug_aranges
                0x0000000000000000       0x20 /usr/lib/gcc/arm-none-eabi/9.2.1/../../../arm-none-eabi/lib/thumb/v7-m/nofp/crt0.o
 .debug_aranges
                0x0000000000000020       0x20 /usr/lib/gcc/arm-none-eabi/9.2.1/../../../arm-none-eabi/lib/thumb/v7-m/nofp/libc_nano.a(lib_a-atexit.o)
 .debug_aranges
                0x0000000000000040       0x20 /usr/lib/gcc/arm-none-eabi/9.2.1/../../../arm-none-eabi/lib/thumb/v7-m/nofp/libc_nano.a(lib_a-exit.o)
 .debug_aranges
                0x0000000000000060       0x20 /usr/lib/gcc/arm-none-eabi/9.2.1/../../../arm-none-eabi/lib/thumb/v7-m/nofp/libc_nano.a(lib_a-fini.o)
 .debug_aranges
                0x0000000000000080       0x18 /usr/lib/gcc/arm-none-eabi/9.2.1/../../../arm-none-eabi/lib/thumb/v7-m/nofp/libc_nano.a(lib_a-impure.o)
 .debug_aranges
                0x0000000000000098       0x20 /usr/lib/gcc/arm-none-eabi/9.2.1/../../../arm-none-eabi/lib/thumb/v7-m/nofp/libc_nano.a(lib_a-init.o)
 .debug_aranges
                0x00000000000000b8       0x20 /usr/lib/gcc/arm-none-eabi/9.2.1/../../../arm-none-eabi/lib/thumb/v7-m/nofp/libc_nano.a(lib_a-memset.o)
 .debug_aranges
                0x00000000000000d8       0x20 /usr/lib/gcc/arm-none-eabi/9.2.1/../../../arm-none-eabi/lib/thumb/v7-m/nofp/libc_nano.a(lib_a-__atexit.o)
 .debug_aranges
                0x00000000000000f8       0x20 /usr/lib/gcc/arm-none-eabi/9.2.1/../../../arm-none-eabi/lib/thumb/v7-m/nofp/libc_nano.a(lib_a-__call_atexit.o)
 .debug_aranges
                0x0000000000000118       0x20 /usr/lib/gcc/arm-none-eabi/9.2.1/../../../arm-none-eabi/lib/thumb/v7-m/nofp/libnosys.a(_exit.o)

.debug_pubnames
 *(.debug_pubnames)

.debug_info     0x0000000000000000     0x42f4
 *(.debug_info .gnu.linkonce.wi.*)
 .debug_info    0x0000000000000000       0x26 /usr/lib/gcc/arm-none-eabi/9.2.1/../../../arm-none-eabi/lib/thumb/v7-m/nofp/crt0.o
 .debug_info    0x0000000000000026      0x995 /usr/lib/gcc/arm-none-eabi/9.2.1/../../../arm-none-eabi/lib/thumb/v7-m/nofp/libc_nano.a(lib_a-atexit.o)
 .debug_info    0x00000000000009bb      0x9e7 /usr/lib/gcc/arm-none-eabi/9.2.1/../../../arm-none-eabi/lib/thumb/v7-m/nofp/libc_nano.a(lib_a-exit.o)
 .debug_info    0x00000000000013a2      0x102 /usr/lib/gcc/arm-none-eabi/9.2.1/../../../arm-none-eabi/lib/thumb/v7-m/nofp/libc_nano.a(lib_a-fini.o)
 .debug_info    0x00000000000014a4      0x92a /usr/lib/gcc/arm-none-eabi/9.2.1/../../../arm-none-eabi/lib/thumb/v7-m/nofp/libc_nano.a(lib_a-impure.o)
 .debug_info    0x0000000000001dce      0x11a /usr/lib/gcc/arm-none-eabi/9.2.1/../../../arm-none-eabi/lib/thumb/v7-m/nofp/libc_nano.a(lib_a-init.o)
 .debug_info    0x0000000000001ee8      0xf21 /usr/lib/gcc/arm-none-eabi/9.2.1/../../../arm-none-eabi/lib/thumb/v7-m/nofp/libc_nano.a(lib_a-memset.o)
 .debug_info    0x0000000000002e09      0xa38 /usr/lib/gcc/arm-none-eabi/9.2.1/../../../arm-none-eabi/lib/thumb/v7-m/nofp/libc_nano.a(lib_a-__atexit.o)
 .debug_info    0x0000000000003841      0xa10 /usr/lib/gcc/arm-none-eabi/9.2.1/../../../arm-none-eabi/lib/thumb/v7-m/nofp/libc_nano.a(lib_a-__call_atexit.o)
 .debug_info    0x0000000000004251       0xa3 /usr/lib/gcc/arm-none-eabi/9.2.1/../../../arm-none-eabi/lib/thumb/v7-m/nofp/libnosys.a(_exit.o)

.debug_abbrev   0x0000000000000000      0xdec
 *(.debug_abbrev)
 .debug_abbrev  0x0000000000000000       0x14 /usr/lib/gcc/arm-none-eabi/9.2.1/../../../arm-none-eabi/lib/thumb/v7-m/nofp/crt0.o
 .debug_abbrev  0x0000000000000014      0x1f4 /usr/lib/gcc/arm-none-eabi/9.2.1/../../../arm-none-eabi/lib/thumb/v7-m/nofp/libc_nano.a(lib_a-atexit.o)
 .debug_abbrev  0x0000000000000208      0x1f6 /usr/lib/gcc/arm-none-eabi/9.2.1/../../../arm-none-eabi/lib/thumb/v7-m/nofp/libc_nano.a(lib_a-exit.o)
 .debug_abbrev  0x00000000000003fe       0xcf /usr/lib/gcc/arm-none-eabi/9.2.1/../../../arm-none-eabi/lib/thumb/v7-m/nofp/libc_nano.a(lib_a-fini.o)
 .debug_abbrev  0x00000000000004cd      0x17a /usr/lib/gcc/arm-none-eabi/9.2.1/../../../arm-none-eabi/lib/thumb/v7-m/nofp/libc_nano.a(lib_a-impure.o)
 .debug_abbrev  0x0000000000000647       0xcc /usr/lib/gcc/arm-none-eabi/9.2.1/../../../arm-none-eabi/lib/thumb/v7-m/nofp/libc_nano.a(lib_a-init.o)
 .debug_abbrev  0x0000000000000713      0x1d9 /usr/lib/gcc/arm-none-eabi/9.2.1/../../../arm-none-eabi/lib/thumb/v7-m/nofp/libc_nano.a(lib_a-memset.o)
 .debug_abbrev  0x00000000000008ec      0x25f /usr/lib/gcc/arm-none-eabi/9.2.1/../../../arm-none-eabi/lib/thumb/v7-m/nofp/libc_nano.a(lib_a-__atexit.o)
 .debug_abbrev  0x0000000000000b4b      0x237 /usr/lib/gcc/arm-none-eabi/9.2.1/../../../arm-none-eabi/lib/thumb/v7-m/nofp/libc_nano.a(lib_a-__call_atexit.o)
 .debug_abbrev  0x0000000000000d82       0x6a /usr/lib/gcc/arm-none-eabi/9.2.1/../../../arm-none-eabi/lib/thumb/v7-m/nofp/libnosys.a(_exit.o)

.debug_line     0x0000000000000000      0xd58
 *(.debug_line .debug_line.* .debug_line_end)
 .debug_line    0x0000000000000000       0x87 /usr/lib/gcc/arm-none-eabi/9.2.1/../../../arm-none-eabi/lib/thumb/v7-m/nofp/crt0.o
 .debug_line    0x0000000000000087      0x14a /usr/lib/gcc/arm-none-eabi/9.2.1/../../../arm-none-eabi/lib/thumb/v7-m/nofp/libc_nano.a(lib_a-atexit.o)
 .debug_line    0x00000000000001d1      0x16c /usr/lib/gcc/arm-none-eabi/9.2.1/../../../arm-none-eabi/lib/thumb/v7-m/nofp/libc_nano.a(lib_a-exit.o)
 .debug_line    0x000000000000033d       0xd7 /usr/lib/gcc/arm-none-eabi/9.2.1/../../../arm-none-eabi/lib/thumb/v7-m/nofp/libc_nano.a(lib_a-fini.o)
 .debug_line    0x0000000000000414       0xe3 /usr/lib/gcc/arm-none-eabi/9.2.1/../../../arm-none-eabi/lib/thumb/v7-m/nofp/libc_nano.a(lib_a-impure.o)
 .debug_line    0x00000000000004f7      0x114 /usr/lib/gcc/arm-none-eabi/9.2.1/../../../arm-none-eabi/lib/thumb/v7-m/nofp/libc_nano.a(lib_a-init.o)
 .debug_line    0x000000000000060b      0x26b /usr/lib/gcc/arm-none-eabi/9.2.1/../../../arm-none-eabi/lib/thumb/v7-m/nofp/libc_nano.a(lib_a-memset.o)
 .debug_line    0x0000000000000876      0x248 /usr/lib/gcc/arm-none-eabi/9.2.1/../../../arm-none-eabi/lib/thumb/v7-m/nofp/libc_nano.a(lib_a-__atexit.o)
 .debug_line    0x0000000000000abe      0x22c /usr/lib/gcc/arm-none-eabi/9.2.1/../../../arm-none-eabi/lib/thumb/v7-m/nofp/libc_nano.a(lib_a-__call_atexit.o)
 .debug_line    0x0000000000000cea       0x6e /usr/lib/gcc/arm-none-eabi/9.2.1/../../../arm-none-eabi/lib/thumb/v7-m/nofp/libnosys.a(_exit.o)

.debug_frame    0x0000000000000000      0x178
 *(.debug_frame)
 .debug_frame   0x0000000000000000       0x20 /usr/lib/gcc/arm-none-eabi/9.2.1/../../../arm-none-eabi/lib/thumb/v7-m/nofp/libc_nano.a(lib_a-atexit.o)
 .debug_frame   0x0000000000000020       0x28 /usr/lib/gcc/arm-none-eabi/9.2.1/../../../arm-none-eabi/lib/thumb/v7-m/nofp/libc_nano.a(lib_a-exit.o)
 .debug_frame   0x0000000000000048       0x34 /usr/lib/gcc/arm-none-eabi/9.2.1/../../../arm-none-eabi/lib/thumb/v7-m/nofp/libc_nano.a(lib_a-fini.o)
 .debug_frame   0x000000000000007c       0x2c /usr/lib/gcc/arm-none-eabi/9.2.1/../../../arm-none-eabi/lib/thumb/v7-m/nofp/libc_nano.a(lib_a-init.o)
 .debug_frame   0x00000000000000a8       0x38 /usr/lib/gcc/arm-none-eabi/9.2.1/../../../arm-none-eabi/lib/thumb/v7-m/nofp/libc_nano.a(lib_a-memset.o)
 .debug_frame   0x00000000000000e0       0x38 /usr/lib/gcc/arm-none-eabi/9.2.1/../../../arm-none-eabi/lib/thumb/v7-m/nofp/libc_nano.a(lib_a-__atexit.o)
 .debug_frame   0x0000000000000118       0x40 /usr/lib/gcc/arm-none-eabi/9.2.1/../../../arm-none-eabi/lib/thumb/v7-m/nofp/libc_nano.a(lib_a-__call_atexit.o)
 .debug_frame   0x0000000000000158       0x20 /usr/lib/gcc/arm-none-eabi/9.2.1/../../../arm-none-eabi/lib/thumb/v7-m/nofp/libnosys.a(_exit.o)

.debug_str      0x0000000000000000      0xd7f
 *(.debug_str)
 .debug_str     0x0000000000000000       0x94 /usr/lib/gcc/arm-none-eabi/9.2.1/../../../arm-none-eabi/lib/thumb/v7-m/nofp/crt0.o
 .debug_str     0x0000000000000094      0x58b /usr/lib/gcc/arm-none-eabi/9.2.1/../../../arm-none-eabi/lib/thumb/v7-m/nofp/libc_nano.a(lib_a-atexit.o)
                                        0x625 (size before relaxing)
 .debug_str     0x000000000000061f       0x74 /usr/lib/gcc/arm-none-eabi/9.2.1/../../../arm-none-eabi/lib/thumb/v7-m/nofp/libc_nano.a(lib_a-exit.o)
                                        0x626 (size before relaxing)
 .debug_str     0x0000000000000693       0xcf /usr/lib/gcc/arm-none-eabi/9.2.1/../../../arm-none-eabi/lib/thumb/v7-m/nofp/libc_nano.a(lib_a-fini.o)
                                        0x1f7 (size before relaxing)
 .debug_str     0x0000000000000762       0x9c /usr/lib/gcc/arm-none-eabi/9.2.1/../../../arm-none-eabi/lib/thumb/v7-m/nofp/libc_nano.a(lib_a-impure.o)
                                        0x5da (size before relaxing)
 .debug_str     0x00000000000007fe       0x96 /usr/lib/gcc/arm-none-eabi/9.2.1/../../../arm-none-eabi/lib/thumb/v7-m/nofp/libc_nano.a(lib_a-init.o)
                                        0x221 (size before relaxing)
 .debug_str     0x0000000000000894      0x318 /usr/lib/gcc/arm-none-eabi/9.2.1/../../../arm-none-eabi/lib/thumb/v7-m/nofp/libc_nano.a(lib_a-memset.o)
                                        0x907 (size before relaxing)
 .debug_str     0x0000000000000bac       0x89 /usr/lib/gcc/arm-none-eabi/9.2.1/../../../arm-none-eabi/lib/thumb/v7-m/nofp/libc_nano.a(lib_a-__atexit.o)
                                        0x678 (size before relaxing)
 .debug_str     0x0000000000000c35       0x49 /usr/lib/gcc/arm-none-eabi/9.2.1/../../../arm-none-eabi/lib/thumb/v7-m/nofp/libc_nano.a(lib_a-__call_atexit.o)
                                        0x623 (size before relaxing)
 .debug_str     0x0000000000000c7e      0x101 /usr/lib/gcc/arm-none-eabi/9.2.1/../../../arm-none-eabi/lib/thumb/v7-m/nofp/libnosys.a(_exit.o)
                                        0x197 (size before relaxing)

.debug_loc      0x0000000000000000      0x76c
 *(.debug_loc)
 .debug_loc     0x0000000000000000       0x32 /usr/lib/gcc/arm-none-eabi/9.2.1/../../../arm-none-eabi/lib/thumb/v7-m/nofp/libc_nano.a(lib_a-atexit.o)
 .debug_loc     0x0000000000000032       0x22 /usr/lib/gcc/arm-none-eabi/9.2.1/../../../arm-none-eabi/lib/thumb/v7-m/nofp/libc_nano.a(lib_a-exit.o)
 .debug_loc     0x0000000000000054       0x68 /usr/lib/gcc/arm-none-eabi/9.2.1/../../../arm-none-eabi/lib/thumb/v7-m/nofp/libc_nano.a(lib_a-fini.o)
 .debug_loc     0x00000000000000bc       0xba /usr/lib/gcc/arm-none-eabi/9.2.1/../../../arm-none-eabi/lib/thumb/v7-m/nofp/libc_nano.a(lib_a-init.o)
 .debug_loc     0x0000000000000176      0x231 /usr/lib/gcc/arm-none-eabi/9.2.1/../../../arm-none-eabi/lib/thumb/v7-m/nofp/libc_nano.a(lib_a-memset.o)
 .debug_loc     0x00000000000003a7      0x271 /usr/lib/gcc/arm-none-eabi/9.2.1/../../../arm-none-eabi/lib/thumb/v7-m/nofp/libc_nano.a(lib_a-__atexit.o)
 .debug_loc     0x0000000000000618      0x13f /usr/lib/gcc/arm-none-eabi/9.2.1/../../../arm-none-eabi/lib/thumb/v7-m/nofp/libc_nano.a(lib_a-__call_atexit.o)
 .debug_loc     0x0000000000000757       0x15 /usr/lib/gcc/arm-none-eabi/9.2.1/../../../arm-none-eabi/lib/thumb/v7-m/nofp/libnosys.a(_exit.o)

.debug_macinfo
 *(.debug_macinfo)

.debug_weaknames
 *(.debug_weaknames)

.debug_funcnames
 *(.debug_funcnames)

.debug_typenames
 *(.debug_typenames)

.debug_varnames
 *(.debug_varnames)

.debug_pubtypes
 *(.debug_pubtypes)

.debug_ranges   0x0000000000000000       0x40
 *(.debug_ranges)
 .debug_ranges  0x0000000000000000       0x18 /usr/lib/gcc/arm-none-eabi/9.2.1/../../../arm-none-eabi/lib/thumb/v7-m/nofp/libc_nano.a(lib_a-__atexit.o)
 .debug_ranges  0x0000000000000018       0x28 /usr/lib/gcc/arm-none-eabi/9.2.1/../../../arm-none-eabi/lib/thumb/v7-m/nofp/libc_nano.a(lib_a-__call_atexit.o)

.debug_macro
 *(.debug_macro)

.debug_addr
 *(.debug_addr)

.ARM.attributes
                0x0000000000000000       0x29
 *(.ARM.attributes)
 .ARM.attributes
                0x0000000000000000       0x1d /usr/lib/gcc/arm-none-eabi/9.2.1/thumb/v7-m/nofp/crti.o
 .ARM.attributes
                0x000000000000001d       0x2d /usr/lib/gcc/arm-none-eabi/9.2.1/thumb/v7-m/nofp/crtbegin.o
 .ARM.attributes
                0x000000000000004a       0x1b /usr/lib/gcc/arm-none-eabi/9.2.1/../../../arm-none-eabi/lib/thumb/v7-m/nofp/crt0.o
 .ARM.attributes
                0x0000000000000065       0x2d CMakeFiles/milandr_uart.elf.dir/UserCode/SPL_src/MDR32F9Qx_iwdg.c.o
 .ARM.attributes
                0x0000000000000092       0x2d CMakeFiles/milandr_uart.elf.dir/UserCode/SPL_src/MDR32F9Qx_port.c.o
 .ARM.attributes
                0x00000000000000bf       0x2d CMakeFiles/milandr_uart.elf.dir/UserCode/SPL_src/MDR32F9Qx_rst_clk.c.o
 .ARM.attributes
                0x00000000000000ec       0x2d CMakeFiles/milandr_uart.elf.dir/UserCode/SPL_src/MDR32F9Qx_timer.c.o
 .ARM.attributes
                0x0000000000000119       0x2d CMakeFiles/milandr_uart.elf.dir/UserCode/SPL_src/MDR32F9Qx_usb.c.o
 .ARM.attributes
                0x0000000000000146       0x2d CMakeFiles/milandr_uart.elf.dir/UserCode/main.cpp.o
 .ARM.attributes
                0x0000000000000173       0x2d libCMSIS.a(MDR32F9Qx_uart.c.o)
 .ARM.attributes
                0x00000000000001a0       0x2d /usr/lib/gcc/arm-none-eabi/9.2.1/../../../arm-none-eabi/lib/thumb/v7-m/nofp/libc_nano.a(lib_a-atexit.o)
 .ARM.attributes
                0x00000000000001cd       0x2d /usr/lib/gcc/arm-none-eabi/9.2.1/../../../arm-none-eabi/lib/thumb/v7-m/nofp/libc_nano.a(lib_a-exit.o)
 .ARM.attributes
                0x00000000000001fa       0x2d /usr/lib/gcc/arm-none-eabi/9.2.1/../../../arm-none-eabi/lib/thumb/v7-m/nofp/libc_nano.a(lib_a-fini.o)
 .ARM.attributes
                0x0000000000000227       0x2d /usr/lib/gcc/arm-none-eabi/9.2.1/../../../arm-none-eabi/lib/thumb/v7-m/nofp/libc_nano.a(lib_a-impure.o)
 .ARM.attributes
                0x0000000000000254       0x2d /usr/lib/gcc/arm-none-eabi/9.2.1/../../../arm-none-eabi/lib/thumb/v7-m/nofp/libc_nano.a(lib_a-init.o)
 .ARM.attributes
                0x0000000000000281       0x2d /usr/lib/gcc/arm-none-eabi/9.2.1/../../../arm-none-eabi/lib/thumb/v7-m/nofp/libc_nano.a(lib_a-memset.o)
 .ARM.attributes
                0x00000000000002ae       0x2d /usr/lib/gcc/arm-none-eabi/9.2.1/../../../arm-none-eabi/lib/thumb/v7-m/nofp/libc_nano.a(lib_a-__atexit.o)
 .ARM.attributes
                0x00000000000002db       0x2d /usr/lib/gcc/arm-none-eabi/9.2.1/../../../arm-none-eabi/lib/thumb/v7-m/nofp/libc_nano.a(lib_a-__call_atexit.o)
 .ARM.attributes
                0x0000000000000308       0x2d /usr/lib/gcc/arm-none-eabi/9.2.1/../../../arm-none-eabi/lib/thumb/v7-m/nofp/libnosys.a(_exit.o)
 .ARM.attributes
                0x0000000000000335       0x2d /usr/lib/gcc/arm-none-eabi/9.2.1/thumb/v7-m/nofp/crtend.o
 .ARM.attributes
                0x0000000000000362       0x1d /usr/lib/gcc/arm-none-eabi/9.2.1/thumb/v7-m/nofp/crtn.o
 *(.gnu.attributes)

.note.gnu.arm.ident
 *(.note.gnu.arm.ident)

.noinit         0x00000000000189d0        0x0
                0x00000000000189d0                . = ALIGN (0x2)
                [!provide]                        PROVIDE (__noinit_start = .)
 *(.noinit)
                0x00000000000189d0                . = ALIGN (0x2)
                [!provide]                        PROVIDE (__noinit_end = .)

/DISCARD/
 *(.note.GNU-stack)
 *(.gnu_debuglink)
 *(.gnu.lto_*)
OUTPUT(milandr_uart.elf elf32-littlearm)
LOAD linker stubs
