stm32h7xx_it.c:47:6:NMI_Handler	4	static
stm32h7xx_it.c:56:6:HardFault_Handler	4	static
stm32h7xx_it.c:69:6:MemManage_Handler	4	static
stm32h7xx_it.c:82:6:BusFault_Handler	4	static
stm32h7xx_it.c:95:6:UsageFault_Handler	4	static
stm32h7xx_it.c:108:6:SVC_Handler	4	static
stm32h7xx_it.c:117:6:DebugMon_Handler	4	static
stm32h7xx_it.c:126:6:PendSV_Handler	4	static
stm32h7xx_it.c:135:6:SysTick_Handler	8	static
stm32h7xx_it.c:152:6:EXTI15_10_IRQHandler	8	static
stm32h7xx_it.c:162:6:DMA2_Stream1_IRQHandler	8	static
stm32h7xx_it.c:172:6:DMA2_Stream4_IRQHandler	8	static
stm32h7xx_it.c:182:6:BDMA_Channel1_IRQHandler	8	static
stm32h7xx_it.c:191:6:MDMA_IRQHandler	8	static
