aes.c:404:13:aes_gen_tables	2120	static
aes.c:1153:13:mbedtls_gf128mul_x_ble	20	static
aes.c:518:6:mbedtls_aes_init	0	static
aes.c:525:6:mbedtls_aes_free	0	static
aes.c:534:6:mbedtls_aes_xts_init	8	static
aes.c:542:6:mbedtls_aes_xts_free	8	static
aes.c:556:5:mbedtls_aes_setkey_enc	24	static
aes.c:672:5:mbedtls_aes_setkey_dec	328	static
aes.c:765:5:mbedtls_aes_xts_setkey_enc	24	static
aes.c:790:5:mbedtls_aes_xts_setkey_dec	24	static
aes.c:870:5:mbedtls_internal_aes_encrypt	96	static
aes.c:926:6:mbedtls_aes_encrypt	0	static
aes.c:938:5:mbedtls_internal_aes_decrypt	96	static
aes.c:994:6:mbedtls_aes_decrypt	0	static
aes.c:1005:5:mbedtls_aes_crypt_ecb	4	static
aes.c:1043:5:mbedtls_aes_crypt_cbc	56	static
aes.c:1171:5:mbedtls_aes_crypt_xts	96	static
aes.c:1282:5:mbedtls_aes_crypt_cfb128	32	static
aes.c:1341:5:mbedtls_aes_crypt_cfb8	64	static
aes.c:1381:5:mbedtls_aes_crypt_ofb	32	static
aes.c:1426:5:mbedtls_aes_crypt_ctr	40	static
aes.c:1786:5:mbedtls_aes_self_test	1072	static
