chachapoly.c:63:12:chachapoly_pad_aad	32	static
chachapoly.c:97:6:mbedtls_chachapoly_init	8	static
chachapoly.c:109:6:mbedtls_chachapoly_free	8	static
chachapoly.c:122:5:mbedtls_chachapoly_setkey	0	static
chachapoly.c:134:5:mbedtls_chachapoly_starts	80	static
chachapoly.c:174:5:mbedtls_chachapoly_update_aad	8	static
chachapoly.c:189:5:mbedtls_chachapoly_update	24	static
chachapoly.c:240:5:mbedtls_chachapoly_finish	32	static
chachapoly.c:327:5:mbedtls_chachapoly_encrypt_and_tag	32	static
chachapoly.c:348:5:mbedtls_chachapoly_auth_decrypt	40	static
chachapoly.c:491:5:mbedtls_chachapoly_self_test	480	static
