cipher.c:768:13:add_pkcs_padding	8	static
cipher.c:778:12:get_pkcs_padding	20	static
cipher.c:808:13:add_one_and_zeros_padding	12	static
cipher.c:847:13:add_zeros_and_len_padding	16	static
cipher.c:858:12:get_zeros_and_len_padding	16	static
cipher.c:887:13:add_zeros_padding	0	static
cipher.c:923:12:get_no_padding	0	static
cipher.c:819:12:get_one_and_zeros_padding	20	static
cipher.c:896:12:get_zeros_padding	12	static
cipher.c:105:12:mbedtls_cipher_list	0	static
cipher.c:126:30:mbedtls_cipher_info_from_type	0	static
cipher.c:138:30:mbedtls_cipher_info_from_string	16	static
cipher.c:153:30:mbedtls_cipher_info_from_values	12	static
cipher.c:169:6:mbedtls_cipher_init	0	static
cipher.c:175:6:mbedtls_cipher_free	8	static
cipher.c:278:5:mbedtls_cipher_setkey	8	static
cipher.c:384:5:mbedtls_cipher_set_iv	24	static
cipher.c:440:5:mbedtls_cipher_reset	0	static
cipher.c:461:5:mbedtls_cipher_update_ad	24	static
cipher.c:512:5:mbedtls_cipher_update	64	static
cipher.c:935:5:mbedtls_cipher_finish	32	static
cipher.c:1036:5:mbedtls_cipher_set_padding_mode	0	static
cipher.c:218:5:mbedtls_cipher_setup	16	static
cipher.c:1099:5:mbedtls_cipher_write_tag	8	static
cipher.c:1143:5:mbedtls_cipher_check_tag	32	static
cipher.c:1219:5:mbedtls_cipher_crypt	40	static
cipher.c:1314:5:mbedtls_cipher_auth_encrypt	36	static
cipher.c:1417:5:mbedtls_cipher_auth_decrypt	64	static
