cipher_wrap.c:2013:13:chachapoly_ctx_free	8	static
cipher_wrap.c:2000:15:chachapoly_ctx_alloc	8	static
cipher_wrap.c:1987:12:chachapoly_setkey_wrap	8	static
cipher_wrap.c:1941:13:chacha20_ctx_free	8	static
cipher_wrap.c:1928:15:chacha20_ctx_alloc	8	static
cipher_wrap.c:1903:12:chacha20_setkey_wrap	8	static
cipher_wrap.c:1915:12:chacha20_stream_wrap	8	static
cipher_wrap.c:1523:13:des3_ctx_free	8	static
cipher_wrap.c:1510:15:des3_ctx_alloc	8	static
cipher_wrap.c:1476:12:des3_set3key_dec_wrap	0	static
cipher_wrap.c:1484:12:des3_set3key_enc_wrap	0	static
cipher_wrap.c:1436:12:des3_crypt_cbc_wrap	0	static
cipher_wrap.c:1419:12:des3_crypt_ecb_wrap	0	static
cipher_wrap.c:1460:12:des3_set2key_dec_wrap	0	static
cipher_wrap.c:1468:12:des3_set2key_enc_wrap	0	static
cipher_wrap.c:1504:13:des_ctx_free	8	static
cipher_wrap.c:1492:15:des_ctx_alloc	8	static
cipher_wrap.c:1444:12:des_setkey_dec_wrap	0	static
cipher_wrap.c:1452:12:des_setkey_enc_wrap	0	static
cipher_wrap.c:1427:12:des_crypt_cbc_wrap	0	static
cipher_wrap.c:1412:12:des_crypt_ecb_wrap	0	static
cipher_wrap.c:123:13:ccm_ctx_free	8	static
cipher_wrap.c:113:14:ccm_ctx_alloc	8	static
cipher_wrap.c:964:12:ccm_camellia_setkey_wrap	0	static
cipher_wrap.c:589:12:ccm_aes_setkey_wrap	0	static
cipher_wrap.c:104:13:gcm_ctx_free	8	static
cipher_wrap.c:94:14:gcm_ctx_alloc	8	static
cipher_wrap.c:895:12:gcm_camellia_setkey_wrap	0	static
cipher_wrap.c:520:12:gcm_aes_setkey_wrap	0	static
cipher_wrap.c:723:13:camellia_ctx_free	8	static
cipher_wrap.c:710:15:camellia_ctx_alloc	8	static
cipher_wrap.c:698:12:camellia_setkey_dec_wrap	0	static
cipher_wrap.c:704:12:camellia_setkey_enc_wrap	0	static
cipher_wrap.c:689:12:camellia_crypt_ctr_wrap	0	static
cipher_wrap.c:679:12:camellia_crypt_cfb128_wrap	0	static
cipher_wrap.c:669:12:camellia_crypt_cbc_wrap	0	static
cipher_wrap.c:661:12:camellia_crypt_ecb_wrap	0	static
cipher_wrap.c:1740:13:blowfish_ctx_free	8	static
cipher_wrap.c:1727:15:blowfish_ctx_alloc	8	static
cipher_wrap.c:1721:12:blowfish_setkey_wrap	0	static
cipher_wrap.c:1712:12:blowfish_crypt_ctr_wrap	0	static
cipher_wrap.c:1702:12:blowfish_crypt_cfb64_wrap	0	static
cipher_wrap.c:1692:12:blowfish_crypt_cbc_wrap	0	static
cipher_wrap.c:1684:12:blowfish_crypt_ecb_wrap	0	static
cipher_wrap.c:1856:13:arc4_ctx_free	8	static
cipher_wrap.c:1843:15:arc4_ctx_alloc	8	static
cipher_wrap.c:1832:12:arc4_setkey_wrap	8	static
cipher_wrap.c:1825:12:arc4_crypt_stream_wrap	0	static
cipher_wrap.c:448:14:xts_aes_ctx_alloc	8	static
cipher_wrap.c:441:12:xts_aes_setkey_dec_wrap	0	static
cipher_wrap.c:434:12:xts_aes_setkey_enc_wrap	0	static
cipher_wrap.c:177:12:aes_crypt_xts_wrap	8	static
cipher_wrap.c:227:13:aes_ctx_free	8	static
cipher_wrap.c:215:15:aes_ctx_alloc	8	static
cipher_wrap.c:203:12:aes_setkey_dec_wrap	0	static
cipher_wrap.c:209:12:aes_setkey_enc_wrap	0	static
cipher_wrap.c:167:12:aes_crypt_ctr_wrap	0	static
cipher_wrap.c:158:12:aes_crypt_ofb_wrap	0	static
cipher_wrap.c:148:12:aes_crypt_cfb128_wrap	0	static
cipher_wrap.c:139:12:aes_crypt_cbc_wrap	0	static
cipher_wrap.c:132:12:aes_crypt_ecb_wrap	0	static
cipher_wrap.c:458:13:xts_aes_ctx_free	8	static
