debug.c:64:20:debug_send_line.isra.0	4	static
debug.c:222:6:mbedtls_debug_print_mpi.part.0	576	static
debug.c:56:6:mbedtls_debug_set_threshold	0	static
debug.c:82:6:mbedtls_debug_print_msg	560	static
debug.c:111:6:mbedtls_debug_print_ret	544	static
debug.c:139:6:mbedtls_debug_print_buf	592	static
debug.c:222:6:mbedtls_debug_print_mpi	12	static
debug.c:199:6:mbedtls_debug_print_ecp.part.0	552	static
debug.c:199:6:mbedtls_debug_print_ecp	8	static
debug.c:355:6:mbedtls_debug_print_crt	2120	static
debug.c:420:6:mbedtls_debug_printf_ecdh	8	static
