ecp_curves.c:869:20:add64	8	static
ecp_curves.c:974:20:add32	0	static
ecp_curves.c:980:20:sub32	8	static
ecp_curves.c:1292:12:ecp_mod_p448	168	static
ecp_curves.c:1235:12:ecp_mod_p255	72	static
ecp_curves.c:1186:12:ecp_mod_p521	104	static
ecp_curves.c:1028:19:fix_negative.isra.0	16	static
ecp_curves.c:1113:12:ecp_mod_p384	88	static
ecp_curves.c:1076:12:ecp_mod_p256	72	static
ecp_curves.c:1055:12:ecp_mod_p224	72	static
ecp_curves.c:1353:19:ecp_mod_koblitz.constprop	112	static
ecp_curves.c:1427:12:ecp_mod_p192k1	0	static
ecp_curves.c:1441:12:ecp_mod_p224k1	0	static
ecp_curves.c:1460:12:ecp_mod_p256k1	0	static
ecp_curves.c:901:12:ecp_mod_p192	40	static
ecp_curves.c:754:5:mbedtls_ecp_group_load	32	static
