rsa.c:1066:12:mgf_mask	112	static
rsa.c:1908:12:rsa_rsassa_pkcs1_v15_encode	40	static
rsa.c:2564:12:myrand	16	static
rsa.c:160:12:rsa_check_context.isra.0	24	static
rsa.c:2491:6:mbedtls_rsa_free.part.0	8	static
rsa.c:96:5:mbedtls_rsa_import	32	static
rsa.c:119:5:mbedtls_rsa_import_raw	32	static
rsa.c:248:5:mbedtls_rsa_complete	56	static
rsa.c:343:5:mbedtls_rsa_export_raw	56	static
rsa.c:391:5:mbedtls_rsa_export	32	static
rsa.c:436:5:mbedtls_rsa_export_crt	24	static
rsa.c:476:6:mbedtls_rsa_init	16	static
rsa.c:496:6:mbedtls_rsa_set_padding	0	static
rsa.c:511:8:mbedtls_rsa_get_len	0	static
rsa.c:639:5:mbedtls_rsa_check_pubkey	16	static
rsa.c:664:5:mbedtls_rsa_check_privkey	40	static
rsa.c:694:5:mbedtls_rsa_check_pub_priv	16	static
rsa.c:718:5:mbedtls_rsa_public	56	static
rsa.c:829:5:mbedtls_rsa_private	176	static
rsa.c:1118:5:mbedtls_rsa_rsaes_oaep_encrypt	80	static
rsa.c:1207:5:mbedtls_rsa_rsaes_pkcs1_v15_encrypt	48	static
rsa.c:1279:5:mbedtls_rsa_pkcs1_encrypt	48	static
rsa.c:1315:5:mbedtls_rsa_rsaes_oaep_decrypt	1160	static
rsa.c:1553:5:mbedtls_rsa_rsaes_pkcs1_v15_decrypt	1072	static
rsa.c:1725:5:mbedtls_rsa_pkcs1_decrypt	48	static
rsa.c:1764:5:mbedtls_rsa_rsassa_pss_sign	160	static
rsa.c:2023:5:mbedtls_rsa_rsassa_pkcs1_v15_sign	40	static
rsa.c:2103:5:mbedtls_rsa_pkcs1_sign	8	static
rsa.c:2143:5:mbedtls_rsa_rsassa_pss_verify_ext	1168	static
rsa.c:2293:5:mbedtls_rsa_rsassa_pss_verify	40	static
rsa.c:2327:5:mbedtls_rsa_rsassa_pkcs1_v15_verify	48	static
rsa.c:2410:5:mbedtls_rsa_pkcs1_verify	8	static
rsa.c:2491:6:mbedtls_rsa_free	0	static
rsa.c:525:5:mbedtls_rsa_gen_key	104	static
rsa.c:2449:5:mbedtls_rsa_copy	16	static
rsa.c:2588:5:mbedtls_rsa_self_test	424	static
