stm32h735g_discovery_lcd.c:179:9:BSP_LCD_Init	24	static
stm32h735g_discovery_lcd.c:193:9:BSP_LCD_InitEx	128	static
stm32h735g_discovery_lcd.c:324:9:BSP_LCD_DeInit	24	static
stm32h735g_discovery_lcd.c:367:26:MX_LTDC_Init	24	static
stm32h735g_discovery_lcd.c:398:26:MX_LTDC_ConfigLayer	80	static
stm32h735g_discovery_lcd.c:426:26:MX_LTDC_ClockConfig	200	static
stm32h735g_discovery_lcd.c:526:9:BSP_LCD_ConfigLayer	32	static
stm32h735g_discovery_lcd.c:549:9:BSP_LCD_GetPixelFormat	24	static
stm32h735g_discovery_lcd.c:572:9:BSP_LCD_SetActiveLayer	24	static
stm32h735g_discovery_lcd.c:597:9:BSP_LCD_Relaod	24	static
stm32h735g_discovery_lcd.c:631:9:BSP_LCD_SetLayerVisible	32	static
stm32h735g_discovery_lcd.c:667:9:BSP_LCD_SetTransparency	32	static
stm32h735g_discovery_lcd.c:697:9:BSP_LCD_SetLayerAddress	32	static
stm32h735g_discovery_lcd.c:730:9:BSP_LCD_SetLayerWindow	32	static
stm32h735g_discovery_lcd.c:767:9:BSP_LCD_SetColorKeying	32	static
stm32h735g_discovery_lcd.c:800:9:BSP_LCD_ResetColorKeying	24	static
stm32h735g_discovery_lcd.c:831:9:BSP_LCD_GetXSize	24	static
stm32h735g_discovery_lcd.c:853:9:BSP_LCD_GetYSize	24	static
stm32h735g_discovery_lcd.c:874:9:BSP_LCD_DisplayOn	24	static
stm32h735g_discovery_lcd.c:901:9:BSP_LCD_DisplayOff	24	static
stm32h735g_discovery_lcd.c:929:9:BSP_LCD_SetBrightness	24	static
stm32h735g_discovery_lcd.c:951:9:BSP_LCD_GetBrightness	24	static
stm32h735g_discovery_lcd.c:975:9:BSP_LCD_DrawBitmap	64	static
stm32h735g_discovery_lcd.c:1039:9:BSP_LCD_FillRGBRect	40	static
stm32h735g_discovery_lcd.c:1087:9:BSP_LCD_DrawHLine	48	static
stm32h735g_discovery_lcd.c:1107:9:BSP_LCD_DrawVLine	56	static
stm32h735g_discovery_lcd.c:1128:9:BSP_LCD_FillRect	56	static
stm32h735g_discovery_lcd.c:1149:9:BSP_LCD_ReadPixel	24	static
stm32h735g_discovery_lcd.c:1173:9:BSP_LCD_WritePixel	24	static
stm32h735g_discovery_lcd.c:1206:13:LL_FillBuffer	40	static
stm32h735g_discovery_lcd.c:1248:13:LL_ConvertLineToRGB	40	static
stm32h735g_discovery_lcd.c:1300:13:LTDC_MspInit	80	static
stm32h735g_discovery_lcd.c:1385:13:LTDC_MspDeInit	40	static
stm32h735g_discovery_lcd.c:1433:13:DMA2D_MspInit	24	static
stm32h735g_discovery_lcd.c:1451:13:DMA2D_MspDeInit	16	static
