stm32h735g_discovery_ospi.c:159:9:BSP_OSPI_NOR_Init	88	static,ignoring_inline_asm
stm32h735g_discovery_ospi.c:243:9:BSP_OSPI_NOR_DeInit	24	static
stm32h735g_discovery_ospi.c:289:26:MX_OSPI_NOR_Init	16	static
stm32h735g_discovery_ospi.c:400:9:BSP_OSPI_NOR_Read	40	static
stm32h735g_discovery_ospi.c:439:9:BSP_OSPI_NOR_Write	56	static
stm32h735g_discovery_ospi.c:527:9:BSP_OSPI_NOR_Erase_Block	40	static
stm32h735g_discovery_ospi.c:570:9:BSP_OSPI_NOR_Erase_Chip	24	static
stm32h735g_discovery_ospi.c:609:9:BSP_OSPI_NOR_GetStatus	24	static
stm32h735g_discovery_ospi.c:657:9:BSP_OSPI_NOR_GetInfo	24	static
stm32h735g_discovery_ospi.c:680:9:BSP_OSPI_NOR_EnableMemoryMappedMode	24	static
stm32h735g_discovery_ospi.c:725:9:BSP_OSPI_NOR_DisableMemoryMappedMode	24	static
stm32h735g_discovery_ospi.c:762:9:BSP_OSPI_NOR_ReadID	24	static
stm32h735g_discovery_ospi.c:793:9:BSP_OSPI_NOR_ConfigFlash	24	static
stm32h735g_discovery_ospi.c:875:9:BSP_OSPI_NOR_SuspendErase	24	static
stm32h735g_discovery_ospi.c:911:9:BSP_OSPI_NOR_ResumeErase	24	static
stm32h735g_discovery_ospi.c:961:9:BSP_OSPI_RAM_Init	48	static,ignoring_inline_asm
stm32h735g_discovery_ospi.c:1030:9:BSP_OSPI_RAM_DeInit	24	static
stm32h735g_discovery_ospi.c:1081:26:MX_OSPI_ClockConfig	200	static
stm32h735g_discovery_ospi.c:1111:26:MX_OSPI_RAM_Init	40	static
stm32h735g_discovery_ospi.c:1228:9:BSP_OSPI_RAM_Read	32	static
stm32h735g_discovery_ospi.c:1261:9:BSP_OSPI_RAM_Read_DMA	32	static
stm32h735g_discovery_ospi.c:1294:9:BSP_OSPI_RAM_Write	32	static
stm32h735g_discovery_ospi.c:1327:9:BSP_OSPI_RAM_Write_DMA	32	static
stm32h735g_discovery_ospi.c:1357:9:BSP_OSPI_RAM_EnableMemoryMappedMode	24	static
stm32h735g_discovery_ospi.c:1388:9:BSP_OSPI_RAM_DisableMemoryMappedMode	24	static
stm32h735g_discovery_ospi.c:1429:9:BSP_OSPI_RAM_ConfigHyperRAM	48	static
stm32h735g_discovery_ospi.c:1566:6:BSP_OSPI_RAM_DMA_IRQHandler	16	static
stm32h735g_discovery_ospi.c:1576:6:BSP_OSPI_RAM_IRQHandler	16	static
stm32h735g_discovery_ospi.c:1593:13:OSPI_NOR_MspInit	88	static
stm32h735g_discovery_ospi.c:1686:13:OSPI_NOR_MspDeInit	16	static
stm32h735g_discovery_ospi.c:1717:16:OSPI_NOR_ResetMemory	24	static
stm32h735g_discovery_ospi.c:1769:16:OSPI_NOR_EnterDOPIMode	32	static
stm32h735g_discovery_ospi.c:1840:16:OSPI_NOR_EnterSOPIMode	32	static
stm32h735g_discovery_ospi.c:1904:16:OSPI_NOR_ExitOPIMode	32	static
stm32h735g_discovery_ospi.c:1982:13:OSPI_RAM_MspInit	88	static
stm32h735g_discovery_ospi.c:2099:13:OSPI_RAM_MspDeInit	16	static
