driver_pinIO.c:8:6:pinio_init	8	static
driver_pinIO.c:23:6:pinio_task	4	static
driver_pinIO.c:28:9:pinio_get_CFGUI	16	static
driver_pinIO.c:41:6:pinio_set_UPR_SP	16	static
driver_pinIO.c:51:6:pinio_set_UPR_FAN	16	static
driver_pinIO.c:60:6:pinio_set_UPR_RELE	16	static
driver_pinIO.c:70:9:pinio_getstate_DET_48V	16	static
driver_pinIO.c:82:9:pinio_getval_DET_48V	8	static
driver_pinIO.c:88:9:pinio_getstate_DET_PHONE	16	static
driver_pinIO.c:100:9:pinio_getval_DET_PHONE	8	static
driver_pinIO.c:106:9:pinio_getstate_DET_MIC	16	static
driver_pinIO.c:118:9:pinio_getval_DET_MIC	8	static
