sqlite3.c:20678:30:sqlite3StatusValue	0	static
sqlite3.c:20698:21:sqlite3StatusUp	0	static
sqlite3.c:20709:21:sqlite3StatusDown	0	static
sqlite3.c:20723:21:sqlite3StatusHighwater	0	static
sqlite3.c:20785:12:countLookasideSlots	0	static
sqlite3.c:20797:20:sqlite3LookasideUsed	16	static
sqlite3.c:21346:13:setRawDateNumber	8	static
sqlite3.c:21404:12:validJulianDay	0	static
sqlite3.c:21467:13:clearYMD_HMS_TZ	0	static
sqlite3.c:22326:21:sqlite3OsClose	8	static
sqlite3.c:22332:20:sqlite3OsRead	24	static
sqlite3.c:22336:20:sqlite3OsWrite	24	static
sqlite3.c:22340:20:sqlite3OsTruncate	8	static
sqlite3.c:22343:20:sqlite3OsSync	8	static
sqlite3.c:22347:20:sqlite3OsFileSize	8	static
sqlite3.c:22351:20:sqlite3OsLock	8	static
sqlite3.c:22355:20:sqlite3OsUnlock	8	static
sqlite3.c:22358:20:sqlite3OsCheckReservedLock	8	static
sqlite3.c:22371:20:sqlite3OsFileControl	8	static
sqlite3.c:22392:21:sqlite3OsFileControlHint	8	static
sqlite3.c:22396:20:sqlite3OsSectorSize	8	static
sqlite3.c:22400:20:sqlite3OsDeviceCharacteristics	8	static
sqlite3.c:22436:20:sqlite3OsFetch	0	static
sqlite3.c:22449:20:sqlite3OsOpen	24	static
sqlite3.c:22466:20:sqlite3OsDelete	8	static
sqlite3.c:22471:20:sqlite3OsAccess	8	static
sqlite3.c:22480:20:sqlite3OsFullPathname	16	static
sqlite3.c:22504:20:sqlite3OsRandomness	8	static
sqlite3.c:22507:20:sqlite3OsSleep	8	static
sqlite3.c:22510:20:sqlite3OsGetLastError	8	static
sqlite3.c:22513:20:sqlite3OsCurrentTimeInt64	24	static
sqlite3.c:22606:13:vfsUnlink	0	static
sqlite3.c:22730:21:sqlite3BenignMallocHooks	0	static
sqlite3.c:22744:21:sqlite3BeginBenignMalloc	8	static
sqlite3.c:22750:21:sqlite3EndBenignMalloc	8	static
sqlite3.c:22999:12:sqlite3MemSize	0	static
sqlite3.c:23054:12:sqlite3MemRoundup	0	static
sqlite3.c:23061:12:sqlite3MemInit	0	static
sqlite3.c:23088:13:sqlite3MemShutdown	0	static
sqlite3.c:26718:20:sqlite3HeapNearlyFull	0	static
sqlite3.c:26868:20:sqlite3MallocSize	8	static
sqlite3.c:26766:13:mallocWithAlarm	24	static
sqlite3.c:26815:22:sqlite3Malloc	24	static
sqlite3.c:26872:20:sqlite3DbMallocSize	8	static
sqlite3.c:26899:17:sqlite3_free	8	static
sqlite3.c:22553:21:sqlite3OsCloseFree	8	static
sqlite3.c:26918:29:measureAllocationSize	8	static
sqlite3.c:26927:21:sqlite3DbFreeNN	8	static
sqlite3.c:26952:21:sqlite3DbFree	8	static
sqlite3.c:26960:22:sqlite3Realloc	24	static
sqlite3.c:27243:21:sqlite3OomFault	0	static
sqlite3.c:27054:30:dbMallocRawFinish	16	static
sqlite3.c:27093:22:sqlite3DbMallocRawNN	8	static
sqlite3.c:27086:22:sqlite3DbMallocRaw	8	static
sqlite3.c:27263:21:sqlite3OomClear	0	static
sqlite3.c:27433:13:et_getdigit	0	static
sqlite3.c:28399:21:sqlite3StrAccumInit	0	static
sqlite3.c:29457:21:sqlite3PrngSaveState	8	static
sqlite3.c:29464:21:sqlite3PrngRestoreState	8	static
sqlite3.c:29917:20:sqlite3Utf8Read	0	static
sqlite3.c:30136:20:sqlite3Utf8CharLen	0	static
sqlite3.c:30338:20:sqlite3FaultSim	8	static
sqlite3.c:30348:20:sqlite3IsNaN	8	static
sqlite3.c:30405:21:sqlite3SystemError	8	static
sqlite3.c:30489:20:sqlite3ErrorToParser	0	static
sqlite3.c:30514:21:sqlite3Dequote	4	static
sqlite3.c:30536:21:sqlite3DequoteExpr	8	static
sqlite3.c:30571:20:sqlite3StrICmp	4	static
sqlite3.c:30609:24:sqlite3Pow10	0	static
sqlite3.c:30671:20:sqlite3AtoF	72	static
sqlite3.c:30873:12:compare2pow63	8	static
sqlite3.c:30906:20:sqlite3Atoi64	40	static
sqlite3.c:31132:28:putVarint64	32	static
sqlite3.c:31156:20:sqlite3PutVarint	16	static
sqlite3.c:31186:19:sqlite3GetVarint	12	static
sqlite3.c:31347:19:sqlite3GetVarint32	24	static
sqlite3.c:31470:20:sqlite3VarintLen	4	static
sqlite3.c:31522:19:sqlite3HexToInt	0	static
sqlite3.c:31038:20:sqlite3GetInt32	32	static
sqlite3.c:31097:20:sqlite3Atoi	16	static
sqlite3.c:31619:20:sqlite3AddInt64	16	static
sqlite3.c:31639:20:sqlite3SubInt64	16	static
sqlite3.c:31654:20:sqlite3MulInt64	32	static
sqlite3.c:31680:20:sqlite3AbsInt32	0	static
sqlite3.c:31723:23:sqlite3LogEstAdd	0	static
sqlite3.c:31887:28:sqlite3VListNumToName	8	static
sqlite3.c:31940:21:sqlite3HashInit	0	static
sqlite3.c:31952:21:sqlite3HashClear	16	static
sqlite3.c:31972:21:strHash	0	static
sqlite3.c:31989:13:insertElement	4	static
sqlite3.c:32064:18:findElementWithHash	24	static
sqlite3.c:32099:13:removeElementGivenHash	16	static
sqlite3.c:32134:22:sqlite3HashFind	8	static
sqlite3.c:47544:20:sqlite3BitvecTestNotNull	4	static
sqlite3.c:47567:20:sqlite3BitvecTest	8	static
sqlite3.c:47691:21:sqlite3BitvecDestroy	16	static
sqlite3.c:47706:20:sqlite3BitvecSize	0	static
sqlite3.c:47986:13:pcacheManageDirtyList	4	static
sqlite3.c:48056:13:pcacheUnpin	8	static
sqlite3.c:48068:12:numberOfCachePages	8	static
sqlite3.c:48096:21:sqlite3PcacheShutdown	8	static
sqlite3.c:48106:20:sqlite3PcacheSize	0	static
sqlite3.c:48146:20:sqlite3PcacheSetPageSize	24	static
sqlite3.c:48190:37:sqlite3PcacheFetch	8	static
sqlite3.c:48336:37:sqlite3PcacheRelease	8	static
sqlite3.c:48351:21:sqlite3PcacheRef	0	static
sqlite3.c:48363:21:sqlite3PcacheDrop	8	static
sqlite3.c:48377:21:sqlite3PcacheMakeDirty	8	static
sqlite3.c:48396:21:sqlite3PcacheMakeClean	8	static
sqlite3.c:48413:21:sqlite3PcacheCleanAll	8	static
sqlite3.c:48424:21:sqlite3PcacheClearWritable	0	static
sqlite3.c:48436:21:sqlite3PcacheClearSyncFlags	0	static
sqlite3.c:48447:21:sqlite3PcacheMove	16	static
sqlite3.c:48502:21:sqlite3PcacheClose	8	static
sqlite3.c:48519:15:pcacheMergeDirtyList	48	static
sqlite3.c:48605:20:sqlite3PcacheRefCount	0	static
sqlite3.c:48612:20:sqlite3PcachePageRefcount	0	static
sqlite3.c:48619:20:sqlite3PcachePagecount	8	static
sqlite3.c:48231:20:sqlite3PcacheFetchStress	16	static
sqlite3.c:48636:21:sqlite3PcacheSetCachesize	16	static
sqlite3.c:48648:20:sqlite3PcacheSetSpillsize	8	static
sqlite3.c:48665:21:sqlite3PcacheShrink	8	static
sqlite3.c:48674:20:sqlite3HeaderSizePcache	0	static
sqlite3.c:48680:20:sqlite3PCachePercentDirty	16	static
sqlite3.c:48976:21:sqlite3PCacheBufferSetup	4	static
sqlite3.c:49002:12:pcache1InitBulk	24	static
sqlite3.c:49045:14:pcache1Alloc	16	static
sqlite3.c:49083:13:pcache1Free	8	static
sqlite3.c:49133:16:pcache1AllocPage	24	static
sqlite3.c:49181:13:pcache1FreePage	8	static
sqlite3.c:49203:22:sqlite3PageMalloc	8	static
sqlite3.c:49211:21:sqlite3PageFree	8	static
sqlite3.c:49232:12:pcache1UnderMemoryPressure	8	static
sqlite3.c:49290:16:pcache1PinPage	0	static
sqlite3.c:49315:13:pcache1RemoveFromHash	16	static
sqlite3.c:49333:13:pcache1EnforceMaxPage	16	static
sqlite3.c:49358:13:pcache1TruncateUnsafe	32	static
sqlite3.c:49526:13:pcache1Cachesize	8	static
sqlite3.c:49545:13:pcache1Shrink	16	static
sqlite3.c:49562:12:pcache1Pagecount	0	static
sqlite3.c:49784:13:pcache1Unpin	8	static
sqlite3.c:49819:13:pcache1Rekey	8	static
sqlite3.c:49859:13:pcache1Truncate	16	static
sqlite3.c:49874:13:pcache1Destroy	16	static
sqlite3.c:49919:20:sqlite3HeaderSizePcache1	0	static
sqlite3.c:50119:24:sqlite3RowSetInit	16	static
sqlite3.c:50141:21:sqlite3RowSetClear	16	static
sqlite3.c:50161:21:sqlite3RowSetDelete	8	static
sqlite3.c:50174:28:rowSetEntryAlloc	8	static
sqlite3.c:50199:21:sqlite3RowSetInsert	16	static
sqlite3.c:50230:28:rowSetEntryMerge	32	static
sqlite3.c:50294:13:rowSetTreeToList	24	static
sqlite3.c:50329:28:rowSetNDeepTree	16	static
sqlite3.c:50365:28:rowSetListToTree	24	static
sqlite3.c:51720:13:setGetterMethod	0	static
sqlite3.c:51745:12:subjRequiresPage	16	static
sqlite3.c:51809:12:pagerUnlockDb	16	static
sqlite3.c:51836:12:pagerLockDb	16	static
sqlite3.c:51869:12:jrnlBufferSize	0	static
sqlite3.c:52029:12:journalHdrOffset	16	static
sqlite3.c:52062:12:zeroJournalHdr	32	static
sqlite3.c:52432:20:sqlite3PagerDataVersion	0	static
sqlite3.c:52590:12:pager_error	8	static
sqlite3.c:52624:12:pagerFlushOnCommit	8	static
sqlite3.c:52866:12:pager_cksum	0	static
sqlite3.c:53360:20:sqlite3SectorSize	8	static
sqlite3.c:53394:13:setSectorSize	8	static
sqlite3.c:53937:12:pagerPagecount	32	static
sqlite3.c:54176:21:sqlite3PagerSetCachesize	8	static
sqlite3.c:54184:20:sqlite3PagerSetSpillsize	8	static
sqlite3.c:54207:21:sqlite3PagerSetMmapLimit	0	static
sqlite3.c:54215:21:sqlite3PagerShrink	8	static
sqlite3.c:54271:21:sqlite3PagerSetFlags	8	static
sqlite3.c:54331:12:pagerOpentemp	16	static
sqlite3.c:54370:21:sqlite3PagerSetBusyHandler	8	static
sqlite3.c:54483:22:sqlite3PagerTempSpace	0	static
sqlite3.c:54494:20:sqlite3PagerMaxPageCount	0	static
sqlite3.c:54572:21:sqlite3PagerPagecount	0	static
sqlite3.c:54593:12:pager_wait_on_lock	16	static
sqlite3.c:54657:21:sqlite3PagerTruncateImage	0	static
sqlite3.c:54688:12:pagerSyncHotJournal	8	static
sqlite3.c:54754:13:pagerReleaseMapPage	0	static
sqlite3.c:54767:13:pagerFreeMapHdrs	8	static
sqlite3.c:54781:12:databaseIsUnmoved	16	static
sqlite3.c:54889:21:sqlite3PagerRef	8	static
sqlite3.c:55711:12:hasHotJournal	48	static
sqlite3.c:56286:12:getPageError	0	static
sqlite3.c:56302:20:sqlite3PagerGet	8	static
sqlite3.c:56345:21:sqlite3PagerUnrefNotNull	8	static
sqlite3.c:56357:21:sqlite3PagerUnref	8	static
sqlite3.c:56482:20:sqlite3PagerBegin	16	static
sqlite3.c:56843:21:sqlite3PagerDontWrite	0	static
sqlite3.c:56960:20:sqlite3PagerSync	8	static
sqlite3.c:56983:20:sqlite3PagerExclusiveLock	8	static
sqlite3.c:57371:19:sqlite3PagerIsreadonly	0	static
sqlite3.c:57388:20:sqlite3PagerMemUsed	16	static
sqlite3.c:57399:20:sqlite3PagerPageRefcount	8	static
sqlite3.c:57435:21:sqlite3PagerCacheStat	8	static
sqlite3.c:57458:20:sqlite3PagerIsMemdb	0	static
sqlite3.c:57635:28:sqlite3PagerFilename	0	static
sqlite3.c:57642:29:sqlite3PagerVfs	0	static
sqlite3.c:57651:30:sqlite3PagerFile	0	static
sqlite3.c:57669:30:sqlite3PagerJrnlFile	0	static
sqlite3.c:57680:28:sqlite3PagerJournalname	0	static
sqlite3.c:57896:21:sqlite3PagerRekey	8	static
sqlite3.c:57905:22:sqlite3PagerGetData	0	static
sqlite3.c:57914:22:sqlite3PagerGetExtra	0	static
sqlite3.c:57928:20:sqlite3PagerLockingMode	0	static
sqlite3.c:58052:20:sqlite3PagerGetJournalMode	0	static
sqlite3.c:58061:20:sqlite3PagerOkToChangeJournalMode	0	static
sqlite3.c:58074:20:sqlite3PagerJournalSizeLimit	8	static
sqlite3.c:58088:33:sqlite3PagerBackupPtr	0	static
sqlite3.c:63870:12:btreeGetHasContent	16	static
sqlite3.c:63879:13:btreeClearHasContent	8	static
sqlite3.c:64042:21:sqlite3BtreeClearCursor	8	static
sqlite3.c:64135:20:sqlite3BtreeCursorHasMoved	0	static
sqlite3.c:64148:26:sqlite3BtreeFakeValidCursor	0	static
sqlite3.c:64199:21:sqlite3BtreeCursorHintFlags	0	static
sqlite3.c:64357:29:btreeParseCellAdjustSizeForOverflow	12	static
sqlite3.c:64402:13:btreeParseCellPtrNoPayload	8	static
sqlite3.c:64419:13:btreeParseCellPtr	32	static
sqlite3.c:64487:13:btreeParseCellPtrIndex	24	static
sqlite3.c:64544:12:cellSizePtr	16	static
sqlite3.c:64592:12:cellSizePtrNoPayload	0	static
sqlite3.c:65328:17:btreePageFromDbPage	24	static
sqlite3.c:65352:12:btreeGetPage	32	static
sqlite3.c:65388:13:btreePagecount	0	static
sqlite3.c:65391:20:sqlite3BtreeLastPage	8	static
sqlite3.c:65469:13:releasePageNotNull	8	static
sqlite3.c:63887:13:btreeReleaseAllCursorPages	16	static
sqlite3.c:65478:13:releasePage	8	static
sqlite3.c:65875:12:removeFromSharingList	0	static
sqlite3.c:65943:13:freeTempSpace	8	static
sqlite3.c:66016:20:sqlite3BtreeSetCacheSize	8	static
sqlite3.c:66035:20:sqlite3BtreeSetSpillSize	8	static
sqlite3.c:66069:20:sqlite3BtreeSetPagerFlags	8	static
sqlite3.c:66135:20:sqlite3BtreeGetPageSize	0	static
sqlite3.c:66150:20:sqlite3BtreeGetReserveNoMutex	0	static
sqlite3.c:66166:20:sqlite3BtreeGetOptimalReserve	8	static
sqlite3.c:66183:20:sqlite3BtreeMaxPageCount	8	static
sqlite3.c:66209:20:sqlite3BtreeSecureDelete	0	static
sqlite3.c:67690:20:sqlite3BtreeCursorSize	0	static
sqlite3.c:67783:20:sqlite3BtreeCursorIsValidNN	0	static
sqlite3.c:67845:30:sqlite3BtreeMaxRecordSize	0	static
sqlite3.c:68245:20:fetchPayload	4	static
sqlite3.c:68284:28:sqlite3BtreePayloadFetch	8	static
sqlite3.c:68347:13:moveToParent	8	static
sqlite3.c:68866:20:sqlite3BtreeEof	0	static
sqlite3.c:68879:20:sqlite3BtreeRowCountEst	12	static
sqlite3.c:70098:13:populateCellCache	24	static
sqlite3.c:70116:28:computeCellSize	16	static
sqlite3.c:70122:12:cachedCellSize	8	static
sqlite3.c:72778:23:sqlite3BtreePager	0	static
sqlite3.c:73426:28:sqlite3BtreeGetFilename	8	static
sqlite3.c:73439:28:sqlite3BtreeGetJournalname	8	static
sqlite3.c:73447:20:sqlite3BtreeIsInTrans	0	static
sqlite3.c:73480:20:sqlite3BtreeIsInReadTrans	0	static
sqlite3.c:73486:20:sqlite3BtreeIsInBackup	0	static
sqlite3.c:73528:20:sqlite3BtreeSchemaLocked	0	static
sqlite3.c:73669:20:sqlite3BtreeCursorHasHint	0	static
sqlite3.c:73676:20:sqlite3BtreeIsReadonly	0	static
sqlite3.c:73683:20:sqlite3HeaderSizeBtree	0	static
sqlite3.c:73923:12:isFatalError	0	static
sqlite3.c:74028:12:backupTruncateFile	24	static
sqlite3.c:74041:13:attachBackupObject	8	static
sqlite3.c:74435:21:sqlite3BackupRestart	0	static
sqlite3.c:74696:20:sqlite3VdbeChangeEncoding	0	static
sqlite3.c:75048:28:doubleToInt64	8	static
sqlite3.c:75084:28:memIntValue	16	static
sqlite3.c:75089:20:sqlite3VdbeIntValue	8	static
sqlite3.c:75113:31:memRealValue	16	static
sqlite3.c:75119:23:sqlite3VdbeRealValue	8	static
sqlite3.c:75139:20:sqlite3VdbeBooleanValue	8	static
sqlite3.c:75150:21:sqlite3VdbeIntegerAffinity	32	static
sqlite3.c:75178:20:sqlite3VdbeMemIntegerify	8	static
sqlite3.c:75192:20:sqlite3VdbeMemRealify	8	static
sqlite3.c:75299:21:sqlite3VdbeMemInit	0	static
sqlite3.c:75369:21:sqlite3NoopDestructor	0	static
sqlite3.c:75375:21:sqlite3VdbeMemSetPointer	4	static
sqlite3.c:75439:20:sqlite3VdbeMemTooBig	0	static
sqlite3.c:76922:20:sqlite3VdbeMakeLabel	0	static
sqlite3.c:76968:21:sqlite3VdbeRunOnlyOnce	0	static
sqlite3.c:77169:13:resolveP2Values	24	static
sqlite3.c:77270:20:sqlite3VdbeCurrentAddr	0	static
sqlite3.c:77327:24:sqlite3VdbeTakeOpArray	16	static
sqlite3.c:77435:21:sqlite3VdbeChangeP5	0	static
sqlite3.c:77453:13:freeEphemeralFunction	8	static
sqlite3.c:77464:29:freeP4Mem	16	static
sqlite3.c:77468:29:freeP4FuncCtx	16	static
sqlite3.c:77539:21:sqlite3VdbeLinkSubProgram	0	static
sqlite3.c:77736:24:sqlite3VdbeGetOp	0	static
sqlite3.c:77429:21:sqlite3VdbeChangeP2	8	static
sqlite3.c:77444:21:sqlite3VdbeJumpHere	8	static
sqlite3.c:77426:21:sqlite3VdbeChangeP1	8	static
sqlite3.c:77432:21:sqlite3VdbeChangeP3	8	static
sqlite3.c:77423:21:sqlite3VdbeChangeOpcode	8	static
sqlite3.c:78056:21:sqlite3VdbeUsesBtree	0	static
sqlite3.c:78158:13:initMemArray	4	static
sqlite3.c:78235:21:sqlite3VdbeFrameMemDel	0	static
sqlite3.c:78543:14:allocSpace	12	static
sqlite3.c:78566:21:sqlite3VdbeRewind	0	static
sqlite3.c:79481:21:sqlite3VdbeResetStepResult	0	static
sqlite3.c:79659:21:sqlite3VdbeDeleteAuxData	24	static
sqlite3.c:79881:20:sqlite3VdbeSerialType	32	static
sqlite3.c:79964:20:sqlite3VdbeSerialTypeLen	0	static
sqlite3.c:79973:19:sqlite3VdbeOneByteSerialTypeLen	0	static
sqlite3.c:80239:32:sqlite3VdbeAllocUnpackedRecord	8	static
sqlite3.c:80532:12:sqlite3IntFloatCompare	24	static
sqlite3.c:80661:12:vdbeRecordDecodeInt	8	static
sqlite3.c:81079:30:sqlite3VdbeFindCompare	0	static
sqlite3.c:81241:21:sqlite3VdbeSetChanges	0	static
sqlite3.c:81251:21:sqlite3VdbeCountChanges	0	static
sqlite3.c:81273:21:sqlite3ExpirePreparedStatements	0	static
sqlite3.c:81283:25:sqlite3VdbeDb	0	static
sqlite3.c:81290:19:sqlite3VdbePrepareFlags	0	static
sqlite3.c:81324:21:sqlite3VdbeSetVarmask	0	static
sqlite3.c:82034:21:sqlite3ResultIntReal	0	static
sqlite3.c:82048:12:doWalCallbacks	0	static
sqlite3.c:82308:30:sqlite3StmtCurrentTime	8	static
sqlite3.c:21330:12:setDateTimeToCurrent	8	static
sqlite3.c:82479:19:columnNullValue	0	static
sqlite3.c:84130:28:computeNumericType	16	static
sqlite3.c:84158:12:numericType	8	static
sqlite3.c:92643:12:vdbeSorterMapFile	32	static
sqlite3.c:92660:12:vdbePmaReaderSeek	48	static
sqlite3.c:93057:13:vdbeSorterRecordFree	16	static
sqlite3.c:93354:12:vdbeSortAllocUnpacked	8	static
sqlite3.c:93368:22:vdbeSorterMerge	48	static
sqlite3.c:93410:22:vdbeSorterGetCompare	0	static
sqlite3.c:94055:13:vdbeMergeEngineCompare	48	static
sqlite3.c:94370:12:vdbeSorterTreeDepth	12	static
sqlite3.c:94695:14:vdbeSorterRowkey	0	static
sqlite3.c:94931:13:memjrnlFreeChunks	16	static
sqlite3.c:95062:12:memjrnlTruncate	8	static
sqlite3.c:95078:12:memjrnlClose	8	static
sqlite3.c:95090:12:memjrnlSync	0	static
sqlite3.c:95098:12:memjrnlFileSize	0	static
sqlite3.c:95216:20:sqlite3JournalIsInMemory	0	static
sqlite3.c:52441:13:releaseAllSavepoints	16	static
sqlite3.c:95224:20:sqlite3JournalSize	0	static
sqlite3.c:95401:20:sqlite3WalkSelect	16	static
sqlite3.c:95284:28:walkExpr	16	static
sqlite3.c:95312:20:sqlite3WalkExpr	8	static
sqlite3.c:95320:20:sqlite3WalkExprList	16	static
sqlite3.c:95254:12:walkWindowList	16	static
sqlite3.c:95337:20:sqlite3WalkSelectExpr	16	static
sqlite3.c:95364:20:sqlite3WalkSelectFrom	16	static
sqlite3.c:95450:12:incrAggDepth	0	static
sqlite3.c:95533:12:nameInUsingClause	16	static
sqlite3.c:96437:12:resolveAsName	16	static
sqlite3.c:96701:12:resolveRemoveWindowsCb	0	static
sqlite3.c:97094:20:sqlite3ResolveExprNames	48	static
sqlite3.c:97133:20:sqlite3ResolveExprListNames	16	static
sqlite3.c:97158:21:sqlite3ResolveSelectNames	40	static
sqlite3.c:97243:21:sqlite3TableColumnAffinity	0	static
sqlite3.c:97264:21:sqlite3ExprAffinity	8	static
sqlite3.c:97331:22:sqlite3ExprSkipCollate	0	static
sqlite3.c:97450:21:sqlite3CompareAffinity	8	static
sqlite3.c:97477:13:comparisonAffinity	8	static
sqlite3.c:97500:20:sqlite3IndexAffinityOk	8	static
sqlite3.c:97516:11:binaryCompareP5	16	static
sqlite3.c:97597:20:sqlite3ExprVectorSize	0	static
sqlite3.c:97587:20:sqlite3ExprIsVector	8	static
sqlite3.c:97624:22:sqlite3VectorFieldSubexpr	16	static
sqlite3.c:98299:12:exprStructSize	0	static
sqlite3.c:98349:12:dupedExprStructSize	0	static
sqlite3.c:98553:12:gatherSelectWindowsCallback	0	static
sqlite3.c:98561:12:gatherSelectWindowsSelectCallback	0	static
sqlite3.c:98564:13:gatherSelectWindows	40	static
sqlite3.c:98884:21:sqlite3ExprListSetSortOrder	0	static
sqlite3.c:98987:20:sqlite3ExprListFlags	0	static
sqlite3.c:97946:21:sqlite3ExprSetHeightAndFlags	16	static
sqlite3.c:99006:20:sqlite3SelectWalkFail	0	static
sqlite3.c:99017:20:sqlite3ExprIdToTrueFalse	16	static
sqlite3.c:99034:20:sqlite3ExprTruthValue	8	static
sqlite3.c:99055:22:sqlite3ExprSimplifiedAndOr	16	static
sqlite3.c:99095:12:exprNodeIsConstant	16	static
sqlite3.c:99162:12:exprIsConst	40	static
sqlite3.c:99183:20:sqlite3ExprIsConstant	8	static
sqlite3.c:99200:20:sqlite3ExprIsConstantNotJoin	8	static
sqlite3.c:99210:20:sqlite3ExprIsTableConstant	8	static
sqlite3.c:99262:20:sqlite3ExprIsConstantOrGroupBy	40	static
sqlite3.c:99282:20:sqlite3ExprIsConstantOrFunction	8	static
sqlite3.c:99311:20:sqlite3ExprIsInteger	16	static
sqlite3.c:99357:20:sqlite3ExprCanBeNull	0	static
sqlite3.c:99389:20:sqlite3ExprNeedsNoAffinityChange	0	static
sqlite3.c:99422:20:sqlite3IsRowid	8	static
sqlite3.c:99437:16:isCandidateForInOpt	4	static
sqlite3.c:99499:12:sqlite3InRhsIsConstant	16	static
sqlite3.c:99814:14:exprINAffinity	24	static
sqlite3.c:100609:13:exprToRegister	8	static
sqlite3.c:102267:12:impliesNotNullRow	0	static
sqlite3.c:102345:20:sqlite3ExprImpliesNonNullRow	48	static
sqlite3.c:102437:12:exprSrcCount	12	static
sqlite3.c:102466:20:sqlite3FunctionUsesThisSrc	48	static
sqlite3.c:102643:12:analyzeAggregatesInSelect	0	static
sqlite3.c:102648:13:analyzeAggregatesInSelectEnd	0	static
sqlite3.c:102662:21:sqlite3ExprAnalyzeAggregates	40	static
sqlite3.c:102680:21:sqlite3ExprAnalyzeAggList	24	static
sqlite3.c:102693:20:sqlite3GetTempReg	0	static
sqlite3.c:102704:21:sqlite3ReleaseTempReg	0	static
sqlite3.c:102713:20:sqlite3GetTempRange	8	static
sqlite3.c:102727:21:sqlite3ReleaseTempRange	8	static
sqlite3.c:102741:21:sqlite3ClearTempRegCache	0	static
sqlite3.c:103480:21:sqlite3RenameTokenRemap	0	static
sqlite3.c:103494:12:renameUnmapExprCb	8	static
sqlite3.c:103503:12:renameUnmapSelectCb	24	static
sqlite3.c:103556:13:renameTokenFree	16	static
sqlite3.c:103571:13:renameTokenFind	4	static
sqlite3.c:103623:12:renameColumnExprCb	16	static
sqlite3.c:103648:21:renameColumnTokenNext	4	static
sqlite3.c:103953:13:renameWalkTrigger	16	static
sqlite3.c:104173:12:renameTableExprCb	8	static
sqlite3.c:104806:13:stat4Destructor	8	static
sqlite3.c:106415:12:resolveAttachExpr	8	static
sqlite3.c:106834:21:sqlite3FixInit	8	static
sqlite3.c:107721:23:sqlite3FindIndex	32	static
sqlite3.c:107869:21:sqlite3CommitInternalChanges	0	static
sqlite3.c:108105:20:sqlite3WritableSchema	0	static
sqlite3.c:95576:12:areDoubleQuotedStringsEnabled	8	static
sqlite3.c:108136:23:sqlite3PrimaryKeyIndex	0	static
sqlite3.c:108146:20:sqlite3ColumnOfIndex	0	static
sqlite3.c:102384:12:exprIdxCover	8	static
sqlite3.c:108453:21:sqlite3AddNotNull	4	static
sqlite3.c:108500:21:sqlite3AffinityType	32	static
sqlite3.c:108629:13:sqlite3StringToId	0	static
sqlite3.c:108856:12:identLength	0	static
sqlite3.c:109027:12:hasColumn	0	static
sqlite3.c:109050:12:isDupColumn	32	static
sqlite3.c:109081:13:recomputeColumnsNotIndexed	16	static
sqlite3.c:111186:21:sqlite3IdListDelete	16	static
sqlite3.c:111200:20:sqlite3IdListIndex	16	static
sqlite3.c:111375:21:sqlite3SrcListAssignCursors	24	static
sqlite3.c:111530:21:sqlite3SrcListShiftJoinType	4	static
sqlite3.c:111647:21:sqlite3CodeVerifySchema	0	static
sqlite3.c:111666:21:sqlite3CodeVerifyNamedSchema	24	static
sqlite3.c:111690:21:sqlite3BeginWriteOperation	16	static
sqlite3.c:111704:21:sqlite3MultiWrite	0	static
sqlite3.c:111725:21:sqlite3MayAbort	0	static
sqlite3.c:111815:12:collationMatch	16	static
sqlite3.c:112307:12:matchQuality	0	static
sqlite3.c:112342:25:sqlite3FunctionSearch	16	static
sqlite3.c:113539:17:sqlite3GetFuncCollSeq	0	static
sqlite3.c:113552:13:sqlite3SkipAccumulatorLoad	0	static
sqlite3.c:117033:28:sqlite3IndexAffinityStr	24	static
sqlite3.c:117185:12:autoIncBegin	24	static
sqlite3.c:118105:12:checkConstraintExprNode	0	static
sqlite3.c:121790:12:getLockingMode	8	static
sqlite3.c:121821:12:getTempStore	8	static
sqlite3.c:121919:13:setAllPagerFlags	16	static
sqlite3.c:121967:28:sqlite3JournalModename	0	static
sqlite3.c:123987:12:pragmaVtabDisconnect	8	static
sqlite3.c:124000:12:pragmaVtabBestIndex	16	static
sqlite3.c:124135:12:pragmaVtabEof	0	static
sqlite3.c:124161:12:pragmaVtabRowid	0	static
sqlite3.c:124267:20:sqlite3IndexHasDuplicateRootPage	0	static
sqlite3.c:124704:20:sqlite3SchemaToIndex	4	static
sqlite3.c:125261:21:sqlite3SelectDestInit	0	static
sqlite3.c:125340:16:findRightmost	0	static
sqlite3.c:125423:12:columnIndex	16	static
sqlite3.c:125440:12:tableAndColumnIndex	32	static
sqlite3.c:125534:13:setJoinExpr	16	static
sqlite3.c:125557:13:unsetJoinExpr	16	static
sqlite3.c:126440:21:sqlite3KeyInfoUnref	8	static
sqlite3.c:126451:25:sqlite3KeyInfoRef	0	static
sqlite3.c:126510:20:selectOpName	0	static
sqlite3.c:129724:20:searchWith	24	static
sqlite3.c:129755:21:sqlite3WithPush	0	static
sqlite3.c:129905:13:selectPopWith	8	static
sqlite3.c:130254:20:sqlite3ExprWalkNoop	0	static
sqlite3.c:130263:20:sqlite3SelectWalkNoop	0	static
sqlite3.c:130291:13:sqlite3SelectExpand	40	static
sqlite3.c:130355:13:sqlite3SelectAddTypeInfo	40	static
sqlite3.c:130379:21:sqlite3SelectPrep	16	static
sqlite3.c:132032:25:sqlite3TriggerList	24	static
sqlite3.c:132582:15:tableOfTrigger	8	static
sqlite3.c:132658:12:checkColumnOverlap	16	static
sqlite3.c:132673:25:sqlite3TriggersExist	32	static
sqlite3.c:132840:13:transferParseError	8	static
sqlite3.c:134981:21:sqlite3VtabLock	0	static
sqlite3.c:134991:24:sqlite3GetVTable	0	static
sqlite3.c:112609:12:tabIsReadOnly	16	static
sqlite3.c:135002:21:sqlite3VtabUnlock	16	static
sqlite3.c:135026:16:vtabDisconnectAll	12	static
sqlite3.c:135066:21:sqlite3VtabDisconnect	8	static
sqlite3.c:135104:21:sqlite3VtabUnlockList	8	static
sqlite3.c:135135:21:sqlite3VtabClear	16	static
sqlite3.c:135330:21:sqlite3VtabArgExtend	0	static
sqlite3.c:135534:13:addToVTrans	8	static
sqlite3.c:135714:13:callFinaliser	24	static
sqlite3.c:135764:20:sqlite3VtabRollback	8	static
sqlite3.c:135773:20:sqlite3VtabCommit	8	static
sqlite3.c:135846:20:sqlite3VtabSavepoint	32	static
sqlite3.c:136994:13:disableTerm	32	static
sqlite3.c:137062:13:updateRangeAffinityStr	32	static
sqlite3.c:139085:12:allowedOp	0	static
sqlite3.c:139136:12:operatorMask	0	static
sqlite3.c:139341:12:isAuxiliaryVtabOperator	48	static
sqlite3.c:139442:13:transferJoinMarkings	0	static
sqlite3.c:139452:13:markTermAsChild	4	static
sqlite3.c:139463:19:whereNthSubterm	0	static
sqlite3.c:140452:21:sqlite3WhereClauseInit	0	static
sqlite3.c:140646:23:sqlite3WhereOutputRowCount	0	static
sqlite3.c:140654:20:sqlite3WhereIsDistinct	0	static
sqlite3.c:140662:20:sqlite3WhereIsOrdered	0	static
sqlite3.c:140689:20:sqlite3WhereOrderByLimitOptLabel	0	static
sqlite3.c:140705:20:sqlite3WhereContinueLabel	0	static
sqlite3.c:140714:20:sqlite3WhereBreakLabel	0	static
sqlite3.c:140762:12:whereOrInsert	56	static
sqlite3.c:140799:24:sqlite3WhereGetMask	0	static
sqlite3.c:140494:24:sqlite3WhereExprUsageNN	24	static
sqlite3.c:140521:24:sqlite3WhereExprUsage	8	static
sqlite3.c:140524:24:sqlite3WhereExprListUsage	24	static
sqlite3.c:139913:16:exprSelectUsage	32	static
sqlite3.c:140818:13:createMask	0	static
sqlite3.c:141067:12:indexColumnNotNull	0	static
sqlite3.c:141167:13:translateColumnToCopy	32	static
sqlite3.c:141883:15:whereRangeAdjust	0	static
sqlite3.c:142058:12:whereRangeScanEst	24	static
sqlite3.c:142441:13:whereLoopInit	0	static
sqlite3.c:142451:13:whereLoopClearUnion	16	static
sqlite3.c:142468:13:whereLoopClear	16	static
sqlite3.c:142512:13:whereLoopDelete	16	static
sqlite3.c:142556:12:whereLoopCheaperProperSubset	16	static
sqlite3.c:142597:13:whereLoopAdjustCost	16	static
sqlite3.c:142634:20:whereLoopFindLesser	40	static
sqlite3.c:142858:13:whereLoopOutputAdjust	64	static
sqlite3.c:144524:20:sqlite3WhereIsSorted	0	static
sqlite3.c:145061:12:exprNodeIsDeterministic	0	static
sqlite3.c:146539:13:noopStepFunc	0	static
sqlite3.c:146549:13:noopValueFunc	0	static
sqlite3.c:146782:12:selectWindowRewriteSelectCb	16	static
sqlite3.c:147331:12:windowArgCount	0	static
sqlite3.c:147733:12:windowCacheFrame	0	static
sqlite3.c:148784:13:disableLookaside	0	static
sqlite3.c:150592:21:sqlite3ParserInit	0	static
sqlite3.c:150871:21:yy_find_shift_action	12	static
sqlite3.c:150940:21:yy_find_reduce_action	0	static
sqlite3.c:153600:20:sqlite3ParserFallback	0	static
sqlite3.c:153915:12:keywordCode	16	static
sqlite3.c:154077:20:sqlite3KeywordCode	16	static
sqlite3.c:108877:13:identPut	32	static
sqlite3.c:154137:20:sqlite3IsIdChar	0	static
sqlite3.c:154220:20:sqlite3GetToken	16	static
sqlite3.c:154144:12:getToken	24	static
sqlite3.c:154193:12:analyzeWindowKeyword	16	static
sqlite3.c:154201:12:analyzeOverKeyword	16	static
sqlite3.c:154208:12:analyzeFilterKeyword	16	static
sqlite3.c:155887:12:setupLookaside	0	static
sqlite3.c:156127:20:sqlite3IsBinary	0	static
sqlite3.c:156214:21:sqlite3CloseSavepoints	8	static
sqlite3.c:156231:13:functionDestroy	16	static
sqlite3.c:156246:13:disconnectAllVtab	16	static
sqlite3.c:156277:12:connectionIsBusy	16	static
sqlite3.c:156645:28:sqlite3ErrStr	0	static
sqlite3.c:156715:12:sqliteDefaultBusyCallback	8	static
sqlite3.c:156782:20:sqlite3InvokeBusyHandler	8	static
sqlite3.c:65552:12:btreeInvokeBusyHandler	8	static
sqlite3.c:157583:20:sqlite3TempInMemory	0	static
sqlite3.c:95141:20:sqlite3JournalOpen	32	static
sqlite3.c:55163:12:openSubJournal	16	static
sqlite3.c:95177:21:sqlite3MemJournalOpen	16	static
sqlite3.c:94944:12:memjrnlCreateFile	112	static
sqlite3.c:48287:31:pcacheFetchFinishWithInit	16	static
sqlite3.c:48313:23:sqlite3PcacheFetchFinish	8	static
sqlite3.c:56322:24:sqlite3PagerLookup	16	static
sqlite3.c:65374:17:btreePageLookup	16	static
sqlite3.c:48120:20:sqlite3PcacheOpen	24	static
sqlite3.c:53324:12:pager_truncate	64	static
sqlite3.c:48469:21:sqlite3PcacheTruncate	16	static
sqlite3.c:48511:21:sqlite3PcacheClear	8	static
sqlite3.c:52423:13:pager_reset	8	static
sqlite3.c:52492:13:pager_unlock	8	static
sqlite3.c:58096:21:sqlite3PagerClearCache	8	static
sqlite3.c:52684:12:pager_end_transaction	24	static
sqlite3.c:57255:20:sqlite3PagerCommitPhaseTwo	8	static
sqlite3.c:54544:20:sqlite3PagerReadFileheader	24	static
sqlite3.c:48556:15:pcacheSortDirtyList	144	static
sqlite3.c:48591:23:sqlite3PcacheDirtyList	8	static
sqlite3.c:92499:13:vdbePmaReaderClear	8	static
sqlite3.c:93222:13:vdbeMergeEngineFree	16	static
sqlite3.c:93236:13:vdbeIncrFree	8	static
sqlite3.c:93070:13:vdbeSortSubtaskCleanup	8	static
sqlite3.c:93253:21:sqlite3VdbeSorterReset	16	static
sqlite3.c:93286:21:sqlite3VdbeSorterClose	16	static
sqlite3.c:96718:13:resolveRemoveWindows	40	static
sqlite3.c:95454:13:incrAggFunctionDepth	40	static
sqlite3.c:103526:21:sqlite3RenameExprUnmap	40	static
sqlite3.c:103539:21:sqlite3RenameExprlistUnmap	48	static
sqlite3.c:146809:13:selectWindowRewriteEList	64	static
sqlite3.c:130599:13:havingToWhere	40	static
sqlite3.c:145074:12:exprIsDeterministic	40	static
sqlite3.c:102405:20:sqlite3ExprCoveredByIndex	48	static
sqlite3.c:137832:13:whereIndexExprTrans	72	static
sqlite3.c:118134:20:sqlite3ExprReferencesUpdatedColumn	40	static
sqlite3.c:133295:12:indexWhereClauseMightChange	8	static
sqlite3.c:133265:12:indexColumnIsBeingUpdated	8	static
sqlite3.c:97189:20:sqlite3ResolveSelfReference	136	static
sqlite3.c:93535:12:vdbePmaWriterFinish	24	static
sqlite3.c:50265:28:rowSetEntrySort	176	static
sqlite3.c:50397:20:sqlite3RowSetNext	16	static
sqlite3.c:50431:20:sqlite3RowSetTest	40	static
sqlite3.c:67702:21:sqlite3BtreeCursorZero	0	static
sqlite3.c:103590:13:renameWalkWith	56	static
sqlite3.c:104184:12:renameTableSelectCb	24	static
sqlite3.c:103609:12:renameColumnSelectCb	8	static
sqlite3.c:21232:13:datetimeError	8	static
sqlite3.c:21411:13:computeYMD	16	static
sqlite3.c:21243:13:computeJD	32	static
sqlite3.c:21440:13:computeHMS	16	static
sqlite3.c:21459:13:computeYMD_HMS	8	static
sqlite3.c:49462:13:pcache1Shutdown	8	static
sqlite3.c:49409:12:pcache1Init	8	static
sqlite3.c:26725:21:sqlite3MallocEnd	8	static
sqlite3.c:32023:12:rehash	24	static
sqlite3.c:32154:22:sqlite3HashInsert	32	static
sqlite3.c:107906:29:deleteTable	24	static
sqlite3.c:107957:21:sqlite3DeleteTable	8	static
sqlite3.c:111393:21:sqlite3SrcListDelete	24	static
sqlite3.c:125236:13:clearSelect	24	static
sqlite3.c:125333:21:sqlite3SelectDelete	8	static
sqlite3.c:98242:29:sqlite3ExprDeleteNN	16	static
sqlite3.c:98278:21:sqlite3ExprDelete	8	static
sqlite3.c:98967:29:exprListDeleteNN	24	static
sqlite3.c:98979:21:sqlite3ExprListDelete	8	static
sqlite3.c:124733:21:sqlite3ParserReset	16	static
sqlite3.c:110129:21:sqlite3CreateForeignKey	16	static
sqlite3.c:111502:21:sqlite3SrcListFuncArgs	8	static
sqlite3.c:146990:21:sqlite3WindowDelete	16	static
sqlite3.c:147006:21:sqlite3WindowListDelete	16	static
sqlite3.c:134195:21:sqlite3UpsertDelete	16	static
sqlite3.c:107741:21:sqlite3FreeIndex	16	static
sqlite3.c:107877:21:sqlite3DeleteColumnNames	24	static
sqlite3.c:109772:13:sqliteViewResetAll	24	static
sqlite3.c:108729:21:sqlite3AddCheckConstraint	8	static
sqlite3.c:140469:21:sqlite3WhereClauseClear	24	static
sqlite3.c:142520:13:whereInfoFree	16	static
sqlite3.c:139012:13:whereOrInfoDelete	16	static
sqlite3.c:139020:13:whereAndInfoDelete	16	static
sqlite3.c:98039:21:sqlite3ExprAttachSubtrees	16	static
sqlite3.c:148851:15:binaryToUnaryIfNull	16	static
sqlite3.c:134221:24:sqlite3UpsertNew	24	static
sqlite3.c:98285:21:sqlite3ExprUnmapAndDelete	16	static
sqlite3.c:112041:21:sqlite3WithDelete	24	static
sqlite3.c:132002:21:sqlite3DeleteTriggerStep	16	static
sqlite3.c:132522:21:sqlite3DeleteTrigger	16	static
sqlite3.c:98094:21:sqlite3PExprAddSelect	8	static
sqlite3.c:150650:13:yy_destructor	8	static
sqlite3.c:150773:13:yy_pop_parser_stack	8	static
sqlite3.c:150791:21:sqlite3ParserFinalize	8	static
sqlite3.c:112495:21:sqlite3SchemaClear	48	static
sqlite3.c:107821:21:sqlite3ResetOneSchema	16	static
sqlite3.c:136033:21:sqlite3VtabEponymousTableClear	8	static
sqlite3.c:107969:21:sqlite3UnlinkAndDeleteTable	16	static
sqlite3.c:107761:21:sqlite3UnlinkAndDeleteIndex	16	static
sqlite3.c:132630:21:sqlite3UnlinkAndDeleteTrigger	16	static
sqlite3.c:126420:25:sqlite3KeyInfoAlloc	32	static
sqlite3.c:78619:21:sqlite3VdbeMakeReady	80	static
sqlite3.c:98069:22:sqlite3PExpr	24	static
sqlite3.c:27042:22:sqlite3DbMallocZero	16	static
sqlite3.c:75782:31:sqlite3ValueNew	8	static
sqlite3.c:75813:23:valueNew	8	static
sqlite3.c:73512:22:sqlite3BtreeSchema	16	static
sqlite3.c:110386:23:sqlite3AllocateIndexObject	24	static
sqlite3.c:103460:22:sqlite3RenameTokenMap	16	static
sqlite3.c:112527:24:sqlite3SchemaGet	16	static
sqlite3.c:27030:22:sqlite3MallocZero	16	static
sqlite3.c:47529:24:sqlite3BitvecCreate	8	static
sqlite3.c:22531:20:sqlite3OsOpenMalloc	32	static
sqlite3.c:93327:12:vdbeSorterOpenTempFile	32	static
sqlite3.c:93424:12:vdbeSorterSort	32	static
sqlite3.c:93199:21:vdbeMergeEngineNew	16	static
sqlite3.c:94018:12:vdbeIncrMergerNew	16	static
sqlite3.c:94388:12:vdbeSorterAddToTree	48	static
sqlite3.c:49249:13:pcache1ResizeHash	24	static
sqlite3.c:49580:32:pcache1FetchStage2	32	static
sqlite3.c:49708:16:pcache1FetchNoMutex	16	static
sqlite3.c:49753:29:pcache1Fetch	8	static
sqlite3.c:49476:24:pcache1Create	24	static
sqlite3.c:54414:20:sqlite3PagerSetPagesize	48	static
sqlite3.c:66102:20:sqlite3BtreeSetPageSize	16	static
sqlite3.c:73818:12:setDestPgsz	8	static
sqlite3.c:65914:13:allocateTempSpace	8	static
sqlite3.c:67604:12:btreeCursor	32	static
sqlite3.c:93480:13:vdbePmaWriterInit	24	static
sqlite3.c:57472:28:pagerOpenSavepoint	24	static
sqlite3.c:57517:20:sqlite3PagerOpenSavepoint	8	static
sqlite3.c:67502:20:sqlite3BtreeBeginStmt	8	static
sqlite3.c:74933:20:sqlite3VdbeMemFinalize	96	static
sqlite3.c:74992:29:vdbeMemClearExternAndSetNull	8	static
sqlite3.c:75015:29:vdbeMemClear	8	static
sqlite3.c:75036:21:sqlite3VdbeMemRelease	8	static
sqlite3.c:78173:13:releaseMemArray	16	static
sqlite3.c:78840:21:sqlite3VdbeSetNumCols	16	static
sqlite3.c:76411:21:sqlite3ValueFree	8	static
sqlite3.c:77472:13:freeP4	8	static
sqlite3.c:77521:13:vdbeFreeOpArray	16	static
sqlite3.c:79687:21:sqlite3VdbeClearObject	24	static
sqlite3.c:79728:21:sqlite3VdbeDelete	16	static
sqlite3.c:77650:21:sqlite3VdbeAppendP4	16	static
sqlite3.c:77547:20:sqlite3VdbeChangeToNoop	16	static
sqlite3.c:77563:20:sqlite3VdbeDeletePriorOpcode	8	static
sqlite3.c:75334:21:sqlite3VdbeMemSetZeroBlob	16	static
sqlite3.c:75421:20:sqlite3VdbeMemSetRowSet	16	static
sqlite3.c:75319:21:sqlite3VdbeMemSetNull	8	static
sqlite3.c:75326:21:sqlite3ValueSetNull	8	static
sqlite3.c:30385:30:sqlite3ErrorFinish	16	static
sqlite3.c:30395:21:sqlite3Error	8	static
sqlite3.c:27275:28:apiOomError	8	static
sqlite3.c:27293:20:sqlite3ApiExit	8	static
sqlite3.c:82554:13:columnMallocFailure	8	static
sqlite3.c:82519:13:columnMem	8	static
sqlite3.c:75394:21:sqlite3VdbeMemSetDouble	16	static
sqlite3.c:75349:29:vdbeReleaseAndSetInt64	16	static
sqlite3.c:75359:21:sqlite3VdbeMemSetInt64	8	static
sqlite3.c:74963:20:sqlite3VdbeMemAggValue	88	static
sqlite3.c:84418:29:out2PrereleaseWithClear	8	static
sqlite3.c:84423:13:out2Prerelease	8	static
sqlite3.c:94879:12:memjrnlRead	48	static
sqlite3.c:53678:12:readDbPage	32	static
sqlite3.c:107794:21:sqlite3CollapseDatabaseArray	24	static
sqlite3.c:107845:21:sqlite3ResetAllSchemasOfConnection	16	static
sqlite3.c:75499:21:sqlite3VdbeMemShallowCopy	16	static
sqlite3.c:75494:29:vdbeClrCopy	16	static
sqlite3.c:98310:13:exprNodeCopy	16	static
sqlite3.c:80098:12:serialGet	24	static
sqlite3.c:80134:20:sqlite3VdbeSerialGet	16	static
sqlite3.c:80259:21:sqlite3VdbeRecordUnpack	48	static
sqlite3.c:111015:21:sqlite3DefaultRowEst	32	static
sqlite3.c:140750:13:whereOrMove	8	static
sqlite3.c:140735:20:sqlite3WhereOkOnePass	0	static
sqlite3.c:76552:21:sqlite3VdbeSwap	224	static
sqlite3.c:75538:21:sqlite3VdbeMemMove	24	static
sqlite3.c:83078:20:sqlite3TransferBindings	16	static
sqlite3.c:80044:20:sqlite3VdbeSerialPut	24	static
sqlite3.c:93502:13:vdbePmaWriteBlob	32	static
sqlite3.c:93554:13:vdbePmaWriteVarint	24	static
sqlite3.c:93575:12:vdbeSorterListToPMA	72	static
sqlite3.c:93724:12:vdbeSorterFlushPMA	8	static
sqlite3.c:47654:21:sqlite3BitvecClear	32	static
sqlite3.c:27201:22:sqlite3DbStrNDup	16	static
sqlite3.c:27221:22:sqlite3DbSpanDup	8	static
sqlite3.c:98931:21:sqlite3ExprListSetSpan	32	static
sqlite3.c:132348:14:triggerSpanDup	8	static
sqlite3.c:132362:29:sqlite3TriggerSelectStep	24	static
sqlite3.c:107997:22:sqlite3NameFromToken	8	static
sqlite3.c:111478:21:sqlite3SrcListIndexedBy	16	static
sqlite3.c:147105:24:sqlite3WindowAssemble	16	static
sqlite3.c:76502:21:sqlite3VdbeSetSql	8	static
sqlite3.c:98903:21:sqlite3ExprListSetName	24	static
sqlite3.c:142477:12:whereLoopResize	24	static
sqlite3.c:142493:12:whereLoopXfer	24	static
sqlite3.c:142722:12:whereLoopInsert	32	static
sqlite3.c:97974:22:sqlite3ExprAlloc	32	static
sqlite3.c:96015:22:sqlite3CreateColumnExpr	16	static
sqlite3.c:97304:22:sqlite3ExprAddCollateToken	8	static
sqlite3.c:98114:22:sqlite3ExprAnd	16	static
sqlite3.c:125475:13:addWhereTerm	24	static
sqlite3.c:130565:12:havingToWhereExprCb	72	static
sqlite3.c:147021:14:sqlite3WindowOffsetExpr	16	static
sqlite3.c:108973:12:resizeIndexObject	16	static
sqlite3.c:148817:16:tokenExpr	32	static
sqlite3.c:132386:21:triggerStepAllocate	32	static
sqlite3.c:47583:20:sqlite3BitvecSet	24	static
sqlite3.c:52460:12:addToSavepointBitvecs	24	static
sqlite3.c:63848:12:btreeSetHasContent	16	static
sqlite3.c:92956:20:sqlite3VdbeSorterInit	32	static
sqlite3.c:92516:12:vdbePmaReadBlob	80	static
sqlite3.c:92610:12:vdbePmaReadVarint	48	static
sqlite3.c:92707:12:vdbePmaReaderNext	40	static
sqlite3.c:92754:12:vdbePmaReaderInit	32	static
sqlite3.c:94331:12:vdbeMergeEngineLevel0	64	static
sqlite3.c:94444:12:vdbeSorterMergeTreeBuild	72	static
sqlite3.c:93639:12:vdbeMergeEngineStep	56	static
sqlite3.c:93903:12:vdbeIncrPopulate	112	static
sqlite3.c:93979:12:vdbeIncrSwap	24	static
sqlite3.c:94657:20:sqlite3VdbeSorterNext	16	static
sqlite3.c:94213:12:vdbePmaReaderIncrMergeInit	32	static
sqlite3.c:94301:12:vdbePmaReaderIncrInit	8	static
sqlite3.c:94137:12:vdbeMergeEngineInit	24	static
sqlite3.c:94523:12:vdbeSorterSetupMerge	24	static
sqlite3.c:94605:20:sqlite3VdbeSorterRewind	16	static
sqlite3.c:93791:20:sqlite3VdbeSorterWrite	56	static
sqlite3.c:30363:20:sqlite3Strlen30	8	static
sqlite3.c:31008:20:sqlite3DecOrHexToI64	40	static
sqlite3.c:30545:21:sqlite3TokenInit	8	static
sqlite3.c:97320:22:sqlite3ExprAddCollateString	24	static
sqlite3.c:96059:12:exprProbability	16	static
sqlite3.c:112358:21:sqlite3InsertBuiltinFuncs	32	static
sqlite3.c:104430:21:sqlite3AlterFunctions	8	static
sqlite3.c:146580:21:sqlite3WindowFunctions	8	static
sqlite3.c:22223:21:sqlite3RegisterDateTimeFunctions	8	static
sqlite3.c:115393:21:sqlite3RegisterBuiltinFunctions	8	static
sqlite3.c:77588:29:vdbeChangeP4Full	24	static
sqlite3.c:77607:21:sqlite3VdbeChangeP4	16	static
sqlite3.c:98022:22:sqlite3Expr	24	static
sqlite3.c:112208:17:findCollSeqEntry	32	static
sqlite3.c:112260:25:sqlite3FindCollSeq	8	static
sqlite3.c:112108:12:synthCollSeq	24	static
sqlite3.c:112403:25:sqlite3FindFunction	56	static
sqlite3.c:115351:20:sqlite3IsLikeFunction	32	static
sqlite3.c:135894:25:sqlite3VtabOverloadFunction	40	static
sqlite3.c:134883:24:sqlite3VtabCreateModule	32	static
sqlite3.c:98380:12:dupedExprNodeSize	16	static
sqlite3.c:98401:12:dupedExprSize	24	static
sqlite3.c:30375:22:sqlite3ColumnType	8	static
sqlite3.c:126772:20:columnTypeImpl	56	static
sqlite3.c:27188:22:sqlite3DbStrDup	16	static
sqlite3.c:81362:21:sqlite3VtabImportErrmsg	16	static
sqlite3.c:135742:20:sqlite3VtabSync	32	static
sqlite3.c:112079:13:callCollNeeded	24	static
sqlite3.c:27232:21:sqlite3SetString	16	static
sqlite3.c:98689:24:sqlite3IdListDup	32	static
sqlite3.c:98648:25:sqlite3SrcListDup	32	static
sqlite3.c:98713:24:sqlite3SelectDup	40	static
sqlite3.c:98420:14:exprDup	56	static
sqlite3.c:98593:22:sqlite3ExprDup	8	static
sqlite3.c:98597:26:sqlite3ExprListDup	48	static
sqlite3.c:98525:14:withDup	32	static
sqlite3.c:129544:11:minMaxQuery	24	static
sqlite3.c:147976:24:sqlite3WindowDup	24	static
sqlite3.c:148002:24:sqlite3WindowListDup	24	static
sqlite3.c:129316:12:propagateConstantExprRewrite	16	static
sqlite3.c:132495:29:sqlite3TriggerDeleteStep	32	static
sqlite3.c:132460:29:sqlite3TriggerUpdateStep	32	static
sqlite3.c:97658:22:sqlite3ExprForVectorField	24	static
sqlite3.c:134208:24:sqlite3UpsertDup	32	static
sqlite3.c:132418:29:sqlite3TriggerInsertStep	32	static
sqlite3.c:95483:13:resolveAlias	24	static
sqlite3.c:21102:12:getDigits	28	static
sqlite3.c:21156:12:parseTimezone	24	static
sqlite3.c:21192:12:parseHhMmSs	32	static
sqlite3.c:21293:12:parseYyyyMmDd	40	static
sqlite3.c:64524:13:btreeParseCell	16	static
sqlite3.c:67764:29:getCellInfo	8	static
sqlite3.c:67794:20:sqlite3BtreeIntegerKey	8	static
sqlite3.c:67825:20:sqlite3BtreePayloadSize	8	static
sqlite3.c:75210:20:sqlite3RealSameAsInt	48	static
sqlite3.c:75225:20:sqlite3VdbeMemNumerify	24	static
sqlite3.c:84000:12:alsoAnInt	32	static
sqlite3.c:84024:13:applyNumericAffinity	24	static
sqlite3.c:80499:36:sqlite3BlobCompare	16	static
sqlite3.c:156089:12:binCollFunc	16	static
sqlite3.c:156112:12:rtrimCollFunc	24	static
sqlite3.c:31498:21:sqlite3Put4byte	0	static
sqlite3.c:51794:12:write32bits	32	static
sqlite3.c:52355:12:writeMasterJournal	64	static
sqlite3.c:55189:12:subjournalPage	32	static
sqlite3.c:55231:12:subjournalPageIfRequired	8	static
sqlite3.c:56551:28:pagerAddPageToRollbackJournal	40	static
sqlite3.c:31480:20:sqlite3Get4byte	0	static
sqlite3.c:53743:13:pager_write_changecounter	16	static
sqlite3.c:51775:12:read32bits	24	static
sqlite3.c:51974:12:readMasterJournal	80	static
sqlite3.c:53214:12:pager_delmaster	72	static
sqlite3.c:52230:12:readJournalHdr	56	static
sqlite3.c:67870:12:getOverflowPage	24	static
sqlite3.c:67418:13:btreeSetNPage	16	static
sqlite3.c:72645:21:sqlite3BtreeGetMeta	24	static
sqlite3.c:31750:23:sqlite3LogEst	8	static
sqlite3.c:108997:13:estimateTableWidth	16	static
sqlite3.c:109011:13:estimateIndexWidth	8	static
sqlite3.c:31774:23:sqlite3LogEstFromDouble	8	static
sqlite3.c:141151:15:estLog	8	static
sqlite3.c:144547:15:whereSortingCost	16	static
sqlite3.c:139044:12:whereClauseInsert	32	static
sqlite3.c:140437:21:sqlite3WhereSplit	24	static
sqlite3.c:31903:20:sqlite3VListNameToNum	32	static
sqlite3.c:83067:20:sqlite3VdbeParameterIndex	16	static
sqlite3.c:114173:12:patternCompare	72	static
sqlite3.c:22984:13:sqlite3MemFree	8	static
sqlite3.c:21505:12:osLocaltime	16	static
sqlite3.c:22582:25:sqlite3_vfs_find	16	static
sqlite3.c:22628:16:sqlite3_vfs_register	16	static
sqlite3.c:22656:16:sqlite3_vfs_unregister	8	static
sqlite3.c:26609:16:sqlite3_release_memory	0	static
sqlite3.c:26840:18:sqlite3_malloc	8	static
sqlite3.c:94983:12:memjrnlWrite	48	static
sqlite3.c:124037:12:pragmaVtabOpen	16	static
sqlite3.c:22565:20:sqlite3OsInit	8	static
sqlite3.c:26846:18:sqlite3_malloc64	8	static
sqlite3.c:26890:27:sqlite3_msize	8	static
sqlite3.c:20807:16:sqlite3_db_status	40	static
sqlite3.c:27012:18:sqlite3_realloc	8	static
sqlite3.c:27019:18:sqlite3_realloc64	8	static
sqlite3.c:27142:30:dbReallocFinish	16	static
sqlite3.c:27135:22:sqlite3DbRealloc	8	static
sqlite3.c:27172:22:sqlite3DbReallocOrFree	16	static
sqlite3.c:74730:36:sqlite3VdbeMemGrow	16	static
sqlite3.c:74785:20:sqlite3VdbeMemClearAndResize	8	static
sqlite3.c:75564:20:sqlite3VdbeMemSetStr	40	static
sqlite3.c:76398:21:sqlite3ValueSetStr	24	static
sqlite3.c:79493:20:sqlite3VdbeTransferError	24	static
sqlite3.c:78865:20:sqlite3VdbeSetColName	24	static
sqlite3.c:121876:13:setPragmaResultColumnNames	32	static
sqlite3.c:94722:20:sqlite3VdbeSorterRowkey	24	static
sqlite3.c:82328:30:createAggContext	16	static
sqlite3.c:74806:28:vdbeMemAddTerminator	8	static
sqlite3.c:74823:20:sqlite3VdbeMemMakeWriteable	8	static
sqlite3.c:75515:20:sqlite3VdbeMemCopy	16	static
sqlite3.c:74874:20:sqlite3VdbeMemNulTerminate	8	static
sqlite3.c:76931:29:resizeResolveLabel	24	static
sqlite3.c:76946:21:sqlite3VdbeResolveLabel	8	static
sqlite3.c:113507:21:sqlite3ResolvePartIdxLabel	8	static
sqlite3.c:129242:13:constInsert	24	static
sqlite3.c:76589:12:growOpArray	24	static
sqlite3.c:76653:28:growOp3	32	static
sqlite3.c:76659:20:sqlite3VdbeAddOp3	24	static
sqlite3.c:76702:20:sqlite3VdbeAddOp2	16	static
sqlite3.c:76464:22:sqlite3VdbeCreate	16	static
sqlite3.c:127263:22:sqlite3GetVdbe	8	static
sqlite3.c:117127:12:readsTable	32	static
sqlite3.c:111570:21:sqlite3EndTransaction	16	static
sqlite3.c:130443:13:finalizeAggFunctions	24	static
sqlite3.c:117295:13:autoIncStep	8	static
sqlite3.c:76696:20:sqlite3VdbeAddOp0	16	static
sqlite3.c:111543:21:sqlite3BeginTransaction	24	static
sqlite3.c:76865:20:sqlite3VdbeAddOp4Int	24	static
sqlite3.c:108012:21:sqlite3OpenMasterTable	24	static
sqlite3.c:76753:20:sqlite3VdbeAddOp4	24	static
sqlite3.c:76715:20:sqlite3VdbeLoadString	24	static
sqlite3.c:121903:13:returnSingleText	8	static
sqlite3.c:76771:20:sqlite3VdbeAddOp4Dup8	40	static
sqlite3.c:100467:13:codeReal	48	static
sqlite3.c:121895:13:returnSingleInt	32	static
sqlite3.c:111735:21:sqlite3HaltConstraint	40	static
sqlite3.c:111592:21:sqlite3Savepoint	40	static
sqlite3.c:117091:21:sqlite3TableAffinity	40	static
sqlite3.c:76856:21:sqlite3VdbeAddParseSchemaOp	32	static
sqlite3.c:137026:13:codeApplyAffinity	24	static
sqlite3.c:105403:13:callStatGet	24	static
sqlite3.c:76699:20:sqlite3VdbeAddOp1	16	static
sqlite3.c:76884:21:sqlite3VdbeEndCoroutine	8	static
sqlite3.c:147702:12:windowInitAccum	32	static
sqlite3.c:105765:13:loadAnalysis	8	static
sqlite3.c:99482:13:sqlite3SetHasNullFlag	32	static
sqlite3.c:76708:20:sqlite3VdbeGoto	16	static
sqlite3.c:108840:21:sqlite3ChangeCookie	16	static
sqlite3.c:102850:13:renameReloadSchema	16	static
sqlite3.c:147285:13:windowCheckValue	48	static
sqlite3.c:147486:13:windowAggFinal	32	static
sqlite3.c:147462:13:windowReadPeerValues	40	static
sqlite3.c:147793:13:windowCodeRangeTest	64	static
sqlite3.c:100599:21:sqlite3ExprCodeMove	16	static
sqlite3.c:137732:13:codeDeferredSeek	32	static
sqlite3.c:125896:13:codeDistinct	40	static
sqlite3.c:145733:21:sqlite3WhereEnd	72	static
sqlite3.c:125876:13:codeOffset	16	static
sqlite3.c:126558:13:generateSortTail	96	static
sqlite3.c:118863:21:sqlite3CompleteInsertion	56	static
sqlite3.c:77347:24:sqlite3VdbeAddOpList	24	static
sqlite3.c:111128:22:sqlite3ArrayAllocate	32	static
sqlite3.c:102484:12:addAggInfoColumn	24	static
sqlite3.c:102500:12:addAggInfoFunc	24	static
sqlite3.c:111158:24:sqlite3IdListAppend	48	static
sqlite3.c:31849:23:sqlite3VListAdd	32	static
sqlite3.c:98776:26:sqlite3ExprListAppend	24	static
sqlite3.c:146718:12:selectWindowRewriteExprCb	24	static
sqlite3.c:146842:18:exprListAppendList	32	static
sqlite3.c:137108:14:removeUnindexableInClauseTerms	64	static
sqlite3.c:125274:24:sqlite3SelectNew	104	static
sqlite3.c:135511:12:growVTrans	16	static
sqlite3.c:135786:20:sqlite3VtabBegin	24	static
sqlite3.c:135963:21:sqlite3VtabMakeWritable	16	static
sqlite3.c:28356:16:sqlite3_str_errcode	0	static
sqlite3.c:28361:16:sqlite3_str_length	0	static
sqlite3.c:28366:18:sqlite3_str_value	0	static
sqlite3.c:28375:17:sqlite3_str_reset	8	static
sqlite3.c:27449:13:setStrAccumError	16	static
sqlite3.c:27481:14:printfTempBuf	16	static
sqlite3.c:28309:30:strAccumFinishRealloc	16	static
sqlite3.c:28322:22:sqlite3StrAccumFinish	8	static
sqlite3.c:28344:18:sqlite3_str_finish	16	static
sqlite3.c:28204:12:sqlite3StrAccumEnlarge	32	static
sqlite3.c:28254:17:sqlite3_str_appendchar	24	static
sqlite3.c:28270:29:enlargeAndAppend	16	static
sqlite3.c:28282:17:sqlite3_str_append	16	static
sqlite3.c:28299:17:sqlite3_str_appendall	16	static
sqlite3.c:28410:25:sqlite3_str_new	24	static
sqlite3.c:29370:17:sqlite3_randomness	280	static
sqlite3.c:52112:12:writeJournalHdr	32	static
sqlite3.c:54928:12:syncJournal	72	static
sqlite3.c:56393:12:pager_open_journal	32	static
sqlite3.c:56608:12:pager_write	24	static
sqlite3.c:56700:28:pagerWriteLargeSector	48	static
sqlite3.c:56794:20:sqlite3PagerWrite	8	static
sqlite3.c:73932:12:backupOnePage	88	static
sqlite3.c:74395:29:backupUpdate	16	static
sqlite3.c:74420:21:sqlite3BackupUpdate	8	static
sqlite3.c:55071:12:pager_write_pagelist	48	static
sqlite3.c:55258:12:pagerStress	16	static
sqlite3.c:55335:20:sqlite3PagerFlush	16	static
sqlite3.c:52942:12:pager_playback_one_page	72	static
sqlite3.c:54064:12:pagerPlaybackSavepoint	64	static
sqlite3.c:57559:20:sqlite3PagerSavepoint	24	static
sqlite3.c:72675:20:sqlite3BtreeUpdateMeta	24	static
sqlite3.c:56877:12:pager_incr_changecounter	24	static
sqlite3.c:57025:20:sqlite3PagerCommitPhaseOne	24	static
sqlite3.c:67228:20:sqlite3BtreeCommitPhaseOne	8	static
sqlite3.c:67938:12:copyPayload	24	static
sqlite3.c:71684:12:btreeOverwriteContent	40	static
sqlite3.c:47751:20:sqlite3BitvecBuiltinTest	48	static
sqlite3.c:30563:16:sqlite3_stricmp	8	static
sqlite3.c:108027:20:sqlite3FindDbName	16	static
sqlite3.c:108047:20:sqlite3FindDb	16	static
sqlite3.c:159408:23:sqlite3DbNameToBtree	8	static
sqlite3.c:107592:23:sqlite3FindTable	24	static
sqlite3.c:109264:12:isShadowTableName	16	static
sqlite3.c:135674:20:sqlite3VtabCallDestroy	24	static
sqlite3.c:121989:26:pragmaLocate	24	static
sqlite3.c:124200:24:sqlite3PragmaVtabRegister	24	static
sqlite3.c:130671:12:countOfViewOptimization	48	static
sqlite3.c:103694:13:renameColumnElistNames	32	static
sqlite3.c:103716:13:renameColumnIdlistNames	32	static
sqlite3.c:30590:16:sqlite3_strnicmp	8	static
sqlite3.c:95550:20:sqlite3MatchSpanName	32	static
sqlite3.c:121752:11:getSafetyLevel	24	static
sqlite3.c:121777:19:sqlite3GetBoolean	8	static
sqlite3.c:156141:12:nocaseCollatingFunc	16	static
sqlite3.c:74359:16:sqlite3_backup_remaining	0	static
sqlite3.c:74373:16:sqlite3_backup_pagecount	0	static
sqlite3.c:81610:16:sqlite3_clear_bindings	16	static
sqlite3.c:81654:19:sqlite3_value_double	8	static
sqlite3.c:27463:15:getDoubleArg	8	static
sqlite3.c:81657:16:sqlite3_value_int	8	static
sqlite3.c:81660:25:sqlite3_value_int64	8	static
sqlite3.c:27459:22:getIntArg	8	static
sqlite3.c:81663:25:sqlite3_value_subtype	0	static
sqlite3.c:81667:18:sqlite3_value_pointer	8	static
sqlite3.c:81680:33:sqlite3_value_text	8	static
sqlite3.c:27467:14:getTextArg	8	static
sqlite3.c:27507:17:sqlite3_str_vappendf	224	static
sqlite3.c:28458:18:sqlite3_vmprintf	120	static
sqlite3.c:28482:18:sqlite3_mprintf	16	static
sqlite3.c:157917:20:sqlite3ParseUri	72	static
sqlite3.c:28507:18:sqlite3_vsnprintf	56	static
sqlite3.c:28522:18:sqlite3_snprintf	16	static
sqlite3.c:108905:14:createTableStmt	56	static
sqlite3.c:28545:13:renderLogMsg	264	static
sqlite3.c:28558:17:sqlite3_log	12	static
sqlite3.c:53467:12:pager_playback	72	static
sqlite3.c:57321:20:sqlite3PagerRollback	16	static
sqlite3.c:52832:13:pagerUnlockAndRollback	8	static
sqlite3.c:56048:13:pagerUnlockIfUnused	8	static
sqlite3.c:56360:21:sqlite3PagerUnrefPageOne	8	static
sqlite3.c:65481:13:releasePageOne	8	static
sqlite3.c:66517:13:unlockBtreeIfUnused	8	static
sqlite3.c:67255:13:btreeEndTransaction	8	static
sqlite3.c:67317:20:sqlite3BtreeCommitPhaseTwo	16	static
sqlite3.c:67349:20:sqlite3BtreeCommit	8	static
sqlite3.c:67710:20:sqlite3BtreeCloseCursor	16	static
sqlite3.c:54815:20:sqlite3PagerClose	16	static
sqlite3.c:81502:12:vdbeSafety	8	static
sqlite3.c:81510:12:vdbeSafetyNotNull	8	static
sqlite3.c:31561:13:logBadConnection	8	static
sqlite3.c:31599:20:sqlite3SafetyCheckSickOrOk	8	static
sqlite3.c:31582:20:sqlite3SafetyCheckOk	8	static
sqlite3.c:23022:14:sqlite3MemRealloc	16	static
sqlite3.c:22950:14:sqlite3MemMalloc	16	static
sqlite3.c:28599:17:sqlite3_str_appendf	12	static
sqlite3.c:74612:13:vdbeMemRenderNum	48	static
sqlite3.c:74899:20:sqlite3VdbeMemStringify	16	static
sqlite3.c:75721:36:valueToText	16	static
sqlite3.c:76422:28:valueBytes	8	static
sqlite3.c:76425:20:sqlite3ValueBytes	8	static
sqlite3.c:81648:16:sqlite3_value_bytes	8	static
sqlite3.c:81651:16:sqlite3_value_bytes16	8	static
sqlite3.c:75764:28:sqlite3ValueText	8	static
sqlite3.c:80449:12:vdbeCompareMemString	112	static
sqlite3.c:80562:20:sqlite3MemCompare	16	static
sqlite3.c:84063:13:applyAffinity	8	static
sqlite3.c:84116:21:sqlite3ValueApplyAffinity	8	static
sqlite3.c:75257:21:sqlite3VdbeMemCast	8	static
sqlite3.c:81302:31:sqlite3VdbeGetBoundValue	16	static
sqlite3.c:111755:21:sqlite3UniqueConstraint	64	static
sqlite3.c:28425:22:sqlite3VMPrintf	120	static
sqlite3.c:30434:21:sqlite3ErrorWithMsg	32	static
sqlite3.c:73830:12:checkReadTransaction	8	static
sqlite3.c:120993:21:sqlite3AutoLoadExtensions	24	static
sqlite3.c:30467:21:sqlite3ErrorMsg	28	static
sqlite3.c:150969:13:yyStackOverflow	16	static
sqlite3.c:151012:13:yy_shift	16	static
sqlite3.c:112138:25:sqlite3GetCollSeq	24	static
sqlite3.c:108806:25:sqlite3LocateCollSeq	24	static
sqlite3.c:111947:25:sqlite3KeyInfoOfIndex	32	static
sqlite3.c:77670:21:sqlite3VdbeSetP4KeyInfo	8	static
sqlite3.c:116987:21:sqlite3OpenTable	32	static
sqlite3.c:117234:21:sqlite3AutoincrementBegin	40	static
sqlite3.c:117308:29:autoIncrementEnd	40	static
sqlite3.c:117345:21:sqlite3AutoincrementEnd	8	static
sqlite3.c:118956:20:sqlite3OpenTableAndIndices	56	static
sqlite3.c:108754:21:sqlite3AddCollateType	24	static
sqlite3.c:112180:20:sqlite3CheckCollSeq	8	static
sqlite3.c:97360:25:sqlite3ExprCollSeq	16	static
sqlite3.c:97534:25:sqlite3BinaryCompareCollSeq	16	static
sqlite3.c:97557:12:codeCompare	40	static
sqlite3.c:129280:13:findConstInWhere	16	static
sqlite3.c:129375:12:propagateConstants	64	static
sqlite3.c:142921:12:whereRangeVectorLen	56	static
sqlite3.c:127181:21:sqlite3SelectAddColumnTypeAndCollation	88	static
sqlite3.c:130321:13:selectAddSubqueryTypeInfo	24	static
sqlite3.c:97429:25:sqlite3ExprNNCollSeq	8	static
sqlite3.c:147355:13:windowAggStep	72	static
sqlite3.c:126483:25:sqlite3KeyInfoFromExprList	32	static
sqlite3.c:147208:21:sqlite3WindowCodeInit	32	static
sqlite3.c:147525:13:windowFullScan	72	static
sqlite3.c:147626:13:windowReturnOneRow	64	static
sqlite3.c:147759:13:windowIfNewPeer	40	static
sqlite3.c:147850:12:windowCodeOp	72	static
sqlite3.c:97439:20:sqlite3ExprCollSeqMatch	16	static
sqlite3.c:139890:12:termIsEquivalence	24	static
sqlite3.c:141038:12:findIndexCol	40	static
sqlite3.c:139105:13:exprCommute	16	static
sqlite3.c:100485:13:codeInteger	48	static
sqlite3.c:99846:21:sqlite3SubselectError	8	static
sqlite3.c:99863:21:sqlite3VectorErrorMsg	8	static
sqlite3.c:100185:20:sqlite3ExprCheckIN	16	static
sqlite3.c:128585:14:substExpr	72	static
sqlite3.c:128642:13:substExprList	24	static
sqlite3.c:128652:13:substSelect	24	static
sqlite3.c:129458:12:pushDownWhereTerms	64	static
sqlite3.c:108072:20:sqlite3TwoPartName	16	static
sqlite3.c:108123:20:sqlite3CheckObjectName	16	static
sqlite3.c:135152:13:addModuleArgument	24	static
sqlite3.c:135223:13:addArgumentToVtab	16	static
sqlite3.c:135320:21:sqlite3VtabArgInit	8	static
sqlite3.c:129705:12:cannotBeFunction	8	static
sqlite3.c:129612:20:sqlite3IndexedByLookup	24	static
sqlite3.c:125588:12:sqliteProcessJoin	88	static
sqlite3.c:96523:13:resolveOutOfRangeError	16	static
sqlite3.c:96666:20:sqlite3ResolveOrderGroupBy	40	static
sqlite3.c:128017:21:sqlite3SelectWrongNumTermsError	8	static
sqlite3.c:95617:12:lookupName	104	static
sqlite3.c:146601:16:windowFind	16	static
sqlite3.c:96037:13:notValid	8	static
sqlite3.c:108386:21:sqlite3AddColumn	32	static
sqlite3.c:108577:21:sqlite3AddDefaultValue	88	static
sqlite3.c:106938:20:sqlite3FixExpr	16	static
sqlite3.c:106964:20:sqlite3FixExprList	24	static
sqlite3.c:106900:20:sqlite3FixSelect	16	static
sqlite3.c:106867:20:sqlite3FixSrcList	40	static
sqlite3.c:106981:20:sqlite3FixTriggerStep	16	static
sqlite3.c:109838:13:destroyRootPage	32	static
sqlite3.c:109867:13:destroyTable	32	static
sqlite3.c:111241:25:sqlite3SrcListEnlarge	40	static
sqlite3.c:111330:25:sqlite3SrcListAppend	24	static
sqlite3.c:132709:17:targetSrcList	24	static
sqlite3.c:128833:12:flattenSubquery	104	static
sqlite3.c:130402:13:resetAccumulator	40	static
sqlite3.c:140561:21:sqlite3WhereTabFuncArgs	48	static
sqlite3.c:141488:28:allocateIndexInfo	80	static
sqlite3.c:141654:12:vtabBestIndex	16	static
sqlite3.c:143697:12:whereLoopAddVirtualOne	64	static
sqlite3.c:143891:12:whereLoopAddVirtual	128	static
sqlite3.c:148795:15:parserDoubleLinkSelect	8	static
sqlite3.c:111427:25:sqlite3SrcListAppendFromTerm	40	static
sqlite3.c:129651:12:convertCompoundSelectToSubquery	48	static
sqlite3.c:125362:20:sqlite3JoinType	64	static
sqlite3.c:112632:20:sqlite3IsReadOnly	16	static
sqlite3.c:98951:21:sqlite3ExprListCheckLength	8	static
sqlite3.c:98824:26:sqlite3ExprListAppendVector	32	static
sqlite3.c:98174:21:sqlite3ExprAssignVarNumber	48	static
sqlite3.c:147166:21:sqlite3WindowAttach	8	static
sqlite3.c:98133:22:sqlite3ExprFunction	32	static
sqlite3.c:148865:20:parserAddExprIdListTerm	24	static
sqlite3.c:102801:12:isAlterableTable	16	static
sqlite3.c:103257:12:isRealTable	8	static
sqlite3.c:111991:22:sqlite3WithAdd	32	static
sqlite3.c:147132:21:sqlite3WindowChain	24	static
sqlite3.c:146629:21:sqlite3WindowUpdate	152	static
sqlite3.c:147033:24:sqlite3WindowAlloc	40	static
sqlite3.c:153361:13:yy_syntax_error	24	static
sqlite3.c:28445:22:sqlite3MPrintf	12	static
sqlite3.c:78893:12:vdbeCommit	72	static
sqlite3.c:75969:12:valueFromExpr	64	static
sqlite3.c:76120:20:sqlite3ValueFromExpr	16	static
sqlite3.c:133233:21:sqlite3ColumnDefault	40	static
sqlite3.c:100545:21:sqlite3ExprCodeGetColumnOfTable	40	static
sqlite3.c:100578:20:sqlite3ExprCodeGetColumn	32	static
sqlite3.c:148024:12:windowExprGtZero	24	static
sqlite3.c:135346:12:vtabCallConstructor	88	static
sqlite3.c:135996:20:sqlite3VtabEponymousTableInit	40	static
sqlite3.c:135476:20:sqlite3VtabCallConnect	40	static
sqlite3.c:127076:20:sqlite3ColumnsFromExprList	80	static
sqlite3.c:127230:23:sqlite3ResultSetOfSelect	24	static
sqlite3.c:129780:12:withExpand	64	static
sqlite3.c:109640:20:sqlite3ViewGetColumnNames	40	static
sqlite3.c:129926:20:sqlite3ExpandSubquery	24	static
sqlite3.c:126984:13:generateColumnNames	40	static
sqlite3.c:111791:21:sqlite3RowidConstraint	24	static
sqlite3.c:135548:20:sqlite3VtabCallCreate	32	static
sqlite3.c:76491:21:sqlite3VdbeError	28	static
sqlite3.c:81635:24:sqlite3_value_blob	8	static
sqlite3.c:105170:13:statPush	16	static
sqlite3.c:114451:13:errlogFunc	16	static
sqlite3.c:81698:16:sqlite3_value_type	0	static
sqlite3.c:101984:12:exprCompareVariable	32	static
sqlite3.c:102036:20:sqlite3ExprCompare	32	static
sqlite3.c:101354:20:sqlite3ExprCodeAtInit	32	static
sqlite3.c:102120:20:sqlite3ExprListCompare	24	static
sqlite3.c:146871:20:sqlite3WindowRewrite	88	static
sqlite3.c:147190:20:sqlite3WindowCompare	16	static
sqlite3.c:96079:12:resolveExprStep	64	static
sqlite3.c:96747:12:resolveOrderGroupBy	56	static
sqlite3.c:96476:12:resolveOrderByTermToExprList	56	static
sqlite3.c:96549:12:resolveCompoundOrderBy	56	static
sqlite3.c:96809:12:resolveSelectStep	96	static
sqlite3.c:130619:29:isSelfJoinView	24	static
sqlite3.c:99218:12:exprNodeIsConstantOrGroupBy	24	static
sqlite3.c:102517:12:analyzeAggregate	40	static
sqlite3.c:102138:20:sqlite3ExprCompareSkip	16	static
sqlite3.c:139950:28:exprMightBeIndexed2	24	static
sqlite3.c:139974:12:exprMightBeIndexed	32	static
sqlite3.c:140828:19:whereScanNext	40	static
sqlite3.c:140916:35:whereScanInitIndexExpr	8	static
sqlite3.c:140940:19:whereScanInit	16	static
sqlite3.c:141004:27:sqlite3WhereFindTerm	136	static
sqlite3.c:141090:12:isDistinctRedundant	48	static
sqlite3.c:144979:12:whereShortCut	64	static
sqlite3.c:142992:12:whereLoopAddBtreeIndex	224	static
sqlite3.c:143354:12:indexMightHelpWithOrderBy	32	static
sqlite3.c:144215:11:wherePathSatisfiesOrderBy	216	static
sqlite3.c:144592:12:wherePathSolver	168	static
sqlite3.c:102148:12:exprImpliesNotNull	32	static
sqlite3.c:102240:20:sqlite3ExprImpliesExpr	32	static
sqlite3.c:143387:12:whereUsablePartialIndex	32	static
sqlite3.c:143443:12:whereLoopAddBtree	160	static
sqlite3.c:144014:12:whereLoopAddOr	384	static
sqlite3.c:144137:12:whereLoopAddAll	80	static
sqlite3.c:137814:12:whereIndexExprTransNode	16	static
sqlite3.c:137867:13:whereApplyPartialIndexConstraints	24	static
sqlite3.c:134253:20:sqlite3UpsertAnalyzeTarget	176	static
sqlite3.c:139174:12:isLikeOrGlob	80	static
sqlite3.c:140019:13:exprAnalyze	144	static
sqlite3.c:140544:21:sqlite3WhereExprAnalyze	16	static
sqlite3.c:145172:27:sqlite3WhereBegin	168	static
sqlite3.c:130751:20:sqlite3Select	272	static
sqlite3.c:100081:20:sqlite3CodeSubselect	64	static
sqlite3.c:97704:12:exprCodeSubselect	8	static
sqlite3.c:99897:21:sqlite3CodeRhsOfIN	104	static
sqlite3.c:99592:20:sqlite3FindInIndex	112	static
sqlite3.c:100226:13:sqlite3ExprCodeIN	112	static
sqlite3.c:101650:21:sqlite3ExprIfTrue	56	static
sqlite3.c:101791:21:sqlite3ExprIfFalse	56	static
sqlite3.c:100664:20:sqlite3ExprCodeTarget	176	static
sqlite3.c:101423:21:sqlite3ExprCode	16	static
sqlite3.c:107422:21:sqlite3FinishCoding	48	static
sqlite3.c:101456:21:sqlite3ExprCodeFactorable	16	static
sqlite3.c:127299:13:computeLimitRegisters	48	static
sqlite3.c:148371:21:sqlite3WindowCodeStep	144	static
sqlite3.c:137771:13:codeExprOrVector	32	static
sqlite3.c:101443:21:sqlite3ExprCodeCopy	24	static
sqlite3.c:100522:21:sqlite3ExprCodeLoadIndexColumn	24	static
sqlite3.c:101476:21:sqlite3ExprCodeAndCache	24	static
sqlite3.c:134534:21:sqlite3Vacuum	40	static
sqlite3.c:106720:13:codeAttach	88	static
sqlite3.c:106814:21:sqlite3Attach	24	static
sqlite3.c:106794:21:sqlite3Detach	24	static
sqlite3.c:101396:20:sqlite3ExprCodeTemp	24	static
sqlite3.c:97732:12:exprVectorRegister	16	static
sqlite3.c:97765:13:codeVectorCompare	96	static
sqlite3.c:100627:12:exprCodeVector	24	static
sqlite3.c:101508:20:sqlite3ExprCodeExprList	56	static
sqlite3.c:130465:13:updateAccumulator	72	static
sqlite3.c:125693:13:innerLoopLoadRow	16	static
sqlite3.c:125714:12:makeSorterRecord	32	static
sqlite3.c:125735:13:pushOntoSorter	80	static
sqlite3.c:126005:13:selectInnerLoop	96	static
sqlite3.c:101582:13:exprCodeBetween	240	static
sqlite3.c:101962:21:sqlite3ExprIfFalseDup	24	static
sqlite3.c:113445:20:sqlite3GenerateIndexKey	56	static
sqlite3.c:113381:21:sqlite3GenerateRowIndexDelete	72	static
sqlite3.c:110280:13:sqlite3RefillIndex	80	static
sqlite3.c:111834:13:reindexTable	24	static
sqlite3.c:111855:13:reindexDatabases	32	static
sqlite3.c:137189:12:codeEqualityTerm	80	static
sqlite3.c:137360:12:codeAllEqualityTerms	72	static
sqlite3.c:112653:21:sqlite3MaterializeView	80	static
sqlite3.c:137892:24:sqlite3WhereCodeOneLoopStart	240	static
sqlite3.c:134051:13:updateVirtualTable	104	static
sqlite3.c:139493:13:whereCombineDisjuncts	32	static
sqlite3.c:139619:13:exprAnalyzeOrTerm	104	static
sqlite3.c:81784:16:sqlite3_value_nochange	0	static
sqlite3.c:81789:16:sqlite3_value_frombind	0	static
sqlite3.c:81795:27:sqlite3_value_dup	16	static
sqlite3.c:81818:17:sqlite3_value_free	8	static
sqlite3.c:81885:17:sqlite3_result_double	8	static
sqlite3.c:81889:17:sqlite3_result_error	16	static
sqlite3.c:103669:13:renameColumnParseError	32	static
sqlite3.c:81343:20:sqlite3NotPureFunc	8	static
sqlite3.c:21371:12:parseDateOrTime	24	static
sqlite3.c:21544:22:localtimeOffset	168	static
sqlite3.c:21648:12:parseModifier	112	static
sqlite3.c:21865:12:isDate	32	static
sqlite3.c:21908:13:juliandayFunc	56	static
sqlite3.c:81901:17:sqlite3_result_int	8	static
sqlite3.c:114597:13:unicodeFunc	16	static
sqlite3.c:113707:13:instrFunc	40	static
sqlite3.c:81905:17:sqlite3_result_int64	8	static
sqlite3.c:114001:13:randomFunc	16	static
sqlite3.c:81909:17:sqlite3_result_null	8	static
sqlite3.c:113658:13:absFunc	16	static
sqlite3.c:113616:13:lengthFunc	16	static
sqlite3.c:81913:17:sqlite3_result_pointer	24	static
sqlite3.c:81925:17:sqlite3_result_subtype	0	static
sqlite3.c:81985:17:sqlite3_result_value	8	static
sqlite3.c:114403:13:nullifFunc	16	static
sqlite3.c:81989:17:sqlite3_result_zeroblob	8	static
sqlite3.c:81993:16:sqlite3_result_zeroblob64	16	static
sqlite3.c:82002:17:sqlite3_result_error_code	16	static
sqlite3.c:114681:13:zeroblobFunc	8	static
sqlite3.c:82014:17:sqlite3_result_error_toobig	16	static
sqlite3.c:81834:13:setResultStrOrError	16	static
sqlite3.c:81861:17:sqlite3_result_blob	16	static
sqlite3.c:81931:17:sqlite3_result_text	16	static
sqlite3.c:21925:13:datetimeFunc	184	static
sqlite3.c:22163:13:ctimestampFunc	8	static
sqlite3.c:21945:13:timeFunc	168	static
sqlite3.c:22135:13:ctimeFunc	8	static
sqlite3.c:21964:13:dateFunc	168	static
sqlite3.c:22149:13:cdateFunc	8	static
sqlite3.c:113591:13:typeofFunc	8	static
sqlite3.c:81845:12:invokeValueDestructor	8	static
sqlite3.c:81871:17:sqlite3_result_blob64	24	static
sqlite3.c:81940:17:sqlite3_result_text64	24	static
sqlite3.c:82022:17:sqlite3_result_error_nomem	8	static
sqlite3.c:105276:13:statGet	40	static
sqlite3.c:113887:13:roundFunc	24	static
sqlite3.c:114612:13:charFunc	40	static
sqlite3.c:82262:18:sqlite3_user_data	0	static
sqlite3.c:113561:13:minmaxFunc	40	static
sqlite3.c:157137:13:sqlite3InvalidFunction	16	static
sqlite3.c:82277:21:sqlite3_context_db_handle	0	static
sqlite3.c:114339:13:likeFunc	40	static
sqlite3.c:104840:13:statInit	32	static
sqlite3.c:103793:12:renameEditSql	64	static
sqlite3.c:21997:13:strftimeFunc	248	static
sqlite3.c:113792:13:substrFunc	64	static
sqlite3.c:113928:14:contextMalloc	16	static
sqlite3.c:114521:13:quoteFunc	104	static
sqlite3.c:114027:13:randomBlob	24	static
sqlite3.c:114653:13:hexFunc	24	static
sqlite3.c:113968:13:lowerFunc	24	static
sqlite3.c:113949:13:upperFunc	24	static
sqlite3.c:114797:13:trimFunc	48	static
sqlite3.c:114704:13:replaceFunc	88	static
sqlite3.c:113756:13:printfFunc	72	static
sqlite3.c:82296:16:sqlite3_vtab_nochange	8	static
sqlite3.c:82350:18:sqlite3_aggregate_context	8	static
sqlite3.c:146249:13:first_valueFinalizeFunc	16	static
sqlite3.c:146233:13:first_valueStepFunc	16	static
sqlite3.c:146221:13:nth_valueFinalizeFunc	16	static
sqlite3.c:146476:13:last_valueInvFunc	8	static
sqlite3.c:146493:13:last_valueValueFunc	8	static
sqlite3.c:146500:13:last_valueFinalizeFunc	16	static
sqlite3.c:146458:13:last_valueStepFunc	16	static
sqlite3.c:146412:13:ntileInvFunc	8	static
sqlite3.c:146423:13:ntileValueFunc	40	static
sqlite3.c:146392:13:ntileStepFunc	16	static
sqlite3.c:146356:13:cume_distInvFunc	8	static
sqlite3.c:146367:13:cume_distValueFunc	24	static
sqlite3.c:146343:13:cume_distStepFunc	8	static
sqlite3.c:146311:13:percent_rankInvFunc	8	static
sqlite3.c:146322:13:percent_rankValueFunc	24	static
sqlite3.c:146298:13:percent_rankStepFunc	8	static
sqlite3.c:146283:13:rankValueFunc	16	static
sqlite3.c:146267:13:rankStepFunc	8	static
sqlite3.c:146159:13:dense_rankValueFunc	8	static
sqlite3.c:146148:13:dense_rankStepFunc	8	static
sqlite3.c:146127:13:row_numberValueFunc	8	static
sqlite3.c:146117:13:row_numberStepFunc	8	static
sqlite3.c:115236:13:groupConcatInverse	24	static
sqlite3.c:115282:13:groupConcatValue	8	static
sqlite3.c:115267:13:groupConcatFinalize	8	static
sqlite3.c:115203:13:groupConcatStep	24	static
sqlite3.c:115123:13:countInverse	16	static
sqlite3.c:115117:13:countFinalize	8	static
sqlite3.c:115101:13:countStep	16	static
sqlite3.c:115072:13:avgFinalize	16	static
sqlite3.c:115079:13:totalFinalize	8	static
sqlite3.c:115059:13:sumFinalize	8	static
sqlite3.c:115179:13:minMaxValueFinalize	16	static
sqlite3.c:115190:13:minMaxValue	8	static
sqlite3.c:115196:13:minMaxFinalize	8	static
sqlite3.c:115141:13:minmaxStep	32	static
sqlite3.c:82371:18:sqlite3_get_auxdata	4	static
sqlite3.c:82399:17:sqlite3_set_auxdata	32	static
sqlite3.c:82461:16:sqlite3_column_count	0	static
sqlite3.c:82652:20:columnName	24	static
sqlite3.c:82470:16:sqlite3_data_count	0	static
sqlite3.c:82574:24:sqlite3_column_blob	16	static
sqlite3.c:82584:16:sqlite3_column_bytes	16	static
sqlite3.c:82589:16:sqlite3_column_bytes16	16	static
sqlite3.c:82594:19:sqlite3_column_double	16	static
sqlite3.c:82599:16:sqlite3_column_int	16	static
sqlite3.c:82604:25:sqlite3_column_int64	16	static
sqlite3.c:82609:33:sqlite3_column_text	16	static
sqlite3.c:82614:27:sqlite3_column_value	16	static
sqlite3.c:124143:12:pragmaVtabColumn	16	static
sqlite3.c:82630:16:sqlite3_column_type	16	static
sqlite3.c:82701:24:sqlite3_column_name	8	static
sqlite3.c:83045:16:sqlite3_bind_parameter_count	0	static
sqlite3.c:83056:24:sqlite3_bind_parameter_name	8	static
sqlite3.c:83071:16:sqlite3_bind_parameter_index	16	static
sqlite3.c:83129:21:sqlite3_db_handle	0	static
sqlite3.c:83137:16:sqlite3_stmt_readonly	0	static
sqlite3.c:83145:16:sqlite3_stmt_isexplain	0	static
sqlite3.c:83152:16:sqlite3_stmt_busy	0	static
sqlite3.c:83163:26:sqlite3_next_stmt	0	static
sqlite3.c:83184:16:sqlite3_stmt_status	24	static
sqlite3.c:83214:24:sqlite3_sql	0	static
sqlite3.c:83228:18:sqlite3_expanded_sql	0	static
sqlite3.c:84102:16:sqlite3_value_numeric_type	8	static
sqlite3.c:146180:13:nth_valueStepFunc	40	static
sqlite3.c:115034:13:sumInverse	16	static
sqlite3.c:115012:13:sumStep	16	static
sqlite3.c:114305:16:sqlite3_strglob	8	static
sqlite3.c:105896:13:decodeIntArray	24	static
sqlite3.c:105967:12:analysisLoader	104	static
sqlite3.c:114313:16:sqlite3_strlike	8	static
sqlite3.c:105421:13:analyzeOneTable	120	static
sqlite3.c:120899:16:sqlite3_auto_extension	8	static
sqlite3.c:120946:16:sqlite3_cancel_auto_extension	8	static
sqlite3.c:120971:17:sqlite3_reset_auto_extension	8	static
sqlite3.c:136052:16:sqlite3_vtab_on_conflict	0	static
sqlite3.c:143851:24:sqlite3_vtab_collation	8	static
sqlite3.c:154083:16:sqlite3_keyword_name	4	static
sqlite3.c:154089:16:sqlite3_keyword_count	0	static
sqlite3.c:154090:16:sqlite3_keyword_check	8	static
sqlite3.c:154920:16:sqlite3_complete	24	static
sqlite3.c:155252:24:sqlite3_libversion	0	static
sqlite3.c:114419:13:versionFunc	8	static
sqlite3.c:155265:16:sqlite3_libversion_number	0	static
sqlite3.c:155271:16:sqlite3_threadsafe	0	static
sqlite3.c:155515:16:sqlite3_shutdown	8	static
sqlite3.c:155950:27:sqlite3_db_mutex	0	static
sqlite3.c:155964:16:sqlite3_db_release_memory	16	static
sqlite3.c:155988:16:sqlite3_db_cacheflush	24	static
sqlite3.c:156017:16:sqlite3_db_config	28	static
sqlite3.c:156158:25:sqlite3_last_insert_rowid	0	static
sqlite3.c:114051:13:last_insert_rowid	8	static
sqlite3.c:156171:17:sqlite3_set_last_insert_rowid	0	static
sqlite3.c:156186:16:sqlite3_changes	0	static
sqlite3.c:114071:13:changes	8	static
sqlite3.c:156199:16:sqlite3_total_changes	0	static
sqlite3.c:114085:13:total_changes	8	static
sqlite3.c:156807:16:sqlite3_busy_handler	0	static
sqlite3.c:156862:16:sqlite3_busy_timeout	16	static
sqlite3.c:156880:17:sqlite3_interrupt	0	static
sqlite3.c:157277:18:sqlite3_commit_hook	0	static
sqlite3.c:157302:18:sqlite3_update_hook	0	static
sqlite3.c:157327:18:sqlite3_rollback_hook	0	static
sqlite3.c:157402:16:sqlite3_wal_autocheckpoint	0	static
sqlite3.c:157423:18:sqlite3_wal_hook	0	static
sqlite3.c:157450:16:sqlite3_wal_checkpoint_v2	0	static
sqlite3.c:157512:16:sqlite3_wal_checkpoint	16	static
sqlite3.c:157692:16:sqlite3_system_errno	0	static
sqlite3.c:157701:24:sqlite3_errstr	8	static
sqlite3.c:157849:16:sqlite3_limit	4	static
sqlite3.c:158691:16:sqlite3_collation_needed	0	static
sqlite3.c:158745:16:sqlite3_get_autocommit	0	static
sqlite3.c:158934:16:sqlite3_sleep	8	static
sqlite3.c:158950:16:sqlite3_extended_result_codes	0	static
sqlite3.c:158963:16:sqlite3_file_control	16	static
sqlite3.c:159004:16:sqlite3_test_control	24	static
sqlite3.c:159368:24:sqlite3_uri_parameter	16	static
sqlite3.c:159383:16:sqlite3_uri_boolean	8	static
sqlite3.c:159392:26:sqlite3_uri_int64	24	static
sqlite3.c:159417:24:sqlite3_db_filename	8	static
sqlite3.c:159433:16:sqlite3_db_readonly	8	static
sqlite3.c:223791:24:sqlite3_sourceid	0	static
sqlite3.c:158766:20:sqlite3ReportError	24	static
sqlite3.c:158775:20:sqlite3MisuseError	8	static
sqlite3.c:20743:16:sqlite3_status64	16	static
sqlite3.c:20768:16:sqlite3_status	40	static
sqlite3.c:26735:26:sqlite3_memory_used	24	static
sqlite3.c:26666:26:sqlite3_soft_heap_limit64	24	static
sqlite3.c:26688:17:sqlite3_soft_heap_limit	8	static
sqlite3.c:26746:26:sqlite3_memory_highwater	24	static
sqlite3.c:156897:20:sqlite3CreateFunc	32	static
sqlite3.c:115318:21:sqlite3RegisterLikeFunctions	64	static
sqlite3.c:157006:12:createFunctionApi	64	static
sqlite3.c:157057:16:sqlite3_create_function	40	static
sqlite3.c:157070:16:sqlite3_create_function_v2	40	static
sqlite3.c:157163:16:sqlite3_overload_function	40	static
sqlite3.c:115305:21:sqlite3RegisterPerConnectionBuiltinFunctions	8	static
sqlite3.c:157084:16:sqlite3_create_window_function	40	static
sqlite3.c:82794:12:vdbeUnbind	24	static
sqlite3.c:82837:12:bindText	40	static
sqlite3.c:82873:16:sqlite3_bind_blob	16	static
sqlite3.c:82885:16:sqlite3_bind_blob64	24	static
sqlite3.c:82949:16:sqlite3_bind_text	16	static
sqlite3.c:82958:16:sqlite3_bind_text64	24	static
sqlite3.c:82899:16:sqlite3_bind_double	24	static
sqlite3.c:82912:16:sqlite3_bind_int64	24	static
sqlite3.c:82909:16:sqlite3_bind_int	8	static
sqlite3.c:82922:16:sqlite3_bind_null	8	static
sqlite3.c:82985:16:sqlite3_bind_value	24	static
sqlite3.c:82931:16:sqlite3_bind_pointer	32	static
sqlite3.c:83016:16:sqlite3_bind_zeroblob	24	static
sqlite3.c:83026:16:sqlite3_bind_zeroblob64	16	static
sqlite3.c:134920:12:createModule	32	static
sqlite3.c:134945:16:sqlite3_create_module	16	static
sqlite3.c:134960:16:sqlite3_create_module_v2	16	static
sqlite3.c:136070:16:sqlite3_vtab_config	20	static
sqlite3.c:155569:16:sqlite3_config	24	static
sqlite3.c:23099:21:sqlite3MemSetDefault	8	static
sqlite3.c:26696:20:sqlite3MallocInit	8	static
sqlite3.c:49897:21:sqlite3PCacheSetDefault	8	static
sqlite3.c:48087:20:sqlite3PcacheInitialize	8	static
sqlite3.c:155344:16:sqlite3_initialize	16	static
sqlite3.c:157604:24:sqlite3_errmsg	8	static
sqlite3.c:157674:16:sqlite3_errcode	8	static
sqlite3.c:157683:16:sqlite3_extended_errcode	8	static
sqlite3.c:157709:12:createCollation	48	static
sqlite3.c:158636:16:sqlite3_create_collation_v2	24	static
sqlite3.c:158623:16:sqlite3_create_collation	16	static
sqlite3.c:158771:20:sqlite3CorruptError	8	static
sqlite3.c:65062:12:decodeFlags	8	static
sqlite3.c:65291:13:zeroPage	32	static
sqlite3.c:66534:12:newDatabase	24	static
sqlite3.c:66578:20:sqlite3BtreeNewDb	8	static
sqlite3.c:65197:28:btreeCellSizeCheck	40	static
sqlite3.c:65238:12:btreeInitPage	16	static
sqlite3.c:65530:13:pageReinit	16	static
sqlite3.c:56112:12:getPageNormal	40	static
sqlite3.c:67988:12:accessPayload	64	static
sqlite3.c:68188:20:sqlite3BtreePayload	16	static
sqlite3.c:63911:12:saveCursorKey	16	static
sqlite3.c:63953:12:saveCursorPosition	16	static
sqlite3.c:64017:28:saveCursorsOnList	16	static
sqlite3.c:64000:12:saveAllCursors	8	static
sqlite3.c:67533:20:sqlite3BtreeSavepoint	24	static
sqlite3.c:79188:28:vdbeCloseStatement	32	static
sqlite3.c:79234:20:sqlite3VdbeCloseStatement	8	static
sqlite3.c:67386:20:sqlite3BtreeTripAllCursors	24	static
sqlite3.c:67437:20:sqlite3BtreeRollback	32	static
sqlite3.c:156485:21:sqlite3RollbackAll	32	static
sqlite3.c:65954:20:sqlite3BtreeClose	16	static
sqlite3.c:156362:21:sqlite3LeaveMutexAndCloseZombie	24	static
sqlite3.c:156291:12:sqlite3Close	16	static
sqlite3.c:156350:16:sqlite3_close	8	static
sqlite3.c:156351:16:sqlite3_close_v2	8	static
sqlite3.c:78726:21:sqlite3VdbeFreeCursor	8	static
sqlite3.c:78763:13:closeCursorsInFrame	16	static
sqlite3.c:78781:20:sqlite3VdbeFrameRestore	16	static
sqlite3.c:78247:21:sqlite3VdbeFrameDelete	24	static
sqlite3.c:78810:13:closeAllCursors	8	static
sqlite3.c:79280:20:sqlite3VdbeHalt	16	static
sqlite3.c:79542:20:sqlite3VdbeReset	16	static
sqlite3.c:79633:20:sqlite3VdbeFinalize	16	static
sqlite3.c:81562:16:sqlite3_finalize	16	static
sqlite3.c:124048:13:pragmaVtabCursorClear	16	static
sqlite3.c:124059:12:pragmaVtabClose	8	static
sqlite3.c:103978:13:renameParseCleanup	16	static
sqlite3.c:81589:16:sqlite3_reset	16	static
sqlite3.c:83935:20:allocateCursor	40	static
sqlite3.c:121839:12:invalidateTempStorage	24	static
sqlite3.c:121861:12:changeTempStorage	16	static
sqlite3.c:106673:13:detachFunc	160	static
sqlite3.c:74307:16:sqlite3_backup_finish	16	static
sqlite3.c:80716:20:sqlite3VdbeRecordCompareWithSkip	104	static
sqlite3.c:80907:20:sqlite3VdbeRecordCompare	8	static
sqlite3.c:94755:20:sqlite3VdbeSorterCompare	40	static
sqlite3.c:92814:12:vdbeSorterCompare	24	static
sqlite3.c:80924:12:vdbeRecordCompareInt	24	static
sqlite3.c:92787:12:vdbeSorterCompareTail	24	static
sqlite3.c:92833:12:vdbeSorterCompareText	64	static
sqlite3.c:92874:12:vdbeSorterCompareInt	48	static
sqlite3.c:81018:12:vdbeRecordCompareString	32	static
sqlite3.c:65410:12:getAndInitPage	32	static
sqlite3.c:68298:12:moveToChild	24	static
sqlite3.c:68500:12:moveToRightmost	16	static
sqlite3.c:68475:12:moveToLeftmost	8	static
sqlite3.c:68388:12:moveToRoot	16	static
sqlite3.c:68545:20:sqlite3BtreeLast	16	static
sqlite3.c:68523:20:sqlite3BtreeFirst	16	static
sqlite3.c:68615:20:sqlite3BtreeMovetoUnpacked	80	static
sqlite3.c:64054:12:btreeMoveto	40	static
sqlite3.c:64092:12:btreeRestoreCursorPosition	32	static
sqlite3.c:68919:28:btreeNext	8	static
sqlite3.c:68986:20:sqlite3BtreeNext	8	static
sqlite3.c:69026:28:btreePrevious	8	static
sqlite3.c:69075:20:sqlite3BtreePrevious	8	static
sqlite3.c:64167:20:sqlite3BtreeCursorRestore	16	static
sqlite3.c:79780:28:handleMovedCursor	16	static
sqlite3.c:79795:20:sqlite3VdbeCursorRestore	8	static
sqlite3.c:124237:13:corruptSchema	24	static
sqlite3.c:79754:28:handleDeferredMoveto	24	static
sqlite3.c:79816:20:sqlite3VdbeCursorMoveto	8	static
sqlite3.c:67664:20:sqlite3BtreeCursor	16	static
sqlite3.c:75663:28:vdbeMemFromBtreeResize	24	static
sqlite3.c:75686:20:sqlite3VdbeMemFromBtree	32	static
sqlite3.c:71727:12:btreeOverwriteCell	48	static
sqlite3.c:65115:12:btreeComputeFreeSpace	24	static
sqlite3.c:70635:13:copyNodeContent	32	static
sqlite3.c:65501:12:btreeGetUnusedPage	16	static
sqlite3.c:69113:12:allocateBtreePage	72	static
sqlite3.c:69658:12:fillInCell	64	static
sqlite3.c:71501:12:balance_deeper	48	static
sqlite3.c:72261:12:btreeCreateTable	32	static
sqlite3.c:72404:20:sqlite3BtreeCreateTable	8	static
sqlite3.c:69435:12:freePage2	40	static
sqlite3.c:69565:13:freePage	8	static
sqlite3.c:69575:12:clearCell	32	static
sqlite3.c:64956:12:freeSpace	48	static
sqlite3.c:70296:12:pageFreeArray	56	static
sqlite3.c:69848:13:dropCell	32	static
sqlite3.c:64797:12:pageFindSlot	32	static
sqlite3.c:64661:12:defragmentPage	88	static
sqlite3.c:64865:12:allocateSpace	48	static
sqlite3.c:69904:13:insertCell	40	static
sqlite3.c:70232:12:pageInsertArray	72	static
sqlite3.c:70141:12:rebuildPage	80	static
sqlite3.c:70353:12:editPage	88	static
sqlite3.c:70717:12:balance_nonroot	360	static
sqlite3.c:71558:12:balance	56	static
sqlite3.c:71804:20:sqlite3BtreeInsert	120	static
sqlite3.c:72077:20:sqlite3BtreeDelete	104	static
sqlite3.c:81127:20:sqlite3VdbeIdxRowid	112	static
sqlite3.c:81206:20:sqlite3VdbeIdxKeyCompare	72	static
sqlite3.c:72416:12:clearDatabasePage	72	static
sqlite3.c:72483:20:sqlite3BtreeClearTable	16	static
sqlite3.c:72507:20:sqlite3BtreeClearTableOfCursor	8	static
sqlite3.c:72531:12:btreeDropTable	32	static
sqlite3.c:72616:20:sqlite3BtreeDropTable	8	static
sqlite3.c:158779:20:sqlite3CantopenError	8	static
sqlite3.c:55384:20:sqlite3PagerOpen	96	static
sqlite3.c:65581:20:sqlite3BtreeOpen	160	static
sqlite3.c:111612:20:sqlite3OpenTempDatabase	32	static
sqlite3.c:73787:15:findBtree	288	static
sqlite3.c:73846:28:sqlite3_backup_init	24	static
sqlite3.c:158187:12:openDatabase	64	static
sqlite3.c:158564:16:sqlite3_open	8	static
sqlite3.c:158571:16:sqlite3_open_v2	8	static
sqlite3.c:55831:20:sqlite3PagerSharedLock	48	static
sqlite3.c:66310:12:lockBtree	48	static
sqlite3.c:66622:20:sqlite3BtreeBeginTrans	32	static
sqlite3.c:73634:20:sqlite3BtreeSetVersion	24	static
sqlite3.c:74053:16:sqlite3_backup_step	96	static
sqlite3.c:74452:20:sqlite3BtreeCopyFile	88	static
sqlite3.c:124655:13:schemaIsValid	40	static
sqlite3.c:57961:20:sqlite3PagerSetJournalMode	16	static
sqlite3.c:84442:20:sqlite3VdbeExec	192	static
sqlite3.c:82078:12:sqlite3Step	16	static
sqlite3.c:82213:16:sqlite3_step	24	static
sqlite3.c:124067:12:pragmaVtabNext	16	static
sqlite3.c:119450:16:sqlite3_exec	72	static
sqlite3.c:106310:20:sqlite3AnalysisLoad	40	static
sqlite3.c:124369:20:sqlite3InitOne	112	static
sqlite3.c:124601:20:sqlite3Init	24	static
sqlite3.c:124633:20:sqlite3ReadSchema	16	static
sqlite3.c:108170:21:sqlite3StartTable	64	static
sqlite3.c:135175:21:sqlite3VtabBeginParse	40	static
sqlite3.c:107633:23:sqlite3LocateTable	40	static
sqlite3.c:107693:23:sqlite3LocateTableItem	24	static
sqlite3.c:129972:12:selectExpander	120	static
sqlite3.c:112578:23:sqlite3SrcListLookup	24	static
sqlite3.c:112785:21:sqlite3DeleteFrom	208	static
sqlite3.c:132736:12:codeTriggerProgram	88	static
sqlite3.c:132856:20:codeRowTrigger	88	static
sqlite3.c:132972:20:getRowTrigger	16	static
sqlite3.c:133140:20:sqlite3TriggerColmask	32	static
sqlite3.c:133006:21:sqlite3CodeRowTriggerDirect	40	static
sqlite3.c:133078:21:sqlite3CodeRowTrigger	32	static
sqlite3.c:113230:21:sqlite3GenerateRowDelete	88	static
sqlite3.c:118247:21:sqlite3GenerateConstraintChecks	192	static
sqlite3.c:133312:21:sqlite3Update	264	static
sqlite3.c:134371:21:sqlite3UpsertDoUpdate	72	static
sqlite3.c:117464:21:sqlite3Insert	240	static
sqlite3.c:132065:21:sqlite3BeginTrigger	80	static
sqlite3.c:103177:21:sqlite3AlterBeginAddColumn	48	static
sqlite3.c:103875:12:renameResolveTrigger	144	static
sqlite3.c:122037:21:sqlite3Pragma	112	static
sqlite3.c:111887:21:sqlite3Reindex	32	static
sqlite3.c:105833:21:sqlite3Analyze	32	static
sqlite3.c:151825:21:yy_reduce	104	static
sqlite3.c:153426:21:sqlite3Parser	48	static
sqlite3.c:154504:20:sqlite3RunParser	288	static
sqlite3.c:124747:12:sqlite3Prepare	304	static
sqlite3.c:124904:12:sqlite3LockAndPrepare	64	static
sqlite3.c:124949:20:sqlite3Reprepare	40	static
sqlite3.c:124988:16:sqlite3_prepare	24	static
sqlite3.c:124287:20:sqlite3InitCallback	48	static
sqlite3.c:125000:16:sqlite3_prepare_v2	24	static
sqlite3.c:124085:12:pragmaVtabFilter	64	static
sqlite3.c:125018:16:sqlite3_prepare_v3	24	static
sqlite3.c:107540:21:sqlite3NestedParse	124	static
sqlite3.c:109916:13:sqlite3ClearStatTables	56	static
sqlite3.c:111047:21:sqlite3DropIndex	48	static
sqlite3.c:132590:21:sqlite3DropTriggerPtr	40	static
sqlite3.c:132540:21:sqlite3DropTrigger	48	static
sqlite3.c:109939:21:sqlite3CodeDropTable	64	static
sqlite3.c:110011:21:sqlite3DropTable	32	static
sqlite3.c:110426:21:sqlite3CreateIndex	144	static
sqlite3.c:109120:13:convertToWithoutRowidTable	72	static
sqlite3.c:108655:21:sqlite3AddPrimaryKey	88	static
sqlite3.c:109306:21:sqlite3EndTable	120	static
sqlite3.c:109560:21:sqlite3CreateView	88	static
sqlite3.c:132262:21:sqlite3FinishTrigger	88	static
sqlite3.c:104613:13:openStatTable	72	static
sqlite3.c:105775:13:analyzeDatabase	40	static
sqlite3.c:105802:13:analyzeTable	32	static
sqlite3.c:102823:13:renameTestSchema	24	static
sqlite3.c:102863:21:sqlite3AlterRenameTable	88	static
sqlite3.c:103037:21:sqlite3AlterFinishAddColumn	72	static
sqlite3.c:103286:21:sqlite3AlterRenameColumn	88	static
sqlite3.c:135236:21:sqlite3VtabFinishParse	40	static
sqlite3.c:135589:16:sqlite3_declare_vtab	296	static
sqlite3.c:123925:12:pragmaVtabConnect	256	static
sqlite3.c:103737:12:renameParseSql	24	static
sqlite3.c:104374:13:renameTableTest	336	static
sqlite3.c:104223:13:renameTableFunc	416	static
sqlite3.c:104018:13:renameColumnFunc	392	static
sqlite3.c:106443:13:attachFunc	72	static
sqlite3.c:158816:16:sqlite3_table_column_metadata	56	static
sqlite3.c:134461:12:execSql	40	static
sqlite3.c:134491:12:execSqlF	24	static
sqlite3.c:134572:36:sqlite3RunVacuum	88	static
sqlite3.c:114435:13:sourceidFunc	8	static
