MDR32F9Qx_usb_device.c:1164:19:USB_Device_setAddressWork	8	static
MDR32F9Qx_usb_device.c:623:13:USB_EP_sendInDataPortion	24	static
MDR32F9Qx_usb_device.c:1146:12:USB_DeviceDoStatusOutAck	24	static
MDR32F9Qx_usb_device.c:836:12:USB_DeviceSetupPacket	48	static
MDR32F9Qx_usb_device.c:140:12:USB_EP_Init	16	static
MDR32F9Qx_usb_device.c:170:12:USB_EP_Reset	16	static
MDR32F9Qx_usb_device.c:193:12:USB_EP_Idle	24	static
MDR32F9Qx_usb_device.c:226:12:USB_EP_Stall	24	static
MDR32F9Qx_usb_device.c:262:12:USB_EP_doDataIn	24	static
MDR32F9Qx_usb_device.c:299:12:USB_EP_doDataOut	24	static
MDR32F9Qx_usb_device.c:329:12:USB_EP_setSetupHandler	24	static
MDR32F9Qx_usb_device.c:357:12:USB_EP_dispatchEvent	64	static
MDR32F9Qx_usb_device.c:724:12:USB_DeviceInit	16	static
MDR32F9Qx_usb_device.c:754:12:USB_DevicePowerOn	8	static
MDR32F9Qx_usb_device.c:767:12:USB_DevicePowerOff	8	static
MDR32F9Qx_usb_device.c:797:12:USB_DeviceReset	0	static
MDR32F9Qx_usb_device.c:809:12:USB_DeviceSuspend	0	static
MDR32F9Qx_usb_device.c:819:12:USB_DeviceResume	0	static
MDR32F9Qx_usb_device.c:1072:12:USB_DeviceClearFeature	24	static
MDR32F9Qx_usb_device.c:1099:12:USB_DeviceSetFeature	16	static
MDR32F9Qx_usb_device.c:1129:12:USB_DeviceDoStatusInAck	0	static
MDR32F9Qx_usb_device.c:1183:12:USB_DeviceDispatchEvent	16	static
MDR32F9Qx_usb_device.c:1234:6:USB_IRQHandler	16	static
MDR32F9Qx_usb_device.c:1259:12:USB_DeviceDummyGetStatus	0	static
MDR32F9Qx_usb_device.c:1272:12:USB_DeviceDummySetAddress	0	static
MDR32F9Qx_usb_device.c:1288:12:USB_DeviceDummyGetDescriptor	0	static
MDR32F9Qx_usb_device.c:1304:12:USB_DeviceDummySetDescriptor	0	static
MDR32F9Qx_usb_device.c:1316:9:USB_DeviceDummyGetConfiguration	0	static
MDR32F9Qx_usb_device.c:1328:12:USB_DeviceDummySetConfiguration	0	static
MDR32F9Qx_usb_device.c:1341:9:USB_DeviceDummyGetInterface	0	static
MDR32F9Qx_usb_device.c:1354:12:USB_DeviceDummySetInterface	0	static
MDR32F9Qx_usb_device.c:1369:12:USB_DeviceDummySyncFrame	0	static
MDR32F9Qx_usb_device.c:1383:12:USB_DeviceDummyClassRequest	0	static
MDR32F9Qx_usb_device.c:1397:12:USB_DeviceDummyVendorRequest	0	static
MDR32F9Qx_usb_device.c:1419:12:USB_DeviceDummyDataError	0	static
