MDR32F9Qx_usb.c:66:6:USB_BRGInit	4	static
MDR32F9Qx_usb.c:95:6:USB_Reset	0	static
MDR32F9Qx_usb.c:109:10:USB_GetHSCR	0	static
MDR32F9Qx_usb.c:119:6:USB_SetHSCR	0	static
MDR32F9Qx_usb.c:132:21:USB_GetHSVR	8	static
MDR32F9Qx_usb.c:150:10:USB_GetHTXC	0	static
MDR32F9Qx_usb.c:160:6:USB_SetHTXC	0	static
MDR32F9Qx_usb.c:173:10:USB_GetHTXT	0	static
MDR32F9Qx_usb.c:183:6:USB_SetHTXT	0	static
MDR32F9Qx_usb.c:196:10:USB_GetHTXLC	0	static
MDR32F9Qx_usb.c:206:6:USB_SetHTXLC	0	static
MDR32F9Qx_usb.c:219:10:USB_GetHTXSE	0	static
MDR32F9Qx_usb.c:229:6:USB_SetHTXSE	0	static
MDR32F9Qx_usb.c:242:10:USB_GetHTXA	0	static
MDR32F9Qx_usb.c:252:6:USB_SetHTXA	0	static
MDR32F9Qx_usb.c:265:10:USB_GetHTXE	0	static
MDR32F9Qx_usb.c:275:6:USB_SetHTXE	0	static
MDR32F9Qx_usb.c:288:10:USB_GetHFN	0	static
MDR32F9Qx_usb.c:298:10:USB_GetHIS	0	static
MDR32F9Qx_usb.c:308:6:USB_SetHIS	0	static
MDR32F9Qx_usb.c:321:10:USB_GetHIM	0	static
MDR32F9Qx_usb.c:331:6:USB_SetHIM	0	static
MDR32F9Qx_usb.c:344:10:USB_GetHRXS	0	static
MDR32F9Qx_usb.c:354:10:USB_GetHRXP	0	static
MDR32F9Qx_usb.c:364:10:USB_GetHRXA	0	static
MDR32F9Qx_usb.c:374:10:USB_GetHRXE	0	static
MDR32F9Qx_usb.c:384:10:USB_GetHRXCS	0	static
MDR32F9Qx_usb.c:394:10:USB_GetHSTM	0	static
MDR32F9Qx_usb.c:404:10:USB_GetHRXFD	0	static
MDR32F9Qx_usb.c:415:10:USB_GetHRXFDC	0	static
MDR32F9Qx_usb.c:425:10:USB_GetHRXFC	0	static
MDR32F9Qx_usb.c:435:6:USB_SetHRXFC	0	static
MDR32F9Qx_usb.c:450:10:USB_GetHTXFD	0	static
MDR32F9Qx_usb.c:460:6:USB_SetHTXFD	0	static
MDR32F9Qx_usb.c:473:10:USB_GetHTXFC	0	static
MDR32F9Qx_usb.c:483:6:USB_SetHTXFC	0	static
MDR32F9Qx_usb.c:498:10:USB_GetSEPxCTRL	0	static
MDR32F9Qx_usb.c:515:6:USB_SetSEPxCTRL	0	static
MDR32F9Qx_usb.c:531:10:USB_GetSEPxSTS	0	static
MDR32F9Qx_usb.c:546:10:USB_GetSEPxTS	0	static
MDR32F9Qx_usb.c:561:10:USB_GetSEPxNTS	0	static
MDR32F9Qx_usb.c:574:10:USB_GetSC	0	static
MDR32F9Qx_usb.c:586:6:USB_SetSC	0	static
MDR32F9Qx_usb.c:599:10:USB_GetSLS	0	static
MDR32F9Qx_usb.c:609:10:USB_GetSIS	0	static
MDR32F9Qx_usb.c:619:6:USB_SetSIS	0	static
MDR32F9Qx_usb.c:633:10:USB_GetSIM	0	static
MDR32F9Qx_usb.c:643:6:USB_SetSIM	0	static
MDR32F9Qx_usb.c:656:10:USB_GetSA	0	static
MDR32F9Qx_usb.c:666:6:USB_SetSA	0	static
MDR32F9Qx_usb.c:679:10:USB_GetSFN	0	static
MDR32F9Qx_usb.c:691:10:USB_GetSEPxRXFD	0	static
MDR32F9Qx_usb.c:706:10:USB_GetSEPxRXFDC	0	static
MDR32F9Qx_usb.c:721:10:USB_GetSEPxRXFC	0	static
MDR32F9Qx_usb.c:737:6:USB_SetSEPxRXFC	0	static
MDR32F9Qx_usb.c:753:10:USB_GetSEPxTXFD	0	static
MDR32F9Qx_usb.c:769:6:USB_SetSEPxTXFD	0	static
MDR32F9Qx_usb.c:785:10:USB_GetSEPxTXFDC	0	static
MDR32F9Qx_usb.c:801:6:USB_SetSEPxTXFDC	0	static
MDR32F9Qx_usb.c:817:6:USB_SEPxToggleEPDATASEQ	0	static
