fsforeeprom.cpp:48:5:int user_provided_block_device_erase(const lfs_config*, lfs_block_t)	0	static
fsforeeprom.cpp:57:5:int user_provided_block_device_sync(const lfs_config*)	0	static
fsforeeprom.cpp:29:5:int user_provided_block_device_read(const lfs_config*, lfs_block_t, lfs_off_t, void*, lfs_size_t)	24	static
fsforeeprom.cpp:39:5:int user_provided_block_device_prog(const lfs_config*, lfs_block_t, lfs_off_t, const void*, lfs_size_t)	8	static
fsforeeprom.cpp:110:1:FsForEepromDestroyer::~FsForEepromDestroyer()	8	static
fsforeeprom.cpp:62:6:void littleFsInit()	16	static
fsforeeprom.cpp:103:1:FsForEeprom::FsForEeprom()	0	static
fsforeeprom.cpp:114:6:void FsForEepromDestroyer::initialize(FsForEeprom*)	0	static
fsforeeprom.cpp:119:14:static FsForEeprom& FsForEeprom::getInstance()	8	static
fsforeeprom.cpp:131:6:void FsForEeprom::test()	256	static
fsforeeprom.cpp:155:10:uint32_t FsForEeprom::init()	0	static
fsforeeprom.cpp:160:10:uint32_t FsForEeprom::read(uint8_t*, uint16_t, uint16_t*)	0	static
fsforeeprom.cpp:165:10:uint32_t FsForEeprom::write(uint8_t*, uint16_t, uint16_t)	0	static
fsforeeprom.cpp:168:1:cpp)	0	static
