ethernetif.c:159:13:low_level_init	176	static
ethernetif.c:279:14:low_level_output	80	static
ethernetif.c:334:22:low_level_input	24	static
ethernetif.c:352:6:ethernetif_input	24	static
ethernetif.c:389:7:ethernetif_init	16	static
ethernetif.c:426:6:pbuf_free_custom	24	static
ethernetif.c:444:7:sys_now	8	static
ethernetif.c:457:6:HAL_ETH_MspInit	64	static
ethernetif.c:513:6:HAL_ETH_RxCpltCallback	16	static
ethernetif.c:523:6:HAL_ETH_TxCpltCallback	16	static
ethernetif.c:533:6:HAL_ETH_ErrorCallback	16	static
ethernetif.c:549:9:ETH_PHY_IO_Init	8	static
ethernetif.c:566:9:ETH_PHY_IO_DeInit	4	static
ethernetif.c:578:9:ETH_PHY_IO_ReadReg	24	static
ethernetif.c:595:9:ETH_PHY_IO_WriteReg	24	static
ethernetif.c:609:9:ETH_PHY_IO_GetTick	8	static
ethernetif.c:619:6:ethernet_link_thread	136	static
ethernetif.c:682:6:HAL_ETH_RxAllocateCallback	32	static
ethernetif.c:702:6:HAL_ETH_RxLinkCallback	56	static,ignoring_inline_asm
ethernetif.c:738:6:HAL_ETH_TxFreeCallback	16	static
