stm32h743i_eval_sd.c:215:9:BSP_SD_IsDetected	16	static
stm32h743i_eval_sd.c:201:9:BSP_SD_ITConfig	8	static
stm32h743i_eval_sd.c:246:9:BSP_SD_ReadBlocks	16	static
stm32h743i_eval_sd.c:268:9:BSP_SD_WriteBlocks	16	static
stm32h743i_eval_sd.c:288:9:BSP_SD_ReadBlocks_DMA	8	static
stm32h743i_eval_sd.c:308:9:BSP_SD_WriteBlocks_DMA	8	static
stm32h743i_eval_sd.c:328:9:BSP_SD_Erase	8	static
stm32h743i_eval_sd.c:347:13:BSP_SD_MspInit	56	static
stm32h743i_eval_sd.c:123:9:BSP_SD_Init	16	static
stm32h743i_eval_sd.c:404:13:BSP_SD_MspDeInit	8	static
stm32h743i_eval_sd.c:175:9:BSP_SD_DeInit	8	static
stm32h743i_eval_sd.c:426:9:BSP_SD_GetCardState	8	static
stm32h743i_eval_sd.c:437:6:BSP_SD_GetCardInfo	8	static
stm32h743i_eval_sd.c:447:13:BSP_SD_AbortCallback	0	static
stm32h743i_eval_sd.c:456:13:BSP_SD_WriteCpltCallback	0	static
stm32h743i_eval_sd.c:465:13:BSP_SD_ReadCpltCallback	0	static
stm32h743i_eval_sd.c:475:13:BSP_SD_ErrorCallback	0	static
stm32h743i_eval_sd.c:486:13:BSP_SD_DriveTransciver_1_8V_Callback	8	static
stm32h743i_eval_sd.c:507:6:HAL_SD_AbortCallback	8	static
stm32h743i_eval_sd.c:518:6:HAL_SD_TxCpltCallback	8	static
stm32h743i_eval_sd.c:528:6:HAL_SD_RxCpltCallback	8	static
stm32h743i_eval_sd.c:538:6:HAL_SD_ErrorCallback	8	static
stm32h743i_eval_sd.c:546:6:HAL_SD_DriveTransceiver_1_8V_Callback	8	static
