stm32h743i_eval.c:773:13:I2Cx_MspInit	232	static
stm32h743i_eval.c:825:13:I2Cx_Init	8	static
stm32h743i_eval.c:992:26:I2Cx_IsDeviceReady	8	static
stm32h743i_eval.c:202:13:BSP_ErrorNotify	0	static
stm32h743i_eval.c:1016:13:I2Cx_Error	8	static
stm32h743i_eval.c:861:13:I2Cx_Write	32	static
stm32h743i_eval.c:891:16:I2Cx_Read	32	static
stm32h743i_eval.c:926:26:I2Cx_ReadMultiple	32	static
stm32h743i_eval.c:960:26:I2Cx_WriteMultiple	32	static
stm32h743i_eval.c:210:10:BSP_GetVersion	0	static
stm32h743i_eval.c:225:6:BSP_LED_Init	48	static
stm32h743i_eval.c:282:6:BSP_LED_DeInit	16	static
stm32h743i_eval.c:325:6:BSP_LED_On	8	static
stm32h743i_eval.c:357:6:BSP_LED_Off	8	static
stm32h743i_eval.c:388:6:BSP_LED_Toggle	8	static
stm32h743i_eval.c:426:6:BSP_PB_Init	48	static
stm32h743i_eval.c:480:6:BSP_PB_DeInit	16	static
stm32h743i_eval.c:502:10:BSP_PB_GetState	8	static
stm32h743i_eval.c:517:6:BSP_COM_Init	56	static
stm32h743i_eval.c:557:6:BSP_COM_DeInit	8	static
stm32h743i_eval.c:577:6:BSP_POTENTIOMETER_Init	80	static
stm32h743i_eval.c:626:10:BSP_POTENTIOMETER_GetLevel	8	static
stm32h743i_eval.c:648:9:BSP_JOY_Init	16	static
stm32h743i_eval.c:675:6:BSP_JOY_DeInit	8	static
stm32h743i_eval.c:691:18:BSP_JOY_GetState	8	static
stm32h743i_eval.c:1042:6:IOE_Init	8	static
stm32h743i_eval.c:1051:6:IOE_ITConfig	0	static
stm32h743i_eval.c:1063:6:IOE_Write	8	static
stm32h743i_eval.c:1074:9:IOE_Read	8	static
stm32h743i_eval.c:1087:10:IOE_ReadMultiple	16	static
stm32h743i_eval.c:1100:6:IOE_WriteMultiple	16	static
stm32h743i_eval.c:733:9:BSP_TS3510_IsDetected	32	static
stm32h743i_eval.c:1110:6:IOE_Delay	8	static
stm32h743i_eval.c:1122:6:MFX_IO_Init	8	static
stm32h743i_eval.c:1131:6:MFX_IO_DeInit	0	static
stm32h743i_eval.c:1139:6:MFX_IO_ITConfig	40	static
stm32h743i_eval.c:1170:6:MFX_IO_Write	8	static
stm32h743i_eval.c:1181:9:MFX_IO_Read	8	static
stm32h743i_eval.c:1194:10:MFX_IO_ReadMultiple	16	static
stm32h743i_eval.c:1204:6:MFX_IO_Delay	8	static
stm32h743i_eval.c:1213:6:MFX_IO_Wakeup	0	static
stm32h743i_eval.c:1221:6:MFX_IO_EnableWakeupPin	0	static
stm32h743i_eval.c:1233:6:AUDIO_IO_Init	8	static
stm32h743i_eval.c:1242:6:AUDIO_IO_DeInit	0	static
stm32h743i_eval.c:1253:6:AUDIO_IO_Write	24	static
stm32h743i_eval.c:1270:10:AUDIO_IO_Read	24	static
stm32h743i_eval.c:1290:6:AUDIO_IO_Delay	8	static
stm32h743i_eval.c:1301:6:EEPROM_IO_Init	8	static
stm32h743i_eval.c:1314:19:EEPROM_IO_WriteData	16	static
stm32h743i_eval.c:1327:19:EEPROM_IO_ReadData	16	static
stm32h743i_eval.c:1339:19:EEPROM_IO_IsDeviceReady	8	static
stm32h743i_eval.c:1350:6:TS_IO_Init	8	static
stm32h743i_eval.c:1362:6:TS_IO_Write	8	static
stm32h743i_eval.c:1374:9:TS_IO_Read	8	static
stm32h743i_eval.c:1388:10:TS_IO_ReadMultiple	16	static
stm32h743i_eval.c:1402:6:TS_IO_WriteMultiple	16	static
stm32h743i_eval.c:1412:6:TS_IO_Delay	8	static
stm32h743i_eval.c:1422:6:OTM8009A_IO_Delay	8	static
