syscalls.c:78:9:_sbrk	0	static
syscalls.c:111:6:initialise_monitor_handles	0	static
syscalls.c:115:5:_getpid	0	static
syscalls.c:120:5:_kill	0	static
unistd.h:18:6:_exit	8	static
syscalls.c:132:5:_write	8	static
syscalls.c:140:5:_close	8	static
syscalls.c:145:5:_fstat	8	static
syscalls.c:151:5:_isatty	8	static
syscalls.c:156:5:_lseek	8	static
syscalls.c:167:5:_read	8	static
syscalls.c:173:5:_open	4	static
wait.h:38:7:_wait	0	static
syscalls.c:185:5:_unlink	8	static
syscalls.c:190:5:_times	0	static
syscalls.c:195:5:_stat	8	static
syscalls.c:201:5:_link	0	static
syscalls.c:207:5:_fork	0	static
syscalls.c:213:5:_execve	0	static
