MDR32F9Qx_rst_clk.c:198:6:RST_CLK_WarmDeInit	8	static
MDR32F9Qx_rst_clk.c:184:6:RST_CLK_DeInit	8	static
MDR32F9Qx_rst_clk.c:240:6:RST_CLK_HSEconfig	0	static
MDR32F9Qx_rst_clk.c:271:13:RST_CLK_HSEstatus	8	static
MDR32F9Qx_rst_clk.c:366:6:RST_CLK_LSEconfig	0	static
MDR32F9Qx_rst_clk.c:396:13:RST_CLK_LSEstatus	8	static
MDR32F9Qx_rst_clk.c:425:6:RST_CLK_HSIcmd	0	static
MDR32F9Qx_rst_clk.c:462:6:RST_CLK_HSIadjust	0	static
MDR32F9Qx_rst_clk.c:485:13:RST_CLK_HSIstatus	8	static
MDR32F9Qx_rst_clk.c:514:6:RST_CLK_LSIcmd	0	static
MDR32F9Qx_rst_clk.c:552:6:RST_CLK_LSIadjust	0	static
MDR32F9Qx_rst_clk.c:576:13:RST_CLK_LSIstatus	8	static
MDR32F9Qx_rst_clk.c:606:6:RST_CLK_CPU_PLLconfig	8	static
MDR32F9Qx_rst_clk.c:654:6:RST_CLK_CPU_PLLuse	0	static
MDR32F9Qx_rst_clk.c:692:6:RST_CLK_CPU_PLLcmd	0	static
MDR32F9Qx_rst_clk.c:724:13:RST_CLK_CPU_PLLstatus	8	static
MDR32F9Qx_rst_clk.c:753:6:RST_CLK_CPUclkPrescaler	0	static
MDR32F9Qx_rst_clk.c:775:6:RST_CLK_CPUclkSelection	0	static
MDR32F9Qx_rst_clk.c:798:6:RST_CLK_USB_PLLconfig	8	static
MDR32F9Qx_rst_clk.c:849:6:RST_CLK_USB_PLLuse	0	static
MDR32F9Qx_rst_clk.c:888:6:RST_CLK_USB_PLLcmd	0	static
MDR32F9Qx_rst_clk.c:921:13:RST_CLK_USB_PLLstatus	8	static
MDR32F9Qx_rst_clk.c:952:6:RST_CLK_USBclkPrescaler	0	static
MDR32F9Qx_rst_clk.c:989:6:RST_CLK_USBclkEnable	0	static
MDR32F9Qx_rst_clk.c:1026:6:RST_CLK_ADCclkSelection	0	static
MDR32F9Qx_rst_clk.c:1049:6:RST_CLK_ADCclkPrescaler	0	static
MDR32F9Qx_rst_clk.c:1071:6:RST_CLK_ADCclkEnable	0	static
MDR32F9Qx_rst_clk.c:1108:6:RST_CLK_HSIclkPrescaler	0	static
MDR32F9Qx_rst_clk.c:1130:6:RST_CLK_RTC_HSIclkEnable	0	static
MDR32F9Qx_rst_clk.c:1167:6:RST_CLK_HSEclkPrescaler	0	static
MDR32F9Qx_rst_clk.c:1189:6:RST_CLK_RTC_HSEclkEnable	0	static
MDR32F9Qx_rst_clk.c:1226:6:RST_CLK_CPUclkSelectionC1	0	static
MDR32F9Qx_rst_clk.c:1283:6:RST_CLK_PCLKcmd	0	static
MDR32F9Qx_rst_clk.c:1429:6:RST_CLK_GetClocksFreq	16	static
MDR32F9Qx_rst_clk.c:1625:12:RST_CLK_GetFlagStatus	0	static
