core_cm4.h:1676:26:__NVIC_GetPriorityGrouping	4	static
core_cm4.h:1688:22:__NVIC_EnableIRQ	16	static
core_cm4.h:1816:22:__NVIC_SetPriority	16	static
core_cm4.h:1863:26:NVIC_EncodePriority	40	static
stm32f4xx_ll_usart.h:411:22:LL_USART_Enable	16	static
stm32f4xx_ll_usart.h:1480:22:LL_USART_ConfigAsyncMode	16	static
stm32f4xx_ll_bus.h:411:22:LL_AHB1_GRP1_EnableClock	24	static
stm32f4xx_ll_bus.h:1187:22:LL_APB1_GRP1_EnableClock	24	static
stm32f4xx_ll_bus.h:1706:22:LL_APB2_GRP1_EnableClock	24	static
main.c:87:5:main	8	static
main.c:141:6:SystemClock_Config	88	static
main.c:197:6:PeriphCommonClock_Config	56	static
main.c:218:13:MX_ADC1_Init	24	static
main.c:292:13:MX_I2C1_Init	8	static
main.c:338:13:MX_I2S3_Init	8	static
main.c:372:13:MX_IWDG_Init	8	static
main.c:400:13:MX_SAI1_Init	8	static
main.c:465:13:MX_USART1_UART_Init	64	static
main.c:520:13:MX_USART3_UART_Init	64	static
main.c:573:13:MX_DMA_Init	16	static
main.c:598:13:MX_GPIO_Init	64	static
main.c:695:6:Error_Handler	4	static
