CLI_CmdTestFn.c:53:8:searchPIN	32	static
CLI_CmdTestFn.c:61:6:fnSetPIN	24	static
CLI_CmdTestFn.c:83:6:fnGetPIN	24	static
CLI_CmdTestFn.c:102:6:fnSetLED	24	static
CLI_CmdTestFn.c:124:6:fnGetBTN	24	static
CLI_CmdTestFn.c:146:6:fnSetAIC	24	static
CLI_CmdTestFn.c:166:6:fnGetAIC	24	static
CLI_CmdTestFn.c:187:6:fnSetETH	24	static
CLI_CmdTestFn.c:207:6:fnGetETH	24	static
CLI_CmdTestFn.c:225:6:fnTestSRAM	32	static
CLI_CmdTestFn.c:233:6:fnTestEEPROM	16	static
CLI_CmdTestFn.c:238:6:fnTestCODEC	16	static
CLI_CmdTestFn.c:243:6:fnTestPHY	16	static
CLI_CmdTestFn.c:248:6:fnTestLEDOn	16	static
CLI_CmdTestFn.c:263:6:fnTestLEDOff	16	static
CLI_CmdTestFn.c:276:6:fnTestBTNOn	16	static
CLI_CmdTestFn.c:288:6:fnTestBTNOff	16	static
CLI_CmdTestFn.c:301:6:fnStartTestMode	16	static
CLI_CmdTestFn.c:307:6:fnStopTestMode	16	static
CLI_CmdTestFn.c:317:6:fnStartDebugMode	16	static
CLI_CmdTestFn.c:323:6:fnStopDebugMode	16	static
CLI_CmdTestFn.c:329:6:fnStartServiceMode	16	static
CLI_CmdTestFn.c:335:6:fnStopServiceMode	16	static
CLI_CmdTestFn.c:341:6:Test_Init	4	static
CLI_CmdTestFn.c:351:6:Test_Task	16	static
