driver_UI.c:53:8:TLC59116F_Init	32	static
driver_UI.c:65:8:MCP23017_Init	32	static
driver_UI.c:83:9:TLC59116F_makeledval	24	static
driver_UI.c:94:6:TLC59116F_writeled	40	static
driver_UI.c:102:6:MCP23017_readbuttons	32	static
driver_UI.c:141:6:MCP23017_readbuttonsCapture	32	static
driver_UI.c:180:6:ui_setledstate	16	static
driver_UI.c:211:9:ui_getledstate	16	static
driver_UI.c:216:9:ui_getbtnval	16	static
driver_UI.c:221:9:ui_getbtnstate	16	static
driver_UI.c:226:6:ui_resetbtnstate	16	static
driver_UI.c:231:9:ui_getactivebtn	16	static
driver_UI.c:244:6:ui_init	16	static
driver_UI.c:281:6:ui_updateLED	16	static
driver_UI.c:301:6:ui_updateSC4btn	16	static
driver_UI.c:329:6:ui_task	16	static
driver_UI.c:363:6:SC4BTN_EXTI_IRQHandler_Config	32	static
driver_UI.c:385:6:EXTI9_5_IRQHandler	8	static
driver_UI.c:392:6:EXTI15_10_IRQHandler	8	static
