driver_AIC.c:30:6:HAL_TIM_PeriodElapsedCallback	16	static
driver_AIC.c:39:6:HAL_SAI_TxCpltCallback	16	static
driver_AIC.c:47:6:HAL_SAI_TxHalfCpltCallback	16	static
driver_AIC.c:55:6:HAL_SAI_RxCpltCallback	16	static
driver_AIC.c:63:6:HAL_SAI_RxHalfCpltCallback	16	static
driver_AIC.c:71:6:aic_SAIInterruptProcess	4	static
driver_AIC.c:78:6:aic_TimerInterruptProcess	4	static
driver_AIC.c:83:6:aic_set_out	16	static
driver_AIC.c:88:6:aic_set_in	16	static
driver_AIC.c:189:9:TLV320_Read	32	static
driver_AIC.c:194:9:TLV320_ReadPage	40	static
driver_AIC.c:202:9:TLV320_Write	32	static
driver_AIC.c:207:9:TLV320_WritePage	40	static
driver_AIC.c:215:9:TLV320_WriteSq	40	static
driver_AIC.c:225:9:TLV320_Reset	16	static
driver_AIC.c:234:9:aic_setDACOutVolume	16	static
driver_AIC.c:240:9:aic_setADCInVolume	16	static
driver_AIC.c:247:9:aic_setDACMute	16	static
driver_AIC.c:255:9:aic_setADCMute	16	static
driver_AIC.c:263:9:aic_getADCFlags	16	static
driver_AIC.c:268:9:aic_getDACFlags	16	static
driver_AIC.c:274:6:aic_init	8	static
driver_AIC.c:317:6:aic_taskProcess	8	static
