i2c_SW.c:3:6:delay_us	24	static
i2c_SW.c:19:6:PulseSCL	8	static
i2c_SW.c:28:6:I2C_Start	8	static
i2c_SW.c:39:6:I2C_Stop	8	static
i2c_SW.c:50:6:I2C_Init	4	static
i2c_SW.c:64:9:I2C_Put	24	static
i2c_SW.c:87:9:I2C_Get	24	static
i2c_SW.c:119:9:I2C_StartWrite8	16	static
i2c_SW.c:126:7:I2C_StartWrite	16	static
i2c_SW.c:135:9:I2C_StartRead8	16	static
i2c_SW.c:142:7:I2C_StartRead	16	static
i2c_SW.c:150:10:I2C_ReadBytes8	32	static
i2c_SW.c:165:7:I2C_ReadBytes	40	static
i2c_SW.c:179:9:I2C_WriteBytes8	24	static
i2c_SW.c:196:7:I2C_WriteBytes	32	static
i2c_SW.c:211:9:I2C_ReadByte	24	static
i2c_SW.c:223:7:I2C_WriteByte	16	static
i2c_SW.c:233:10:I2C_ReadWord	24	static
i2c_SW.c:246:7:I2C_WriteWord	16	static
