main.c:121:5:main	40	static
main.c:294:6:SystemClock_Config	120	static
main.c:356:6:PeriphCommonClock_Config	200	static
main.c:383:13:MX_ETH_Init	8	static
main.c:432:13:MX_I2C1_Init	8	static
main.c:478:13:MX_I2C2_Init	8	static
main.c:524:13:MX_I2C3_Init	8	static
main.c:572:13:MX_SAI1_Init	8	static
main.c:621:13:MX_TIM3_Init	40	static
main.c:666:13:MX_UART7_Init	8	static
main.c:712:13:MX_DMA_Init	16	static
main.c:729:13:MX_FMC_Init	40	static
main.c:787:13:MX_GPIO_Init	64	static
main.c:875:6:Error_Handler	4	static,ignoring_inline_asm
