stm32h7xx_hal_msp.c:64:6:HAL_MspInit	16	static
stm32h7xx_hal_msp.c:85:6:HAL_ETH_MspInit	64	static
stm32h7xx_hal_msp.c:169:6:HAL_ETH_MspDeInit	16	static
stm32h7xx_hal_msp.c:226:6:HAL_I2C_MspInit	256	static
stm32h7xx_hal_msp.c:348:6:HAL_I2C_MspDeInit	16	static
stm32h7xx_hal_msp.c:421:6:HAL_TIM_Base_MspInit	24	static
stm32h7xx_hal_msp.c:446:6:HAL_TIM_Base_MspDeInit	16	static
stm32h7xx_hal_msp.c:471:6:HAL_UART_MspInit	232	static
stm32h7xx_hal_msp.c:520:6:HAL_UART_MspDeInit	16	static
stm32h7xx_hal_msp.c:547:13:HAL_FMC_MspInit	224	static
stm32h7xx_hal_msp.c:686:6:HAL_SRAM_MspInit	16	static
stm32h7xx_hal_msp.c:698:13:HAL_FMC_MspDeInit	8	static
stm32h7xx_hal_msp.c:795:6:HAL_SRAM_MspDeInit	16	static
stm32h7xx_hal_msp.c:811:6:HAL_SAI_MspInit	48	static
stm32h7xx_hal_msp.c:919:6:HAL_SAI_MspDeInit	16	static
