MDR32F9Qx_timer.c:62:6:TIMER_DeInit	0	static
MDR32F9Qx_timer.c:118:6:TIMER_CntInit	12	static
MDR32F9Qx_timer.c:165:6:TIMER_CntStructInit	0	static
MDR32F9Qx_timer.c:190:6:TIMER_Cmd	0	static
MDR32F9Qx_timer.c:228:6:TIMER_SetCounter	0	static
MDR32F9Qx_timer.c:248:10:TIMER_GetCounter	0	static
MDR32F9Qx_timer.c:267:6:TIMER_SetCntPrescaler	0	static
MDR32F9Qx_timer.c:283:10:TIMER_GetCntPrescaler	0	static
MDR32F9Qx_timer.c:303:6:TIMER_SetCntAutoreload	0	static
MDR32F9Qx_timer.c:325:6:TIMER_CntAutoreloadConfig	0	static
MDR32F9Qx_timer.c:354:10:TIMER_GetCntAutoreload	0	static
MDR32F9Qx_timer.c:372:6:TIMER_CntEventSourceConfig	0	static
MDR32F9Qx_timer.c:396:6:TIMER_FilterSamplingConfig	0	static
MDR32F9Qx_timer.c:420:6:TIMER_CounterModeConfig	0	static
MDR32F9Qx_timer.c:444:6:TIMER_SetCounterDirection	0	static
MDR32F9Qx_timer.c:470:6:TIMER_ETRInputConfig	4	static
MDR32F9Qx_timer.c:496:6:TIMER_ETRFilterConfig	0	static
MDR32F9Qx_timer.c:520:6:TIMER_ETRPrescalerConfig	0	static
MDR32F9Qx_timer.c:544:6:TIMER_ETRPolarityConfig	0	static
MDR32F9Qx_timer.c:568:6:TIMER_BRKPolarityConfig	0	static
MDR32F9Qx_timer.c:591:27:TIMER_GetCounterDirection	0	static
MDR32F9Qx_timer.c:618:12:TIMER_GetCntWriteComplete	0	static
MDR32F9Qx_timer.c:649:6:TIMER_ChnInit	8	static
MDR32F9Qx_timer.c:704:6:TIMER_ChnStructInit	0	static
MDR32F9Qx_timer.c:733:6:TIMER_SetChnCompare	0	static
MDR32F9Qx_timer.c:760:6:TIMER_ChnCompareConfig	8	static
MDR32F9Qx_timer.c:796:10:TIMER_GetChnCapture	0	static
MDR32F9Qx_timer.c:825:6:TIMER_SetChnCompare1	0	static
MDR32F9Qx_timer.c:852:6:TIMER_ChnCompare1Config	8	static
MDR32F9Qx_timer.c:888:10:TIMER_GetChnCapture1	0	static
MDR32F9Qx_timer.c:914:6:TIMER_ChnETR_Cmd	0	static
MDR32F9Qx_timer.c:954:6:TIMER_ChnETRResetConfig	0	static
MDR32F9Qx_timer.c:982:6:TIMER_ChnBRKResetConfig	0	static
MDR32F9Qx_timer.c:1010:6:TIMER_ChnREFFormatConfig	0	static
MDR32F9Qx_timer.c:1038:6:TIMER_ChnCapturePrescalerConfig	0	static
MDR32F9Qx_timer.c:1066:6:TIMER_ChnEventSourceConfig	0	static
MDR32F9Qx_timer.c:1094:6:TIMER_ChnFilterConfig	0	static
MDR32F9Qx_timer.c:1121:12:TIMER_GetChnWriteComplete	0	static
MDR32F9Qx_timer.c:1154:6:TIMER_ChnCCR1_EventSourceConfig	0	static
MDR32F9Qx_timer.c:1182:6:TIMER_ChnCCR1_Cmd	0	static
MDR32F9Qx_timer.c:1224:6:TIMER_ChnOutInit	16	static
MDR32F9Qx_timer.c:1267:6:TIMER_ChnOutStructInit	0	static
MDR32F9Qx_timer.c:1292:6:TIMER_ChnOutConfig	8	static
MDR32F9Qx_timer.c:1325:6:TIMER_ChnOutSourceConfig	0	static
MDR32F9Qx_timer.c:1353:6:TIMER_ChnOutModeConfig	0	static
MDR32F9Qx_timer.c:1381:6:TIMER_ChnOutPolarityConfig	0	static
MDR32F9Qx_timer.c:1411:6:TIMER_ChnNOutConfig	8	static
MDR32F9Qx_timer.c:1443:6:TIMER_ChnNOutSourceConfig	0	static
MDR32F9Qx_timer.c:1471:6:TIMER_ChnNOutModeConfig	0	static
MDR32F9Qx_timer.c:1499:6:TIMER_ChnNOutPolarityConfig	0	static
MDR32F9Qx_timer.c:1531:6:TIMER_ChnOutDTGConfig	4	static
MDR32F9Qx_timer.c:1557:10:TIMER_GetStatus	0	static
MDR32F9Qx_timer.c:1574:12:TIMER_GetFlagStatus	0	static
MDR32F9Qx_timer.c:1604:6:TIMER_ClearFlag	0	static
MDR32F9Qx_timer.c:1629:6:TIMER_DMACmd	0	static
MDR32F9Qx_timer.c:1696:6:TIMER_ITConfig	0	static
MDR32F9Qx_timer.c:1732:10:TIMER_GetITStatus	0	static
MDR32F9Qx_timer.c:1766:6:TIMER_BRGInit	0	static
