<html>
<body>
<pre>
<h1>µVision Build Log</h1>
<h2>Tool Versions:</h2>
IDE-Version: µVision V5.24.2.86
Copyright (C) 2017 ARM Ltd and ARM Germany GmbH. All rights reserved.
License Information: Furkan Hasan SAKACI, Sakarya University, LIC=GE730-BEER6-XAXDC-7WV6H-75GIN-YFTA0
 
Tool Versions:
Toolchain:       MDK-ARM Professional  Version: 5.24.1
Toolchain Path:  C:\Keil_v5\ARM\ARMCC\Bin
C Compiler:      Armcc.exe V5.06 update 5 (build 528)
Assembler:       Armasm.exe V5.06 update 5 (build 528)
Linker/Locator:  ArmLink.exe V5.06 update 5 (build 528)
Library Manager: ArmAr.exe V5.06 update 5 (build 528)
Hex Converter:   FromElf.exe V5.06 update 5 (build 528)
CPU DLL:         SARMCM3.DLL V5.24.1
Dialog DLL:      DCM.DLL V1.16.0.0
Target DLL:      STLink\ST-LINKIII-KEIL_SWO.dll V3.0.1.0
Dialog DLL:      TCM.DLL V1.32.0.0
 
<h2>Project:</h2>
C:\Users\SAKACI\Desktop\STM32Cube_FW_H7_V1.3.0\Projects\STM32H743ZI-Nucleo\Applications\LwIP\LwIP_HTTP_Server_Netconn_RTOS\MDK-ARM\Project.uvprojx
Project File Date:  08/11/2018

<h2>Output:</h2>
*** Using Compiler 'V5.06 update 5 (build 528)', folder: 'C:\Keil_v5\ARM\ARMCC\Bin'
Build target 'STM32H743ZI-Nucleo'
compiling tinydhcpserver.c...
..\..\..\..\..\..\Middlewares\Third_Party\LwIP\src\core\tinydhcpserver.c(157): warning:  #231-D: declaration is not visible outside of function
  static void lwip_dhcp_server_fn(void *arg, struct udp_pcb * dhcp_pcb_recv, struct pbuf * pbuf_in, struct ip_addr * client_addr, uint16_t port)
..\..\..\..\..\..\Middlewares\Third_Party\LwIP\src\core\tinydhcpserver.c(203): warning:  #546-D: transfer of control bypasses initialization of:
            variable "flags"  (declared at line 312)
      switch (val) {
      ^
..\..\..\..\..\..\Middlewares\Third_Party\LwIP\src\core\tinydhcpserver.c(160): warning:  #550-D: variable "dhcp_data_in_size"  was set but never used
      uint32_t dhcp_data_in_size = 0;
..\..\..\..\..\..\Middlewares\Third_Party\LwIP\src\core\tinydhcpserver.c(161): warning:  #550-D: variable "dhcp_data_out_size"  was set but never used
      uint32_t dhcp_data_out_size = 0;
..\..\..\..\..\..\Middlewares\Third_Party\LwIP\src\core\tinydhcpserver.c(594): warning:  #167-D: argument of type "void (*)(void *, struct udp_pcb *, struct pbuf *, struct ip_addr *, uint16_t)" is incompatible with parameter of type "udp_recv_fn"
  		udp_recv(dhcp_pcb, lwip_dhcp_server_fn, 0);
..\..\..\..\..\..\Middlewares\Third_Party\LwIP\src\core\tinydhcpserver.c: 5 warnings, 0 errors
linking...
Program Size: Code=46940 RO-data=68620 RW-data=6736 ZI-data=33352  
"STM32H743ZI-Nucleo\STM32H743ZI-Nucleo.axf" - 0 Error(s), 5 Warning(s).

<h2>Software Packages used:</h2>

Package Vendor: ARM
                http://www.keil.com/pack/ARM.CMSIS.5.0.1.pack
                ARM.CMSIS.5.0.1
                CMSIS (Cortex Microcontroller Software Interface Standard)
   * Component: CORE Version: 5.0.1

Package Vendor: Keil
                http://www.keil.com/pack/Keil.STM32H7xx_DFP.2.1.0.pack
                Keil.STM32H7xx_DFP.2.1.0
                STMicroelectronics STM32H7 Series Device Support and Examples

<h2>Collection of Component include folders:</h2>
  .\RTE\_STM32H743ZI-Nucleo
  C:\Keil_v5\ARM\PACK\ARM\CMSIS\5.0.1\CMSIS\Include
  C:\Keil_v5\ARM\PACK\Keil\STM32H7xx_DFP\2.1.0\Drivers\CMSIS\Device\ST\STM32H7xx\Include

<h2>Collection of Component Files used:</h2>

   * Component: ARM::CMSIS:CORE:5.0.1
Build Time Elapsed:  00:00:01
</pre>
</body>
</html>
