Archive member included to satisfy reference by file (symbol)

/opt/st/stm32cubeide_1.8.0/plugins/com.st.stm32cube.ide.mcu.externaltools.gnu-tools-for-stm32.9-2020-q2-update.linux64_2.0.0.202105311346/tools/bin/../lib/gcc/arm-none-eabi/9.3.1/../../../../arm-none-eabi/lib/thumb/v7e-m+dp/hard/libc_nano.a(lib_a-atoi.o)
                              ./Middlewares/LwIP/Core/netif.o (atoi)
/opt/st/stm32cubeide_1.8.0/plugins/com.st.stm32cube.ide.mcu.externaltools.gnu-tools-for-stm32.9-2020-q2-update.linux64_2.0.0.202105311346/tools/bin/../lib/gcc/arm-none-eabi/9.3.1/../../../../arm-none-eabi/lib/thumb/v7e-m+dp/hard/libc_nano.a(lib_a-ctype_.o)
                              ./Middlewares/LwIP/Core/IPv4/ip4_addr.o (_ctype_)
/opt/st/stm32cubeide_1.8.0/plugins/com.st.stm32cube.ide.mcu.externaltools.gnu-tools-for-stm32.9-2020-q2-update.linux64_2.0.0.202105311346/tools/bin/../lib/gcc/arm-none-eabi/9.3.1/../../../../arm-none-eabi/lib/thumb/v7e-m+dp/hard/libc_nano.a(lib_a-errno.o)
                              ./Application/User/syscalls.o (__errno)
/opt/st/stm32cubeide_1.8.0/plugins/com.st.stm32cube.ide.mcu.externaltools.gnu-tools-for-stm32.9-2020-q2-update.linux64_2.0.0.202105311346/tools/bin/../lib/gcc/arm-none-eabi/9.3.1/../../../../arm-none-eabi/lib/thumb/v7e-m+dp/hard/libc_nano.a(lib_a-exit.o)
                              /opt/st/stm32cubeide_1.8.0/plugins/com.st.stm32cube.ide.mcu.externaltools.gnu-tools-for-stm32.9-2020-q2-update.linux64_2.0.0.202105311346/tools/bin/../lib/gcc/arm-none-eabi/9.3.1/../../../../arm-none-eabi/lib/thumb/v7e-m+dp/hard/crt0.o (exit)
/opt/st/stm32cubeide_1.8.0/plugins/com.st.stm32cube.ide.mcu.externaltools.gnu-tools-for-stm32.9-2020-q2-update.linux64_2.0.0.202105311346/tools/bin/../lib/gcc/arm-none-eabi/9.3.1/../../../../arm-none-eabi/lib/thumb/v7e-m+dp/hard/libc_nano.a(lib_a-impure.o)
                              /opt/st/stm32cubeide_1.8.0/plugins/com.st.stm32cube.ide.mcu.externaltools.gnu-tools-for-stm32.9-2020-q2-update.linux64_2.0.0.202105311346/tools/bin/../lib/gcc/arm-none-eabi/9.3.1/../../../../arm-none-eabi/lib/thumb/v7e-m+dp/hard/libc_nano.a(lib_a-exit.o) (_global_impure_ptr)
/opt/st/stm32cubeide_1.8.0/plugins/com.st.stm32cube.ide.mcu.externaltools.gnu-tools-for-stm32.9-2020-q2-update.linux64_2.0.0.202105311346/tools/bin/../lib/gcc/arm-none-eabi/9.3.1/../../../../arm-none-eabi/lib/thumb/v7e-m+dp/hard/libc_nano.a(lib_a-init.o)
                              /opt/st/stm32cubeide_1.8.0/plugins/com.st.stm32cube.ide.mcu.externaltools.gnu-tools-for-stm32.9-2020-q2-update.linux64_2.0.0.202105311346/tools/bin/../lib/gcc/arm-none-eabi/9.3.1/../../../../arm-none-eabi/lib/thumb/v7e-m+dp/hard/crt0.o (__libc_init_array)
/opt/st/stm32cubeide_1.8.0/plugins/com.st.stm32cube.ide.mcu.externaltools.gnu-tools-for-stm32.9-2020-q2-update.linux64_2.0.0.202105311346/tools/bin/../lib/gcc/arm-none-eabi/9.3.1/../../../../arm-none-eabi/lib/thumb/v7e-m+dp/hard/libc_nano.a(lib_a-memcmp.o)
                              ./Middlewares/LwIP/Netif/ethernet.o (memcmp)
/opt/st/stm32cubeide_1.8.0/plugins/com.st.stm32cube.ide.mcu.externaltools.gnu-tools-for-stm32.9-2020-q2-update.linux64_2.0.0.202105311346/tools/bin/../lib/gcc/arm-none-eabi/9.3.1/../../../../arm-none-eabi/lib/thumb/v7e-m+dp/hard/libc_nano.a(lib_a-memcpy-stub.o)
                              ./Middlewares/FreeRTOS/queue.o (memcpy)
/opt/st/stm32cubeide_1.8.0/plugins/com.st.stm32cube.ide.mcu.externaltools.gnu-tools-for-stm32.9-2020-q2-update.linux64_2.0.0.202105311346/tools/bin/../lib/gcc/arm-none-eabi/9.3.1/../../../../arm-none-eabi/lib/thumb/v7e-m+dp/hard/libc_nano.a(lib_a-memmove.o)
                              ./Middlewares/LwIP/Core/def.o (memmove)
/opt/st/stm32cubeide_1.8.0/plugins/com.st.stm32cube.ide.mcu.externaltools.gnu-tools-for-stm32.9-2020-q2-update.linux64_2.0.0.202105311346/tools/bin/../lib/gcc/arm-none-eabi/9.3.1/../../../../arm-none-eabi/lib/thumb/v7e-m+dp/hard/libc_nano.a(lib_a-memset.o)
                              /opt/st/stm32cubeide_1.8.0/plugins/com.st.stm32cube.ide.mcu.externaltools.gnu-tools-for-stm32.9-2020-q2-update.linux64_2.0.0.202105311346/tools/bin/../lib/gcc/arm-none-eabi/9.3.1/../../../../arm-none-eabi/lib/thumb/v7e-m+dp/hard/crt0.o (memset)
/opt/st/stm32cubeide_1.8.0/plugins/com.st.stm32cube.ide.mcu.externaltools.gnu-tools-for-stm32.9-2020-q2-update.linux64_2.0.0.202105311346/tools/bin/../lib/gcc/arm-none-eabi/9.3.1/../../../../arm-none-eabi/lib/thumb/v7e-m+dp/hard/libc_nano.a(lib_a-printf.o)
                              ./Application/User/app_ethernet.o (printf)
/opt/st/stm32cubeide_1.8.0/plugins/com.st.stm32cube.ide.mcu.externaltools.gnu-tools-for-stm32.9-2020-q2-update.linux64_2.0.0.202105311346/tools/bin/../lib/gcc/arm-none-eabi/9.3.1/../../../../arm-none-eabi/lib/thumb/v7e-m+dp/hard/libc_nano.a(lib_a-puts.o)
                              ./Application/User/app_ethernet.o (puts)
[...]
Memory Configuration

Name             Origin             Length             Attributes
ITCMRAM          0x0000000000000000 0x0000000000010000 xrw
RAM              0x0000000020000000 0x0000000000020000 xrw
RAM_D2           0x0000000030000000 0x0000000000048000 xrw
ROM              0x0000000008000000 0x0000000000100000 xr
*default*        0x0000000000000000 0xffffffffffffffff

Linker script and memory map

LOAD /opt/st/stm32cubeide_1.8.0/plugins/com.st.stm32cube.ide.mcu.externaltools.gnu-tools-for-stm32.9-2020-q2-update.linux64_2.0.0.202105311346/tools/bin/../lib/gcc/arm-none-eabi/9.3.1/thumb/v7e-m+dp/hard/crti.o
LOAD /opt/st/stm32cubeide_1.8.0/plugins/com.st.stm32cube.ide.mcu.externaltools.gnu-tools-for-stm32.9-2020-q2-update.linux64_2.0.0.202105311346/tools/bin/../lib/gcc/arm-none-eabi/9.3.1/thumb/v7e-m+dp/hard/crtbegin.o
LOAD /opt/st/stm32cubeide_1.8.0/plugins/com.st.stm32cube.ide.mcu.externaltools.gnu-tools-for-stm32.9-2020-q2-update.linux64_2.0.0.202105311346/tools/bin/../lib/gcc/arm-none-eabi/9.3.1/../../../../arm-none-eabi/lib/thumb/v7e-m+dp/hard/crt0.o
LOAD ./Application/Startup/startup_stm32h735igkx.o
LOAD ./Application/User/app_ethernet.o
LOAD ./Application/User/ethernetif.o
LOAD ./Application/User/httpserver_netconn.o
LOAD ./Application/User/main.o
LOAD ./Application/User/stm32h7xx_hal_timebase_tim.o
LOAD ./Application/User/stm32h7xx_it.o
LOAD ./Application/User/syscalls.o
LOAD ./Application/User/sysmem.o
LOAD ./Drivers/BSP/Components/FT5336/ft5336.o
LOAD ./Drivers/BSP/Components/FT5336/ft5336_reg.o
LOAD ./Drivers/BSP/Components/LAN8742/lan8742.o
LOAD ./Drivers/BSP/Components/MX25LM51245G/mx25lm51245g.o
LOAD ./Drivers/BSP/Components/S70KL1281/s70kl1281.o
LOAD ./Drivers/BSP/STM32H735G-DK/stm32h735g_discovery.o
LOAD ./Drivers/BSP/STM32H735G-DK/stm32h735g_discovery_bus.o
LOAD ./Drivers/BSP/STM32H735G-DK/stm32h735g_discovery_lcd.o
LOAD ./Drivers/BSP/STM32H735G-DK/stm32h735g_discovery_ospi.o
LOAD ./Drivers/CMSIS/system_stm32h7xx.o
LOAD ./Drivers/STM32H7xx_HAL_Driver/stm32h7xx_hal.o
LOAD ./Drivers/STM32H7xx_HAL_Driver/stm32h7xx_hal_adc.o
LOAD ./Drivers/STM32H7xx_HAL_Driver/stm32h7xx_hal_adc_ex.o
LOAD ./Drivers/STM32H7xx_HAL_Driver/stm32h7xx_hal_cortex.o
LOAD ./Drivers/STM32H7xx_HAL_Driver/stm32h7xx_hal_dma.o
LOAD ./Drivers/STM32H7xx_HAL_Driver/stm32h7xx_hal_dma2d.o
LOAD ./Drivers/STM32H7xx_HAL_Driver/stm32h7xx_hal_dma_ex.o
LOAD ./Drivers/STM32H7xx_HAL_Driver/stm32h7xx_hal_eth.o
LOAD ./Drivers/STM32H7xx_HAL_Driver/stm32h7xx_hal_eth_ex.o
LOAD ./Drivers/STM32H7xx_HAL_Driver/stm32h7xx_hal_exti.o
LOAD ./Drivers/STM32H7xx_HAL_Driver/stm32h7xx_hal_flash.o
LOAD ./Drivers/STM32H7xx_HAL_Driver/stm32h7xx_hal_flash_ex.o
LOAD ./Drivers/STM32H7xx_HAL_Driver/stm32h7xx_hal_gpio.o
LOAD ./Drivers/STM32H7xx_HAL_Driver/stm32h7xx_hal_i2c.o
LOAD ./Drivers/STM32H7xx_HAL_Driver/stm32h7xx_hal_i2c_ex.o
LOAD ./Drivers/STM32H7xx_HAL_Driver/stm32h7xx_hal_ltdc.o
LOAD ./Drivers/STM32H7xx_HAL_Driver/stm32h7xx_hal_ltdc_ex.o
LOAD ./Drivers/STM32H7xx_HAL_Driver/stm32h7xx_hal_mdma.o
LOAD ./Drivers/STM32H7xx_HAL_Driver/stm32h7xx_hal_ospi.o
LOAD ./Drivers/STM32H7xx_HAL_Driver/stm32h7xx_hal_pwr.o
LOAD ./Drivers/STM32H7xx_HAL_Driver/stm32h7xx_hal_pwr_ex.o
LOAD ./Drivers/STM32H7xx_HAL_Driver/stm32h7xx_hal_rcc.o
LOAD ./Drivers/STM32H7xx_HAL_Driver/stm32h7xx_hal_rcc_ex.o
LOAD ./Drivers/STM32H7xx_HAL_Driver/stm32h7xx_hal_tim.o
LOAD ./Drivers/STM32H7xx_HAL_Driver/stm32h7xx_hal_tim_ex.o
LOAD ./Drivers/STM32H7xx_HAL_Driver/stm32h7xx_hal_uart.o
LOAD ./Drivers/STM32H7xx_HAL_Driver/stm32h7xx_hal_uart_ex.o
LOAD ./Middlewares/FreeRTOS/croutine.o
LOAD ./Middlewares/FreeRTOS/list.o
LOAD ./Middlewares/FreeRTOS/queue.o
LOAD ./Middlewares/FreeRTOS/tasks.o
LOAD ./Middlewares/FreeRTOS/timers.o
LOAD ./Middlewares/FreeRTOS/portable/cmsis_os2.o
LOAD ./Middlewares/FreeRTOS/portable/heap_4.o
LOAD ./Middlewares/FreeRTOS/portable/port.o
LOAD ./Middlewares/LwIP/Api/api_lib.o
LOAD ./Middlewares/LwIP/Api/api_msg.o
LOAD ./Middlewares/LwIP/Api/err.o
LOAD ./Middlewares/LwIP/Api/netbuf.o
LOAD ./Middlewares/LwIP/Api/netdb.o
LOAD ./Middlewares/LwIP/Api/netifapi.o
LOAD ./Middlewares/LwIP/Api/sockets.o
LOAD ./Middlewares/LwIP/Api/tcpip.o
LOAD ./Middlewares/LwIP/Core/IPv4/autoip.o
LOAD ./Middlewares/LwIP/Core/IPv4/dhcp.o
LOAD ./Middlewares/LwIP/Core/IPv4/etharp.o
LOAD ./Middlewares/LwIP/Core/IPv4/icmp.o
LOAD ./Middlewares/LwIP/Core/IPv4/igmp.o
LOAD ./Middlewares/LwIP/Core/IPv4/ip4.o
LOAD ./Middlewares/LwIP/Core/IPv4/ip4_addr.o
LOAD ./Middlewares/LwIP/Core/IPv4/ip4_frag.o
LOAD ./Middlewares/LwIP/Core/def.o
LOAD ./Middlewares/LwIP/Core/dns.o
LOAD ./Middlewares/LwIP/Core/inet_chksum.o
LOAD ./Middlewares/LwIP/Core/init.o
LOAD ./Middlewares/LwIP/Core/ip.o
LOAD ./Middlewares/LwIP/Core/mem.o
LOAD ./Middlewares/LwIP/Core/memp.o
LOAD ./Middlewares/LwIP/Core/netif.o
LOAD ./Middlewares/LwIP/Core/pbuf.o
LOAD ./Middlewares/LwIP/Core/raw.o
LOAD ./Middlewares/LwIP/Core/stats.o
LOAD ./Middlewares/LwIP/Core/sys.o
LOAD ./Middlewares/LwIP/Core/tcp.o
LOAD ./Middlewares/LwIP/Core/tcp_in.o
LOAD ./Middlewares/LwIP/Core/tcp_out.o
LOAD ./Middlewares/LwIP/Core/timeouts.o
LOAD ./Middlewares/LwIP/Core/udp.o
LOAD ./Middlewares/LwIP/Netif/ethernet.o
LOAD ./Middlewares/LwIP/Netif/sys_arch.o
LOAD ./Middlewares/LwIP/apps/http/fs.o
LOAD ./Utilities/lcd_trace.o
LOAD ./Utilities/stm32_lcd.o
START GROUP
LOAD /opt/st/stm32cubeide_1.8.0/plugins/com.st.stm32cube.ide.mcu.externaltools.gnu-tools-for-stm32.9-2020-q2-update.linux64_2.0.0.202105311346/tools/bin/../lib/gcc/arm-none-eabi/9.3.1/../../../../arm-none-eabi/lib/thumb/v7e-m+dp/hard/libc_nano.a
LOAD /opt/st/stm32cubeide_1.8.0/plugins/com.st.stm32cube.ide.mcu.externaltools.gnu-tools-for-stm32.9-2020-q2-update.linux64_2.0.0.202105311346/tools/bin/../lib/gcc/arm-none-eabi/9.3.1/../../../../arm-none-eabi/lib/thumb/v7e-m+dp/hard/libm.a
END GROUP
START GROUP
LOAD /opt/st/stm32cubeide_1.8.0/plugins/com.st.stm32cube.ide.mcu.externaltools.gnu-tools-for-stm32.9-2020-q2-update.linux64_2.0.0.202105311346/tools/bin/../lib/gcc/arm-none-eabi/9.3.1/thumb/v7e-m+dp/hard/libgcc.a
LOAD /opt/st/stm32cubeide_1.8.0/plugins/com.st.stm32cube.ide.mcu.externaltools.gnu-tools-for-stm32.9-2020-q2-update.linux64_2.0.0.202105311346/tools/bin/../lib/gcc/arm-none-eabi/9.3.1/../../../../arm-none-eabi/lib/thumb/v7e-m+dp/hard/libc_nano.a
END GROUP
START GROUP
LOAD /opt/st/stm32cubeide_1.8.0/plugins/com.st.stm32cube.ide.mcu.externaltools.gnu-tools-for-stm32.9-2020-q2-update.linux64_2.0.0.202105311346/tools/bin/../lib/gcc/arm-none-eabi/9.3.1/thumb/v7e-m+dp/hard/libgcc.a
LOAD /opt/st/stm32cubeide_1.8.0/plugins/com.st.stm32cube.ide.mcu.externaltools.gnu-tools-for-stm32.9-2020-q2-update.linux64_2.0.0.202105311346/tools/bin/../lib/gcc/arm-none-eabi/9.3.1/../../../../arm-none-eabi/lib/thumb/v7e-m+dp/hard/libc_nano.a
LOAD /opt/st/stm32cubeide_1.8.0/plugins/com.st.stm32cube.ide.mcu.externaltools.gnu-tools-for-stm32.9-2020-q2-update.linux64_2.0.0.202105311346/tools/bin/../lib/gcc/arm-none-eabi/9.3.1/../../../../arm-none-eabi/lib/thumb/v7e-m+dp/hard/libnosys.a
END GROUP
START GROUP
LOAD /opt/st/stm32cubeide_1.8.0/plugins/com.st.stm32cube.ide.mcu.externaltools.gnu-tools-for-stm32.9-2020-q2-update.linux64_2.0.0.202105311346/tools/bin/../lib/gcc/arm-none-eabi/9.3.1/thumb/v7e-m+dp/hard/libgcc.a
LOAD /opt/st/stm32cubeide_1.8.0/plugins/com.st.stm32cube.ide.mcu.externaltools.gnu-tools-for-stm32.9-2020-q2-update.linux64_2.0.0.202105311346/tools/bin/../lib/gcc/arm-none-eabi/9.3.1/../../../../arm-none-eabi/lib/thumb/v7e-m+dp/hard/libc_nano.a
LOAD /opt/st/stm32cubeide_1.8.0/plugins/com.st.stm32cube.ide.mcu.externaltools.gnu-tools-for-stm32.9-2020-q2-update.linux64_2.0.0.202105311346/tools/bin/../lib/gcc/arm-none-eabi/9.3.1/../../../../arm-none-eabi/lib/thumb/v7e-m+dp/hard/libnosys.a
END GROUP
LOAD /opt/st/stm32cubeide_1.8.0/plugins/com.st.stm32cube.ide.mcu.externaltools.gnu-tools-for-stm32.9-2020-q2-update.linux64_2.0.0.202105311346/tools/bin/../lib/gcc/arm-none-eabi/9.3.1/thumb/v7e-m+dp/hard/crtend.o
LOAD /opt/st/stm32cubeide_1.8.0/plugins/com.st.stm32cube.ide.mcu.externaltools.gnu-tools-for-stm32.9-2020-q2-update.linux64_2.0.0.202105311346/tools/bin/../lib/gcc/arm-none-eabi/9.3.1/thumb/v7e-m+dp/hard/crtn.o
                0x0000000020020000                _estack = (ORIGIN (RAM) + LENGTH (RAM))
                0x0000000000001000                _Min_Heap_Size = 0x1000
                0x0000000000001000                _Min_Stack_Size = 0x1000

.isr_vector     0x0000000008000000      0x2cc
                0x0000000008000000                . = ALIGN (0x4)
 *(.isr_vector)
 .isr_vector    0x0000000008000000      0x2cc ./Application/Startup/startup_stm32h735igkx.o
                0x0000000008000000                g_pfnVectors
                0x00000000080002cc                . = ALIGN (0x4)

.text           0x00000000080002d0    0x132a0
                0x00000000080002d0                . = ALIGN (0x4)
 *(.text)
 .text          0x00000000080002d0       0x40 /opt/st/stm32cubeide_1.8.0/plugins/com.st.stm32cube.ide.mcu.externaltools.gnu-tools-for-stm32.9-2020-q2-update.linux64_2.0.0.202105311346/tools/bin/../lib/gcc/arm-none-eabi/9.3.1/thumb/v7e-m+dp/hard/crtbegin.o
 .text          0x0000000008000310       0x14 /opt/st/stm32cubeide_1.8.0/plugins/com.st.stm32cube.ide.mcu.externaltools.gnu-tools-for-stm32.9-2020-q2-update.linux64_2.0.0.202105311346/tools/bin/../lib/gcc/arm-none-eabi/9.3.1/../../../../arm-none-eabi/lib/thumb/v7e-m+dp/hard/libc_nano.a(lib_a-strcmp.o)
                0x0000000008000310                strcmp
 .text          0x0000000008000324       0x10 /opt/st/stm32cubeide_1.8.0/plugins/com.st.stm32cube.ide.mcu.externaltools.gnu-tools-for-stm32.9-2020-q2-update.linux64_2.0.0.202105311346/tools/bin/../lib/gcc/arm-none-eabi/9.3.1/../../../../arm-none-eabi/lib/thumb/v7e-m+dp/hard/libc_nano.a(lib_a-strlen.o)
                0x0000000008000324                strlen
 *fill*         0x0000000008000334        0xc 
 .text          0x0000000008000340       0xa0 /opt/st/stm32cubeide_1.8.0/plugins/com.st.stm32cube.ide.mcu.externaltools.gnu-tools-for-stm32.9-2020-q2-update.linux64_2.0.0.202105311346/tools/bin/../lib/gcc/arm-none-eabi/9.3.1/../../../../arm-none-eabi/lib/thumb/v7e-m+dp/hard/libc_nano.a(lib_a-memchr.o)
                0x0000000008000340                memchr
 *(.text*)
 .text.Reset_Handler
                0x00000000080003e0       0x50 ./Application/Startup/startup_stm32h735igkx.o
                0x00000000080003e0                Reset_Handler
 .text.Default_Handler
                0x0000000008000430        0x2 ./Application/Startup/startup_stm32h735igkx.o
                0x0000000008000430                RTC_Alarm_IRQHandler
                0x0000000008000430                HASH_RNG_IRQHandler
                0x0000000008000430                EXTI2_IRQHandler
                0x0000000008000430                TIM8_CC_IRQHandler
                0x0000000008000430                UART8_IRQHandler
                0x0000000008000430                SPI4_IRQHandler
                0x0000000008000430                FDCAN3_IT0_IRQHandler
                0x0000000008000430                TIM1_CC_IRQHandler
                0x0000000008000430                BDMA_Channel6_IRQHandler
                0x0000000008000430                DMA2_Stream5_IRQHandler
                0x0000000008000430                DMA1_Stream5_IRQHandler
                0x0000000008000430                CORDIC_IRQHandler
                0x0000000008000430                BDMA_Channel1_IRQHandler
                0x0000000008000430                TAMP_STAMP_IRQHandler
                0x0000000008000430                EXTI3_IRQHandler
                0x0000000008000430                LPTIM4_IRQHandler
                0x0000000008000430                TIM8_TRG_COM_TIM14_IRQHandler
                0x0000000008000430                LPTIM2_IRQHandler
                0x0000000008000430                DFSDM1_FLT1_IRQHandler
                0x0000000008000430                DMAMUX2_OVR_IRQHandler
                0x0000000008000430                TIM8_UP_TIM13_IRQHandler
                0x0000000008000430                I2C3_ER_IRQHandler
                0x0000000008000430                DFSDM1_FLT2_IRQHandler
                0x0000000008000430                I2C5_EV_IRQHandler
                0x0000000008000430                USART10_IRQHandler
                0x0000000008000430                MDMA_IRQHandler
                0x0000000008000430                LPTIM3_IRQHandler
                0x0000000008000430                HSEM1_IRQHandler
                0x0000000008000430                EXTI0_IRQHandler
                0x0000000008000430                I2C2_EV_IRQHandler
                0x0000000008000430                DMA1_Stream2_IRQHandler
                0x0000000008000430                FPU_IRQHandler
                0x0000000008000430                OTG_HS_WKUP_IRQHandler
                0x0000000008000430                FDCAN1_IT1_IRQHandler
                0x0000000008000430                LTDC_ER_IRQHandler
                0x0000000008000430                DMA2_Stream2_IRQHandler
                0x0000000008000430                SPI1_IRQHandler
                0x0000000008000430                OCTOSPI1_IRQHandler
                0x0000000008000430                DMA2_Stream3_IRQHandler
                0x0000000008000430                OCTOSPI2_IRQHandler
                0x0000000008000430                DFSDM1_FLT3_IRQHandler
                0x0000000008000430                TIM23_IRQHandler
                0x0000000008000430                USART6_IRQHandler
                0x0000000008000430                TIM17_IRQHandler
                0x0000000008000430                USART3_IRQHandler
                0x0000000008000430                BDMA_Channel7_IRQHandler
                0x0000000008000430                CRYP_IRQHandler
                0x0000000008000430                LPTIM5_IRQHandler
                0x0000000008000430                UART5_IRQHandler
                0x0000000008000430                ADC3_IRQHandler
                0x0000000008000430                DMA2_Stream0_IRQHandler
                0x0000000008000430                TIM4_IRQHandler
                0x0000000008000430                BDMA_Channel2_IRQHandler
                0x0000000008000430                I2C1_EV_IRQHandler
                0x0000000008000430                DMA1_Stream6_IRQHandler
                0x0000000008000430                DMAMUX1_OVR_IRQHandler
                0x0000000008000430                DMA1_Stream1_IRQHandler
                0x0000000008000430                TIM16_IRQHandler
                0x0000000008000430                UART4_IRQHandler
                0x0000000008000430                BDMA_Channel5_IRQHandler
                0x0000000008000430                TIM3_IRQHandler
                0x0000000008000430                RCC_IRQHandler
                0x0000000008000430                UART9_IRQHandler
                0x0000000008000430                TIM8_BRK_TIM12_IRQHandler
                0x0000000008000430                TIM1_TRG_COM_IRQHandler
                0x0000000008000430                Default_Handler
                0x0000000008000430                ECC_IRQHandler
                0x0000000008000430                FMAC_IRQHandler
                0x0000000008000430                CEC_IRQHandler
                0x0000000008000430                EXTI15_10_IRQHandler
                0x0000000008000430                BDMA_Channel0_IRQHandler
                0x0000000008000430                ADC_IRQHandler
                0x0000000008000430                I2C5_ER_IRQHandler
                0x0000000008000430                OTFDEC1_IRQHandler
                0x0000000008000430                DMA1_Stream7_IRQHandler
                0x0000000008000430                SPI5_IRQHandler
                0x0000000008000430                TIM7_IRQHandler
                0x0000000008000430                FDCAN3_IT1_IRQHandler
                0x0000000008000430                SDMMC1_IRQHandler
                0x0000000008000430                TIM5_IRQHandler
                0x0000000008000430                DMA2_Stream7_IRQHandler
                0x0000000008000430                TIM15_IRQHandler
                0x0000000008000430                PVD_AVD_IRQHandler
                0x0000000008000430                I2C3_EV_IRQHandler
                0x0000000008000430                EXTI9_5_IRQHandler
                0x0000000008000430                RTC_WKUP_IRQHandler
                0x0000000008000430                LTDC_IRQHandler
                0x0000000008000430                ETH_WKUP_IRQHandler
                0x0000000008000430                SPDIF_RX_IRQHandler
                0x0000000008000430                SPI2_IRQHandler
                0x0000000008000430                OTG_HS_EP1_IN_IRQHandler
                0x0000000008000430                DMA1_Stream0_IRQHandler
                0x0000000008000430                OTFDEC2_IRQHandler
                0x0000000008000430                TIM24_IRQHandler
                0x0000000008000430                CRS_IRQHandler
                0x0000000008000430                EXTI4_IRQHandler
                0x0000000008000430                FDCAN2_IT1_IRQHandler
                0x0000000008000430                TIM1_UP_IRQHandler
                0x0000000008000430                BDMA_Channel4_IRQHandler
                0x0000000008000430                OTG_HS_EP1_OUT_IRQHandler
                0x0000000008000430                WWDG_IRQHandler
                0x0000000008000430                SPI6_IRQHandler
                0x0000000008000430                MDIOS_IRQHandler
                0x0000000008000430                I2C4_EV_IRQHandler
                0x0000000008000430                FDCAN2_IT0_IRQHandler
                0x0000000008000430                LPUART1_IRQHandler
                0x0000000008000430                FDCAN1_IT0_IRQHandler
                0x0000000008000430                TIM2_IRQHandler
                0x0000000008000430                OTG_HS_IRQHandler
                0x0000000008000430                DMA2D_IRQHandler
                0x0000000008000430                TIM1_BRK_IRQHandler
                0x0000000008000430                EXTI1_IRQHandler
                0x0000000008000430                SDMMC2_IRQHandler
                0x0000000008000430                BDMA_Channel3_IRQHandler
                0x0000000008000430                DTS_IRQHandler
                0x0000000008000430                UART7_IRQHandler
                0x0000000008000430                MDIOS_WKUP_IRQHandler
                0x0000000008000430                USART2_IRQHandler
                0x0000000008000430                DFSDM1_FLT0_IRQHandler
                0x0000000008000430                SAI4_IRQHandler
                0x0000000008000430                I2C2_ER_IRQHandler
                0x0000000008000430                DMA2_Stream1_IRQHandler
                0x0000000008000430                FLASH_IRQHandler
                0x0000000008000430                DMA2_Stream4_IRQHandler
                0x0000000008000430                USART1_IRQHandler
                0x0000000008000430                SPI3_IRQHandler
                0x0000000008000430                WAKEUP_PIN_IRQHandler
                0x0000000008000430                DMA1_Stream4_IRQHandler
                0x0000000008000430                I2C1_ER_IRQHandler
                0x0000000008000430                FMC_IRQHandler
                0x0000000008000430                FDCAN_CAL_IRQHandler
                0x0000000008000430                SWPMI1_IRQHandler
                0x0000000008000430                COMP1_IRQHandler
                0x0000000008000430                LPTIM1_IRQHandler
                0x0000000008000430                DCMI_PSSI_IRQHandler
                0x0000000008000430                I2C4_ER_IRQHandler
                0x0000000008000430                DMA2_Stream6_IRQHandler
                0x0000000008000430                SAI1_IRQHandler
                0x0000000008000430                DMA1_Stream3_IRQHandler
 *fill*         0x0000000008000432        0x2 
 .text.ethernet_link_status_updated
                0x0000000008000434       0x18 ./Application/User/app_ethernet.o
                0x0000000008000434                ethernet_link_status_updated
 .text.DHCP_Thread
                0x000000000800044c       0xf4 ./Application/User/app_ethernet.o
                0x000000000800044c                DHCP_Thread
 .text.ETH_PHY_IO_DeInit
                0x0000000008000540        0x4 ./Application/User/ethernetif.o
                0x0000000008000540                ETH_PHY_IO_DeInit
 .text.ETH_PHY_IO_GetTick
                0x0000000008000544        0x4 ./Application/User/ethernetif.o
                0x0000000008000544                ETH_PHY_IO_GetTick
 .text.ETH_PHY_IO_Init
                0x0000000008000548       0x10 ./Application/User/ethernetif.o
                0x0000000008000548                ETH_PHY_IO_Init
 .text.ETH_PHY_IO_ReadReg
                0x0000000008000558       0x1c ./Application/User/ethernetif.o
                0x0000000008000558                ETH_PHY_IO_ReadReg
 .text.ETH_PHY_IO_WriteReg
                0x0000000008000574       0x1c ./Application/User/ethernetif.o
                0x0000000008000574                ETH_PHY_IO_WriteReg
 .text.ethernetif_input
                0x0000000008000590       0x58 ./Application/User/ethernetif.o
                0x0000000008000590                ethernetif_input
 .text.low_level_output
                0x00000000080005e8       0x80 ./Application/User/ethernetif.o
 .text.pbuf_free_custom
                0x0000000008000668       0x30 ./Application/User/ethernetif.o
                0x0000000008000668                pbuf_free_custom
 .text.ethernetif_init
                0x0000000008000698      0x194 ./Application/User/ethernetif.o
                0x0000000008000698                ethernetif_init
 .text.sys_now  0x000000000800082c        0x4 ./Application/User/ethernetif.o
                0x000000000800082c                sys_now
 .text.HAL_ETH_MspInit
                0x0000000008000830       0xf0 ./Application/User/ethernetif.o
                0x0000000008000830                HAL_ETH_MspInit
 .text.HAL_ETH_RxCpltCallback
                0x0000000008000920        0xc ./Application/User/ethernetif.o
                0x0000000008000920                HAL_ETH_RxCpltCallback
 .text.HAL_ETH_TxCpltCallback
                0x000000000800092c        0xc ./Application/User/ethernetif.o
                0x000000000800092c                HAL_ETH_TxCpltCallback
 .text.HAL_ETH_ErrorCallback
                0x0000000008000938       0x1c ./Application/User/ethernetif.o
                0x0000000008000938                HAL_ETH_ErrorCallback
 .text.ethernet_link_thread
                0x0000000008000954       0xa8 ./Application/User/ethernetif.o
                0x0000000008000954                ethernet_link_thread
 .text.HAL_ETH_RxAllocateCallback
                0x00000000080009fc       0x44 ./Application/User/ethernetif.o
                0x00000000080009fc                HAL_ETH_RxAllocateCallback
 .text.HAL_ETH_RxLinkCallback
                0x0000000008000a40       0x5c ./Application/User/ethernetif.o
                0x0000000008000a40                HAL_ETH_RxLinkCallback
 .text.HAL_ETH_TxFreeCallback
                0x0000000008000a9c        0x4 ./Application/User/ethernetif.o
                0x0000000008000a9c                HAL_ETH_TxFreeCallback
 .text.http_server_netconn_init
                0x0000000008000aa0       0x24 ./Application/User/httpserver_netconn.o
                0x0000000008000aa0                http_server_netconn_init
 .text.DynWebPage
                0x0000000008000ac4       0xac ./Application/User/httpserver_netconn.o
                0x0000000008000ac4                DynWebPage
 .text.http_server_netconn_thread
                0x0000000008000b70      0x154 ./Application/User/httpserver_netconn.o
 .text.StartThread
                0x0000000008000cc4       0xb4 ./Application/User/main.o
                0x0000000008000cc4                StartThread
 .text.startup.main
                0x0000000008000d78      0x258 ./Application/User/main.o
                0x0000000008000d78                main
 .text.HAL_InitTick
                0x0000000008000fd0       0x98 ./Application/User/stm32h7xx_hal_timebase_tim.o
                0x0000000008000fd0                HAL_InitTick
 .text.HAL_TIM_PeriodElapsedCallback
                0x0000000008001068        0x4 ./Application/User/stm32h7xx_hal_timebase_tim.o
                0x0000000008001068                HAL_TIM_PeriodElapsedCallback
 .text.TIM6_DAC_IRQHandler
                0x000000000800106c        0xc ./Application/User/stm32h7xx_hal_timebase_tim.o
                0x000000000800106c                TIM6_DAC_IRQHandler
 .text.NMI_Handler
                0x0000000008001078        0x2 ./Application/User/stm32h7xx_it.o
                0x0000000008001078                NMI_Handler
 .text.HardFault_Handler
                0x000000000800107a        0x2 ./Application/User/stm32h7xx_it.o
                0x000000000800107a                HardFault_Handler
 .text.MemManage_Handler
                0x000000000800107c        0x2 ./Application/User/stm32h7xx_it.o
                0x000000000800107c                MemManage_Handler
 .text.BusFault_Handler
                0x000000000800107e        0x2 ./Application/User/stm32h7xx_it.o
                0x000000000800107e                BusFault_Handler
 .text.UsageFault_Handler
                0x0000000008001080        0x2 ./Application/User/stm32h7xx_it.o
                0x0000000008001080                UsageFault_Handler
 .text.DebugMon_Handler
                0x0000000008001082        0x2 ./Application/User/stm32h7xx_it.o
                0x0000000008001082                DebugMon_Handler
 .text.ETH_IRQHandler
                0x0000000008001084        0xc ./Application/User/stm32h7xx_it.o
                0x0000000008001084                ETH_IRQHandler
 .text._getpid  0x0000000008001090        0x4 ./Application/User/syscalls.o
                0x0000000008001090                _getpid
 .text._kill    0x0000000008001094       0x10 ./Application/User/syscalls.o
                0x0000000008001094                _kill
 .text._exit    0x00000000080010a4        0xc ./Application/User/syscalls.o
                0x00000000080010a4                _exit
 .text._read    0x00000000080010b0       0x1a ./Application/User/syscalls.o
                0x00000000080010b0                _read
 .text._write   0x00000000080010ca       0x1a ./Application/User/syscalls.o
                0x00000000080010ca                _write
 .text._close   0x00000000080010e4        0x6 ./Application/User/syscalls.o
                0x00000000080010e4                _close
 .text._fstat   0x00000000080010ea        0xa ./Application/User/syscalls.o
                0x00000000080010ea                _fstat
 .text._isatty  0x00000000080010f4        0x4 ./Application/User/syscalls.o
                0x00000000080010f4                _isatty
 .text._lseek   0x00000000080010f8        0x4 ./Application/User/syscalls.o
                0x00000000080010f8                _lseek
 .text._sbrk    0x00000000080010fc       0x40 ./Application/User/sysmem.o
                0x00000000080010fc                _sbrk
 .text.ReadRegWrap
                0x000000000800113c        0xe ./Drivers/BSP/Components/FT5336/ft5336.o
 .text.WriteRegWrap
                0x000000000800114a        0xe ./Drivers/BSP/Components/FT5336/ft5336.o
 .text.FT5336_ReadID
                0x0000000008001158        0x6 ./Drivers/BSP/Components/FT5336/ft5336.o
                0x0000000008001158                FT5336_ReadID
 *fill*         0x000000000800115e        0x2 
 .text.FT5336_RegisterBusIO
                0x0000000008001160       0x38 ./Drivers/BSP/Components/FT5336/ft5336.o
                0x0000000008001160                FT5336_RegisterBusIO
 .text.ft5336_read_reg
                0x0000000008001198        0xe ./Drivers/BSP/Components/FT5336/ft5336_reg.o
                0x0000000008001198                ft5336_read_reg
 .text.ft5336_chip_id
                0x00000000080011a6        0xa ./Drivers/BSP/Components/FT5336/ft5336_reg.o
                0x00000000080011a6                ft5336_chip_id
 .text.LAN8742_RegisterBusIO
                0x00000000080011b0       0x28 ./Drivers/BSP/Components/LAN8742/lan8742.o
                0x00000000080011b0                LAN8742_RegisterBusIO
 .text.LAN8742_Init
                0x00000000080011d8       0xc2 ./Drivers/BSP/Components/LAN8742/lan8742.o
                0x00000000080011d8                LAN8742_Init
 .text.LAN8742_GetLinkState
                0x000000000800129a       0x94 ./Drivers/BSP/Components/LAN8742/lan8742.o
                0x000000000800129a                LAN8742_GetLinkState
 .text.S70KL1281_EnableMemoryMappedMode
                0x000000000800132e       0x44 ./Drivers/BSP/Components/S70KL1281/s70kl1281.o
                0x000000000800132e                S70KL1281_EnableMemoryMappedMode
 .text.S70KL1281_ReadCfgReg0
                0x0000000008001372       0x4e ./Drivers/BSP/Components/S70KL1281/s70kl1281.o
                0x0000000008001372                S70KL1281_ReadCfgReg0
 .text.S70KL1281_WriteCfgReg0
                0x00000000080013c0       0x7e ./Drivers/BSP/Components/S70KL1281/s70kl1281.o
                0x00000000080013c0                S70KL1281_WriteCfgReg0
 .text.MX_I2C4_Init
                0x000000000800143e       0x3e ./Drivers/BSP/STM32H735G-DK/stm32h735g_discovery_bus.o
                0x000000000800143e                MX_I2C4_Init
 .text.BSP_I2C4_Init
                0x000000000800147c      0x2b0 ./Drivers/BSP/STM32H735G-DK/stm32h735g_discovery_bus.o
                0x000000000800147c                BSP_I2C4_Init
 .text.BSP_I2C4_ReadReg
                0x000000000800172c       0x34 ./Drivers/BSP/STM32H735G-DK/stm32h735g_discovery_bus.o
                0x000000000800172c                BSP_I2C4_ReadReg
 .text.BSP_LCD_GetPixelFormat
                0x0000000008001760       0x14 ./Drivers/BSP/STM32H735G-DK/stm32h735g_discovery_lcd.o
                0x0000000008001760                BSP_LCD_GetPixelFormat
 .text.BSP_LCD_SetActiveLayer
                0x0000000008001774       0x14 ./Drivers/BSP/STM32H735G-DK/stm32h735g_discovery_lcd.o
                0x0000000008001774                BSP_LCD_SetActiveLayer
 .text.BSP_LCD_GetXSize
                0x0000000008001788       0x14 ./Drivers/BSP/STM32H735G-DK/stm32h735g_discovery_lcd.o
                0x0000000008001788                BSP_LCD_GetXSize
 .text.BSP_LCD_GetYSize
                0x000000000800179c       0x14 ./Drivers/BSP/STM32H735G-DK/stm32h735g_discovery_lcd.o
                0x000000000800179c                BSP_LCD_GetYSize
 .text.BSP_LCD_ReadPixel
                0x00000000080017b0       0x3c ./Drivers/BSP/STM32H735G-DK/stm32h735g_discovery_lcd.o
                0x00000000080017b0                BSP_LCD_ReadPixel
 .text.BSP_LCD_WritePixel
                0x00000000080017ec       0x38 ./Drivers/BSP/STM32H735G-DK/stm32h735g_discovery_lcd.o
                0x00000000080017ec                BSP_LCD_WritePixel
 .text.BSP_LCD_FillRGBRect
                0x0000000008001824       0x4c ./Drivers/BSP/STM32H735G-DK/stm32h735g_discovery_lcd.o
                0x0000000008001824                BSP_LCD_FillRGBRect
 .text.BSP_LCD_DrawBitmap
                0x0000000008001870      0x13c ./Drivers/BSP/STM32H735G-DK/stm32h735g_discovery_lcd.o
                0x0000000008001870                BSP_LCD_DrawBitmap
 .text.LL_FillBuffer.isra.0
                0x00000000080019ac       0xa8 ./Drivers/BSP/STM32H735G-DK/stm32h735g_discovery_lcd.o
 .text.BSP_LCD_DrawHLine
                0x0000000008001a54       0x48 ./Drivers/BSP/STM32H735G-DK/stm32h735g_discovery_lcd.o
                0x0000000008001a54                BSP_LCD_DrawHLine
 .text.BSP_LCD_DrawVLine
                0x0000000008001a9c       0x48 ./Drivers/BSP/STM32H735G-DK/stm32h735g_discovery_lcd.o
                0x0000000008001a9c                BSP_LCD_DrawVLine
 .text.BSP_LCD_FillRect
                0x0000000008001ae4       0x48 ./Drivers/BSP/STM32H735G-DK/stm32h735g_discovery_lcd.o
                0x0000000008001ae4                BSP_LCD_FillRect
 .text.MX_LTDC_Init
                0x0000000008001b2c       0x4c ./Drivers/BSP/STM32H735G-DK/stm32h735g_discovery_lcd.o
                0x0000000008001b2c                MX_LTDC_Init
 .text.MX_LTDC_ConfigLayer
                0x0000000008001b78       0x4e ./Drivers/BSP/STM32H735G-DK/stm32h735g_discovery_lcd.o
                0x0000000008001b78                MX_LTDC_ConfigLayer
 .text.MX_LTDC_ClockConfig
                0x0000000008001bc6       0x30 ./Drivers/BSP/STM32H735G-DK/stm32h735g_discovery_lcd.o
                0x0000000008001bc6                MX_LTDC_ClockConfig
 *fill*         0x0000000008001bf6        0x2 
 .text.BSP_LCD_InitEx
                0x0000000008001bf8      0x36c ./Drivers/BSP/STM32H735G-DK/stm32h735g_discovery_lcd.o
                0x0000000008001bf8                BSP_LCD_InitEx
 .text.BSP_LCD_Init
                0x0000000008001f64       0x18 ./Drivers/BSP/STM32H735G-DK/stm32h735g_discovery_lcd.o
                0x0000000008001f64                BSP_LCD_Init
 .text.MX_OSPI_ClockConfig
                0x0000000008001f7c       0x32 ./Drivers/BSP/STM32H735G-DK/stm32h735g_discovery_ospi.o
                0x0000000008001f7c                MX_OSPI_ClockConfig
 *fill*         0x0000000008001fae        0x2 
 .text.MX_OSPI_RAM_Init
                0x0000000008001fb0       0x6c ./Drivers/BSP/STM32H735G-DK/stm32h735g_discovery_ospi.o
                0x0000000008001fb0                MX_OSPI_RAM_Init
 .text.BSP_OSPI_RAM_EnableMemoryMappedMode
                0x000000000800201c       0x28 ./Drivers/BSP/STM32H735G-DK/stm32h735g_discovery_ospi.o
                0x000000000800201c                BSP_OSPI_RAM_EnableMemoryMappedMode
 .text.BSP_OSPI_RAM_ConfigHyperRAM
                0x0000000008002044      0x10c ./Drivers/BSP/STM32H735G-DK/stm32h735g_discovery_ospi.o
                0x0000000008002044                BSP_OSPI_RAM_ConfigHyperRAM
 .text.BSP_OSPI_RAM_Init
                0x0000000008002150      0x2e4 ./Drivers/BSP/STM32H735G-DK/stm32h735g_discovery_ospi.o
                0x0000000008002150                BSP_OSPI_RAM_Init
 .text.SystemInit
                0x0000000008002434       0x68 ./Drivers/CMSIS/system_stm32h7xx.o
                0x0000000008002434                SystemInit
 .text.HAL_MspInit
                0x000000000800249c        0x2 ./Drivers/STM32H7xx_HAL_Driver/stm32h7xx_hal.o
                0x000000000800249c                HAL_MspInit
 *fill*         0x000000000800249e        0x2 
 .text.HAL_Init
                0x00000000080024a0       0x5c ./Drivers/STM32H7xx_HAL_Driver/stm32h7xx_hal.o
                0x00000000080024a0                HAL_Init
 .text.HAL_IncTick
                0x00000000080024fc       0x18 ./Drivers/STM32H7xx_HAL_Driver/stm32h7xx_hal.o
                0x00000000080024fc                HAL_IncTick
 .text.HAL_GetTick
                0x0000000008002514        0xc ./Drivers/STM32H7xx_HAL_Driver/stm32h7xx_hal.o
                0x0000000008002514                HAL_GetTick
 .text.HAL_Delay
                0x0000000008002520       0x24 ./Drivers/STM32H7xx_HAL_Driver/stm32h7xx_hal.o
                0x0000000008002520                HAL_Delay
 .text.HAL_SYSCFG_ETHInterfaceSelect
                0x0000000008002544       0x14 ./Drivers/STM32H7xx_HAL_Driver/stm32h7xx_hal.o
                0x0000000008002544                HAL_SYSCFG_ETHInterfaceSelect
 .text.HAL_EnableCompensationCell
                0x0000000008002558       0x10 ./Drivers/STM32H7xx_HAL_Driver/stm32h7xx_hal.o
                0x0000000008002558                HAL_EnableCompensationCell
 .text.HAL_NVIC_SetPriorityGrouping
                0x0000000008002568       0x24 ./Drivers/STM32H7xx_HAL_Driver/stm32h7xx_hal_cortex.o
                0x0000000008002568                HAL_NVIC_SetPriorityGrouping
 .text.HAL_NVIC_SetPriority
                0x000000000800258c       0x64 ./Drivers/STM32H7xx_HAL_Driver/stm32h7xx_hal_cortex.o
                0x000000000800258c                HAL_NVIC_SetPriority
 .text.HAL_NVIC_EnableIRQ
                0x00000000080025f0       0x1c ./Drivers/STM32H7xx_HAL_Driver/stm32h7xx_hal_cortex.o
                0x00000000080025f0                HAL_NVIC_EnableIRQ
 .text.HAL_MPU_Disable
                0x000000000800260c       0x20 ./Drivers/STM32H7xx_HAL_Driver/stm32h7xx_hal_cortex.o
                0x000000000800260c                HAL_MPU_Disable
 .text.HAL_MPU_Enable
                0x000000000800262c       0x24 ./Drivers/STM32H7xx_HAL_Driver/stm32h7xx_hal_cortex.o
                0x000000000800262c                HAL_MPU_Enable
 .text.HAL_MPU_ConfigRegion
                0x0000000008002650       0x50 ./Drivers/STM32H7xx_HAL_Driver/stm32h7xx_hal_cortex.o
                0x0000000008002650                HAL_MPU_ConfigRegion
 .text.DMA2D_SetConfig
                0x00000000080026a0       0x8e ./Drivers/STM32H7xx_HAL_Driver/stm32h7xx_hal_dma2d.o
 .text.HAL_DMA2D_MspInit
                0x000000000800272e        0x2 ./Drivers/STM32H7xx_HAL_Driver/stm32h7xx_hal_dma2d.o
                0x000000000800272e                HAL_DMA2D_MspInit
 .text.HAL_DMA2D_Init
                0x0000000008002730       0x7a ./Drivers/STM32H7xx_HAL_Driver/stm32h7xx_hal_dma2d.o
                0x0000000008002730                HAL_DMA2D_Init
 .text.HAL_DMA2D_Start
                0x00000000080027aa       0x34 ./Drivers/STM32H7xx_HAL_Driver/stm32h7xx_hal_dma2d.o
                0x00000000080027aa                HAL_DMA2D_Start
 .text.HAL_DMA2D_PollForTransfer
                0x00000000080027de      0x102 ./Drivers/STM32H7xx_HAL_Driver/stm32h7xx_hal_dma2d.o
                0x00000000080027de                HAL_DMA2D_PollForTransfer
 .text.HAL_DMA2D_ConfigLayer
                0x00000000080028e0       0xc0 ./Drivers/STM32H7xx_HAL_Driver/stm32h7xx_hal_dma2d.o
                0x00000000080028e0                HAL_DMA2D_ConfigLayer
 .text.ETH_SetMACConfig
                0x00000000080029a0      0x1b2 ./Drivers/STM32H7xx_HAL_Driver/stm32h7xx_hal_eth.o
 *fill*         0x0000000008002b52        0x2 
 .text.ETH_SetDMAConfig
                0x0000000008002b54       0x90 ./Drivers/STM32H7xx_HAL_Driver/stm32h7xx_hal_eth.o
 .text.ETH_Prepare_Tx_Descriptors
                0x0000000008002be4      0x344 ./Drivers/STM32H7xx_HAL_Driver/stm32h7xx_hal_eth.o
 .text.ETH_UpdateDescriptor
                0x0000000008002f28       0x82 ./Drivers/STM32H7xx_HAL_Driver/stm32h7xx_hal_eth.o
 *fill*         0x0000000008002faa        0x2 
 .text.HAL_ETH_Start_IT
                0x0000000008002fac       0xa0 ./Drivers/STM32H7xx_HAL_Driver/stm32h7xx_hal_eth.o
                0x0000000008002fac                HAL_ETH_Start_IT
 .text.HAL_ETH_Stop_IT
                0x000000000800304c       0x7e ./Drivers/STM32H7xx_HAL_Driver/stm32h7xx_hal_eth.o
                0x000000000800304c                HAL_ETH_Stop_IT
 .text.HAL_ETH_Transmit_IT
                0x00000000080030ca       0x5a ./Drivers/STM32H7xx_HAL_Driver/stm32h7xx_hal_eth.o
                0x00000000080030ca                HAL_ETH_Transmit_IT
 .text.HAL_ETH_ReadData
                0x0000000008003124       0xfa ./Drivers/STM32H7xx_HAL_Driver/stm32h7xx_hal_eth.o
                0x0000000008003124                HAL_ETH_ReadData
 .text.HAL_ETH_ReleaseTxPacket
                0x000000000800321e       0x56 ./Drivers/STM32H7xx_HAL_Driver/stm32h7xx_hal_eth.o
                0x000000000800321e                HAL_ETH_ReleaseTxPacket
 .text.HAL_ETH_PMTCallback
                0x0000000008003274        0x2 ./Drivers/STM32H7xx_HAL_Driver/stm32h7xx_hal_eth.o
                0x0000000008003274                HAL_ETH_PMTCallback
 .text.HAL_ETH_EEECallback
                0x0000000008003276        0x2 ./Drivers/STM32H7xx_HAL_Driver/stm32h7xx_hal_eth.o
                0x0000000008003276                HAL_ETH_EEECallback
 .text.HAL_ETH_WakeUpCallback
                0x0000000008003278        0x2 ./Drivers/STM32H7xx_HAL_Driver/stm32h7xx_hal_eth.o
                0x0000000008003278                HAL_ETH_WakeUpCallback
 *fill*         0x000000000800327a        0x2 
 .text.HAL_ETH_IRQHandler
                0x000000000800327c      0x138 ./Drivers/STM32H7xx_HAL_Driver/stm32h7xx_hal_eth.o
                0x000000000800327c                HAL_ETH_IRQHandler
 .text.HAL_ETH_ReadPHYRegister
                0x00000000080033b4       0x5c ./Drivers/STM32H7xx_HAL_Driver/stm32h7xx_hal_eth.o
                0x00000000080033b4                HAL_ETH_ReadPHYRegister
 .text.HAL_ETH_WritePHYRegister
                0x0000000008003410       0x64 ./Drivers/STM32H7xx_HAL_Driver/stm32h7xx_hal_eth.o
                0x0000000008003410                HAL_ETH_WritePHYRegister
 .text.HAL_ETH_GetMACConfig
                0x0000000008003474      0x18c ./Drivers/STM32H7xx_HAL_Driver/stm32h7xx_hal_eth.o
                0x0000000008003474                HAL_ETH_GetMACConfig
 .text.HAL_ETH_SetMACConfig
                0x0000000008003600       0x18 ./Drivers/STM32H7xx_HAL_Driver/stm32h7xx_hal_eth.o
                0x0000000008003600                HAL_ETH_SetMACConfig
 .text.HAL_ETH_SetMDIOClockRange
                0x0000000008003618       0x78 ./Drivers/STM32H7xx_HAL_Driver/stm32h7xx_hal_eth.o
                0x0000000008003618                HAL_ETH_SetMDIOClockRange
 .text.HAL_ETH_Init
                0x0000000008003690      0x228 ./Drivers/STM32H7xx_HAL_Driver/stm32h7xx_hal_eth.o
                0x0000000008003690                HAL_ETH_Init
 .text.HAL_ETH_GetDMAError
                0x00000000080038b8        0x6 ./Drivers/STM32H7xx_HAL_Driver/stm32h7xx_hal_eth.o
                0x00000000080038b8                HAL_ETH_GetDMAError
 *fill*         0x00000000080038be        0x2 
 .text.HAL_GPIO_Init
                0x00000000080038c0      0x1cc ./Drivers/STM32H7xx_HAL_Driver/stm32h7xx_hal_gpio.o
                0x00000000080038c0                HAL_GPIO_Init
 .text.HAL_GPIO_WritePin
                0x0000000008003a8c        0xa ./Drivers/STM32H7xx_HAL_Driver/stm32h7xx_hal_gpio.o
                0x0000000008003a8c                HAL_GPIO_WritePin
 .text.I2C_Flush_TXDR
                0x0000000008003a96       0x1c ./Drivers/STM32H7xx_HAL_Driver/stm32h7xx_hal_i2c.o
 *fill*         0x0000000008003ab2        0x2 
 .text.I2C_TransferConfig
                0x0000000008003ab4       0x2c ./Drivers/STM32H7xx_HAL_Driver/stm32h7xx_hal_i2c.o
 .text.I2C_IsErrorOccurred
                0x0000000008003ae0      0x116 ./Drivers/STM32H7xx_HAL_Driver/stm32h7xx_hal_i2c.o
 .text.I2C_WaitOnTXISFlagUntilTimeout
                0x0000000008003bf6       0x4e ./Drivers/STM32H7xx_HAL_Driver/stm32h7xx_hal_i2c.o
 .text.I2C_WaitOnSTOPFlagUntilTimeout
                0x0000000008003c44       0x4a ./Drivers/STM32H7xx_HAL_Driver/stm32h7xx_hal_i2c.o
 .text.I2C_WaitOnFlagUntilTimeout
                0x0000000008003c8e       0x54 ./Drivers/STM32H7xx_HAL_Driver/stm32h7xx_hal_i2c.o
 *fill*         0x0000000008003ce2        0x2 
 .text.I2C_RequestMemoryRead
                0x0000000008003ce4       0x6c ./Drivers/STM32H7xx_HAL_Driver/stm32h7xx_hal_i2c.o
 .text.HAL_I2C_MspInit
                0x0000000008003d50        0x2 ./Drivers/STM32H7xx_HAL_Driver/stm32h7xx_hal_i2c.o
                0x0000000008003d50                HAL_I2C_MspInit
 .text.HAL_I2C_Init
                0x0000000008003d52       0xa2 ./Drivers/STM32H7xx_HAL_Driver/stm32h7xx_hal_i2c.o
                0x0000000008003d52                HAL_I2C_Init
 .text.HAL_I2C_Mem_Read
                0x0000000008003df4      0x178 ./Drivers/STM32H7xx_HAL_Driver/stm32h7xx_hal_i2c.o
                0x0000000008003df4                HAL_I2C_Mem_Read
 .text.HAL_I2C_GetState
                0x0000000008003f6c        0x6 ./Drivers/STM32H7xx_HAL_Driver/stm32h7xx_hal_i2c.o
                0x0000000008003f6c                HAL_I2C_GetState
 .text.HAL_I2C_GetError
                0x0000000008003f72        0x4 ./Drivers/STM32H7xx_HAL_Driver/stm32h7xx_hal_i2c.o
                0x0000000008003f72                HAL_I2C_GetError
 .text.HAL_I2CEx_ConfigAnalogFilter
                0x0000000008003f76       0x4c ./Drivers/STM32H7xx_HAL_Driver/stm32h7xx_hal_i2c_ex.o
                0x0000000008003f76                HAL_I2CEx_ConfigAnalogFilter
 .text.HAL_I2CEx_ConfigDigitalFilter
                0x0000000008003fc2       0x4a ./Drivers/STM32H7xx_HAL_Driver/stm32h7xx_hal_i2c_ex.o
                0x0000000008003fc2                HAL_I2CEx_ConfigDigitalFilter
 .text.LTDC_SetConfig
                0x000000000800400c      0x10c ./Drivers/STM32H7xx_HAL_Driver/stm32h7xx_hal_ltdc.o
 .text.HAL_LTDC_MspInit
                0x0000000008004118        0x2 ./Drivers/STM32H7xx_HAL_Driver/stm32h7xx_hal_ltdc.o
                0x0000000008004118                HAL_LTDC_MspInit
 *fill*         0x000000000800411a        0x2 
 .text.HAL_LTDC_Init
                0x000000000800411c       0xd8 ./Drivers/STM32H7xx_HAL_Driver/stm32h7xx_hal_ltdc.o
                0x000000000800411c                HAL_LTDC_Init
 .text.HAL_LTDC_ConfigLayer
                0x00000000080041f4       0x5a ./Drivers/STM32H7xx_HAL_Driver/stm32h7xx_hal_ltdc.o
                0x00000000080041f4                HAL_LTDC_ConfigLayer
 .text.HAL_MDMA_Init
                0x000000000800424e       0xde ./Drivers/STM32H7xx_HAL_Driver/stm32h7xx_hal_mdma.o
                0x000000000800424e                HAL_MDMA_Init
 .text.OSPI_WaitFlagStateUntilTimeout
                0x000000000800432c       0x4e ./Drivers/STM32H7xx_HAL_Driver/stm32h7xx_hal_ospi.o
 .text.HAL_OSPI_MspInit
                0x000000000800437a        0x2 ./Drivers/STM32H7xx_HAL_Driver/stm32h7xx_hal_ospi.o
                0x000000000800437a                HAL_OSPI_MspInit
 .text.HAL_OSPI_Init
                0x000000000800437c       0xe8 ./Drivers/STM32H7xx_HAL_Driver/stm32h7xx_hal_ospi.o
                0x000000000800437c                HAL_OSPI_Init
 .text.HAL_OSPI_MspDeInit
                0x0000000008004464        0x2 ./Drivers/STM32H7xx_HAL_Driver/stm32h7xx_hal_ospi.o
                0x0000000008004464                HAL_OSPI_MspDeInit
 .text.HAL_OSPI_DeInit
                0x0000000008004466       0x26 ./Drivers/STM32H7xx_HAL_Driver/stm32h7xx_hal_ospi.o
                0x0000000008004466                HAL_OSPI_DeInit
 .text.HAL_OSPI_HyperbusCfg
                0x000000000800448c       0x4c ./Drivers/STM32H7xx_HAL_Driver/stm32h7xx_hal_ospi.o
                0x000000000800448c                HAL_OSPI_HyperbusCfg
 .text.HAL_OSPI_HyperbusCmd
                0x00000000080044d8       0x6c ./Drivers/STM32H7xx_HAL_Driver/stm32h7xx_hal_ospi.o
                0x00000000080044d8                HAL_OSPI_HyperbusCmd
 .text.HAL_OSPI_Transmit
                0x0000000008004544       0x80 ./Drivers/STM32H7xx_HAL_Driver/stm32h7xx_hal_ospi.o
                0x0000000008004544                HAL_OSPI_Transmit
 .text.HAL_OSPI_Receive
                0x00000000080045c4       0xa4 ./Drivers/STM32H7xx_HAL_Driver/stm32h7xx_hal_ospi.o
                0x00000000080045c4                HAL_OSPI_Receive
 .text.HAL_OSPI_MemoryMapped
                0x0000000008004668       0x5e ./Drivers/STM32H7xx_HAL_Driver/stm32h7xx_hal_ospi.o
                0x0000000008004668                HAL_OSPI_MemoryMapped
 *fill*         0x00000000080046c6        0x2 
 .text.HAL_PWREx_ConfigSupply
                0x00000000080046c8       0x7c ./Drivers/STM32H7xx_HAL_Driver/stm32h7xx_hal_pwr_ex.o
                0x00000000080046c8                HAL_PWREx_ConfigSupply
 .text.HAL_RCC_OscConfig
                0x0000000008004744      0x4bc ./Drivers/STM32H7xx_HAL_Driver/stm32h7xx_hal_rcc.o
                0x0000000008004744                HAL_RCC_OscConfig
 .text.HAL_RCC_GetSysClockFreq
                0x0000000008004c00      0x140 ./Drivers/STM32H7xx_HAL_Driver/stm32h7xx_hal_rcc.o
                0x0000000008004c00                HAL_RCC_GetSysClockFreq
 .text.HAL_RCC_ClockConfig
                0x0000000008004d40      0x24c ./Drivers/STM32H7xx_HAL_Driver/stm32h7xx_hal_rcc.o
                0x0000000008004d40                HAL_RCC_ClockConfig
 .text.HAL_RCC_GetHCLKFreq
                0x0000000008004f8c       0x44 ./Drivers/STM32H7xx_HAL_Driver/stm32h7xx_hal_rcc.o
                0x0000000008004f8c                HAL_RCC_GetHCLKFreq
 .text.HAL_RCC_GetPCLK1Freq
                0x0000000008004fd0       0x24 ./Drivers/STM32H7xx_HAL_Driver/stm32h7xx_hal_rcc.o
                0x0000000008004fd0                HAL_RCC_GetPCLK1Freq
 .text.HAL_RCC_GetPCLK2Freq
                0x0000000008004ff4       0x24 ./Drivers/STM32H7xx_HAL_Driver/stm32h7xx_hal_rcc.o
                0x0000000008004ff4                HAL_RCC_GetPCLK2Freq
 .text.HAL_RCC_GetClockConfig
                0x0000000008005018       0x54 ./Drivers/STM32H7xx_HAL_Driver/stm32h7xx_hal_rcc.o
                0x0000000008005018                HAL_RCC_GetClockConfig
 .text.RCCEx_PLL2_Config
                0x000000000800506c       0xf0 ./Drivers/STM32H7xx_HAL_Driver/stm32h7xx_hal_rcc_ex.o
 .text.RCCEx_PLL3_Config
                0x000000000800515c       0xf0 ./Drivers/STM32H7xx_HAL_Driver/stm32h7xx_hal_rcc_ex.o
 .text.HAL_RCCEx_PeriphCLKConfig
                0x000000000800524c      0x8f0 ./Drivers/STM32H7xx_HAL_Driver/stm32h7xx_hal_rcc_ex.o
                0x000000000800524c                HAL_RCCEx_PeriphCLKConfig
 .text.HAL_TIM_Base_MspInit
                0x0000000008005b3c        0x2 ./Drivers/STM32H7xx_HAL_Driver/stm32h7xx_hal_tim.o
                0x0000000008005b3c                HAL_TIM_Base_MspInit
 *fill*         0x0000000008005b3e        0x2 
 .text.HAL_TIM_Base_Start_IT
                0x0000000008005b40       0x8c ./Drivers/STM32H7xx_HAL_Driver/stm32h7xx_hal_tim.o
                0x0000000008005b40                HAL_TIM_Base_Start_IT
 .text.HAL_TIM_OC_DelayElapsedCallback
                0x0000000008005bcc        0x2 ./Drivers/STM32H7xx_HAL_Driver/stm32h7xx_hal_tim.o
                0x0000000008005bcc                HAL_TIM_OC_DelayElapsedCallback
 .text.HAL_TIM_IC_CaptureCallback
                0x0000000008005bce        0x2 ./Drivers/STM32H7xx_HAL_Driver/stm32h7xx_hal_tim.o
                0x0000000008005bce                HAL_TIM_IC_CaptureCallback
 .text.HAL_TIM_PWM_PulseFinishedCallback
                0x0000000008005bd0        0x2 ./Drivers/STM32H7xx_HAL_Driver/stm32h7xx_hal_tim.o
                0x0000000008005bd0                HAL_TIM_PWM_PulseFinishedCallback
 .text.HAL_TIM_TriggerCallback
                0x0000000008005bd2        0x2 ./Drivers/STM32H7xx_HAL_Driver/stm32h7xx_hal_tim.o
                0x0000000008005bd2                HAL_TIM_TriggerCallback
 .text.HAL_TIM_IRQHandler
                0x0000000008005bd4      0x160 ./Drivers/STM32H7xx_HAL_Driver/stm32h7xx_hal_tim.o
                0x0000000008005bd4                HAL_TIM_IRQHandler
 .text.TIM_Base_SetConfig
                0x0000000008005d34       0xdc ./Drivers/STM32H7xx_HAL_Driver/stm32h7xx_hal_tim.o
                0x0000000008005d34                TIM_Base_SetConfig
 .text.HAL_TIM_Base_Init
                0x0000000008005e10       0x60 ./Drivers/STM32H7xx_HAL_Driver/stm32h7xx_hal_tim.o
                0x0000000008005e10                HAL_TIM_Base_Init
 .text.HAL_TIMEx_CommutCallback
                0x0000000008005e70        0x2 ./Drivers/STM32H7xx_HAL_Driver/stm32h7xx_hal_tim_ex.o
                0x0000000008005e70                HAL_TIMEx_CommutCallback
 .text.HAL_TIMEx_BreakCallback
                0x0000000008005e72        0x2 ./Drivers/STM32H7xx_HAL_Driver/stm32h7xx_hal_tim_ex.o
                0x0000000008005e72                HAL_TIMEx_BreakCallback
 .text.HAL_TIMEx_Break2Callback
                0x0000000008005e74        0x2 ./Drivers/STM32H7xx_HAL_Driver/stm32h7xx_hal_tim_ex.o
                0x0000000008005e74                HAL_TIMEx_Break2Callback
 .text.vListInitialise
                0x0000000008005e76       0x16 ./Middlewares/FreeRTOS/list.o
                0x0000000008005e76                vListInitialise
 .text.vListInitialiseItem
                0x0000000008005e8c        0x6 ./Middlewares/FreeRTOS/list.o
                0x0000000008005e8c                vListInitialiseItem
 .text.vListInsertEnd
                0x0000000008005e92       0x18 ./Middlewares/FreeRTOS/list.o
                0x0000000008005e92                vListInsertEnd
 .text.vListInsert
                0x0000000008005eaa       0x2e ./Middlewares/FreeRTOS/list.o
                0x0000000008005eaa                vListInsert
 .text.uxListRemove
                0x0000000008005ed8       0x20 ./Middlewares/FreeRTOS/list.o
                0x0000000008005ed8                uxListRemove
 .text.prvIsQueueEmpty
                0x0000000008005ef8       0x16 ./Middlewares/FreeRTOS/queue.o
 .text.prvCopyDataToQueue
                0x0000000008005f0e       0x6a ./Middlewares/FreeRTOS/queue.o
 .text.prvCopyDataFromQueue
                0x0000000008005f78       0x2a ./Middlewares/FreeRTOS/queue.o
 .text.prvUnlockQueue
                0x0000000008005fa2       0x70 ./Middlewares/FreeRTOS/queue.o
 *fill*         0x0000000008006012        0x2 
 .text.xQueueGenericReset
                0x0000000008006014       0x80 ./Middlewares/FreeRTOS/queue.o
                0x0000000008006014                xQueueGenericReset
 .text.xQueueGenericCreateStatic
                0x0000000008006094       0x9c ./Middlewares/FreeRTOS/queue.o
                0x0000000008006094                xQueueGenericCreateStatic
 .text.xQueueGenericCreate
                0x0000000008006130       0x4e ./Middlewares/FreeRTOS/queue.o
                0x0000000008006130                xQueueGenericCreate
 .text.xQueueCreateCountingSemaphoreStatic
                0x000000000800617e       0x44 ./Middlewares/FreeRTOS/queue.o
                0x000000000800617e                xQueueCreateCountingSemaphoreStatic
 .text.xQueueCreateCountingSemaphore
                0x00000000080061c2       0x3c ./Middlewares/FreeRTOS/queue.o
                0x00000000080061c2                xQueueCreateCountingSemaphore
 *fill*         0x00000000080061fe        0x2 
 .text.xQueueGenericSend
                0x0000000008006200      0x164 ./Middlewares/FreeRTOS/queue.o
                0x0000000008006200                xQueueGenericSend
 .text.xQueueCreateMutexStatic
                0x0000000008006364       0x2a ./Middlewares/FreeRTOS/queue.o
                0x0000000008006364                xQueueCreateMutexStatic
 .text.xQueueGiveMutexRecursive
                0x000000000800638e       0x3c ./Middlewares/FreeRTOS/queue.o
                0x000000000800638e                xQueueGiveMutexRecursive
 .text.xQueueCreateMutex
                0x00000000080063ca       0x3a ./Middlewares/FreeRTOS/queue.o
                0x00000000080063ca                xQueueCreateMutex
 .text.xQueueGenericSendFromISR
                0x0000000008006404       0xc4 ./Middlewares/FreeRTOS/queue.o
                0x0000000008006404                xQueueGenericSendFromISR
 .text.xQueueGiveFromISR
                0x00000000080064c8       0xa8 ./Middlewares/FreeRTOS/queue.o
                0x00000000080064c8                xQueueGiveFromISR
 .text.xQueueReceive
                0x0000000008006570      0x140 ./Middlewares/FreeRTOS/queue.o
                0x0000000008006570                xQueueReceive
 .text.xQueueSemaphoreTake
                0x00000000080066b0      0x188 ./Middlewares/FreeRTOS/queue.o
                0x00000000080066b0                xQueueSemaphoreTake
 .text.xQueueTakeMutexRecursive
                0x0000000008006838       0x44 ./Middlewares/FreeRTOS/queue.o
                0x0000000008006838                xQueueTakeMutexRecursive
 .text.xQueueReceiveFromISR
                0x000000000800687c       0x9e ./Middlewares/FreeRTOS/queue.o
                0x000000000800687c                xQueueReceiveFromISR
 .text.uxQueueMessagesWaiting
                0x000000000800691a       0x2a ./Middlewares/FreeRTOS/queue.o
                0x000000000800691a                uxQueueMessagesWaiting
 .text.uxQueueMessagesWaitingFromISR
                0x0000000008006944       0x18 ./Middlewares/FreeRTOS/queue.o
                0x0000000008006944                uxQueueMessagesWaitingFromISR
 .text.vQueueAddToRegistry
                0x000000000800695c       0x24 ./Middlewares/FreeRTOS/queue.o
                0x000000000800695c                vQueueAddToRegistry
 .text.vQueueUnregisterQueue
                0x0000000008006980       0x30 ./Middlewares/FreeRTOS/queue.o
                0x0000000008006980                vQueueUnregisterQueue
 .text.vQueueDelete
                0x00000000080069b0       0x2a ./Middlewares/FreeRTOS/queue.o
                0x00000000080069b0                vQueueDelete
 .text.vQueueWaitForMessageRestricted
                0x00000000080069da       0x46 ./Middlewares/FreeRTOS/queue.o
                0x00000000080069da                vQueueWaitForMessageRestricted
 .text.prvAddNewTaskToReadyList
                0x0000000008006a20       0xfc ./Middlewares/FreeRTOS/tasks.o
 .text.prvResetNextTaskUnblockTime
                0x0000000008006b1c       0x24 ./Middlewares/FreeRTOS/tasks.o
 .text.prvInitialiseNewTask.isra.0
                0x0000000008006b40       0x9c ./Middlewares/FreeRTOS/tasks.o
 .text.prvDeleteTCB
                0x0000000008006bdc       0x36 ./Middlewares/FreeRTOS/tasks.o
 *fill*         0x0000000008006c12        0x2 
 .text.prvIdleTask
                0x0000000008006c14       0x64 ./Middlewares/FreeRTOS/tasks.o
 .text.prvAddCurrentTaskToDelayedList
                0x0000000008006c78       0x74 ./Middlewares/FreeRTOS/tasks.o
 .text.xTaskCreateStatic
                0x0000000008006cec       0x70 ./Middlewares/FreeRTOS/tasks.o
                0x0000000008006cec                xTaskCreateStatic
 .text.xTaskCreate
                0x0000000008006d5c       0x5a ./Middlewares/FreeRTOS/tasks.o
                0x0000000008006d5c                xTaskCreate
 *fill*         0x0000000008006db6        0x2 
 .text.vTaskDelete
                0x0000000008006db8       0xb0 ./Middlewares/FreeRTOS/tasks.o
                0x0000000008006db8                vTaskDelete
 .text.eTaskGetState
                0x0000000008006e68       0x84 ./Middlewares/FreeRTOS/tasks.o
                0x0000000008006e68                eTaskGetState
 .text.vTaskStartScheduler
                0x0000000008006eec       0x88 ./Middlewares/FreeRTOS/tasks.o
                0x0000000008006eec                vTaskStartScheduler
 .text.vTaskSuspendAll
                0x0000000008006f74       0x10 ./Middlewares/FreeRTOS/tasks.o
                0x0000000008006f74                vTaskSuspendAll
 .text.xTaskGetTickCount
                0x0000000008006f84        0xc ./Middlewares/FreeRTOS/tasks.o
                0x0000000008006f84                xTaskGetTickCount
 .text.xTaskGetTickCountFromISR
                0x0000000008006f90       0x10 ./Middlewares/FreeRTOS/tasks.o
                0x0000000008006f90                xTaskGetTickCountFromISR
 .text.xTaskIncrementTick
                0x0000000008006fa0      0x12c ./Middlewares/FreeRTOS/tasks.o
                0x0000000008006fa0                xTaskIncrementTick
 .text.xTaskResumeAll
                0x00000000080070cc       0xe8 ./Middlewares/FreeRTOS/tasks.o
                0x00000000080070cc                xTaskResumeAll
 .text.vTaskDelay
                0x00000000080071b4       0x48 ./Middlewares/FreeRTOS/tasks.o
                0x00000000080071b4                vTaskDelay
 .text.vTaskSwitchContext
                0x00000000080071fc       0x78 ./Middlewares/FreeRTOS/tasks.o
                0x00000000080071fc                vTaskSwitchContext
 .text.vTaskPlaceOnEventList
                0x0000000008007274       0x34 ./Middlewares/FreeRTOS/tasks.o
                0x0000000008007274                vTaskPlaceOnEventList
 .text.vTaskPlaceOnEventListRestricted
                0x00000000080072a8       0x3c ./Middlewares/FreeRTOS/tasks.o
                0x00000000080072a8                vTaskPlaceOnEventListRestricted
 .text.xTaskRemoveFromEventList
                0x00000000080072e4       0x88 ./Middlewares/FreeRTOS/tasks.o
                0x00000000080072e4                xTaskRemoveFromEventList
 .text.vTaskInternalSetTimeOutState
                0x000000000800736c       0x18 ./Middlewares/FreeRTOS/tasks.o
                0x000000000800736c                vTaskInternalSetTimeOutState
 .text.xTaskCheckForTimeOut
                0x0000000008007384       0x78 ./Middlewares/FreeRTOS/tasks.o
                0x0000000008007384                xTaskCheckForTimeOut
 .text.vTaskMissedYield
                0x00000000080073fc        0xc ./Middlewares/FreeRTOS/tasks.o
                0x00000000080073fc                vTaskMissedYield
 .text.vTaskGetInfo
                0x0000000008007408       0x7c ./Middlewares/FreeRTOS/tasks.o
                0x0000000008007408                vTaskGetInfo
 .text.prvListTasksWithinSingleList
                0x0000000008007484       0x5c ./Middlewares/FreeRTOS/tasks.o
 .text.uxTaskGetSystemState
                0x00000000080074e0       0xa0 ./Middlewares/FreeRTOS/tasks.o
                0x00000000080074e0                uxTaskGetSystemState
 .text.xTaskGetCurrentTaskHandle
                0x0000000008007580        0xc ./Middlewares/FreeRTOS/tasks.o
                0x0000000008007580                xTaskGetCurrentTaskHandle
 .text.xTaskGetSchedulerState
                0x000000000800758c       0x20 ./Middlewares/FreeRTOS/tasks.o
                0x000000000800758c                xTaskGetSchedulerState
 .text.xTaskPriorityInherit
                0x00000000080075ac       0x84 ./Middlewares/FreeRTOS/tasks.o
                0x00000000080075ac                xTaskPriorityInherit
 .text.xTaskPriorityDisinherit
                0x0000000008007630       0x88 ./Middlewares/FreeRTOS/tasks.o
                0x0000000008007630                xTaskPriorityDisinherit
 .text.vTaskPriorityDisinheritAfterTimeout
                0x00000000080076b8       0xa4 ./Middlewares/FreeRTOS/tasks.o
                0x00000000080076b8                vTaskPriorityDisinheritAfterTimeout
 .text.vTaskList
                0x000000000800775c       0xc4 ./Middlewares/FreeRTOS/tasks.o
                0x000000000800775c                vTaskList
 .text.pvTaskIncrementMutexHeldCount
                0x0000000008007820       0x18 ./Middlewares/FreeRTOS/tasks.o
                0x0000000008007820                pvTaskIncrementMutexHeldCount
 .text.prvCheckForValidListAndQueue
                0x0000000008007838       0x68 ./Middlewares/FreeRTOS/timers.o
 .text.prvInsertTimerInActiveList
                0x00000000080078a0       0x3c ./Middlewares/FreeRTOS/timers.o
 .text.xTimerCreateTimerTask
                0x00000000080078dc       0x64 ./Middlewares/FreeRTOS/timers.o
                0x00000000080078dc                xTimerCreateTimerTask
 .text.xTimerGenericCommand
                0x0000000008007940       0x54 ./Middlewares/FreeRTOS/timers.o
                0x0000000008007940                xTimerGenericCommand
 .text.prvSwitchTimerLists
                0x0000000008007994       0x7c ./Middlewares/FreeRTOS/timers.o
 .text.prvTimerTask
                0x0000000008007a10      0x1f8 ./Middlewares/FreeRTOS/timers.o
 .text.SysTick_Handler
                0x0000000008007c08       0x1c ./Middlewares/FreeRTOS/portable/cmsis_os2.o
                0x0000000008007c08                SysTick_Handler
 .text.osKernelInitialize
                0x0000000008007c24       0x24 ./Middlewares/FreeRTOS/portable/cmsis_os2.o
                0x0000000008007c24                osKernelInitialize
 .text.osKernelStart
                0x0000000008007c48       0x34 ./Middlewares/FreeRTOS/portable/cmsis_os2.o
                0x0000000008007c48                osKernelStart
 .text.osKernelGetTickCount
                0x0000000008007c7c        0xe ./Middlewares/FreeRTOS/portable/cmsis_os2.o
                0x0000000008007c7c                osKernelGetTickCount
 .text.osThreadNew
                0x0000000008007c8a       0x96 ./Middlewares/FreeRTOS/portable/cmsis_os2.o
                0x0000000008007c8a                osThreadNew
 .text.osThreadTerminate
                0x0000000008007d20       0x30 ./Middlewares/FreeRTOS/portable/cmsis_os2.o
                0x0000000008007d20                osThreadTerminate
 .text.osDelay  0x0000000008007d50       0x18 ./Middlewares/FreeRTOS/portable/cmsis_os2.o
                0x0000000008007d50                osDelay
 .text.osMutexNew
                0x0000000008007d68       0x6a ./Middlewares/FreeRTOS/portable/cmsis_os2.o
                0x0000000008007d68                osMutexNew
 .text.osMutexAcquire
                0x0000000008007dd2       0x44 ./Middlewares/FreeRTOS/portable/cmsis_os2.o
                0x0000000008007dd2                osMutexAcquire
 .text.osMutexRelease
                0x0000000008007e16       0x3c ./Middlewares/FreeRTOS/portable/cmsis_os2.o
                0x0000000008007e16                osMutexRelease
 .text.osSemaphoreNew
                0x0000000008007e52       0x94 ./Middlewares/FreeRTOS/portable/cmsis_os2.o
                0x0000000008007e52                osSemaphoreNew
 *fill*         0x0000000008007ee6        0x2 
 .text.osSemaphoreAcquire
                0x0000000008007ee8       0x58 ./Middlewares/FreeRTOS/portable/cmsis_os2.o
                0x0000000008007ee8                osSemaphoreAcquire
 .text.osSemaphoreRelease
                0x0000000008007f40       0x50 ./Middlewares/FreeRTOS/portable/cmsis_os2.o
                0x0000000008007f40                osSemaphoreRelease
 .text.osSemaphoreGetCount
                0x0000000008007f90       0x12 ./Middlewares/FreeRTOS/portable/cmsis_os2.o
                0x0000000008007f90                osSemaphoreGetCount
 .text.osSemaphoreDelete
                0x0000000008007fa2       0x26 ./Middlewares/FreeRTOS/portable/cmsis_os2.o
                0x0000000008007fa2                osSemaphoreDelete
 .text.osMessageQueueNew
                0x0000000008007fc8       0x76 ./Middlewares/FreeRTOS/portable/cmsis_os2.o
                0x0000000008007fc8                osMessageQueueNew
 *fill*         0x000000000800803e        0x2 
 .text.osMessageQueuePut
                0x0000000008008040       0x60 ./Middlewares/FreeRTOS/portable/cmsis_os2.o
                0x0000000008008040                osMessageQueuePut
 .text.osMessageQueueGet
                0x00000000080080a0       0x60 ./Middlewares/FreeRTOS/portable/cmsis_os2.o
                0x00000000080080a0                osMessageQueueGet
 .text.osMessageQueueGetCount
                0x0000000008008100        0x4 ./Middlewares/FreeRTOS/portable/cmsis_os2.o
                0x0000000008008100                osMessageQueueGetCount
 .text.osMessageQueueDelete
                0x0000000008008104        0x4 ./Middlewares/FreeRTOS/portable/cmsis_os2.o
                0x0000000008008104                osMessageQueueDelete
 .text.vApplicationGetIdleTaskMemory
                0x0000000008008108       0x18 ./Middlewares/FreeRTOS/portable/cmsis_os2.o
                0x0000000008008108                vApplicationGetIdleTaskMemory
 .text.vApplicationGetTimerTaskMemory
                0x0000000008008120       0x18 ./Middlewares/FreeRTOS/portable/cmsis_os2.o
                0x0000000008008120                vApplicationGetTimerTaskMemory
 .text.prvInsertBlockIntoFreeList
                0x0000000008008138       0x48 ./Middlewares/FreeRTOS/portable/heap_4.o
 .text.pvPortMalloc
                0x0000000008008180      0x124 ./Middlewares/FreeRTOS/portable/heap_4.o
                0x0000000008008180                pvPortMalloc
 .text.vPortFree
                0x00000000080082a4       0x7c ./Middlewares/FreeRTOS/portable/heap_4.o
                0x00000000080082a4                vPortFree
 .text.prvPortStartFirstTask
                0x0000000008008320       0x28 ./Middlewares/FreeRTOS/portable/port.o
 .text.vPortEnableVFP
                0x0000000008008348       0x14 ./Middlewares/FreeRTOS/portable/port.o
 .text.prvTaskExitError
                0x000000000800835c       0x40 ./Middlewares/FreeRTOS/portable/port.o
 .text.pxPortInitialiseStack
                0x000000000800839c       0x24 ./Middlewares/FreeRTOS/portable/port.o
                0x000000000800839c                pxPortInitialiseStack
 .text.SVC_Handler
                0x00000000080083c0       0x24 ./Middlewares/FreeRTOS/portable/port.o
                0x00000000080083c0                SVC_Handler
 .text.vPortEnterCritical
                0x00000000080083e4       0x44 ./Middlewares/FreeRTOS/portable/port.o
                0x00000000080083e4                vPortEnterCritical
 .text.vPortExitCritical
                0x0000000008008428       0x28 ./Middlewares/FreeRTOS/portable/port.o
                0x0000000008008428                vPortExitCritical
 .text.PendSV_Handler
                0x0000000008008450       0x64 ./Middlewares/FreeRTOS/portable/port.o
                0x0000000008008450                PendSV_Handler
 .text.xPortSysTickHandler
                0x00000000080084b4       0x2c ./Middlewares/FreeRTOS/portable/port.o
                0x00000000080084b4                xPortSysTickHandler
 .text.vPortSetupTimerInterrupt
                0x00000000080084e0       0x34 ./Middlewares/FreeRTOS/portable/port.o
                0x00000000080084e0                vPortSetupTimerInterrupt
 .text.xPortStartScheduler
                0x0000000008008514      0x104 ./Middlewares/FreeRTOS/portable/port.o
                0x0000000008008514                xPortStartScheduler
 .text.vPortValidateInterruptPriority
                0x0000000008008618       0x5c ./Middlewares/FreeRTOS/portable/port.o
                0x0000000008008618                vPortValidateInterruptPriority
 .text.netconn_apimsg
                0x0000000008008674       0x14 ./Middlewares/LwIP/Api/api_lib.o
 .text.netconn_close_shutdown
                0x0000000008008688       0x44 ./Middlewares/LwIP/Api/api_lib.o
 .text.netconn_new_with_proto_and_callback
                0x00000000080086cc       0xb4 ./Middlewares/LwIP/Api/api_lib.o
                0x00000000080086cc                netconn_new_with_proto_and_callback
 .text.netconn_prepare_delete
                0x0000000008008780       0x20 ./Middlewares/LwIP/Api/api_lib.o
                0x0000000008008780                netconn_prepare_delete
 .text.netconn_delete
                0x00000000080087a0       0x1c ./Middlewares/LwIP/Api/api_lib.o
                0x00000000080087a0                netconn_delete
 .text.netconn_bind
                0x00000000080087bc       0x4c ./Middlewares/LwIP/Api/api_lib.o
                0x00000000080087bc                netconn_bind
 .text.netconn_listen_with_backlog
                0x0000000008008808       0x3c ./Middlewares/LwIP/Api/api_lib.o
                0x0000000008008808                netconn_listen_with_backlog
 .text.netconn_write_vectors_partly
                0x0000000008008844       0xd8 ./Middlewares/LwIP/Api/api_lib.o
                0x0000000008008844                netconn_write_vectors_partly
 .text.netconn_write_partly
                0x000000000800891c       0x18 ./Middlewares/LwIP/Api/api_lib.o
                0x000000000800891c                netconn_write_partly
 .text.netconn_close
                0x0000000008008934        0x6 ./Middlewares/LwIP/Api/api_lib.o
                0x0000000008008934                netconn_close
 .text.netconn_err
                0x000000000800893a       0x1e ./Middlewares/LwIP/Api/api_lib.o
                0x000000000800893a                netconn_err
 .text.netconn_accept
                0x0000000008008958       0xb0 ./Middlewares/LwIP/Api/api_lib.o
                0x0000000008008958                netconn_accept
 .text.netconn_recv_data
                0x0000000008008a08       0xec ./Middlewares/LwIP/Api/api_lib.o
 .text.netconn_recv_data_tcp
                0x0000000008008af4       0xc4 ./Middlewares/LwIP/Api/api_lib.o
 .text.netconn_recv
                0x0000000008008bb8       0xa4 ./Middlewares/LwIP/Api/api_lib.o
                0x0000000008008bb8                netconn_recv
 .text.recv_udp
                0x0000000008008c5c       0xbc ./Middlewares/LwIP/Api/api_msg.o
 .text.setup_tcp
                0x0000000008008d18       0x44 ./Middlewares/LwIP/Api/api_msg.o
 .text.lwip_netconn_do_writemore
                0x0000000008008d5c      0x254 ./Middlewares/LwIP/Api/api_msg.o
 .text.lwip_netconn_do_close_internal
                0x0000000008008fb0      0x1e8 ./Middlewares/LwIP/Api/api_msg.o
 .text.poll_tcp
                0x0000000008009198       0x7c ./Middlewares/LwIP/Api/api_msg.o
 .text.recv_tcp
                0x0000000008009214       0xd0 ./Middlewares/LwIP/Api/api_msg.o
 .text.err_tcp  0x00000000080092e4      0x13c ./Middlewares/LwIP/Api/api_msg.o
 .text.sent_tcp
                0x0000000008009420       0x70 ./Middlewares/LwIP/Api/api_msg.o
 .text.lwip_netconn_is_err_msg
                0x0000000008009490       0x54 ./Middlewares/LwIP/Api/api_msg.o
                0x0000000008009490                lwip_netconn_is_err_msg
 .text.lwip_netconn_do_newconn
                0x00000000080094e4       0x60 ./Middlewares/LwIP/Api/api_msg.o
                0x00000000080094e4                lwip_netconn_do_newconn
 .text.netconn_alloc
                0x0000000008009544       0x84 ./Middlewares/LwIP/Api/api_msg.o
                0x0000000008009544                netconn_alloc
 .text.netconn_free
                0x00000000080095c8       0x78 ./Middlewares/LwIP/Api/api_msg.o
                0x00000000080095c8                netconn_free
 .text.netconn_drain
                0x0000000008009640       0x9e ./Middlewares/LwIP/Api/api_msg.o
 *fill*         0x00000000080096de        0x2 
 .text.accept_function
                0x00000000080096e0       0xf4 ./Middlewares/LwIP/Api/api_msg.o
 .text.lwip_netconn_do_delconn
                0x00000000080097d4      0x10c ./Middlewares/LwIP/Api/api_msg.o
                0x00000000080097d4                lwip_netconn_do_delconn
 .text.lwip_netconn_do_bind
                0x00000000080098e0       0x34 ./Middlewares/LwIP/Api/api_msg.o
                0x00000000080098e0                lwip_netconn_do_bind
 .text.lwip_netconn_do_listen
                0x0000000008009914       0xb8 ./Middlewares/LwIP/Api/api_msg.o
                0x0000000008009914                lwip_netconn_do_listen
 .text.lwip_netconn_do_recv
                0x00000000080099cc       0x36 ./Middlewares/LwIP/Api/api_msg.o
                0x00000000080099cc                lwip_netconn_do_recv
 *fill*         0x0000000008009a02        0x2 
 .text.lwip_netconn_do_write
                0x0000000008009a04       0xcc ./Middlewares/LwIP/Api/api_msg.o
                0x0000000008009a04                lwip_netconn_do_write
 .text.lwip_netconn_do_close
                0x0000000008009ad0       0xbc ./Middlewares/LwIP/Api/api_msg.o
                0x0000000008009ad0                lwip_netconn_do_close
 .text.netbuf_delete
                0x0000000008009b8c       0x22 ./Middlewares/LwIP/Api/netbuf.o
                0x0000000008009b8c                netbuf_delete
 *fill*         0x0000000008009bae        0x2 
 .text.netbuf_data
                0x0000000008009bb0       0x58 ./Middlewares/LwIP/Api/netbuf.o
                0x0000000008009bb0                netbuf_data
 .text.tcpip_thread
                0x0000000008009c08       0xd0 ./Middlewares/LwIP/Api/tcpip.o
 .text.tcpip_inpkt
                0x0000000008009cd8       0x58 ./Middlewares/LwIP/Api/tcpip.o
                0x0000000008009cd8                tcpip_inpkt
 .text.tcpip_input
                0x0000000008009d30       0x1c ./Middlewares/LwIP/Api/tcpip.o
                0x0000000008009d30                tcpip_input
 .text.tcpip_try_callback
                0x0000000008009d4c       0x58 ./Middlewares/LwIP/Api/tcpip.o
                0x0000000008009d4c                tcpip_try_callback
 .text.tcpip_send_msg_wait_sem
                0x0000000008009da4       0x20 ./Middlewares/LwIP/Api/tcpip.o
                0x0000000008009da4                tcpip_send_msg_wait_sem
 .text.tcpip_init
                0x0000000008009dc4       0x80 ./Middlewares/LwIP/Api/tcpip.o
                0x0000000008009dc4                tcpip_init
 .text.dhcp_set_state
                0x0000000008009e44       0x10 ./Middlewares/LwIP/Core/IPv4/dhcp.o
 .text.dhcp_option_short
                0x0000000008009e54       0x38 ./Middlewares/LwIP/Core/IPv4/dhcp.o
 .text.dhcp_option
                0x0000000008009e8c       0x3c ./Middlewares/LwIP/Core/IPv4/dhcp.o
 .text.dhcp_option_byte
                0x0000000008009ec8       0x30 ./Middlewares/LwIP/Core/IPv4/dhcp.o
 .text.dhcp_option_long
                0x0000000008009ef8       0x48 ./Middlewares/LwIP/Core/IPv4/dhcp.o
 .text.dhcp_create_msg
                0x0000000008009f40      0x128 ./Middlewares/LwIP/Core/IPv4/dhcp.o
 .text.dhcp_option_trailer
                0x000000000800a068       0x3c ./Middlewares/LwIP/Core/IPv4/dhcp.o
 .text.dhcp_reboot
                0x000000000800a0a4      0x108 ./Middlewares/LwIP/Core/IPv4/dhcp.o
 .text.dhcp_select
                0x000000000800a1ac      0x178 ./Middlewares/LwIP/Core/IPv4/dhcp.o
 .text.dhcp_discover
                0x000000000800a324       0xec ./Middlewares/LwIP/Core/IPv4/dhcp.o
 .text.dhcp_check
                0x000000000800a410       0x2a ./Middlewares/LwIP/Core/IPv4/dhcp.o
 *fill*         0x000000000800a43a        0x2 
 .text.dhcp_bind
                0x000000000800a43c      0x10c ./Middlewares/LwIP/Core/IPv4/dhcp.o
 .text.dhcp_inc_pcb_refcount
                0x000000000800a548       0x74 ./Middlewares/LwIP/Core/IPv4/dhcp.o
 .text.dhcp_handle_ack.isra.0
                0x000000000800a5bc       0x68 ./Middlewares/LwIP/Core/IPv4/dhcp.o
 .text.dhcp_dec_pcb_refcount
                0x000000000800a624       0x40 ./Middlewares/LwIP/Core/IPv4/dhcp.o
 .text.dhcp_recv
                0x000000000800a664      0x430 ./Middlewares/LwIP/Core/IPv4/dhcp.o
 .text.dhcp_network_changed
                0x000000000800aa94       0x58 ./Middlewares/LwIP/Core/IPv4/dhcp.o
                0x000000000800aa94                dhcp_network_changed
 .text.dhcp_arp_reply
                0x000000000800aaec       0xc0 ./Middlewares/LwIP/Core/IPv4/dhcp.o
                0x000000000800aaec                dhcp_arp_reply
 .text.dhcp_renew
                0x000000000800abac       0xe0 ./Middlewares/LwIP/Core/IPv4/dhcp.o
                0x000000000800abac                dhcp_renew
 .text.dhcp_supplied_address
                0x000000000800ac8c       0x1e ./Middlewares/LwIP/Core/IPv4/dhcp.o
                0x000000000800ac8c                dhcp_supplied_address
 *fill*         0x000000000800acaa        0x2 
 .text.dhcp_release_and_stop
                0x000000000800acac       0xbc ./Middlewares/LwIP/Core/IPv4/dhcp.o
                0x000000000800acac                dhcp_release_and_stop
 .text.dhcp_start
                0x000000000800ad68       0xa8 ./Middlewares/LwIP/Core/IPv4/dhcp.o
                0x000000000800ad68                dhcp_start
 .text.dhcp_coarse_tmr
                0x000000000800ae10      0x174 ./Middlewares/LwIP/Core/IPv4/dhcp.o
                0x000000000800ae10                dhcp_coarse_tmr
 .text.dhcp_fine_tmr
                0x000000000800af84       0x80 ./Middlewares/LwIP/Core/IPv4/dhcp.o
                0x000000000800af84                dhcp_fine_tmr
 .text.etharp_free_entry
                0x000000000800b004       0x28 ./Middlewares/LwIP/Core/IPv4/etharp.o
 .text.etharp_find_entry
                0x000000000800b02c      0x11c ./Middlewares/LwIP/Core/IPv4/etharp.o
 .text.etharp_raw
                0x000000000800b148       0xdc ./Middlewares/LwIP/Core/IPv4/etharp.o
 .text.etharp_cleanup_netif
                0x000000000800b224       0x28 ./Middlewares/LwIP/Core/IPv4/etharp.o
                0x000000000800b224                etharp_cleanup_netif
 .text.etharp_input
                0x000000000800b24c      0x154 ./Middlewares/LwIP/Core/IPv4/etharp.o
                0x000000000800b24c                etharp_input
 .text.etharp_request
                0x000000000800b3a0       0x2c ./Middlewares/LwIP/Core/IPv4/etharp.o
                0x000000000800b3a0                etharp_request
 .text.etharp_tmr
                0x000000000800b3cc       0x54 ./Middlewares/LwIP/Core/IPv4/etharp.o
                0x000000000800b3cc                etharp_tmr
 .text.etharp_output_to_arp_index
                0x000000000800b420       0xac ./Middlewares/LwIP/Core/IPv4/etharp.o
 .text.etharp_query
                0x000000000800b4cc      0x130 ./Middlewares/LwIP/Core/IPv4/etharp.o
                0x000000000800b4cc                etharp_query
 .text.etharp_output
                0x000000000800b5fc      0x134 ./Middlewares/LwIP/Core/IPv4/etharp.o
                0x000000000800b5fc                etharp_output
 .text.icmp_send_response.isra.0
                0x000000000800b730       0xa0 ./Middlewares/LwIP/Core/IPv4/icmp.o
 .text.icmp_input
                0x000000000800b7d0      0x144 ./Middlewares/LwIP/Core/IPv4/icmp.o
                0x000000000800b7d0                icmp_input
 .text.icmp_dest_unreach
                0x000000000800b914        0xa ./Middlewares/LwIP/Core/IPv4/icmp.o
                0x000000000800b914                icmp_dest_unreach
 .text.icmp_time_exceeded
                0x000000000800b91e        0xa ./Middlewares/LwIP/Core/IPv4/icmp.o
                0x000000000800b91e                icmp_time_exceeded
 .text.ip4_input_accept
                0x000000000800b928       0x34 ./Middlewares/LwIP/Core/IPv4/ip4.o
 .text.ip4_route
                0x000000000800b95c       0x5c ./Middlewares/LwIP/Core/IPv4/ip4.o
                0x000000000800b95c                ip4_route
 .text.ip4_input
                0x000000000800b9b8      0x188 ./Middlewares/LwIP/Core/IPv4/ip4.o
                0x000000000800b9b8                ip4_input
 .text.ip4_output_if_src
                0x000000000800bb40       0xf4 ./Middlewares/LwIP/Core/IPv4/ip4.o
                0x000000000800bb40                ip4_output_if_src
 .text.ip4_output_if
                0x000000000800bc34       0x22 ./Middlewares/LwIP/Core/IPv4/ip4.o
                0x000000000800bc34                ip4_output_if
 .text.ip4_addr_isbroadcast_u32
                0x000000000800bc56       0x36 ./Middlewares/LwIP/Core/IPv4/ip4_addr.o
                0x000000000800bc56                ip4_addr_isbroadcast_u32
 .text.ip4addr_ntoa_r
                0x000000000800bc8c       0x92 ./Middlewares/LwIP/Core/IPv4/ip4_addr.o
                0x000000000800bc8c                ip4addr_ntoa_r
 *fill*         0x000000000800bd1e        0x2 
 .text.ip4addr_ntoa
                0x000000000800bd20        0xc ./Middlewares/LwIP/Core/IPv4/ip4_addr.o
                0x000000000800bd20                ip4addr_ntoa
 .text.ip_reass_dequeue_datagram
                0x000000000800bd2c       0x44 ./Middlewares/LwIP/Core/IPv4/ip4_frag.o
 .text.ip_reass_free_complete_datagram
                0x000000000800bd70       0xe8 ./Middlewares/LwIP/Core/IPv4/ip4_frag.o
 .text.ip_reass_remove_oldest_datagram
                0x000000000800be58       0x78 ./Middlewares/LwIP/Core/IPv4/ip4_frag.o
 .text.ip_frag_free_pbuf_custom_ref
                0x000000000800bed0       0x2c ./Middlewares/LwIP/Core/IPv4/ip4_frag.o
 .text.ipfrag_free_pbuf_custom
                0x000000000800befc       0x34 ./Middlewares/LwIP/Core/IPv4/ip4_frag.o
 .text.ip_reass_tmr
                0x000000000800bf30       0x2c ./Middlewares/LwIP/Core/IPv4/ip4_frag.o
                0x000000000800bf30                ip_reass_tmr
 .text.ip4_reass
                0x000000000800bf5c      0x3b8 ./Middlewares/LwIP/Core/IPv4/ip4_frag.o
                0x000000000800bf5c                ip4_reass
 .text.ip4_frag
                0x000000000800c314      0x1d8 ./Middlewares/LwIP/Core/IPv4/ip4_frag.o
                0x000000000800c314                ip4_frag
 .text.lwip_htons
                0x000000000800c4ec        0x6 ./Middlewares/LwIP/Core/def.o
                0x000000000800c4ec                lwip_htons
 .text.lwip_htonl
                0x000000000800c4f2        0x4 ./Middlewares/LwIP/Core/def.o
                0x000000000800c4f2                lwip_htonl
 .text.lwip_standard_chksum
                0x000000000800c4f6       0x5a ./Middlewares/LwIP/Core/inet_chksum.o
                0x000000000800c4f6                lwip_standard_chksum
 .text.inet_chksum
                0x000000000800c550        0xc ./Middlewares/LwIP/Core/inet_chksum.o
                0x000000000800c550                inet_chksum
 .text.lwip_init
                0x000000000800c55c       0x22 ./Middlewares/LwIP/Core/init.o
                0x000000000800c55c                lwip_init
 *fill*         0x000000000800c57e        0x2 
 .text.mem_init
                0x000000000800c580       0x68 ./Middlewares/LwIP/Core/mem.o
                0x000000000800c580                mem_init
 .text.mem_free
                0x000000000800c5e8      0x1b4 ./Middlewares/LwIP/Core/mem.o
                0x000000000800c5e8                mem_free
 .text.mem_trim
                0x000000000800c79c      0x168 ./Middlewares/LwIP/Core/mem.o
                0x000000000800c79c                mem_trim
 .text.mem_malloc
                0x000000000800c904      0x15c ./Middlewares/LwIP/Core/mem.o
                0x000000000800c904                mem_malloc
 .text.do_memp_malloc_pool.isra.0
                0x000000000800ca60       0x3c ./Middlewares/LwIP/Core/memp.o
 .text.do_memp_free_pool.isra.0
                0x000000000800ca9c       0x38 ./Middlewares/LwIP/Core/memp.o
 .text.memp_init_pool
                0x000000000800cad4       0x26 ./Middlewares/LwIP/Core/memp.o
                0x000000000800cad4                memp_init_pool
 *fill*         0x000000000800cafa        0x2 
 .text.memp_init
                0x000000000800cafc       0x1c ./Middlewares/LwIP/Core/memp.o
                0x000000000800cafc                memp_init
 .text.memp_malloc_pool
                0x000000000800cb18       0x30 ./Middlewares/LwIP/Core/memp.o
                0x000000000800cb18                memp_malloc_pool
 .text.memp_malloc
                0x000000000800cb48       0x38 ./Middlewares/LwIP/Core/memp.o
                0x000000000800cb48                memp_malloc
 .text.memp_free_pool
                0x000000000800cb80       0x28 ./Middlewares/LwIP/Core/memp.o
                0x000000000800cb80                memp_free_pool
 .text.memp_free
                0x000000000800cba8       0x34 ./Middlewares/LwIP/Core/memp.o
                0x000000000800cba8                memp_free
 .text.netif_null_output_ip4
                0x000000000800cbdc        0x6 ./Middlewares/LwIP/Core/netif.o
 *fill*         0x000000000800cbe2        0x2 
 .text.netif_issue_reports
                0x000000000800cbe4       0x48 ./Middlewares/LwIP/Core/netif.o
 .text.netif_do_set_ipaddr
                0x000000000800cc2c       0x58 ./Middlewares/LwIP/Core/netif.o
 .text.netif_init
                0x000000000800cc84        0x2 ./Middlewares/LwIP/Core/netif.o
                0x000000000800cc84                netif_init
 *fill*         0x000000000800cc86        0x2 
 .text.netif_set_addr
                0x000000000800cc88       0x58 ./Middlewares/LwIP/Core/netif.o
                0x000000000800cc88                netif_set_addr
 .text.netif_add
                0x000000000800cce0      0x130 ./Middlewares/LwIP/Core/netif.o
                0x000000000800cce0                netif_add
 .text.netif_set_default
                0x000000000800ce10        0xc ./Middlewares/LwIP/Core/netif.o
                0x000000000800ce10                netif_set_default
 .text.netif_set_up
                0x000000000800ce1c       0x34 ./Middlewares/LwIP/Core/netif.o
                0x000000000800ce1c                netif_set_up
 .text.netif_set_down
                0x000000000800ce50       0x38 ./Middlewares/LwIP/Core/netif.o
                0x000000000800ce50                netif_set_down
 .text.netif_set_link_up
                0x000000000800ce88       0x50 ./Middlewares/LwIP/Core/netif.o
                0x000000000800ce88                netif_set_link_up
 .text.netif_set_link_down
                0x000000000800ced8       0x34 ./Middlewares/LwIP/Core/netif.o
                0x000000000800ced8                netif_set_link_down
 .text.netif_set_link_callback
                0x000000000800cf0c        0x6 ./Middlewares/LwIP/Core/netif.o
                0x000000000800cf0c                netif_set_link_callback
 *fill*         0x000000000800cf12        0x2 
 .text.netif_get_by_index
                0x000000000800cf14       0x24 ./Middlewares/LwIP/Core/netif.o
                0x000000000800cf14                netif_get_by_index
 .text.pbuf_free_ooseq_callback
                0x000000000800cf38       0x30 ./Middlewares/LwIP/Core/pbuf.o
 .text.pbuf_add_header_impl
                0x000000000800cf68       0x64 ./Middlewares/LwIP/Core/pbuf.o
 .text.pbuf_alloc_reference
                0x000000000800cfcc       0x48 ./Middlewares/LwIP/Core/pbuf.o
                0x000000000800cfcc                pbuf_alloc_reference
 .text.pbuf_alloced_custom
                0x000000000800d014       0x34 ./Middlewares/LwIP/Core/pbuf.o
                0x000000000800d014                pbuf_alloced_custom
 .text.pbuf_add_header
                0x000000000800d048        0x6 ./Middlewares/LwIP/Core/pbuf.o
                0x000000000800d048                pbuf_add_header
 *fill*         0x000000000800d04e        0x2 
 .text.pbuf_remove_header
                0x000000000800d050       0x58 ./Middlewares/LwIP/Core/pbuf.o
                0x000000000800d050                pbuf_remove_header
 .text.pbuf_header_force
                0x000000000800d0a8       0x10 ./Middlewares/LwIP/Core/pbuf.o
                0x000000000800d0a8                pbuf_header_force
 .text.pbuf_free
                0x000000000800d0b8       0xd0 ./Middlewares/LwIP/Core/pbuf.o
                0x000000000800d0b8                pbuf_free
 .text.pbuf_alloc
                0x000000000800d188      0x124 ./Middlewares/LwIP/Core/pbuf.o
                0x000000000800d188                pbuf_alloc
 .text.pbuf_realloc
                0x000000000800d2ac       0xb0 ./Middlewares/LwIP/Core/pbuf.o
                0x000000000800d2ac                pbuf_realloc
 .text.pbuf_clen
                0x000000000800d35c       0x10 ./Middlewares/LwIP/Core/pbuf.o
                0x000000000800d35c                pbuf_clen
 .text.pbuf_ref
                0x000000000800d36c       0x38 ./Middlewares/LwIP/Core/pbuf.o
                0x000000000800d36c                pbuf_ref
 .text.pbuf_cat
                0x000000000800d3a4       0x74 ./Middlewares/LwIP/Core/pbuf.o
                0x000000000800d3a4                pbuf_cat
 .text.pbuf_chain
                0x000000000800d418       0x12 ./Middlewares/LwIP/Core/pbuf.o
                0x000000000800d418                pbuf_chain
 *fill*         0x000000000800d42a        0x2 
 .text.pbuf_copy
                0x000000000800d42c      0x104 ./Middlewares/LwIP/Core/pbuf.o
                0x000000000800d42c                pbuf_copy
 .text.pbuf_copy_partial
                0x000000000800d530       0x8c ./Middlewares/LwIP/Core/pbuf.o
                0x000000000800d530                pbuf_copy_partial
 .text.pbuf_clone
                0x000000000800d5bc       0x38 ./Middlewares/LwIP/Core/pbuf.o
                0x000000000800d5bc                pbuf_clone
 .text.tcp_new_port
                0x000000000800d5f4       0x54 ./Middlewares/LwIP/Core/tcp.o
 .text.tcp_close_shutdown_fin
                0x000000000800d648       0x60 ./Middlewares/LwIP/Core/tcp.o
 .text.tcp_init
                0x000000000800d6a8       0x18 ./Middlewares/LwIP/Core/tcp.o
                0x000000000800d6a8                tcp_init
 .text.tcp_free
                0x000000000800d6c0       0x30 ./Middlewares/LwIP/Core/tcp.o
                0x000000000800d6c0                tcp_free
 .text.tcp_bind
                0x000000000800d6f0       0xac ./Middlewares/LwIP/Core/tcp.o
                0x000000000800d6f0                tcp_bind
 .text.tcp_listen_with_backlog_and_err
                0x000000000800d79c       0xcc ./Middlewares/LwIP/Core/tcp.o
                0x000000000800d79c                tcp_listen_with_backlog_and_err
 .text.tcp_update_rcv_ann_wnd
                0x000000000800d868       0x6c ./Middlewares/LwIP/Core/tcp.o
                0x000000000800d868                tcp_update_rcv_ann_wnd
 .text.tcp_recved
                0x000000000800d8d4       0x7c ./Middlewares/LwIP/Core/tcp.o
                0x000000000800d8d4                tcp_recved
 .text.tcp_seg_free
                0x000000000800d950       0x1c ./Middlewares/LwIP/Core/tcp.o
                0x000000000800d950                tcp_seg_free
 .text.tcp_segs_free
                0x000000000800d96c       0x10 ./Middlewares/LwIP/Core/tcp.o
                0x000000000800d96c                tcp_segs_free
 .text.tcp_seg_copy
                0x000000000800d97c       0x48 ./Middlewares/LwIP/Core/tcp.o
                0x000000000800d97c                tcp_seg_copy
 .text.tcp_arg  0x000000000800d9c4        0x6 ./Middlewares/LwIP/Core/tcp.o
                0x000000000800d9c4                tcp_arg
 *fill*         0x000000000800d9ca        0x2 
 .text.tcp_recv
                0x000000000800d9cc       0x30 ./Middlewares/LwIP/Core/tcp.o
                0x000000000800d9cc                tcp_recv
 .text.tcp_sent
                0x000000000800d9fc       0x30 ./Middlewares/LwIP/Core/tcp.o
                0x000000000800d9fc                tcp_sent
 .text.tcp_err  0x000000000800da2c       0x30 ./Middlewares/LwIP/Core/tcp.o
                0x000000000800da2c                tcp_err
 .text.tcp_accept
                0x000000000800da5c        0xc ./Middlewares/LwIP/Core/tcp.o
                0x000000000800da5c                tcp_accept
 .text.tcp_poll
                0x000000000800da68       0x48 ./Middlewares/LwIP/Core/tcp.o
                0x000000000800da68                tcp_poll
 .text.tcp_next_iss
                0x000000000800dab0       0x34 ./Middlewares/LwIP/Core/tcp.o
                0x000000000800dab0                tcp_next_iss
 .text.tcp_eff_send_mss_netif
                0x000000000800dae4       0x3c ./Middlewares/LwIP/Core/tcp.o
                0x000000000800dae4                tcp_eff_send_mss_netif
 .text.tcp_free_ooseq
                0x000000000800db20       0x12 ./Middlewares/LwIP/Core/tcp.o