dns.c:1024:1:dns_backupserver_available	0	static
dns.c:1000:1:dns_create_txid	8	static
dns.c:942:1:dns_call_found	32	static
dns.c:1137:1:dns_correct_response	16	static
dns.c:748:1:dns_send	48	static
dns.c:1047:1:dns_check_entry	16	static
dns.c:1124:1:dns_check_entries	8	static
dns.c:602:1:dns_lookup	24	static
dns.c:866:1:dns_alloc_random_port	8	static
dns.c:900:1:dns_alloc_pcb	8	static
dns.c:1375:1:dns_enqueue	32	static
dns.c:651:1:dns_compare_name	24	static
dns.c:708:1:dns_skip_name	16	static
dns.c:1170:1:dns_recv	64	static
dns.c:315:1:dns_init	0	static
dns.c:361:1:dns_setserver	0	static
dns.c:381:1:dns_getserver	0	static
dns.c:395:1:dns_tmr	8	static
dns.c:1547:1:dns_gethostbyname_addrtype	24	static
dns.c:1526:1:dns_gethostbyname	16	static
