ethernetif.c:566:9:ETH_PHY_IO_DeInit	0	static
ethernetif.c:609:9:ETH_PHY_IO_GetTick	0	static
ethernetif.c:549:9:ETH_PHY_IO_Init	8	static
ethernetif.c:578:9:ETH_PHY_IO_ReadReg	8	static
ethernetif.c:595:9:ETH_PHY_IO_WriteReg	8	static
ethernetif.c:352:6:ethernetif_input	40	static
ethernetif.c:279:14:low_level_output	64	static
ethernetif.c:426:6:pbuf_free_custom	8	static
ethernetif.c:389:7:ethernetif_init	160	static
ethernetif.c:444:7:sys_now	0	static
ethernetif.c:457:6:HAL_ETH_MspInit	64	static
ethernetif.c:513:6:HAL_ETH_RxCpltCallback	0	static
ethernetif.c:523:6:HAL_ETH_TxCpltCallback	0	static
ethernetif.c:533:6:HAL_ETH_ErrorCallback	8	static
ethernetif.c:619:6:ethernet_link_thread	136	static
ethernetif.c:682:6:HAL_ETH_RxAllocateCallback	16	static
ethernetif.c:702:6:HAL_ETH_RxLinkCallback	12	static,ignoring_inline_asm
ethernetif.c:738:6:HAL_ETH_TxFreeCallback	0	static
