stm32h7xx_hal_eth.c:2391:13:ETH_SetMACConfig	8	static
stm32h7xx_hal_eth.c:2468:13:ETH_SetDMAConfig	12	static
stm32h7xx_hal_eth.c:2510:13:ETH_MACDMAConfig	152	static
stm32h7xx_hal_eth.c:2634:13:ETH_DMATxDescListInit	8	static
stm32h7xx_hal_eth.c:2671:13:ETH_DMARxDescListInit	8	static
stm32h7xx_hal_eth.c:2716:17:ETH_Prepare_Tx_Descriptors	20	static
stm32h7xx_hal_eth.c:2583:13:ETH_MAC_MDIO_ClkConfig	16	static
stm32h7xx_hal_eth.c:434:13:HAL_ETH_MspInit	0	static
stm32h7xx_hal_eth.c:276:19:HAL_ETH_Init	24	static
stm32h7xx_hal_eth.c:449:13:HAL_ETH_MspDeInit	0	static
stm32h7xx_hal_eth.c:401:19:HAL_ETH_DeInit	8	static
stm32h7xx_hal_eth.c:690:19:HAL_ETH_DescAssignMemory	8	static
stm32h7xx_hal_eth.c:749:19:HAL_ETH_Start	0	static
stm32h7xx_hal_eth.c:790:19:HAL_ETH_Start_IT	4	static
stm32h7xx_hal_eth.c:853:19:HAL_ETH_Stop	0	static
stm32h7xx_hal_eth.c:893:19:HAL_ETH_Stop_IT	8	static
stm32h7xx_hal_eth.c:951:19:HAL_ETH_Transmit	24	static
stm32h7xx_hal_eth.c:1027:19:HAL_ETH_Transmit_IT	8	static
stm32h7xx_hal_eth.c:1066:9:HAL_ETH_IsRxDataAvailable	16	static
stm32h7xx_hal_eth.c:1196:19:HAL_ETH_GetRxDataBuffer	16	static
stm32h7xx_hal_eth.c:1293:19:HAL_ETH_GetRxDataLength	16	static
stm32h7xx_hal_eth.c:1325:19:HAL_ETH_GetRxDataInfo	16	static
stm32h7xx_hal_eth.c:1398:19:HAL_ETH_BuildRxDescriptors	8	static
stm32h7xx_hal_eth.c:1650:13:HAL_ETH_TxCpltCallback	0	static
stm32h7xx_hal_eth.c:1665:13:HAL_ETH_RxCpltCallback	0	static
stm32h7xx_hal_eth.c:1680:13:HAL_ETH_DMAErrorCallback	0	static
stm32h7xx_hal_eth.c:1695:13:HAL_ETH_MACErrorCallback	0	static
stm32h7xx_hal_eth.c:1710:13:HAL_ETH_PMTCallback	0	static
stm32h7xx_hal_eth.c:1725:13:HAL_ETH_EEECallback	0	static
stm32h7xx_hal_eth.c:1740:13:HAL_ETH_WakeUpCallback	0	static
stm32h7xx_hal_eth.c:1461:6:HAL_ETH_IRQHandler	8	static
stm32h7xx_hal_eth.c:1758:19:HAL_ETH_ReadPHYRegister	16	static
stm32h7xx_hal_eth.c:1812:19:HAL_ETH_WritePHYRegister	16	static
stm32h7xx_hal_eth.c:1883:19:HAL_ETH_GetMACConfig	0	static
stm32h7xx_hal_eth.c:1950:19:HAL_ETH_GetDMAConfig	0	static
stm32h7xx_hal_eth.c:1984:19:HAL_ETH_SetMACConfig	8	static
stm32h7xx_hal_eth.c:2011:19:HAL_ETH_SetDMAConfig	8	static
stm32h7xx_hal_eth.c:2036:6:HAL_ETH_SetMDIOClockRange	16	static
stm32h7xx_hal_eth.c:2088:19:HAL_ETH_SetMACFilterConfig	0	static
stm32h7xx_hal_eth.c:2122:19:HAL_ETH_GetMACFilterConfig	0	static
stm32h7xx_hal_eth.c:2156:19:HAL_ETH_SetSourceMACAddrMatch	8	static
stm32h7xx_hal_eth.c:2190:19:HAL_ETH_SetHashTable	0	static
stm32h7xx_hal_eth.c:2212:6:HAL_ETH_SetRxVLANIdentifier	4	static
stm32h7xx_hal_eth.c:2234:6:HAL_ETH_EnterPowerDownMode	0	static
stm32h7xx_hal_eth.c:2256:6:HAL_ETH_ExitPowerDownMode	0	static
stm32h7xx_hal_eth.c:2279:19:HAL_ETH_SetWakeUpFilter	8	static
stm32h7xx_hal_eth.c:2328:22:HAL_ETH_GetState	0	static
stm32h7xx_hal_eth.c:2345:10:HAL_ETH_GetError	0	static
stm32h7xx_hal_eth.c:2356:10:HAL_ETH_GetDMAError	0	static
stm32h7xx_hal_eth.c:2367:10:HAL_ETH_GetMACError	0	static
stm32h7xx_hal_eth.c:2378:10:HAL_ETH_GetMACWakeUpSource	0	static
