stm32h7xx_hal_rtc.c:669:13:HAL_RTC_MspInit	0	static
stm32h7xx_hal_rtc.c:684:13:HAL_RTC_MspDeInit	0	static
stm32h7xx_hal_rtc.c:1429:19:HAL_RTC_DeactivateAlarm	16	static
stm32h7xx_hal_rtc.c:1646:13:HAL_RTC_AlarmAEventCallback	0	static
stm32h7xx_hal_rtc.c:1584:6:HAL_RTC_AlarmIRQHandler	8	static
stm32h7xx_hal_rtc.c:1662:19:HAL_RTC_PollForAlarmAEvent	16	static
stm32h7xx_hal_rtc.c:1721:19:HAL_RTC_WaitForSynchro	16	static
stm32h7xx_hal_rtc.c:1765:21:HAL_RTC_GetState	0	static
stm32h7xx_hal_rtc.c:1789:19:RTC_EnterInitMode	16	static
stm32h7xx_hal_rtc.c:223:19:HAL_RTC_Init	16	static
stm32h7xx_hal_rtc.c:333:19:HAL_RTC_DeInit	16	static
stm32h7xx_hal_rtc.c:1819:9:RTC_ByteToBcd2	0	static
stm32h7xx_hal_rtc.c:722:19:HAL_RTC_SetTime	24	static
stm32h7xx_hal_rtc.c:900:19:HAL_RTC_SetDate	16	static
stm32h7xx_hal_rtc.c:1063:19:HAL_RTC_SetAlarm	24	static
stm32h7xx_hal_rtc.c:1245:19:HAL_RTC_SetAlarm_IT	24	static
stm32h7xx_hal_rtc.c:1838:9:RTC_Bcd2ToByte	0	static
stm32h7xx_hal_rtc.c:856:19:HAL_RTC_GetTime	16	static
stm32h7xx_hal_rtc.c:1009:19:HAL_RTC_GetDate	16	static
stm32h7xx_hal_rtc.c:1523:19:HAL_RTC_GetAlarm	8	static
