stm32h7xx_hal_hash_ex.c:143:19:HAL_HASHEx_SHA224_Start	16	static
stm32h7xx_hal_hash_ex.c:168:19:HAL_HASHEx_SHA224_Accumulate	8	static
stm32h7xx_hal_hash_ex.c:184:19:HAL_HASHEx_SHA256_Start	16	static
stm32h7xx_hal_hash_ex.c:209:19:HAL_HASHEx_SHA256_Accumulate	8	static
stm32h7xx_hal_hash_ex.c:248:19:HAL_HASHEx_SHA224_Start_IT	16	static
stm32h7xx_hal_hash_ex.c:263:19:HAL_HASHEx_SHA256_Start_IT	16	static
stm32h7xx_hal_hash_ex.c:314:19:HAL_HASHEx_SHA224_Start_DMA	8	static
stm32h7xx_hal_hash_ex.c:329:19:HAL_HASHEx_SHA224_Finish	8	static
stm32h7xx_hal_hash_ex.c:344:19:HAL_HASHEx_SHA256_Start_DMA	8	static
stm32h7xx_hal_hash_ex.c:359:19:HAL_HASHEx_SHA256_Finish	8	static
stm32h7xx_hal_hash_ex.c:401:19:HAL_HMACEx_SHA224_Start	16	static
stm32h7xx_hal_hash_ex.c:419:19:HAL_HMACEx_SHA256_Start	16	static
stm32h7xx_hal_hash_ex.c:461:19:HAL_HMACEx_SHA224_Start_IT	16	static
stm32h7xx_hal_hash_ex.c:478:19:HAL_HMACEx_SHA256_Start_IT	16	static
stm32h7xx_hal_hash_ex.c:535:19:HAL_HMACEx_SHA224_Start_DMA	8	static
stm32h7xx_hal_hash_ex.c:559:19:HAL_HMACEx_SHA256_Start_DMA	8	static
stm32h7xx_hal_hash_ex.c:635:19:HAL_HMACEx_MD5_Step1_2_DMA	8	static
stm32h7xx_hal_hash_ex.c:656:19:HAL_HMACEx_MD5_Step2_DMA	8	static
stm32h7xx_hal_hash_ex.c:682:19:HAL_HMACEx_MD5_Step2_3_DMA	8	static
stm32h7xx_hal_hash_ex.c:705:19:HAL_HMACEx_SHA1_Step1_2_DMA	8	static
stm32h7xx_hal_hash_ex.c:726:19:HAL_HMACEx_SHA1_Step2_DMA	8	static
stm32h7xx_hal_hash_ex.c:752:19:HAL_HMACEx_SHA1_Step2_3_DMA	8	static
stm32h7xx_hal_hash_ex.c:774:19:HAL_HMACEx_SHA224_Step1_2_DMA	8	static
stm32h7xx_hal_hash_ex.c:795:19:HAL_HMACEx_SHA224_Step2_DMA	8	static
stm32h7xx_hal_hash_ex.c:821:19:HAL_HMACEx_SHA224_Step2_3_DMA	8	static
stm32h7xx_hal_hash_ex.c:843:19:HAL_HMACEx_SHA256_Step1_2_DMA	8	static
stm32h7xx_hal_hash_ex.c:864:19:HAL_HMACEx_SHA256_Step2_DMA	8	static
stm32h7xx_hal_hash_ex.c:890:19:HAL_HMACEx_SHA256_Step2_3_DMA	8	static
