stm32h7xx_hal_rtc_ex.c:161:19:HAL_RTCEx_SetTimeStamp	8	static
stm32h7xx_hal_rtc_ex.c:217:19:HAL_RTCEx_SetTimeStamp_IT	8	static
stm32h7xx_hal_rtc_ex.c:270:19:HAL_RTCEx_DeactivateTimeStamp	4	static
stm32h7xx_hal_rtc_ex.c:309:19:HAL_RTCEx_SetInternalTimeStamp	0	static
stm32h7xx_hal_rtc_ex.c:341:19:HAL_RTCEx_DeactivateInternalTimeStamp	0	static
stm32h7xx_hal_rtc_ex.c:377:19:HAL_RTCEx_GetTimeStamp	16	static
stm32h7xx_hal_rtc_ex.c:431:19:HAL_RTCEx_SetTamper	8	static
stm32h7xx_hal_rtc_ex.c:572:19:HAL_RTCEx_SetTamper_IT	8	static
stm32h7xx_hal_rtc_ex.c:727:19:HAL_RTCEx_DeactivateTamper	4	static
stm32h7xx_hal_rtc_ex.c:867:13:HAL_RTCEx_TimeStampEventCallback	0	static
stm32h7xx_hal_rtc_ex.c:881:13:HAL_RTCEx_Tamper1EventCallback	0	static
stm32h7xx_hal_rtc_ex.c:895:13:HAL_RTCEx_Tamper2EventCallback	0	static
stm32h7xx_hal_rtc_ex.c:909:13:HAL_RTCEx_Tamper3EventCallback	0	static
stm32h7xx_hal_rtc_ex.c:768:6:HAL_RTCEx_TamperTimeStampIRQHandler	8	static
stm32h7xx_hal_rtc_ex.c:924:19:HAL_RTCEx_PollForTimeStampEvent	16	static
stm32h7xx_hal_rtc_ex.c:963:19:HAL_RTCEx_PollForTamper1Event	16	static
stm32h7xx_hal_rtc_ex.c:995:19:HAL_RTCEx_PollForTamper2Event	16	static
stm32h7xx_hal_rtc_ex.c:1027:19:HAL_RTCEx_PollForTamper3Event	16	static
stm32h7xx_hal_rtc_ex.c:1078:19:HAL_RTCEx_SetWakeUpTimer	24	static
stm32h7xx_hal_rtc_ex.c:1168:19:HAL_RTCEx_SetWakeUpTimer_IT	24	static
stm32h7xx_hal_rtc_ex.c:1268:19:HAL_RTCEx_DeactivateWakeUpTimer	16	static
stm32h7xx_hal_rtc_ex.c:1320:10:HAL_RTCEx_GetWakeUpTimer	0	static
stm32h7xx_hal_rtc_ex.c:1369:13:HAL_RTCEx_WakeUpTimerEventCallback	0	static
stm32h7xx_hal_rtc_ex.c:1331:6:HAL_RTCEx_WakeUpTimerIRQHandler	8	static
stm32h7xx_hal_rtc_ex.c:1385:19:HAL_RTCEx_PollForWakeUpTimerEvent	16	static
stm32h7xx_hal_rtc_ex.c:1449:6:HAL_RTCEx_BKUPWrite	0	static
stm32h7xx_hal_rtc_ex.c:1473:10:HAL_RTCEx_BKUPRead	0	static
stm32h7xx_hal_rtc_ex.c:1508:19:HAL_RTCEx_SetSmoothCalib	32	static
stm32h7xx_hal_rtc_ex.c:1576:19:HAL_RTCEx_SetSynchroShift	24	static
stm32h7xx_hal_rtc_ex.c:1669:19:HAL_RTCEx_SetCalibrationOutPut	4	static
stm32h7xx_hal_rtc_ex.c:1707:19:HAL_RTCEx_DeactivateCalibrationOutPut	0	static
stm32h7xx_hal_rtc_ex.c:1736:19:HAL_RTCEx_SetRefClock	8	static
stm32h7xx_hal_rtc_ex.c:1785:19:HAL_RTCEx_DeactivateRefClock	8	static
stm32h7xx_hal_rtc_ex.c:1836:19:HAL_RTCEx_EnableBypassShadow	0	static
stm32h7xx_hal_rtc_ex.c:1868:19:HAL_RTCEx_DisableBypassShadow	0	static
stm32h7xx_hal_rtc_ex.c:1917:13:HAL_RTCEx_AlarmBEventCallback	0	static
stm32h7xx_hal_rtc_ex.c:1933:19:HAL_RTCEx_PollForAlarmBEvent	16	static
