stm32h7xx_hal_sd.c:2967:13:SD_PowerOFF	8	static
stm32h7xx_hal_sd.c:3304:13:SD_Read_IT	16	static
stm32h7xx_hal_sd.c:3334:13:SD_Write_IT	24	static
stm32h7xx_hal_sd.c:2980:17:SD_SendSDStatus	48	static
stm32h7xx_hal_sd.c:3209:17:SD_FindSCR	56	static
stm32h7xx_hal_sd.c:3113:17:SD_WideBus_Enable	16	static
stm32h7xx_hal_sd.c:3160:17:SD_WideBus_Disable	16	static
stm32h7xx_hal_sd.c:3366:10:SD_HighSpeed	120	static
stm32h7xx_hal_sd.c:3086:17:SD_SendStatus	16	static
stm32h7xx_hal_sd.c:515:13:HAL_SD_MspInit	0	static
stm32h7xx_hal_sd.c:530:13:HAL_SD_MspDeInit	0	static
stm32h7xx_hal_sd.c:571:19:HAL_SD_ReadBlocks	56	static
stm32h7xx_hal_sd.c:756:19:HAL_SD_WriteBlocks	72	static
stm32h7xx_hal_sd.c:942:19:HAL_SD_ReadBlocks_IT	48	static
stm32h7xx_hal_sd.c:1045:19:HAL_SD_WriteBlocks_IT	48	static
stm32h7xx_hal_sd.c:1150:19:HAL_SD_ReadBlocks_DMA	56	static
stm32h7xx_hal_sd.c:1258:19:HAL_SD_WriteBlocks_DMA	56	static
stm32h7xx_hal_sd.c:1362:19:HAL_SD_Erase	24	static
stm32h7xx_hal_sd.c:1695:21:HAL_SD_GetState	0	static
stm32h7xx_hal_sd.c:1706:10:HAL_SD_GetError	0	static
stm32h7xx_hal_sd.c:1716:13:HAL_SD_TxCpltCallback	0	static
stm32h7xx_hal_sd.c:1731:13:HAL_SD_RxCpltCallback	0	static
stm32h7xx_hal_sd.c:1746:13:HAL_SD_ErrorCallback	0	static
stm32h7xx_hal_sd.c:1761:13:HAL_SD_AbortCallback	0	static
stm32h7xx_hal_sd.c:1777:14:HAL_SD_DriveTransceiver_1_8V_Callback	0	static
stm32h7xx_hal_sd.c:2804:17:SD_PowerON	32	static
stm32h7xx_hal_sd.c:461:19:HAL_SD_DeInit	8	static
stm32h7xx_hal_sd.c:3482:17:SD_UltraHighSpeed	120	static
stm32h7xx_hal_sd.c:3612:17:SD_DDR_Mode	120	static
stm32h7xx_hal_sd.c:2090:19:HAL_SD_GetCardCID	0	static
stm32h7xx_hal_sd.c:2123:19:HAL_SD_GetCardCSD	4	static
stm32h7xx_hal_sd.c:2715:17:SD_InitCard	56	static
stm32h7xx_hal_sd.c:403:19:HAL_SD_InitCard	48	static
stm32h7xx_hal_sd.c:2237:19:HAL_SD_GetCardStatus	80	static
stm32h7xx_hal_sd.c:2289:19:HAL_SD_GetCardInfo	0	static
stm32h7xx_hal_sd.c:2314:19:HAL_SD_ConfigWideBusOperation	48	static
stm32h7xx_hal_sd.c:2598:25:HAL_SD_GetCardState	16	static
stm32h7xx_hal_sd.c:284:19:HAL_SD_Init	40	static
stm32h7xx_hal_sd.c:2412:19:HAL_SD_ConfigSpeedBusOperation	16	static
stm32h7xx_hal_sd.c:2621:19:HAL_SD_Abort	8	static
stm32h7xx_hal_sd.c:2658:19:HAL_SD_Abort_IT	8	static
stm32h7xx_hal_sd.c:3741:13:HAL_SDEx_Read_DMADoubleBuf0CpltCallback	0	static
stm32h7xx_hal_sd.c:3756:13:HAL_SDEx_Read_DMADoubleBuf1CpltCallback	0	static
stm32h7xx_hal_sd.c:3771:13:HAL_SDEx_Write_DMADoubleBuf0CpltCallback	0	static
stm32h7xx_hal_sd.c:3786:13:HAL_SDEx_Write_DMADoubleBuf1CpltCallback	0	static
stm32h7xx_hal_sd.c:1464:6:HAL_SD_IRQHandler	16	static
