stm32h7xx_hal_flash.c:562:13:HAL_FLASH_EndOfOperationCallback	0	static
stm32h7xx_hal_flash.c:580:13:HAL_FLASH_OperationErrorCallback	0	static
stm32h7xx_hal_flash.c:320:6:HAL_FLASH_IRQHandler	8	static
stm32h7xx_hal_flash.c:613:19:HAL_FLASH_Unlock	0	static
stm32h7xx_hal_flash.c:648:19:HAL_FLASH_Lock	0	static
stm32h7xx_hal_flash.c:675:19:HAL_FLASH_OB_Unlock	0	static
stm32h7xx_hal_flash.c:697:19:HAL_FLASH_OB_Lock	0	static
stm32h7xx_hal_flash.c:791:10:HAL_FLASH_GetError	0	static
stm32h7xx_hal_flash.c:816:19:FLASH_WaitForLastOperation	24	static
stm32h7xx_hal_flash.c:145:19:HAL_FLASH_Program	16	static,ignoring_inline_asm
stm32h7xx_hal_flash.c:233:19:HAL_FLASH_Program_IT	24	static,ignoring_inline_asm
stm32h7xx_hal_flash.c:896:19:FLASH_OB_WaitForLastOperation	16	static
stm32h7xx_hal_flash.c:935:19:FLASH_CRC_WaitForLastOperation	24	static
stm32h7xx_hal_flash.c:715:19:HAL_FLASH_OB_Launch	8	static
