stm32h7xx_hal_mdma.c:1768:13:MDMA_SetConfig	12	static
stm32h7xx_hal_mdma.c:1822:13:MDMA_Init	0	static
stm32h7xx_hal_mdma.c:219:19:HAL_MDMA_Init	16	static
stm32h7xx_hal_mdma.c:295:19:HAL_MDMA_DeInit	0	static
stm32h7xx_hal_mdma.c:355:19:HAL_MDMA_ConfigPostRequestMask	8	static
stm32h7xx_hal_mdma.c:417:19:HAL_MDMA_RegisterCallback	0	static
stm32h7xx_hal_mdma.c:482:19:HAL_MDMA_UnRegisterCallback	0	static
stm32h7xx_hal_mdma.c:576:19:HAL_MDMA_LinkedList_CreateNode	0	static
stm32h7xx_hal_mdma.c:719:19:HAL_MDMA_LinkedList_AddNode	16	static
stm32h7xx_hal_mdma.c:852:19:HAL_MDMA_LinkedList_RemoveNode	12	static
stm32h7xx_hal_mdma.c:965:19:HAL_MDMA_LinkedList_EnableCircularMode	4	static
stm32h7xx_hal_mdma.c:1009:19:HAL_MDMA_LinkedList_DisableCircularMode	0	static
stm32h7xx_hal_mdma.c:1080:19:HAL_MDMA_Start	24	static
stm32h7xx_hal_mdma.c:1140:19:HAL_MDMA_Start_IT	24	static
stm32h7xx_hal_mdma.c:1223:19:HAL_MDMA_Abort	16	static
stm32h7xx_hal_mdma.c:1288:19:HAL_MDMA_Abort_IT	0	static
stm32h7xx_hal_mdma.c:1323:19:HAL_MDMA_PollForTransfer	32	static
stm32h7xx_hal_mdma.c:1470:19:HAL_MDMA_GenerateSWRequest	0	static
stm32h7xx_hal_mdma.c:1512:6:HAL_MDMA_IRQHandler	24	static
stm32h7xx_hal_mdma.c:1730:23:HAL_MDMA_GetState	0	static
stm32h7xx_hal_mdma.c:1741:10:HAL_MDMA_GetError	0	static
