stm32h7xx_hal_hsem.c:151:20:HAL_HSEM_Take	0	static
stm32h7xx_hal_hsem.c:188:19:HAL_HSEM_FastTake	0	static
stm32h7xx_hal_hsem.c:217:10:HAL_HSEM_IsSemTaken	0	static
stm32h7xx_hal_hsem.c:229:7:HAL_HSEM_Release	0	static
stm32h7xx_hal_hsem.c:246:6:HAL_HSEM_ReleaseAll	0	static
stm32h7xx_hal_hsem.c:278:7:HAL_HSEM_SetClearKey	0	static
stm32h7xx_hal_hsem.c:290:10:HAL_HSEM_GetClearKey	0	static
stm32h7xx_hal_hsem.c:317:6:HAL_HSEM_ActivateNotification	0	static
stm32h7xx_hal_hsem.c:341:6:HAL_HSEM_DeactivateNotification	0	static
stm32h7xx_hal_hsem.c:410:13:HAL_HSEM_FreeCallback	0	static
stm32h7xx_hal_hsem.c:364:6:HAL_HSEM_IRQHandler	8	static
