stm32h7xx_hal_cryp.c:2688:13:CRYP_SetKey	0	static
stm32h7xx_hal_cryp.c:1993:26:CRYP_AES_Encrypt_IT	8	static
stm32h7xx_hal_cryp.c:2117:26:CRYP_AES_Decrypt_IT	16	static
stm32h7xx_hal_cryp.c:2946:26:CRYP_AESGCM_Process_IT	16	static
stm32h7xx_hal_cryp.c:4099:26:CRYP_GCMCCM_SetHeaderPhase_DMA	16	static
stm32h7xx_hal_cryp.c:4241:13:CRYP_GCMCCM_SetHeaderPhase_IT	4	static
stm32h7xx_hal_cryp.c:4657:26:CRYP_WaitOnOFNEFlag	16	static
stm32h7xx_hal_cryp.c:4601:26:CRYP_WaitOnIFEMFlag	16	static
stm32h7xx_hal_cryp.c:4628:26:CRYP_WaitOnBUSYFlag	16	static
stm32h7xx_hal_cryp.c:3974:26:CRYP_GCMCCM_SetHeaderPhase	16	static
stm32h7xx_hal_cryp.c:3452:26:CRYP_AESCCM_Process_IT	16	static,ignoring_inline_asm
stm32h7xx_hal_cryp.c:515:19:HAL_CRYP_SetConfig	16	static
stm32h7xx_hal_cryp.c:584:19:HAL_CRYP_GetConfig	0	static
stm32h7xx_hal_cryp.c:636:13:HAL_CRYP_MspInit	0	static
stm32h7xx_hal_cryp.c:398:19:HAL_CRYP_Init	8	static
stm32h7xx_hal_cryp.c:652:13:HAL_CRYP_MspDeInit	0	static
stm32h7xx_hal_cryp.c:465:19:HAL_CRYP_DeInit	16	static
stm32h7xx_hal_cryp.c:1149:19:HAL_CRYP_Encrypt_IT	16	static
stm32h7xx_hal_cryp.c:1265:19:HAL_CRYP_Decrypt_IT	16	static
stm32h7xx_hal_cryp.c:1692:10:HAL_CRYP_GetError	0	static
stm32h7xx_hal_cryp.c:1703:23:HAL_CRYP_GetState	0	static
stm32h7xx_hal_cryp.c:1714:13:HAL_CRYP_InCpltCallback	0	static
stm32h7xx_hal_cryp.c:2275:13:CRYP_DMAInCplt	8	static
stm32h7xx_hal_cryp.c:1730:13:HAL_CRYP_OutCpltCallback	0	static
stm32h7xx_hal_cryp.c:3777:13:CRYP_GCMCCM_SetPayloadPhase_IT	16	static
stm32h7xx_hal_cryp.c:1746:13:HAL_CRYP_ErrorCallback	0	static
stm32h7xx_hal_cryp.c:1771:26:CRYP_TDES_Process	16	static
stm32h7xx_hal_cryp.c:2512:13:CRYP_AES_ProcessData	8	static
stm32h7xx_hal_cryp.c:1945:26:CRYP_AES_Encrypt	16	static
stm32h7xx_hal_cryp.c:2037:26:CRYP_AES_Decrypt	16	static
stm32h7xx_hal_cryp.c:4311:13:CRYP_Workaround	72	static
stm32h7xx_hal_cryp.c:2729:26:CRYP_AESGCM_Process	32	static
stm32h7xx_hal_cryp.c:3196:26:CRYP_AESCCM_Process	32	static,ignoring_inline_asm
stm32h7xx_hal_cryp.c:889:19:HAL_CRYP_Encrypt	16	static
stm32h7xx_hal_cryp.c:1019:19:HAL_CRYP_Decrypt	16	static
stm32h7xx_hal_cryp.c:2453:13:CRYP_SetDMAConfig	16	static
stm32h7xx_hal_cryp.c:2195:26:CRYP_AES_Decrypt_DMA	16	static
stm32h7xx_hal_cryp.c:2298:13:CRYP_DMAOutCplt	16	static
stm32h7xx_hal_cryp.c:2424:13:CRYP_DMAError	8	static
stm32h7xx_hal_cryp.c:3011:26:CRYP_AESGCM_Process_DMA	32	static
stm32h7xx_hal_cryp.c:3554:26:CRYP_AESCCM_Process_DMA	32	static,ignoring_inline_asm
stm32h7xx_hal_cryp.c:1384:19:HAL_CRYP_Encrypt_DMA	16	static
stm32h7xx_hal_cryp.c:1516:19:HAL_CRYP_Decrypt_DMA	16	static
stm32h7xx_hal_cryp.c:1852:13:CRYP_TDES_IT	8	static
stm32h7xx_hal_cryp.c:2584:13:CRYP_AES_IT	8	static
stm32h7xx_hal_cryp.c:1652:6:HAL_CRYP_IRQHandler	8	static
