stm32h7xx_hal.c:196:13:HAL_MspInit	0	static
stm32h7xx_hal.c:207:13:HAL_MspDeInit	0	static
stm32h7xx_hal.c:155:19:HAL_DeInit	8	static
stm32h7xx_hal.c:230:26:HAL_InitTick	8	static
stm32h7xx_hal.c:126:19:HAL_Init	8	static
stm32h7xx_hal.c:316:13:HAL_IncTick	0	static
stm32h7xx_hal.c:327:17:HAL_GetTick	0	static
stm32h7xx_hal.c:336:10:HAL_GetTickPrio	0	static
stm32h7xx_hal.c:345:19:HAL_SetTickFreq	8	static
stm32h7xx_hal.c:365:21:HAL_GetTickFreq	0	static
stm32h7xx_hal.c:381:13:HAL_Delay	16	static
stm32h7xx_hal.c:407:13:HAL_SuspendTick	0	static
stm32h7xx_hal.c:423:13:HAL_ResumeTick	0	static
stm32h7xx_hal.c:433:10:HAL_GetHalVersion	0	static
stm32h7xx_hal.c:442:10:HAL_GetREVID	0	static
stm32h7xx_hal.c:451:10:HAL_GetDEVID	0	static
stm32h7xx_hal.c:470:6:HAL_SYSCFG_VREFBUF_VoltageScalingConfig	0	static
stm32h7xx_hal.c:486:6:HAL_SYSCFG_VREFBUF_HighImpedanceConfig	0	static
stm32h7xx_hal.c:498:6:HAL_SYSCFG_VREFBUF_TrimmingConfig	0	static
stm32h7xx_hal.c:510:19:HAL_SYSCFG_EnableVREFBUF	8	static
stm32h7xx_hal.c:536:6:HAL_SYSCFG_DisableVREFBUF	0	static
stm32h7xx_hal.c:549:6:HAL_SYSCFG_ETHInterfaceSelect	0	static
stm32h7xx_hal.c:579:6:HAL_SYSCFG_AnalogSwitchConfig	0	static
stm32h7xx_hal.c:597:6:HAL_SYSCFG_EnableBOOST	0	static
stm32h7xx_hal.c:609:6:HAL_SYSCFG_DisableBOOST	0	static
stm32h7xx_hal.c:624:6:HAL_SYSCFG_CM7BootAddConfig	0	static
stm32h7xx_hal.c:724:6:HAL_EnableCompensationCell	0	static
stm32h7xx_hal.c:735:6:HAL_DisableCompensationCell	0	static
stm32h7xx_hal.c:748:6:HAL_SYSCFG_EnableIOSpeedOptimize	0	static
stm32h7xx_hal.c:760:6:HAL_SYSCFG_DisableIOSpeedOptimize	0	static
stm32h7xx_hal.c:773:6:HAL_SYSCFG_CompensationCodeSelect	0	static
stm32h7xx_hal.c:790:6:HAL_SYSCFG_CompensationCodeConfig	0	static
stm32h7xx_hal.c:803:6:HAL_DBGMCU_EnableDBGSleepMode	0	static
stm32h7xx_hal.c:812:6:HAL_DBGMCU_DisableDBGSleepMode	0	static
stm32h7xx_hal.c:821:6:HAL_DBGMCU_EnableDBGStopMode	0	static
stm32h7xx_hal.c:830:6:HAL_DBGMCU_DisableDBGStopMode	0	static
stm32h7xx_hal.c:839:6:HAL_DBGMCU_EnableDBGStandbyMode	0	static
stm32h7xx_hal.c:848:6:HAL_DBGMCU_DisableDBGStandbyMode	0	static
stm32h7xx_hal.c:914:6:HAL_EnableDomain3DBGStopMode	0	static
stm32h7xx_hal.c:923:6:HAL_DisableDomain3DBGStopMode	0	static
stm32h7xx_hal.c:932:6:HAL_EnableDomain3DBGStandbyMode	0	static
stm32h7xx_hal.c:941:6:HAL_DisableDomain3DBGStandbyMode	0	static
stm32h7xx_hal.c:952:6:HAL_SetFMCMemorySwappingConfig	0	static
stm32h7xx_hal.c:964:10:HAL_GetFMCMemorySwappingConfig	0	static
stm32h7xx_hal.c:981:6:HAL_EXTI_EdgeConfig	12	static
stm32h7xx_hal.c:1007:6:HAL_EXTI_GenerateSWInterrupt	4	static
stm32h7xx_hal.c:1022:6:HAL_EXTI_D1_ClearFlag	4	static
stm32h7xx_hal.c:1057:6:HAL_EXTI_D1_EventInputConfig	12	static
stm32h7xx_hal.c:1151:6:HAL_EXTI_D3_EventInputConfig	12	static
