stm32h7xx_ll_sdmmc.c:1201:17:SDMMC_GetCmdError	0	static
stm32h7xx_ll_sdmmc.c:1363:17:SDMMC_GetCmdResp2	0	static
stm32h7xx_ll_sdmmc.c:1407:17:SDMMC_GetCmdResp3	0	static
stm32h7xx_ll_sdmmc.c:1520:17:SDMMC_GetCmdResp7	0	static
stm32h7xx_ll_sdmmc.c:205:19:SDMMC_Init	4	static
stm32h7xx_ll_sdmmc.c:256:10:SDMMC_ReadFIFO	0	static
stm32h7xx_ll_sdmmc.c:268:19:SDMMC_WriteFIFO	0	static
stm32h7xx_ll_sdmmc.c:300:19:SDMMC_PowerState_ON	8	static
stm32h7xx_ll_sdmmc.c:317:19:SDMMC_PowerState_Cycle	0	static
stm32h7xx_ll_sdmmc.c:330:19:SDMMC_PowerState_OFF	0	static
stm32h7xx_ll_sdmmc.c:347:10:SDMMC_GetPowerState	0	static
stm32h7xx_ll_sdmmc.c:360:19:SDMMC_SendCommand	0	static
stm32h7xx_ll_sdmmc.c:390:9:SDMMC_GetCommandResponse	0	static
stm32h7xx_ll_sdmmc.c:407:10:SDMMC_GetResponse	0	static
stm32h7xx_ll_sdmmc.c:1228:17:SDMMC_GetCmdResp1	16	static
stm32h7xx_ll_sdmmc.c:1447:17:SDMMC_GetCmdResp6	24	static
stm32h7xx_ll_sdmmc.c:428:19:SDMMC_ConfigData	0	static
stm32h7xx_ll_sdmmc.c:463:10:SDMMC_GetDataCounter	0	static
stm32h7xx_ll_sdmmc.c:473:10:SDMMC_GetFIFOCount	0	static
stm32h7xx_ll_sdmmc.c:487:19:SDMMC_SetSDMMCReadWaitMode	0	static
stm32h7xx_ll_sdmmc.c:522:10:SDMMC_CmdBlockLength	40	static
stm32h7xx_ll_sdmmc.c:546:10:SDMMC_CmdReadSingleBlock	40	static
stm32h7xx_ll_sdmmc.c:570:10:SDMMC_CmdReadMultiBlock	40	static
stm32h7xx_ll_sdmmc.c:594:10:SDMMC_CmdWriteSingleBlock	40	static
stm32h7xx_ll_sdmmc.c:618:10:SDMMC_CmdWriteMultiBlock	40	static
stm32h7xx_ll_sdmmc.c:642:10:SDMMC_CmdSDEraseStartAdd	40	static
stm32h7xx_ll_sdmmc.c:666:10:SDMMC_CmdSDEraseEndAdd	40	static
stm32h7xx_ll_sdmmc.c:690:10:SDMMC_CmdEraseStartAdd	40	static
stm32h7xx_ll_sdmmc.c:714:10:SDMMC_CmdEraseEndAdd	40	static
stm32h7xx_ll_sdmmc.c:738:10:SDMMC_CmdErase	40	static
stm32h7xx_ll_sdmmc.c:762:10:SDMMC_CmdStopTransfer	40	static
stm32h7xx_ll_sdmmc.c:793:10:SDMMC_CmdSelDesel	40	static
stm32h7xx_ll_sdmmc.c:817:10:SDMMC_CmdGoIdleState	32	static
stm32h7xx_ll_sdmmc.c:840:10:SDMMC_CmdOperCond	32	static
stm32h7xx_ll_sdmmc.c:871:10:SDMMC_CmdAppCommand	40	static
stm32h7xx_ll_sdmmc.c:899:10:SDMMC_CmdAppOperCommand	32	static
stm32h7xx_ll_sdmmc.c:923:10:SDMMC_CmdBusWidth	40	static
stm32h7xx_ll_sdmmc.c:946:10:SDMMC_CmdSendSCR	40	static
stm32h7xx_ll_sdmmc.c:970:10:SDMMC_CmdSendCID	32	static
stm32h7xx_ll_sdmmc.c:995:10:SDMMC_CmdSendCSD	32	static
stm32h7xx_ll_sdmmc.c:1020:10:SDMMC_CmdSetRelAdd	40	static
stm32h7xx_ll_sdmmc.c:1045:10:SDMMC_CmdSendStatus	40	static
stm32h7xx_ll_sdmmc.c:1068:10:SDMMC_CmdStatusRegister	40	static
stm32h7xx_ll_sdmmc.c:1093:10:SDMMC_CmdOpCondition	32	static
stm32h7xx_ll_sdmmc.c:1117:10:SDMMC_CmdSwitch	40	static
stm32h7xx_ll_sdmmc.c:1143:10:SDMMC_CmdVoltageSwitch	40	static
stm32h7xx_ll_sdmmc.c:1167:10:SDMMC_CmdSendEXTCSD	40	static
