stm32h7xx_hal_hash.c:1992:17:HASH_Write_Block_Data	8	static
stm32h7xx_hal_hash.c:1719:13:HASH_GetDigest	0	static
stm32h7xx_hal_hash.c:1793:26:HASH_WaitOnFlagUntilTimeout	24	static
stm32h7xx_hal_hash.c:1647:26:HASH_WriteData	32	static
stm32h7xx_hal_hash.c:2077:26:HMAC_Processing	16	static
stm32h7xx_hal_hash.c:413:13:HAL_HASH_MspInit	0	static
stm32h7xx_hal_hash.c:285:19:HAL_HASH_Init	16	static
stm32h7xx_hal_hash.c:428:13:HAL_HASH_MspDeInit	0	static
stm32h7xx_hal_hash.c:360:19:HAL_HASH_DeInit	16	static
stm32h7xx_hal_hash.c:449:13:HAL_HASH_InCpltCallback	0	static
stm32h7xx_hal_hash.c:1473:13:HASH_DMAXferCplt	16	static
stm32h7xx_hal_hash.c:466:13:HAL_HASH_DgstCpltCallback	0	static
stm32h7xx_hal_hash.c:1855:26:HASH_IT	16	static
stm32h7xx_hal_hash.c:483:13:HAL_HASH_ErrorCallback	0	static
stm32h7xx_hal_hash.c:1613:13:HASH_DMAError	8	static
stm32h7xx_hal_hash.c:854:6:HAL_HASH_IRQHandler	8	static
stm32h7xx_hal_hash.c:1200:23:HAL_HASH_GetState	0	static
stm32h7xx_hal_hash.c:1213:19:HAL_HASH_GetStatus	0	static
stm32h7xx_hal_hash.c:1231:6:HAL_HASH_ContextSaving	0	static
stm32h7xx_hal_hash.c:1271:6:HAL_HASH_ContextRestoring	0	static
stm32h7xx_hal_hash.c:1314:6:HAL_HASH_SwFeed_ProcessSuspend	0	static
stm32h7xx_hal_hash.c:1329:19:HAL_HASH_DMAFeed_ProcessSuspend	16	static
stm32h7xx_hal_hash.c:1448:10:HAL_HASH_GetError	0	static
stm32h7xx_hal_hash.c:2241:19:HASH_Start	24	static
stm32h7xx_hal_hash.c:714:19:HAL_HASH_MD5_Start	16	static
stm32h7xx_hal_hash.c:755:19:HAL_HASH_SHA1_Start	16	static
stm32h7xx_hal_hash.c:2374:19:HASH_Accumulate	16	static
stm32h7xx_hal_hash.c:739:19:HAL_HASH_MD5_Accumulate	8	static
stm32h7xx_hal_hash.c:780:19:HAL_HASH_SHA1_Accumulate	8	static
stm32h7xx_hal_hash.c:2472:19:HASH_Start_IT	12	static
stm32h7xx_hal_hash.c:824:19:HAL_HASH_MD5_Start_IT	16	static
stm32h7xx_hal_hash.c:840:19:HAL_HASH_SHA1_Start_IT	16	static
stm32h7xx_hal_hash.c:2552:19:HASH_Start_DMA	16	static
stm32h7xx_hal_hash.c:912:19:HAL_HASH_MD5_Start_DMA	8	static
stm32h7xx_hal_hash.c:942:19:HAL_HASH_SHA1_Start_DMA	8	static
stm32h7xx_hal_hash.c:2671:19:HASH_Finish	16	static
stm32h7xx_hal_hash.c:927:19:HAL_HASH_MD5_Finish	8	static
stm32h7xx_hal_hash.c:958:19:HAL_HASH_SHA1_Finish	8	static
stm32h7xx_hal_hash.c:2729:19:HMAC_Start	16	static
stm32h7xx_hal_hash.c:999:19:HAL_HMAC_MD5_Start	16	static
stm32h7xx_hal_hash.c:1017:19:HAL_HMAC_SHA1_Start	16	static
stm32h7xx_hal_hash.c:2799:19:HMAC_Start_IT	12	static
stm32h7xx_hal_hash.c:1058:19:HAL_HMAC_MD5_Start_IT	16	static
stm32h7xx_hal_hash.c:1075:19:HAL_HMAC_SHA1_Start_IT	16	static
stm32h7xx_hal_hash.c:2906:19:HMAC_Start_DMA	16	static
stm32h7xx_hal_hash.c:1128:19:HAL_HMAC_MD5_Start_DMA	8	static
stm32h7xx_hal_hash.c:1153:19:HAL_HMAC_SHA1_Start_DMA	8	static
