stm32h7xx_hal_pwr_ex.c:234:19:HAL_PWREx_ConfigSupply	8	static
stm32h7xx_hal_pwr_ex.c:274:11:HAL_PWREx_GetSupplyConfig	0	static
stm32h7xx_hal_pwr_ex.c:296:19:HAL_PWREx_ControlVoltageScaling	8	static
stm32h7xx_hal_pwr_ex.c:325:11:HAL_PWREx_GetVoltageRange	0	static
stm32h7xx_hal_pwr_ex.c:346:19:HAL_PWREx_ControlStopModeVoltageScaling	0	static
stm32h7xx_hal_pwr_ex.c:360:11:HAL_PWREx_GetStopModeVoltageRange	0	static
stm32h7xx_hal_pwr_ex.c:527:6:HAL_PWREx_EnterSTOPMode	4	static,ignoring_inline_asm
stm32h7xx_hal_pwr_ex.c:624:6:HAL_PWREx_ClearPendingEvent	0	static,ignoring_inline_asm
stm32h7xx_hal_pwr_ex.c:662:6:HAL_PWREx_EnterSTANDBYMode	0	static,ignoring_inline_asm
stm32h7xx_hal_pwr_ex.c:734:6:HAL_PWREx_ConfigD3Domain	0	static
stm32h7xx_hal_pwr_ex.c:856:6:HAL_PWREx_EnableFlashPowerDown	0	static
stm32h7xx_hal_pwr_ex.c:866:6:HAL_PWREx_DisableFlashPowerDown	0	static
stm32h7xx_hal_pwr_ex.c:878:6:HAL_PWREx_EnableWakeUpPin	4	static,ignoring_inline_asm
stm32h7xx_hal_pwr_ex.c:918:6:HAL_PWREx_DisableWakeUpPin	0	static
stm32h7xx_hal_pwr_ex.c:939:11:HAL_PWREx_GetWakeupFlag	0	static
stm32h7xx_hal_pwr_ex.c:959:19:HAL_PWREx_ClearWakeupFlag	0	static
stm32h7xx_hal_pwr_ex.c:1036:13:HAL_PWREx_WKUP1_Callback	0	static
stm32h7xx_hal_pwr_ex.c:1047:13:HAL_PWREx_WKUP2_Callback	0	static
stm32h7xx_hal_pwr_ex.c:1058:13:HAL_PWREx_WKUP3_Callback	0	static
stm32h7xx_hal_pwr_ex.c:1069:13:HAL_PWREx_WKUP4_Callback	0	static
stm32h7xx_hal_pwr_ex.c:1080:13:HAL_PWREx_WKUP5_Callback	0	static
stm32h7xx_hal_pwr_ex.c:1091:13:HAL_PWREx_WKUP6_Callback	0	static
stm32h7xx_hal_pwr_ex.c:979:6:HAL_PWREx_WAKEUP_PIN_IRQHandler	8	static
stm32h7xx_hal_pwr_ex.c:1176:19:HAL_PWREx_EnableBkUpReg	8	static
stm32h7xx_hal_pwr_ex.c:1201:19:HAL_PWREx_DisableBkUpReg	8	static
stm32h7xx_hal_pwr_ex.c:1226:19:HAL_PWREx_EnableUSBReg	8	static
stm32h7xx_hal_pwr_ex.c:1252:19:HAL_PWREx_DisableUSBReg	8	static
stm32h7xx_hal_pwr_ex.c:1277:6:HAL_PWREx_EnableUSBVoltageDetector	0	static
stm32h7xx_hal_pwr_ex.c:1287:6:HAL_PWREx_DisableUSBVoltageDetector	0	static
stm32h7xx_hal_pwr_ex.c:1303:6:HAL_PWREx_EnableBatteryCharging	0	static
stm32h7xx_hal_pwr_ex.c:1319:6:HAL_PWREx_DisableBatteryCharging	0	static
stm32h7xx_hal_pwr_ex.c:1375:6:HAL_PWREx_EnableMonitoring	0	static
stm32h7xx_hal_pwr_ex.c:1385:6:HAL_PWREx_DisableMonitoring	0	static
stm32h7xx_hal_pwr_ex.c:1395:10:HAL_PWREx_GetTemperatureLevel	0	static
stm32h7xx_hal_pwr_ex.c:1424:10:HAL_PWREx_GetVBATLevel	0	static
stm32h7xx_hal_pwr_ex.c:1457:6:HAL_PWREx_ConfigAVD	0	static
stm32h7xx_hal_pwr_ex.c:1503:6:HAL_PWREx_EnableAVD	0	static
stm32h7xx_hal_pwr_ex.c:1513:6:HAL_PWREx_DisableAVD	0	static
stm32h7xx_hal_pwr_ex.c:1619:13:HAL_PWREx_AVDCallback	0	static
stm32h7xx_hal_pwr_ex.c:1524:6:HAL_PWREx_PVD_AVD_IRQHandler	8	static
