stm32h7xx_hal_rcc_ex.c:2662:26:RCCEx_PLL2_Config	16	static
stm32h7xx_hal_rcc_ex.c:2767:26:RCCEx_PLL3_Config	16	static
stm32h7xx_hal_rcc_ex.c:107:19:HAL_RCCEx_PeriphCLKConfig	24	static
stm32h7xx_hal_rcc_ex.c:1364:6:HAL_RCCEx_GetPeriphCLKConfig	0	static
stm32h7xx_hal_rcc_ex.c:1933:10:HAL_RCCEx_GetD1PCLK1Freq	8	static
stm32h7xx_hal_rcc_ex.c:1945:10:HAL_RCCEx_GetD3PCLK1Freq	8	static
stm32h7xx_hal_rcc_ex.c:1964:6:HAL_RCCEx_GetPLL2ClockFreq	8	static
stm32h7xx_hal_rcc_ex.c:2033:6:HAL_RCCEx_GetPLL3ClockFreq	8	static
stm32h7xx_hal_rcc_ex.c:2101:6:HAL_RCCEx_GetPLL1ClockFreq	8	static
stm32h7xx_hal_rcc_ex.c:1485:10:HAL_RCCEx_GetPeriphCLKFreq	48	static
stm32h7xx_hal_rcc_ex.c:2162:10:HAL_RCCEx_GetD1SysClockFreq	8	static
stm32h7xx_hal_rcc_ex.c:2175:6:HAL_RCCEx_EnableLSECSS	0	static
stm32h7xx_hal_rcc_ex.c:2185:6:HAL_RCCEx_DisableLSECSS	0	static
stm32h7xx_hal_rcc_ex.c:2202:6:HAL_RCCEx_WakeUpStopCLKConfig	0	static
stm32h7xx_hal_rcc_ex.c:2217:6:HAL_RCCEx_KerWakeUpStopCLKConfig	0	static
stm32h7xx_hal_rcc_ex.c:2271:6:HAL_RCCEx_WWDGxSysResetConfig	0	static
stm32h7xx_hal_rcc_ex.c:2349:6:HAL_RCCEx_CRSConfig	8	static
stm32h7xx_hal_rcc_ex.c:2399:6:HAL_RCCEx_CRSSoftwareSynchronizationGenerate	0	static
stm32h7xx_hal_rcc_ex.c:2409:6:HAL_RCCEx_CRSGetSynchronizationInfo	0	static
stm32h7xx_hal_rcc_ex.c:2442:10:HAL_RCCEx_CRSWaitSynchronization	16	static
stm32h7xx_hal_rcc_ex.c:2590:13:HAL_RCCEx_CRS_SyncOkCallback	0	static
stm32h7xx_hal_rcc_ex.c:2601:13:HAL_RCCEx_CRS_SyncWarnCallback	0	static
stm32h7xx_hal_rcc_ex.c:2612:13:HAL_RCCEx_CRS_ExpectedSyncCallback	0	static
stm32h7xx_hal_rcc_ex.c:2628:13:HAL_RCCEx_CRS_ErrorCallback	0	static
stm32h7xx_hal_rcc_ex.c:2525:6:HAL_RCCEx_CRS_IRQHandler	8	static
