stm32h7xx_hal_flash_ex.c:749:13:FLASH_MassErase	0	static
stm32h7xx_hal_flash_ex.c:852:13:FLASH_OB_EnableWRP	4	static
stm32h7xx_hal_flash_ex.c:885:13:FLASH_OB_DisableWRP	4	static
stm32h7xx_hal_flash_ex.c:922:13:FLASH_OB_GetWRP	0	static
stm32h7xx_hal_flash_ex.c:966:13:FLASH_OB_RDPConfig	0	static
stm32h7xx_hal_flash_ex.c:983:17:FLASH_OB_GetRDP	0	static
stm32h7xx_hal_flash_ex.c:1039:13:FLASH_OB_UserConfig	4	static
stm32h7xx_hal_flash_ex.c:1210:17:FLASH_OB_GetUser	0	static
stm32h7xx_hal_flash_ex.c:1244:13:FLASH_OB_PCROPConfig	8	static
stm32h7xx_hal_flash_ex.c:1291:13:FLASH_OB_GetPCROP	8	static
stm32h7xx_hal_flash_ex.c:1325:13:FLASH_OB_BOR_LevelConfig	0	static
stm32h7xx_hal_flash_ex.c:1342:17:FLASH_OB_GetBOR	0	static
stm32h7xx_hal_flash_ex.c:1357:13:FLASH_OB_BootAddConfig	8	static
stm32h7xx_hal_flash_ex.c:1395:13:FLASH_OB_GetBootAdd	0	static
stm32h7xx_hal_flash_ex.c:1479:13:FLASH_OB_SecureAreaConfig	8	static
stm32h7xx_hal_flash_ex.c:1519:13:FLASH_OB_GetSecureArea	8	static
stm32h7xx_hal_flash_ex.c:1550:13:FLASH_CRC_AddSector	0	static
stm32h7xx_hal_flash_ex.c:1580:13:FLASH_CRC_SelectAddress	0	static
stm32h7xx_hal_flash_ex.c:371:19:HAL_FLASHEx_OBProgram	16	static
stm32h7xx_hal_flash_ex.c:487:6:HAL_FLASHEx_OBGetConfig	8	static
stm32h7xx_hal_flash_ex.c:530:19:HAL_FLASHEx_Unlock_Bank1	0	static
stm32h7xx_hal_flash_ex.c:552:19:HAL_FLASHEx_Lock_Bank1	0	static
stm32h7xx_hal_flash_ex.c:563:19:HAL_FLASHEx_Unlock_Bank2	0	static
stm32h7xx_hal_flash_ex.c:585:19:HAL_FLASHEx_Lock_Bank2	0	static
stm32h7xx_hal_flash_ex.c:603:19:HAL_FLASHEx_ComputeCRC	16	static
stm32h7xx_hal_flash_ex.c:811:6:FLASH_Erase_Sector	8	static
stm32h7xx_hal_flash_ex.c:161:19:HAL_FLASHEx_Erase	24	static
stm32h7xx_hal_flash_ex.c:271:19:HAL_FLASHEx_Erase_IT	16	static
