stm32h7xx_hal_uart_ex.c:675:13:UARTEx_Wakeup_AddressConfig	8	static
stm32h7xx_hal_uart_ex.c:693:13:UARTEx_SetNbDataToProcess	16	static
stm32h7xx_hal_uart_ex.c:166:19:HAL_RS485Ex_Init	24	static
stm32h7xx_hal_uart_ex.c:271:13:HAL_UARTEx_WakeupCallback	0	static
stm32h7xx_hal_uart_ex.c:286:13:HAL_UARTEx_RxFifoFullCallback	0	static
stm32h7xx_hal_uart_ex.c:301:13:HAL_UARTEx_TxFifoEmptyCallback	0	static
stm32h7xx_hal_uart_ex.c:354:19:HAL_MultiProcessorEx_AddressLength_Set	8	static
stm32h7xx_hal_uart_ex.c:392:19:HAL_UARTEx_StopModeWakeUpSourceConfig	24	static
stm32h7xx_hal_uart_ex.c:447:19:HAL_UARTEx_EnableStopMode	0	static
stm32h7xx_hal_uart_ex.c:466:19:HAL_UARTEx_DisableStopMode	0	static
stm32h7xx_hal_uart_ex.c:485:19:HAL_UARTEx_EnableFifoMode	8	static
stm32h7xx_hal_uart_ex.c:526:19:HAL_UARTEx_DisableFifoMode	0	static
stm32h7xx_hal_uart_ex.c:572:19:HAL_UARTEx_SetTxFifoThreshold	16	static
stm32h7xx_hal_uart_ex.c:621:19:HAL_UARTEx_SetRxFifoThreshold	16	static
