stm32h7xx_hal_uart.c:3226:13:UART_EndTxTransfer	0	static
stm32h7xx_hal_uart.c:3242:13:UART_EndRxTransfer	0	static
stm32h7xx_hal_uart.c:3599:13:UART_TxISR_8BIT	0	static
stm32h7xx_hal_uart.c:3628:13:UART_TxISR_16BIT	0	static
stm32h7xx_hal_uart.c:3660:13:UART_TxISR_8BIT_FIFOEN	0	static
stm32h7xx_hal_uart.c:3700:13:UART_TxISR_16BIT_FIFOEN	0	static
stm32h7xx_hal_uart.c:667:13:HAL_UART_MspInit	0	static
stm32h7xx_hal_uart.c:682:13:HAL_UART_MspDeInit	0	static
stm32h7xx_hal_uart.c:620:19:HAL_UART_DeInit	16	static
stm32h7xx_hal_uart.c:1225:19:HAL_UART_Transmit_IT	0	static
stm32h7xx_hal_uart.c:1299:19:HAL_UART_Receive_IT	0	static
stm32h7xx_hal_uart.c:1380:19:HAL_UART_Transmit_DMA	8	static
stm32h7xx_hal_uart.c:1456:19:HAL_UART_Receive_DMA	8	static
stm32h7xx_hal_uart.c:1530:19:HAL_UART_DMAPause	4	static
stm32h7xx_hal_uart.c:1566:19:HAL_UART_DMAResume	0	static
stm32h7xx_hal_uart.c:1600:19:HAL_UART_DMAStop	16	static
stm32h7xx_hal_uart.c:1675:19:HAL_UART_Abort	8	static
stm32h7xx_hal_uart.c:1769:19:HAL_UART_AbortTransmit	8	static
stm32h7xx_hal_uart.c:1827:19:HAL_UART_AbortReceive	8	static
stm32h7xx_hal_uart.c:2426:13:HAL_UART_TxCpltCallback	0	static
stm32h7xx_hal_uart.c:3261:13:UART_DMATransmitCplt	8	static
stm32h7xx_hal_uart.c:3741:13:UART_EndTransmit_IT	8	static
stm32h7xx_hal_uart.c:2441:13:HAL_UART_TxHalfCpltCallback	0	static
stm32h7xx_hal_uart.c:3295:13:UART_DMATxHalfCplt	8	static
stm32h7xx_hal_uart.c:2456:13:HAL_UART_RxCpltCallback	0	static
stm32h7xx_hal_uart.c:3766:13:UART_RxISR_8BIT	8	static
stm32h7xx_hal_uart.c:3816:13:UART_RxISR_16BIT	8	static
stm32h7xx_hal_uart.c:3868:13:UART_RxISR_8BIT_FIFOEN	16	static
stm32h7xx_hal_uart.c:3940:13:UART_RxISR_16BIT_FIFOEN	16	static
stm32h7xx_hal_uart.c:3313:13:UART_DMAReceiveCplt	8	static
stm32h7xx_hal_uart.c:2471:13:HAL_UART_RxHalfCpltCallback	0	static
stm32h7xx_hal_uart.c:3348:13:UART_DMARxHalfCplt	8	static
stm32h7xx_hal_uart.c:2486:13:HAL_UART_ErrorCallback	0	static
stm32h7xx_hal_uart.c:3366:13:UART_DMAError	16	static
stm32h7xx_hal_uart.c:2205:6:HAL_UART_IRQHandler	16	static
stm32h7xx_hal_uart.c:3406:13:UART_DMAAbortOnError	8	static
stm32h7xx_hal_uart.c:2501:13:HAL_UART_AbortCpltCallback	0	static
stm32h7xx_hal_uart.c:1887:19:HAL_UART_Abort_IT	8	static
stm32h7xx_hal_uart.c:3483:13:UART_DMARxAbortCallback	8	static
stm32h7xx_hal_uart.c:3429:13:UART_DMATxAbortCallback	8	static
stm32h7xx_hal_uart.c:2516:13:HAL_UART_AbortTransmitCpltCallback	0	static
stm32h7xx_hal_uart.c:2031:19:HAL_UART_AbortTransmit_IT	8	static
stm32h7xx_hal_uart.c:3534:13:UART_DMATxOnlyAbortCallback	8	static
stm32h7xx_hal_uart.c:2531:13:HAL_UART_AbortReceiveCpltCallback	0	static
stm32h7xx_hal_uart.c:2121:19:HAL_UART_AbortReceive_IT	8	static
stm32h7xx_hal_uart.c:3567:13:UART_DMARxOnlyAbortCallback	8	static
stm32h7xx_hal_uart.c:2615:6:HAL_MultiProcessor_EnterMuteMode	0	static
stm32h7xx_hal_uart.c:2625:19:HAL_HalfDuplex_EnableTransmitter	0	static
stm32h7xx_hal_uart.c:2650:19:HAL_HalfDuplex_EnableReceiver	0	static
stm32h7xx_hal_uart.c:2676:19:HAL_LIN_SendBreak	0	static
stm32h7xx_hal_uart.c:2723:23:HAL_UART_GetState	0	static
stm32h7xx_hal_uart.c:2738:10:HAL_UART_GetError	0	static
stm32h7xx_hal_uart.c:2783:19:UART_SetConfig	56	static
stm32h7xx_hal_uart.c:3068:6:UART_AdvFeatureConfig	0	static
stm32h7xx_hal_uart.c:3193:19:UART_WaitOnFlagUntilTimeout	32	static
stm32h7xx_hal_uart.c:1053:19:HAL_UART_Transmit	32	static
stm32h7xx_hal_uart.c:1141:19:HAL_UART_Receive	40	static
stm32h7xx_hal_uart.c:3142:19:UART_CheckIdleState	24	static
stm32h7xx_hal_uart.c:295:19:HAL_UART_Init	8	static
stm32h7xx_hal_uart.c:370:19:HAL_HalfDuplex_Init	8	static
stm32h7xx_hal_uart.c:445:19:HAL_LIN_Init	16	static
stm32h7xx_hal_uart.c:544:19:HAL_MultiProcessor_Init	16	static
stm32h7xx_hal_uart.c:2573:19:HAL_MultiProcessor_EnableMuteMode	8	static
stm32h7xx_hal_uart.c:2594:19:HAL_MultiProcessor_DisableMuteMode	8	static
