stm32h7xx_hal_eth_ex.c:92:6:HAL_ETHEx_EnableARPOffload	0	static
stm32h7xx_hal_eth_ex.c:103:6:HAL_ETHEx_DisableARPOffload	0	static
stm32h7xx_hal_eth_ex.c:115:6:HAL_ETHEx_SetARPAddressMatch	0	static
stm32h7xx_hal_eth_ex.c:133:19:HAL_ETHEx_SetL4FilterConfig	12	static
stm32h7xx_hal_eth_ex.c:172:19:HAL_ETHEx_GetL4FilterConfig	0	static
stm32h7xx_hal_eth_ex.c:204:19:HAL_ETHEx_SetL3FilterConfig	12	static
stm32h7xx_hal_eth_ex.c:257:19:HAL_ETHEx_GetL3FilterConfig	4	static
stm32h7xx_hal_eth_ex.c:292:6:HAL_ETHEx_EnableL3L4Filtering	0	static
stm32h7xx_hal_eth_ex.c:304:6:HAL_ETHEx_DisableL3L4Filtering	0	static
stm32h7xx_hal_eth_ex.c:318:19:HAL_ETHEx_GetRxVLANConfig	0	static
stm32h7xx_hal_eth_ex.c:346:19:HAL_ETHEx_SetRxVLANConfig	4	static
stm32h7xx_hal_eth_ex.c:374:6:HAL_ETHEx_SetVLANHashTable	0	static
stm32h7xx_hal_eth_ex.c:390:19:HAL_ETHEx_GetTxVLANConfig	4	static
stm32h7xx_hal_eth_ex.c:424:19:HAL_ETHEx_SetTxVLANConfig	8	static
stm32h7xx_hal_eth_ex.c:454:6:HAL_ETHEx_SetTxVLANIdentifier	0	static
stm32h7xx_hal_eth_ex.c:472:6:HAL_ETHEx_EnableVLANProcessing	0	static
stm32h7xx_hal_eth_ex.c:484:6:HAL_ETHEx_DisableVLANProcessing	0	static
stm32h7xx_hal_eth_ex.c:498:6:HAL_ETHEx_EnterLPIMode	8	static
stm32h7xx_hal_eth_ex.c:515:6:HAL_ETHEx_ExitLPIMode	0	static
stm32h7xx_hal_eth_ex.c:531:10:HAL_ETHEx_GetMACLPIEvent	0	static
